2026-07-22 11:49:01,884 | INFO | Perf backends | tf32=False cudnn_benchmark=False matmul_precision=highest amp=none
2026-07-22 11:49:12,289 | INFO | NMAE epsilon=1.000000e-05
2026-07-22 11:49:12,291 | INFO | Loss logging: active=nmae; every epoch records train/val nmae, MAE, and MSE
2026-07-22 11:49:13,259 | INFO | Resumed full state from D:\Research\NO-2D-Metamaterials\MODELS\training_runs\NO_I3O5_BCF16_NMAE_HC128_LR2e-03_WD0e+00_SS1_G9e-01_ch0fft_260721\training_state_latest.pt at epoch=4
2026-07-22 11:49:13,264 | INFO | Run started | run_name=NO_I3O5_BCF16_NMAE_HC128_LR2e-03_WD0e+00_SS1_G9e-01_ch0fft_260721 run_id=NO_I3O5_BCF16_NMAE_HC128_LR2e-03_WD0e+00_SS1_G9e-01_ch0fft_260721 device=cuda train_samples=18720000 test_samples=3900000 val_index_source=indices_full epoch_range=5..8
2026-07-22 11:49:13,265 | INFO | Fault diagnostics | main_fault_log=D:\Research\NO-2D-Metamaterials\MODELS\training_runs\NO_I3O5_BCF16_NMAE_HC128_LR2e-03_WD0e+00_SS1_G9e-01_ch0fft_260721\main_process_fault.log
E5/8 B100/36000 batch_loss=2.1325e-01
E5/8 B200/36000 batch_loss=3.7252e-01
E5/8 B300/36000 batch_loss=3.6922e-01
E5/8 B400/36000 batch_loss=2.4460e-01
E5/8 B500/36000 batch_loss=2.4155e-01
E5/8 B600/36000 batch_loss=3.6048e-01
E5/8 B700/36000 batch_loss=3.9379e-01
E5/8 B800/36000 batch_loss=2.0658e-01
E5/8 B900/36000 batch_loss=4.1055e-01
E5/8 B1000/36000 batch_loss=2.6177e-01
E5/8 B1100/36000 batch_loss=2.5062e-01
E5/8 B1200/36000 batch_loss=3.6705e-01
E5/8 B1300/36000 batch_loss=2.1849e-01
E5/8 B1400/36000 batch_loss=2.1966e-01
E5/8 B1500/36000 batch_loss=2.4566e-01
E5/8 B1600/36000 batch_loss=3.6367e-01
E5/8 B1700/36000 batch_loss=2.4105e-01
E5/8 B1800/36000 batch_loss=3.4838e-01
E5/8 B1900/36000 batch_loss=3.3754e-01
E5/8 B2000/36000 batch_loss=2.5035e-01
E5/8 B2100/36000 batch_loss=2.0728e-01
E5/8 B2200/36000 batch_loss=2.3821e-01
E5/8 B2300/36000 batch_loss=2.5386e-01
E5/8 B2400/36000 batch_loss=3.5982e-01
E5/8 B2500/36000 batch_loss=2.4530e-01
E5/8 B2600/36000 batch_loss=2.2520e-01
E5/8 B2700/36000 batch_loss=2.3534e-01
E5/8 B2800/36000 batch_loss=3.6059e-01
E5/8 B2900/36000 batch_loss=2.1837e-01
E5/8 B3000/36000 batch_loss=2.2293e-01
E5/8 B3100/36000 batch_loss=2.4851e-01
E5/8 B3200/36000 batch_loss=3.7355e-01
E5/8 B3300/36000 batch_loss=3.9497e-01
E5/8 B3400/36000 batch_loss=3.8011e-01
E5/8 B3500/36000 batch_loss=4.0064e-01
E5/8 B3600/36000 batch_loss=2.1432e-01
E5/8 B3700/36000 batch_loss=3.5713e-01
E5/8 B3800/36000 batch_loss=3.5949e-01
E5/8 B3900/36000 batch_loss=2.3156e-01
E5/8 B4000/36000 batch_loss=3.8446e-01
E5/8 B4100/36000 batch_loss=3.5275e-01
E5/8 B4200/36000 batch_loss=2.6362e-01
E5/8 B4300/36000 batch_loss=3.8201e-01
E5/8 B4400/36000 batch_loss=2.0709e-01
E5/8 B4500/36000 batch_loss=2.4834e-01
E5/8 B4600/36000 batch_loss=4.0417e-01
E5/8 B4700/36000 batch_loss=2.3225e-01
E5/8 B4800/36000 batch_loss=3.8679e-01
E5/8 B4900/36000 batch_loss=2.2628e-01
E5/8 B5000/36000 batch_loss=3.7167e-01
E5/8 B5100/36000 batch_loss=3.6976e-01
E5/8 B5200/36000 batch_loss=3.5773e-01
E5/8 B5300/36000 batch_loss=2.2673e-01
E5/8 B5400/36000 batch_loss=3.4100e-01
E5/8 B5500/36000 batch_loss=2.2841e-01
E5/8 B5600/36000 batch_loss=2.0658e-01
E5/8 B5700/36000 batch_loss=2.2980e-01
E5/8 B5800/36000 batch_loss=2.3420e-01
E5/8 B5900/36000 batch_loss=2.3511e-01
E5/8 B6000/36000 batch_loss=3.8751e-01
E5/8 B6100/36000 batch_loss=2.3850e-01
E5/8 B6200/36000 batch_loss=3.5781e-01
E5/8 B6300/36000 batch_loss=3.6923e-01
E5/8 B6400/36000 batch_loss=3.4776e-01
E5/8 B6500/36000 batch_loss=3.8429e-01
E5/8 B6600/36000 batch_loss=2.2127e-01
E5/8 B6700/36000 batch_loss=3.4403e-01
E5/8 B6800/36000 batch_loss=3.4169e-01
E5/8 B6900/36000 batch_loss=2.3372e-01
E5/8 B7000/36000 batch_loss=3.7699e-01
E5/8 B7100/36000 batch_loss=2.2165e-01
E5/8 B7200/36000 batch_loss=2.1695e-01
E5/8 B7300/36000 batch_loss=3.5085e-01
E5/8 B7400/36000 batch_loss=2.4785e-01
E5/8 B7500/36000 batch_loss=3.7534e-01
E5/8 B7600/36000 batch_loss=2.3016e-01
E5/8 B7700/36000 batch_loss=3.7841e-01
E5/8 B7800/36000 batch_loss=3.7978e-01
E5/8 B7900/36000 batch_loss=2.2170e-01
E5/8 B8000/36000 batch_loss=3.8877e-01
E5/8 B8100/36000 batch_loss=2.4360e-01
E5/8 B8200/36000 batch_loss=2.3163e-01
E5/8 B8300/36000 batch_loss=3.6708e-01
E5/8 B8400/36000 batch_loss=2.2058e-01
E5/8 B8500/36000 batch_loss=2.3891e-01
E5/8 B8600/36000 batch_loss=2.2235e-01
E5/8 B8700/36000 batch_loss=3.5012e-01
E5/8 B8800/36000 batch_loss=3.7221e-01
E5/8 B8900/36000 batch_loss=3.5696e-01
E5/8 B9000/36000 batch_loss=2.2974e-01
E5/8 B9100/36000 batch_loss=3.5893e-01
E5/8 B9200/36000 batch_loss=3.6729e-01
E5/8 B9300/36000 batch_loss=3.7693e-01
E5/8 B9400/36000 batch_loss=3.8704e-01
E5/8 B9500/36000 batch_loss=2.3287e-01
E5/8 B9600/36000 batch_loss=3.8386e-01
E5/8 B9700/36000 batch_loss=2.0357e-01
E5/8 B9800/36000 batch_loss=2.2862e-01
E5/8 B9900/36000 batch_loss=2.2575e-01
E5/8 B10000/36000 batch_loss=2.3086e-01
E5/8 B10100/36000 batch_loss=3.6086e-01
E5/8 B10200/36000 batch_loss=2.2312e-01
E5/8 B10300/36000 batch_loss=2.3005e-01
E5/8 B10400/36000 batch_loss=3.5642e-01
E5/8 B10500/36000 batch_loss=3.7736e-01
E5/8 B10600/36000 batch_loss=2.3854e-01
E5/8 B10700/36000 batch_loss=2.2322e-01
E5/8 B10800/36000 batch_loss=3.8601e-01
E5/8 B10900/36000 batch_loss=2.3240e-01
E5/8 B11000/36000 batch_loss=2.3994e-01
E5/8 B11100/36000 batch_loss=2.2544e-01
E5/8 B11200/36000 batch_loss=2.1759e-01
E5/8 B11300/36000 batch_loss=2.0938e-01
E5/8 B11400/36000 batch_loss=3.6972e-01
E5/8 B11500/36000 batch_loss=2.2882e-01
E5/8 B11600/36000 batch_loss=3.8562e-01
E5/8 B11700/36000 batch_loss=2.4021e-01
E5/8 B11800/36000 batch_loss=3.7527e-01
E5/8 B11900/36000 batch_loss=3.4714e-01
E5/8 B12000/36000 batch_loss=3.6144e-01
E5/8 B12100/36000 batch_loss=3.5362e-01
E5/8 B12200/36000 batch_loss=3.7603e-01
E5/8 B12300/36000 batch_loss=3.8141e-01
E5/8 B12400/36000 batch_loss=2.3889e-01
E5/8 B12500/36000 batch_loss=3.6719e-01
E5/8 B12600/36000 batch_loss=3.7910e-01
E5/8 B12700/36000 batch_loss=2.1571e-01
E5/8 B12800/36000 batch_loss=2.2729e-01
E5/8 B12900/36000 batch_loss=2.2750e-01
E5/8 B13000/36000 batch_loss=2.2432e-01
E5/8 B13100/36000 batch_loss=2.2335e-01
E5/8 B13200/36000 batch_loss=2.5735e-01
E5/8 B13300/36000 batch_loss=2.3577e-01
E5/8 B13400/36000 batch_loss=3.6730e-01
E5/8 B13500/36000 batch_loss=2.2644e-01
E5/8 B13600/36000 batch_loss=3.6997e-01
E5/8 B13700/36000 batch_loss=2.1761e-01
E5/8 B13800/36000 batch_loss=3.7119e-01
E5/8 B13900/36000 batch_loss=2.3061e-01
E5/8 B14000/36000 batch_loss=3.7358e-01
E5/8 B14100/36000 batch_loss=3.7241e-01
E5/8 B14200/36000 batch_loss=2.3088e-01
E5/8 B14300/36000 batch_loss=3.6898e-01
E5/8 B14400/36000 batch_loss=2.2847e-01
E5/8 B14500/36000 batch_loss=2.1503e-01
E5/8 B14600/36000 batch_loss=2.4926e-01
E5/8 B14700/36000 batch_loss=3.3763e-01
E5/8 B14800/36000 batch_loss=2.2014e-01
E5/8 B14900/36000 batch_loss=4.0322e-01
E5/8 B15000/36000 batch_loss=3.5545e-01
E5/8 B15100/36000 batch_loss=2.2333e-01
E5/8 B15200/36000 batch_loss=2.5717e-01
E5/8 B15300/36000 batch_loss=3.6962e-01
E5/8 B15400/36000 batch_loss=3.5716e-01
E5/8 B15500/36000 batch_loss=3.8083e-01
E5/8 B15600/36000 batch_loss=3.8928e-01
E5/8 B15700/36000 batch_loss=3.5558e-01
E5/8 B15800/36000 batch_loss=2.2251e-01
E5/8 B15900/36000 batch_loss=2.2678e-01
E5/8 B16000/36000 batch_loss=2.2010e-01
E5/8 B16100/36000 batch_loss=3.4271e-01
E5/8 B16200/36000 batch_loss=3.5721e-01
E5/8 B16300/36000 batch_loss=3.5302e-01
E5/8 B16400/36000 batch_loss=2.1116e-01
E5/8 B16500/36000 batch_loss=2.4052e-01
E5/8 B16600/36000 batch_loss=3.7108e-01
E5/8 B16700/36000 batch_loss=2.5278e-01
E5/8 B16800/36000 batch_loss=3.6963e-01
E5/8 B16900/36000 batch_loss=3.7274e-01
E5/8 B17000/36000 batch_loss=3.6390e-01
E5/8 B17100/36000 batch_loss=3.5556e-01
E5/8 B17200/36000 batch_loss=3.6604e-01
E5/8 B17300/36000 batch_loss=2.4099e-01
E5/8 B17400/36000 batch_loss=3.5877e-01
E5/8 B17500/36000 batch_loss=3.7844e-01
E5/8 B17600/36000 batch_loss=2.3586e-01
E5/8 B17700/36000 batch_loss=2.3122e-01
E5/8 B17800/36000 batch_loss=2.4367e-01
E5/8 B17900/36000 batch_loss=3.7435e-01
E5/8 B18000/36000 batch_loss=2.1765e-01
E5/8 B18100/36000 batch_loss=3.8191e-01
E5/8 B18200/36000 batch_loss=3.7072e-01
E5/8 B18300/36000 batch_loss=2.2231e-01
E5/8 B18400/36000 batch_loss=2.4804e-01
E5/8 B18500/36000 batch_loss=3.7252e-01
E5/8 B18600/36000 batch_loss=2.0101e-01
E5/8 B18700/36000 batch_loss=3.8745e-01
E5/8 B18800/36000 batch_loss=2.3601e-01
E5/8 B18900/36000 batch_loss=3.7927e-01
E5/8 B19000/36000 batch_loss=2.6673e-01
E5/8 B19100/36000 batch_loss=2.2666e-01
E5/8 B19200/36000 batch_loss=3.5487e-01
E5/8 B19300/36000 batch_loss=3.4587e-01
E5/8 B19400/36000 batch_loss=3.8035e-01
E5/8 B19500/36000 batch_loss=3.5123e-01
E5/8 B19600/36000 batch_loss=2.2776e-01
E5/8 B19700/36000 batch_loss=3.5924e-01
E5/8 B19800/36000 batch_loss=3.6117e-01
E5/8 B19900/36000 batch_loss=3.5279e-01
E5/8 B20000/36000 batch_loss=3.5907e-01
E5/8 B20100/36000 batch_loss=2.2239e-01
E5/8 B20200/36000 batch_loss=2.4682e-01
E5/8 B20300/36000 batch_loss=3.5263e-01
E5/8 B20400/36000 batch_loss=3.6891e-01
E5/8 B20500/36000 batch_loss=3.6422e-01
E5/8 B20600/36000 batch_loss=3.7319e-01
E5/8 B20700/36000 batch_loss=2.1599e-01
E5/8 B20800/36000 batch_loss=3.5121e-01
E5/8 B20900/36000 batch_loss=3.6696e-01
E5/8 B21000/36000 batch_loss=3.6105e-01
E5/8 B21100/36000 batch_loss=2.3434e-01
E5/8 B21200/36000 batch_loss=3.7265e-01
E5/8 B21300/36000 batch_loss=3.7394e-01
E5/8 B21400/36000 batch_loss=2.2608e-01
E5/8 B21500/36000 batch_loss=3.5806e-01
E5/8 B21600/36000 batch_loss=2.0948e-01
E5/8 B21700/36000 batch_loss=2.3044e-01
E5/8 B21800/36000 batch_loss=3.6075e-01
E5/8 B21900/36000 batch_loss=2.2727e-01
E5/8 B22000/36000 batch_loss=3.4805e-01
E5/8 B22100/36000 batch_loss=2.2180e-01
E5/8 B22200/36000 batch_loss=3.8115e-01
E5/8 B22300/36000 batch_loss=2.2211e-01
E5/8 B22400/36000 batch_loss=2.2618e-01
E5/8 B22500/36000 batch_loss=3.6311e-01
E5/8 B22600/36000 batch_loss=3.4102e-01
E5/8 B22700/36000 batch_loss=3.5879e-01
E5/8 B22800/36000 batch_loss=2.1633e-01
E5/8 B22900/36000 batch_loss=2.3690e-01
E5/8 B23000/36000 batch_loss=2.5730e-01
E5/8 B23100/36000 batch_loss=3.5727e-01
E5/8 B23200/36000 batch_loss=3.8935e-01
E5/8 B23300/36000 batch_loss=3.4624e-01
E5/8 B23400/36000 batch_loss=3.6055e-01
E5/8 B23500/36000 batch_loss=3.8515e-01
E5/8 B23600/36000 batch_loss=3.7759e-01
E5/8 B23700/36000 batch_loss=3.6544e-01
E5/8 B23800/36000 batch_loss=2.0439e-01
E5/8 B23900/36000 batch_loss=2.2389e-01
E5/8 B24000/36000 batch_loss=2.2930e-01
E5/8 B24100/36000 batch_loss=2.4117e-01
E5/8 B24200/36000 batch_loss=2.2597e-01
E5/8 B24300/36000 batch_loss=2.3677e-01
E5/8 B24400/36000 batch_loss=2.3622e-01
E5/8 B24500/36000 batch_loss=2.2747e-01
E5/8 B24600/36000 batch_loss=2.3031e-01
E5/8 B24700/36000 batch_loss=2.1772e-01
E5/8 B24800/36000 batch_loss=3.3405e-01
E5/8 B24900/36000 batch_loss=3.4292e-01
E5/8 B25000/36000 batch_loss=2.6505e-01
E5/8 B25100/36000 batch_loss=3.5096e-01
E5/8 B25200/36000 batch_loss=3.8399e-01
E5/8 B25300/36000 batch_loss=2.1803e-01
E5/8 B25400/36000 batch_loss=3.6813e-01
E5/8 B25500/36000 batch_loss=2.5539e-01
E5/8 B25600/36000 batch_loss=2.2089e-01
E5/8 B25700/36000 batch_loss=3.7704e-01
E5/8 B25800/36000 batch_loss=2.2728e-01
E5/8 B25900/36000 batch_loss=2.2421e-01
E5/8 B26000/36000 batch_loss=2.4046e-01
E5/8 B26100/36000 batch_loss=2.2490e-01
E5/8 B26200/36000 batch_loss=3.8762e-01
E5/8 B26300/36000 batch_loss=2.2390e-01
E5/8 B26400/36000 batch_loss=3.6244e-01
E5/8 B26500/36000 batch_loss=3.6833e-01
E5/8 B26600/36000 batch_loss=2.2411e-01
E5/8 B26700/36000 batch_loss=2.1446e-01
E5/8 B26800/36000 batch_loss=3.5771e-01
E5/8 B26900/36000 batch_loss=2.3636e-01
E5/8 B27000/36000 batch_loss=3.6450e-01
E5/8 B27100/36000 batch_loss=2.2737e-01
E5/8 B27200/36000 batch_loss=2.0112e-01
E5/8 B27300/36000 batch_loss=2.5393e-01
E5/8 B27400/36000 batch_loss=3.8701e-01
E5/8 B27500/36000 batch_loss=3.6582e-01
E5/8 B27600/36000 batch_loss=2.0388e-01
E5/8 B27700/36000 batch_loss=3.6660e-01
E5/8 B27800/36000 batch_loss=3.4619e-01
E5/8 B27900/36000 batch_loss=3.7284e-01
E5/8 B28000/36000 batch_loss=3.4205e-01
E5/8 B28100/36000 batch_loss=2.3205e-01
E5/8 B28200/36000 batch_loss=2.0229e-01
E5/8 B28300/36000 batch_loss=3.5227e-01
E5/8 B28400/36000 batch_loss=3.3751e-01
E5/8 B28500/36000 batch_loss=4.0147e-01
E5/8 B28600/36000 batch_loss=3.5913e-01
E5/8 B28700/36000 batch_loss=3.5833e-01
E5/8 B28800/36000 batch_loss=2.3804e-01
E5/8 B28900/36000 batch_loss=2.2165e-01
E5/8 B29000/36000 batch_loss=3.4928e-01
E5/8 B29100/36000 batch_loss=2.2658e-01
E5/8 B29200/36000 batch_loss=2.2142e-01
E5/8 B29300/36000 batch_loss=1.9709e-01
E5/8 B29400/36000 batch_loss=3.3167e-01
E5/8 B29500/36000 batch_loss=3.5713e-01
E5/8 B29600/36000 batch_loss=3.5236e-01
E5/8 B29700/36000 batch_loss=2.1058e-01
E5/8 B29800/36000 batch_loss=3.8170e-01
E5/8 B29900/36000 batch_loss=3.7178e-01
E5/8 B30000/36000 batch_loss=3.7539e-01
E5/8 B30100/36000 batch_loss=3.7677e-01
E5/8 B30200/36000 batch_loss=3.6707e-01
E5/8 B30300/36000 batch_loss=3.6399e-01
E5/8 B30400/36000 batch_loss=3.4826e-01
E5/8 B30500/36000 batch_loss=3.5662e-01
E5/8 B30600/36000 batch_loss=2.0207e-01
E5/8 B30700/36000 batch_loss=3.6808e-01
E5/8 B30800/36000 batch_loss=2.2110e-01
E5/8 B30900/36000 batch_loss=3.6653e-01
E5/8 B31000/36000 batch_loss=3.4583e-01
E5/8 B31100/36000 batch_loss=3.6334e-01
E5/8 B31200/36000 batch_loss=2.1920e-01
E5/8 B31300/36000 batch_loss=2.2195e-01
E5/8 B31400/36000 batch_loss=3.6269e-01
E5/8 B31500/36000 batch_loss=2.3180e-01
E5/8 B31600/36000 batch_loss=2.2193e-01
E5/8 B31700/36000 batch_loss=2.1540e-01
E5/8 B31800/36000 batch_loss=2.1666e-01
E5/8 B31900/36000 batch_loss=3.6330e-01
E5/8 B32000/36000 batch_loss=2.0663e-01
E5/8 B32100/36000 batch_loss=2.1817e-01
E5/8 B32200/36000 batch_loss=3.5910e-01
E5/8 B32300/36000 batch_loss=2.2177e-01
E5/8 B32400/36000 batch_loss=3.4393e-01
E5/8 B32500/36000 batch_loss=3.6092e-01
E5/8 B32600/36000 batch_loss=2.0678e-01
E5/8 B32700/36000 batch_loss=3.8099e-01
E5/8 B32800/36000 batch_loss=3.5393e-01
E5/8 B32900/36000 batch_loss=3.4667e-01
E5/8 B33000/36000 batch_loss=2.0481e-01
E5/8 B33100/36000 batch_loss=2.0874e-01
E5/8 B33200/36000 batch_loss=2.3340e-01
E5/8 B33300/36000 batch_loss=2.1953e-01
E5/8 B33400/36000 batch_loss=2.5079e-01
E5/8 B33500/36000 batch_loss=2.2594e-01
E5/8 B33600/36000 batch_loss=1.9916e-01
E5/8 B33700/36000 batch_loss=3.7348e-01
E5/8 B33800/36000 batch_loss=3.3384e-01
E5/8 B33900/36000 batch_loss=3.5459e-01
E5/8 B34000/36000 batch_loss=3.8032e-01
E5/8 B34100/36000 batch_loss=2.4847e-01
E5/8 B34200/36000 batch_loss=2.3418e-01
E5/8 B34300/36000 batch_loss=2.4235e-01
E5/8 B34400/36000 batch_loss=3.6234e-01
E5/8 B34500/36000 batch_loss=2.1018e-01
E5/8 B34600/36000 batch_loss=3.2863e-01
E5/8 B34700/36000 batch_loss=2.1380e-01
E5/8 B34800/36000 batch_loss=1.9325e-01
E5/8 B34900/36000 batch_loss=2.1381e-01
E5/8 B35000/36000 batch_loss=3.7607e-01
E5/8 B35100/36000 batch_loss=2.0449e-01
E5/8 B35200/36000 batch_loss=2.1615e-01
E5/8 B35300/36000 batch_loss=3.9272e-01
E5/8 B35400/36000 batch_loss=2.1249e-01
E5/8 B35500/36000 batch_loss=3.4179e-01
E5/8 B35600/36000 batch_loss=2.2164e-01
E5/8 B35700/36000 batch_loss=2.3036e-01
E5/8 B35800/36000 batch_loss=3.4479e-01
E5/8 B35900/36000 batch_loss=3.9577e-01
E5/8 B36000/36000 batch_loss=2.1828e-01
2026-07-22 15:44:35,261 | INFO | Saved 10 diagnostic panel(s) under D:\Research\NO-2D-Metamaterials\MODELS\training_runs\NO_I3O5_BCF16_NMAE_HC128_LR2e-03_WD0e+00_SS1_G9e-01_ch0fft_260721\diagnostics\epoch_005
epoch=5/8 loss=nmae train_nmae=2.982391e-01 val_nmae=3.681627e-01 train_mae=1.815879e-02 val_mae=2.317361e-02 train_mse=4.496626e-03 val_mse=7.452127e-03 lr=1.181e-03 train_sps=1420.5
2026-07-22 15:44:37,592 | INFO | epoch=5/8 loss=nmae train_nmae=2.982391e-01 val_nmae=3.681627e-01 train_mae=1.815879e-02 val_mae=2.317361e-02 train_mse=4.496626e-03 val_mse=7.452127e-03 lr=1.181e-03 train_sps=1420.5
2026-07-22 15:44:37,593 | INFO | epoch=5/8 loss_ch_nmae train=3.545e-01 2.505e-01 2.568e-01 3.178e-01 3.116e-01 val=4.595e-01 3.085e-01 3.201e-01 3.760e-01 3.767e-01
2026-07-22 15:44:37,593 | INFO | epoch=5/8 mae_ch train=8.068e-02 2.306e-03 2.191e-03 2.914e-03 2.699e-03 val=1.046e-01 2.630e-03 2.497e-03 3.189e-03 2.983e-03 mse_ch train=2.225e-02 4.748e-05 4.474e-05 7.267e-05 6.336e-05 val=3.699e-02 5.787e-05 5.534e-05 8.351e-05 7.402e-05
Epoch 5/8 done | loss=nmae train=2.9824e-01 val=3.6816e-01 mae=2.3174e-02 mse=7.4521e-03 lr=1.18e-03
E6/8 B100/36000 batch_loss=1.9265e-01
E6/8 B200/36000 batch_loss=2.0607e-01
E6/8 B300/36000 batch_loss=2.0974e-01
E6/8 B400/36000 batch_loss=3.6353e-01
E6/8 B500/36000 batch_loss=3.3561e-01
E6/8 B600/36000 batch_loss=2.0361e-01
E6/8 B700/36000 batch_loss=3.5743e-01
E6/8 B800/36000 batch_loss=2.1498e-01
E6/8 B900/36000 batch_loss=2.0059e-01
E6/8 B1000/36000 batch_loss=2.0876e-01
E6/8 B1100/36000 batch_loss=3.4502e-01
E6/8 B1200/36000 batch_loss=3.6042e-01
E6/8 B1300/36000 batch_loss=3.4100e-01
E6/8 B1400/36000 batch_loss=2.0699e-01
E6/8 B1500/36000 batch_loss=2.0559e-01
E6/8 B1600/36000 batch_loss=3.2996e-01
E6/8 B1700/36000 batch_loss=2.4503e-01
E6/8 B1800/36000 batch_loss=3.4820e-01
E6/8 B1900/36000 batch_loss=3.2818e-01
E6/8 B2000/36000 batch_loss=2.3467e-01
E6/8 B2100/36000 batch_loss=2.1333e-01
E6/8 B2200/36000 batch_loss=2.1948e-01
E6/8 B2300/36000 batch_loss=3.3886e-01
E6/8 B2400/36000 batch_loss=2.0703e-01
E6/8 B2500/36000 batch_loss=3.2895e-01
E6/8 B2600/36000 batch_loss=3.3814e-01
E6/8 B2700/36000 batch_loss=3.2723e-01
E6/8 B2800/36000 batch_loss=1.9358e-01
E6/8 B2900/36000 batch_loss=2.1607e-01
E6/8 B3000/36000 batch_loss=3.8076e-01
E6/8 B3100/36000 batch_loss=2.1657e-01
E6/8 B3200/36000 batch_loss=2.2110e-01
E6/8 B3300/36000 batch_loss=3.5067e-01
E6/8 B3400/36000 batch_loss=3.7227e-01
E6/8 B3500/36000 batch_loss=3.4011e-01
E6/8 B3600/36000 batch_loss=2.1449e-01
E6/8 B3700/36000 batch_loss=2.0892e-01
E6/8 B3800/36000 batch_loss=1.8692e-01
E6/8 B3900/36000 batch_loss=2.1548e-01
E6/8 B4000/36000 batch_loss=2.0869e-01
E6/8 B4100/36000 batch_loss=2.1366e-01
E6/8 B4200/36000 batch_loss=2.2979e-01
E6/8 B4300/36000 batch_loss=3.4176e-01
E6/8 B4400/36000 batch_loss=2.1786e-01
E6/8 B4500/36000 batch_loss=3.4944e-01
E6/8 B4600/36000 batch_loss=3.4627e-01
E6/8 B4700/36000 batch_loss=3.4178e-01
E6/8 B4800/36000 batch_loss=3.4859e-01
E6/8 B4900/36000 batch_loss=3.5378e-01
E6/8 B5000/36000 batch_loss=1.9613e-01
E6/8 B5100/36000 batch_loss=2.1579e-01
E6/8 B5200/36000 batch_loss=3.6491e-01
E6/8 B5300/36000 batch_loss=2.1844e-01
E6/8 B5400/36000 batch_loss=3.3972e-01
E6/8 B5500/36000 batch_loss=3.5815e-01
E6/8 B5600/36000 batch_loss=2.0057e-01
E6/8 B5700/36000 batch_loss=3.6260e-01
E6/8 B5800/36000 batch_loss=2.1613e-01
E6/8 B5900/36000 batch_loss=3.4983e-01
E6/8 B6000/36000 batch_loss=3.5343e-01
E6/8 B6100/36000 batch_loss=2.1610e-01
E6/8 B6200/36000 batch_loss=2.0516e-01
E6/8 B6300/36000 batch_loss=3.6066e-01
E6/8 B6400/36000 batch_loss=3.6577e-01
E6/8 B6500/36000 batch_loss=2.2788e-01
E6/8 B6600/36000 batch_loss=3.4836e-01
E6/8 B6700/36000 batch_loss=2.1745e-01
E6/8 B6800/36000 batch_loss=3.4815e-01
E6/8 B6900/36000 batch_loss=2.1725e-01
E6/8 B7000/36000 batch_loss=2.0036e-01
E6/8 B7100/36000 batch_loss=3.3875e-01
E6/8 B7200/36000 batch_loss=3.5478e-01
E6/8 B7300/36000 batch_loss=3.2818e-01
E6/8 B7400/36000 batch_loss=3.5174e-01
E6/8 B7500/36000 batch_loss=3.7503e-01
E6/8 B7600/36000 batch_loss=2.3060e-01
E6/8 B7700/36000 batch_loss=3.4396e-01
E6/8 B7800/36000 batch_loss=3.4676e-01
E6/8 B7900/36000 batch_loss=2.2436e-01
E6/8 B8000/36000 batch_loss=2.1721e-01
E6/8 B8100/36000 batch_loss=3.4437e-01
E6/8 B8200/36000 batch_loss=2.0726e-01
E6/8 B8300/36000 batch_loss=3.5094e-01
E6/8 B8400/36000 batch_loss=2.1013e-01
E6/8 B8500/36000 batch_loss=3.4653e-01
E6/8 B8600/36000 batch_loss=3.4565e-01
E6/8 B8700/36000 batch_loss=2.1175e-01
E6/8 B8800/36000 batch_loss=2.2664e-01
E6/8 B8900/36000 batch_loss=3.4255e-01
E6/8 B9000/36000 batch_loss=3.2377e-01
E6/8 B9100/36000 batch_loss=3.5447e-01
E6/8 B9200/36000 batch_loss=1.9721e-01
E6/8 B9300/36000 batch_loss=1.9858e-01
E6/8 B9400/36000 batch_loss=2.3533e-01
E6/8 B9500/36000 batch_loss=3.3370e-01
E6/8 B9600/36000 batch_loss=3.5019e-01
E6/8 B9700/36000 batch_loss=3.3485e-01
E6/8 B9800/36000 batch_loss=3.5710e-01
E6/8 B9900/36000 batch_loss=2.2087e-01
E6/8 B10000/36000 batch_loss=2.2964e-01
E6/8 B10100/36000 batch_loss=3.3335e-01
E6/8 B10200/36000 batch_loss=2.1661e-01
E6/8 B10300/36000 batch_loss=2.2265e-01
E6/8 B10400/36000 batch_loss=3.6414e-01
E6/8 B10500/36000 batch_loss=2.0654e-01
E6/8 B10600/36000 batch_loss=1.9922e-01
E6/8 B10700/36000 batch_loss=3.4010e-01
E6/8 B10800/36000 batch_loss=3.4313e-01
E6/8 B10900/36000 batch_loss=2.1551e-01
E6/8 B11000/36000 batch_loss=1.9054e-01
E6/8 B11100/36000 batch_loss=2.1230e-01
E6/8 B11200/36000 batch_loss=3.3716e-01
E6/8 B11300/36000 batch_loss=2.1133e-01
E6/8 B11400/36000 batch_loss=2.3401e-01
E6/8 B11500/36000 batch_loss=3.4039e-01
E6/8 B11600/36000 batch_loss=3.3764e-01
E6/8 B11700/36000 batch_loss=3.5280e-01
E6/8 B11800/36000 batch_loss=2.1420e-01
E6/8 B11900/36000 batch_loss=3.4153e-01
E6/8 B12000/36000 batch_loss=2.0838e-01
E6/8 B12100/36000 batch_loss=3.3678e-01
E6/8 B12200/36000 batch_loss=3.4592e-01
E6/8 B12300/36000 batch_loss=2.0684e-01
E6/8 B12400/36000 batch_loss=2.1794e-01
E6/8 B12500/36000 batch_loss=2.1925e-01
E6/8 B12600/36000 batch_loss=2.1390e-01
E6/8 B12700/36000 batch_loss=2.0997e-01
E6/8 B12800/36000 batch_loss=2.1279e-01
E6/8 B12900/36000 batch_loss=2.5195e-01
E6/8 B13000/36000 batch_loss=2.0801e-01
E6/8 B13100/36000 batch_loss=3.5643e-01
E6/8 B13200/36000 batch_loss=3.2089e-01
E6/8 B13300/36000 batch_loss=3.6386e-01
E6/8 B13400/36000 batch_loss=3.6424e-01
E6/8 B13500/36000 batch_loss=2.1447e-01
E6/8 B13600/36000 batch_loss=3.7629e-01
E6/8 B13700/36000 batch_loss=2.3679e-01
E6/8 B13800/36000 batch_loss=3.4579e-01
E6/8 B13900/36000 batch_loss=2.1037e-01
E6/8 B14000/36000 batch_loss=3.4085e-01
E6/8 B14100/36000 batch_loss=3.5114e-01
E6/8 B14200/36000 batch_loss=3.3888e-01
E6/8 B14300/36000 batch_loss=3.3161e-01
E6/8 B14400/36000 batch_loss=3.2169e-01
E6/8 B14500/36000 batch_loss=2.1320e-01
E6/8 B14600/36000 batch_loss=2.1075e-01
E6/8 B14700/36000 batch_loss=2.0704e-01
E6/8 B14800/36000 batch_loss=3.4300e-01
E6/8 B14900/36000 batch_loss=3.6061e-01
E6/8 B15000/36000 batch_loss=1.9995e-01
E6/8 B15100/36000 batch_loss=2.1658e-01
E6/8 B15200/36000 batch_loss=2.2733e-01
E6/8 B15300/36000 batch_loss=3.3539e-01
E6/8 B15400/36000 batch_loss=3.4560e-01
E6/8 B15500/36000 batch_loss=2.1828e-01
E6/8 B15600/36000 batch_loss=2.1632e-01
E6/8 B15700/36000 batch_loss=2.1420e-01
E6/8 B15800/36000 batch_loss=2.1255e-01
E6/8 B15900/36000 batch_loss=3.7300e-01
E6/8 B16000/36000 batch_loss=3.3051e-01
E6/8 B16100/36000 batch_loss=3.4403e-01
E6/8 B16200/36000 batch_loss=3.1774e-01
E6/8 B16300/36000 batch_loss=3.3390e-01
E6/8 B16400/36000 batch_loss=2.1546e-01
E6/8 B16500/36000 batch_loss=2.1779e-01
E6/8 B16600/36000 batch_loss=3.5782e-01
E6/8 B16700/36000 batch_loss=3.3219e-01
E6/8 B16800/36000 batch_loss=2.2829e-01
E6/8 B16900/36000 batch_loss=3.5776e-01
E6/8 B17000/36000 batch_loss=3.5894e-01
E6/8 B17100/36000 batch_loss=3.4457e-01
E6/8 B17200/36000 batch_loss=2.0047e-01
E6/8 B17300/36000 batch_loss=3.3952e-01
E6/8 B17400/36000 batch_loss=3.4891e-01
E6/8 B17500/36000 batch_loss=2.1141e-01
E6/8 B17600/36000 batch_loss=2.1466e-01
E6/8 B17700/36000 batch_loss=3.4795e-01
E6/8 B17800/36000 batch_loss=2.3229e-01
E6/8 B17900/36000 batch_loss=3.6197e-01
E6/8 B18000/36000 batch_loss=3.3496e-01
E6/8 B18100/36000 batch_loss=3.4839e-01
E6/8 B18200/36000 batch_loss=3.5794e-01
E6/8 B18300/36000 batch_loss=2.1059e-01
E6/8 B18400/36000 batch_loss=2.1018e-01
E6/8 B18500/36000 batch_loss=2.0370e-01
E6/8 B18600/36000 batch_loss=2.1920e-01
E6/8 B18700/36000 batch_loss=3.7187e-01
E6/8 B18800/36000 batch_loss=2.1026e-01
E6/8 B18900/36000 batch_loss=3.5469e-01
E6/8 B19000/36000 batch_loss=2.1039e-01
E6/8 B19100/36000 batch_loss=2.1279e-01
E6/8 B19200/36000 batch_loss=2.0458e-01
E6/8 B19300/36000 batch_loss=2.3938e-01
E6/8 B19400/36000 batch_loss=3.2268e-01
E6/8 B19500/36000 batch_loss=2.1167e-01
E6/8 B19600/36000 batch_loss=3.5543e-01
E6/8 B19700/36000 batch_loss=3.3339e-01
E6/8 B19800/36000 batch_loss=2.4247e-01
E6/8 B19900/36000 batch_loss=3.6257e-01
E6/8 B20000/36000 batch_loss=3.3637e-01
E6/8 B20100/36000 batch_loss=3.4131e-01
E6/8 B20200/36000 batch_loss=3.1913e-01
E6/8 B20300/36000 batch_loss=3.5850e-01
E6/8 B20400/36000 batch_loss=2.1548e-01
E6/8 B20500/36000 batch_loss=2.1972e-01
E6/8 B20600/36000 batch_loss=3.2029e-01
E6/8 B20700/36000 batch_loss=3.2912e-01
E6/8 B20800/36000 batch_loss=3.3619e-01
E6/8 B20900/36000 batch_loss=2.2471e-01
E6/8 B21000/36000 batch_loss=2.1737e-01
E6/8 B21100/36000 batch_loss=2.0565e-01
E6/8 B21200/36000 batch_loss=3.4699e-01
E6/8 B21300/36000 batch_loss=2.2487e-01
E6/8 B21400/36000 batch_loss=1.9819e-01
E6/8 B21500/36000 batch_loss=3.6058e-01
E6/8 B21600/36000 batch_loss=2.2077e-01
E6/8 B21700/36000 batch_loss=3.2267e-01
E6/8 B21800/36000 batch_loss=2.2344e-01
E6/8 B21900/36000 batch_loss=2.0645e-01
E6/8 B22000/36000 batch_loss=2.0919e-01
E6/8 B22100/36000 batch_loss=2.3812e-01
E6/8 B22200/36000 batch_loss=3.4523e-01
E6/8 B22300/36000 batch_loss=2.2171e-01
E6/8 B22400/36000 batch_loss=3.6987e-01
E6/8 B22500/36000 batch_loss=2.1579e-01
E6/8 B22600/36000 batch_loss=2.2784e-01
E6/8 B22700/36000 batch_loss=3.4659e-01
E6/8 B22800/36000 batch_loss=2.4001e-01
E6/8 B22900/36000 batch_loss=2.2165e-01
E6/8 B23000/36000 batch_loss=3.5165e-01
E6/8 B23100/36000 batch_loss=3.4922e-01
E6/8 B23200/36000 batch_loss=2.0945e-01
E6/8 B23300/36000 batch_loss=2.1845e-01
E6/8 B23400/36000 batch_loss=3.5144e-01
E6/8 B23500/36000 batch_loss=2.2160e-01
E6/8 B23600/36000 batch_loss=2.0691e-01
E6/8 B23700/36000 batch_loss=2.3018e-01
E6/8 B23800/36000 batch_loss=2.1662e-01
E6/8 B23900/36000 batch_loss=3.4234e-01
E6/8 B24000/36000 batch_loss=3.2359e-01
E6/8 B24100/36000 batch_loss=2.1079e-01
E6/8 B24200/36000 batch_loss=3.4672e-01
E6/8 B24300/36000 batch_loss=1.9586e-01
E6/8 B24400/36000 batch_loss=2.1471e-01
E6/8 B24500/36000 batch_loss=2.1042e-01
E6/8 B24600/36000 batch_loss=2.3154e-01
E6/8 B24700/36000 batch_loss=3.3929e-01
E6/8 B24800/36000 batch_loss=3.2484e-01
E6/8 B24900/36000 batch_loss=2.2270e-01
E6/8 B25000/36000 batch_loss=3.2904e-01
E6/8 B25100/36000 batch_loss=3.2402e-01
E6/8 B25200/36000 batch_loss=2.1013e-01
E6/8 B25300/36000 batch_loss=1.9749e-01
E6/8 B25400/36000 batch_loss=3.4464e-01
E6/8 B25500/36000 batch_loss=2.5581e-01
E6/8 B25600/36000 batch_loss=2.1886e-01
E6/8 B25700/36000 batch_loss=3.4202e-01
E6/8 B25800/36000 batch_loss=3.5126e-01
E6/8 B25900/36000 batch_loss=3.2721e-01
E6/8 B26000/36000 batch_loss=2.0241e-01
E6/8 B26100/36000 batch_loss=3.4399e-01
E6/8 B26200/36000 batch_loss=2.1456e-01
E6/8 B26300/36000 batch_loss=3.5582e-01
E6/8 B26400/36000 batch_loss=2.0336e-01
E6/8 B26500/36000 batch_loss=3.5673e-01
E6/8 B26600/36000 batch_loss=3.5306e-01
E6/8 B26700/36000 batch_loss=3.5709e-01
E6/8 B26800/36000 batch_loss=1.9079e-01
E6/8 B26900/36000 batch_loss=2.1421e-01
E6/8 B27000/36000 batch_loss=2.1741e-01
E6/8 B27100/36000 batch_loss=3.3010e-01
E6/8 B27200/36000 batch_loss=3.5631e-01
E6/8 B27300/36000 batch_loss=3.1354e-01
E6/8 B27400/36000 batch_loss=2.1198e-01
E6/8 B27500/36000 batch_loss=2.0040e-01
E6/8 B27600/36000 batch_loss=2.2478e-01
E6/8 B27700/36000 batch_loss=3.4573e-01
E6/8 B27800/36000 batch_loss=2.1684e-01
E6/8 B27900/36000 batch_loss=3.1096e-01
E6/8 B28000/36000 batch_loss=1.9673e-01
E6/8 B28100/36000 batch_loss=2.0588e-01
E6/8 B28200/36000 batch_loss=3.4264e-01
E6/8 B28300/36000 batch_loss=2.0042e-01
E6/8 B28400/36000 batch_loss=3.1865e-01
E6/8 B28500/36000 batch_loss=2.1529e-01
E6/8 B28600/36000 batch_loss=2.1616e-01
E6/8 B28700/36000 batch_loss=3.3089e-01
E6/8 B28800/36000 batch_loss=2.2319e-01
E6/8 B28900/36000 batch_loss=3.6399e-01
E6/8 B29000/36000 batch_loss=2.1462e-01
E6/8 B29100/36000 batch_loss=3.3606e-01
E6/8 B29200/36000 batch_loss=3.4012e-01
E6/8 B29300/36000 batch_loss=2.0464e-01
E6/8 B29400/36000 batch_loss=2.1058e-01
E6/8 B29500/36000 batch_loss=2.1993e-01
E6/8 B29600/36000 batch_loss=2.0852e-01
E6/8 B29700/36000 batch_loss=3.7234e-01
E6/8 B29800/36000 batch_loss=2.2819e-01
E6/8 B29900/36000 batch_loss=3.3076e-01
E6/8 B30000/36000 batch_loss=3.5930e-01
E6/8 B30100/36000 batch_loss=3.2709e-01
E6/8 B30200/36000 batch_loss=2.3355e-01
E6/8 B30300/36000 batch_loss=2.1444e-01
E6/8 B30400/36000 batch_loss=2.1533e-01
E6/8 B30500/36000 batch_loss=3.4684e-01
E6/8 B30600/36000 batch_loss=3.3265e-01
E6/8 B30700/36000 batch_loss=3.4246e-01
E6/8 B30800/36000 batch_loss=3.6281e-01
E6/8 B30900/36000 batch_loss=2.2088e-01
E6/8 B31000/36000 batch_loss=3.6436e-01
E6/8 B31100/36000 batch_loss=3.4247e-01
E6/8 B31200/36000 batch_loss=2.1049e-01
E6/8 B31300/36000 batch_loss=2.0268e-01
E6/8 B31400/36000 batch_loss=2.0252e-01
E6/8 B31500/36000 batch_loss=3.4191e-01
E6/8 B31600/36000 batch_loss=3.3968e-01
E6/8 B31700/36000 batch_loss=2.0465e-01
E6/8 B31800/36000 batch_loss=3.3125e-01
E6/8 B31900/36000 batch_loss=3.4779e-01
E6/8 B32000/36000 batch_loss=3.5242e-01
E6/8 B32100/36000 batch_loss=3.5855e-01
E6/8 B32200/36000 batch_loss=3.3387e-01
E6/8 B32300/36000 batch_loss=3.2826e-01
E6/8 B32400/36000 batch_loss=1.8073e-01
E6/8 B32500/36000 batch_loss=2.0141e-01
E6/8 B32600/36000 batch_loss=3.2519e-01
E6/8 B32700/36000 batch_loss=3.5985e-01
E6/8 B32800/36000 batch_loss=3.3364e-01
E6/8 B32900/36000 batch_loss=2.2479e-01
E6/8 B33000/36000 batch_loss=1.9660e-01
E6/8 B33100/36000 batch_loss=3.3078e-01
E6/8 B33200/36000 batch_loss=2.0859e-01
E6/8 B33300/36000 batch_loss=2.1443e-01
E6/8 B33400/36000 batch_loss=3.4114e-01
E6/8 B33500/36000 batch_loss=2.1817e-01
E6/8 B33600/36000 batch_loss=2.1162e-01
E6/8 B33700/36000 batch_loss=3.3791e-01
E6/8 B33800/36000 batch_loss=2.3260e-01
E6/8 B33900/36000 batch_loss=3.3492e-01
E6/8 B34000/36000 batch_loss=3.3804e-01
E6/8 B34100/36000 batch_loss=2.2712e-01
E6/8 B34200/36000 batch_loss=1.9725e-01
E6/8 B34300/36000 batch_loss=2.3469e-01
E6/8 B34400/36000 batch_loss=3.3755e-01
E6/8 B34500/36000 batch_loss=2.1112e-01
E6/8 B34600/36000 batch_loss=3.4123e-01
E6/8 B34700/36000 batch_loss=2.2989e-01
E6/8 B34800/36000 batch_loss=3.4537e-01
E6/8 B34900/36000 batch_loss=3.4537e-01
E6/8 B35000/36000 batch_loss=2.2692e-01
E6/8 B35100/36000 batch_loss=2.0867e-01
E6/8 B35200/36000 batch_loss=2.0495e-01
E6/8 B35300/36000 batch_loss=2.0575e-01
E6/8 B35400/36000 batch_loss=3.1675e-01
E6/8 B35500/36000 batch_loss=1.9810e-01
E6/8 B35600/36000 batch_loss=1.9471e-01
E6/8 B35700/36000 batch_loss=2.0884e-01
E6/8 B35800/36000 batch_loss=1.9474e-01
E6/8 B35900/36000 batch_loss=2.0800e-01
E6/8 B36000/36000 batch_loss=2.1515e-01
2026-07-22 20:36:53,004 | INFO | Saved 10 diagnostic panel(s) under D:\Research\NO-2D-Metamaterials\MODELS\training_runs\NO_I3O5_BCF16_NMAE_HC128_LR2e-03_WD0e+00_SS1_G9e-01_ch0fft_260721\diagnostics\epoch_006
epoch=6/8 loss=nmae train_nmae=2.808771e-01 val_nmae=3.606585e-01 train_mae=1.641976e-02 val_mae=2.257827e-02 train_mse=3.866819e-03 val_mse=7.413357e-03 lr=1.063e-03 train_sps=1134.4
2026-07-22 20:36:55,499 | INFO | epoch=6/8 loss=nmae train_nmae=2.808771e-01 val_nmae=3.606585e-01 train_mae=1.641976e-02 val_mae=2.257827e-02 train_mse=3.866819e-03 val_mse=7.413357e-03 lr=1.063e-03 train_sps=1134.4
2026-07-22 20:36:55,499 | INFO | epoch=6/8 loss_ch_nmae train=3.183e-01 2.385e-01 2.438e-01 3.051e-01 2.987e-01 val=4.474e-01 3.011e-01 3.134e-01 3.706e-01 3.708e-01
2026-07-22 20:36:55,500 | INFO | epoch=6/8 mae_ch train=7.244e-02 2.196e-03 2.080e-03 2.798e-03 2.586e-03 val=1.018e-01 2.571e-03 2.436e-03 3.141e-03 2.932e-03 mse_ch train=1.912e-02 4.463e-05 4.191e-05 6.953e-05 6.040e-05 val=3.680e-02 5.699e-05 5.396e-05 8.266e-05 7.263e-05
Epoch 6/8 done | loss=nmae train=2.8088e-01 val=3.6066e-01 mae=2.2578e-02 mse=7.4134e-03 lr=1.06e-03
E7/8 B100/36000 batch_loss=2.1381e-01
E7/8 B200/36000 batch_loss=1.8522e-01
E7/8 B300/36000 batch_loss=1.8198e-01
E7/8 B400/36000 batch_loss=3.3744e-01
E7/8 B500/36000 batch_loss=1.9104e-01
E7/8 B600/36000 batch_loss=2.0539e-01
E7/8 B700/36000 batch_loss=2.1839e-01
E7/8 B800/36000 batch_loss=2.0615e-01
E7/8 B900/36000 batch_loss=3.0741e-01
E7/8 B1000/36000 batch_loss=3.3928e-01
E7/8 B1100/36000 batch_loss=2.0094e-01
E7/8 B1200/36000 batch_loss=3.4165e-01
E7/8 B1300/36000 batch_loss=3.4702e-01
E7/8 B1400/36000 batch_loss=2.1159e-01
E7/8 B1500/36000 batch_loss=3.1984e-01
E7/8 B1600/36000 batch_loss=3.4954e-01
E7/8 B1700/36000 batch_loss=3.3099e-01
E7/8 B1800/36000 batch_loss=2.0081e-01
E7/8 B1900/36000 batch_loss=2.0511e-01
E7/8 B2000/36000 batch_loss=1.9255e-01
E7/8 B2100/36000 batch_loss=3.1031e-01
E7/8 B2200/36000 batch_loss=3.2761e-01
E7/8 B2300/36000 batch_loss=3.2692e-01
E7/8 B2400/36000 batch_loss=3.3132e-01
E7/8 B2500/36000 batch_loss=3.4447e-01
E7/8 B2600/36000 batch_loss=3.1693e-01
E7/8 B2700/36000 batch_loss=1.8057e-01
E7/8 B2800/36000 batch_loss=2.2340e-01
E7/8 B2900/36000 batch_loss=3.2423e-01
E7/8 B3000/36000 batch_loss=3.3729e-01
E7/8 B3100/36000 batch_loss=3.4081e-01
E7/8 B3200/36000 batch_loss=3.4356e-01
E7/8 B3300/36000 batch_loss=3.3217e-01
E7/8 B3400/36000 batch_loss=3.3057e-01
E7/8 B3500/36000 batch_loss=3.2755e-01
E7/8 B3600/36000 batch_loss=1.8734e-01
E7/8 B3700/36000 batch_loss=2.0483e-01
E7/8 B3800/36000 batch_loss=2.1641e-01
E7/8 B3900/36000 batch_loss=1.9301e-01
E7/8 B4000/36000 batch_loss=2.0976e-01
E7/8 B4100/36000 batch_loss=1.9349e-01
E7/8 B4200/36000 batch_loss=2.0161e-01
E7/8 B4300/36000 batch_loss=3.3944e-01
E7/8 B4400/36000 batch_loss=3.1427e-01
E7/8 B4500/36000 batch_loss=3.2729e-01
E7/8 B4600/36000 batch_loss=3.2526e-01
E7/8 B4700/36000 batch_loss=3.4433e-01
E7/8 B4800/36000 batch_loss=1.9815e-01
E7/8 B4900/36000 batch_loss=3.2898e-01
E7/8 B5000/36000 batch_loss=1.9922e-01
E7/8 B5100/36000 batch_loss=2.1137e-01
E7/8 B5200/36000 batch_loss=1.8075e-01
E7/8 B5300/36000 batch_loss=2.2132e-01
E7/8 B5400/36000 batch_loss=3.2507e-01
E7/8 B5500/36000 batch_loss=3.3661e-01
E7/8 B5600/36000 batch_loss=3.4170e-01
E7/8 B5700/36000 batch_loss=2.0756e-01
E7/8 B5800/36000 batch_loss=2.1613e-01
E7/8 B5900/36000 batch_loss=3.4506e-01
E7/8 B6000/36000 batch_loss=3.6883e-01
E7/8 B6100/36000 batch_loss=1.8547e-01
E7/8 B6200/36000 batch_loss=1.9870e-01
E7/8 B6300/36000 batch_loss=3.3254e-01
E7/8 B6400/36000 batch_loss=1.9339e-01
E7/8 B6500/36000 batch_loss=3.3190e-01
E7/8 B6600/36000 batch_loss=2.0286e-01
E7/8 B6700/36000 batch_loss=2.0674e-01
E7/8 B6800/36000 batch_loss=1.8886e-01
E7/8 B6900/36000 batch_loss=1.8350e-01
E7/8 B7000/36000 batch_loss=3.2765e-01
E7/8 B7100/36000 batch_loss=3.1526e-01
E7/8 B7200/36000 batch_loss=3.5226e-01
E7/8 B7300/36000 batch_loss=3.3065e-01
E7/8 B7400/36000 batch_loss=3.1951e-01
E7/8 B7500/36000 batch_loss=2.0461e-01
E7/8 B7600/36000 batch_loss=3.3712e-01
E7/8 B7700/36000 batch_loss=3.4251e-01
E7/8 B7800/36000 batch_loss=2.9617e-01
E7/8 B7900/36000 batch_loss=1.9628e-01
E7/8 B8000/36000 batch_loss=3.3665e-01
E7/8 B8100/36000 batch_loss=3.1538e-01
E7/8 B8200/36000 batch_loss=3.4279e-01
E7/8 B8300/36000 batch_loss=3.2060e-01
E7/8 B8400/36000 batch_loss=3.3225e-01
E7/8 B8500/36000 batch_loss=3.2185e-01
E7/8 B8600/36000 batch_loss=2.0547e-01
E7/8 B8700/36000 batch_loss=3.4664e-01
E7/8 B8800/36000 batch_loss=1.7985e-01
E7/8 B8900/36000 batch_loss=3.6850e-01
E7/8 B9000/36000 batch_loss=2.0568e-01
E7/8 B9100/36000 batch_loss=3.5932e-01
E7/8 B9200/36000 batch_loss=2.1542e-01
E7/8 B9300/36000 batch_loss=2.1539e-01
E7/8 B9400/36000 batch_loss=1.9458e-01
E7/8 B9500/36000 batch_loss=2.0466e-01
E7/8 B9600/36000 batch_loss=1.9043e-01
E7/8 B9700/36000 batch_loss=1.9907e-01
E7/8 B9800/36000 batch_loss=3.1937e-01
E7/8 B9900/36000 batch_loss=3.2685e-01
E7/8 B10000/36000 batch_loss=1.8633e-01
E7/8 B10100/36000 batch_loss=2.0363e-01
E7/8 B10200/36000 batch_loss=3.1026e-01
E7/8 B10300/36000 batch_loss=3.1030e-01
E7/8 B10400/36000 batch_loss=2.0854e-01
E7/8 B10500/36000 batch_loss=2.0774e-01
E7/8 B10600/36000 batch_loss=3.4688e-01
E7/8 B10700/36000 batch_loss=2.0102e-01
E7/8 B10800/36000 batch_loss=3.2919e-01
E7/8 B10900/36000 batch_loss=2.0255e-01
E7/8 B11000/36000 batch_loss=3.2026e-01
E7/8 B11100/36000 batch_loss=3.5270e-01
E7/8 B11200/36000 batch_loss=1.8492e-01
E7/8 B11300/36000 batch_loss=3.1847e-01
E7/8 B11400/36000 batch_loss=3.3290e-01
E7/8 B11500/36000 batch_loss=2.0764e-01
E7/8 B11600/36000 batch_loss=2.1843e-01
E7/8 B11700/36000 batch_loss=3.2760e-01
E7/8 B11800/36000 batch_loss=3.2007e-01
E7/8 B11900/36000 batch_loss=3.0849e-01
E7/8 B12000/36000 batch_loss=2.1384e-01
E7/8 B12100/36000 batch_loss=2.0623e-01
E7/8 B12200/36000 batch_loss=2.1088e-01
E7/8 B12300/36000 batch_loss=2.2545e-01
E7/8 B12400/36000 batch_loss=3.2228e-01
E7/8 B12500/36000 batch_loss=2.2061e-01
E7/8 B12600/36000 batch_loss=3.4315e-01
E7/8 B12700/36000 batch_loss=1.9925e-01
E7/8 B12800/36000 batch_loss=3.2906e-01
E7/8 B12900/36000 batch_loss=2.1542e-01
E7/8 B13000/36000 batch_loss=3.5220e-01
E7/8 B13100/36000 batch_loss=1.9342e-01
E7/8 B13200/36000 batch_loss=3.6432e-01
E7/8 B13300/36000 batch_loss=1.8402e-01
E7/8 B13400/36000 batch_loss=2.0763e-01
E7/8 B13500/36000 batch_loss=2.1361e-01
E7/8 B13600/36000 batch_loss=2.1688e-01
E7/8 B13700/36000 batch_loss=3.2632e-01
E7/8 B13800/36000 batch_loss=3.2810e-01
E7/8 B13900/36000 batch_loss=1.8218e-01
E7/8 B14000/36000 batch_loss=2.1826e-01
E7/8 B14100/36000 batch_loss=1.8841e-01
E7/8 B14200/36000 batch_loss=3.3089e-01
E7/8 B14300/36000 batch_loss=3.3569e-01
E7/8 B14400/36000 batch_loss=2.0162e-01
E7/8 B14500/36000 batch_loss=3.2403e-01
E7/8 B14600/36000 batch_loss=3.2174e-01
E7/8 B14700/36000 batch_loss=2.1649e-01
E7/8 B14800/36000 batch_loss=3.3696e-01
E7/8 B14900/36000 batch_loss=3.6821e-01
E7/8 B15000/36000 batch_loss=3.3311e-01
E7/8 B15100/36000 batch_loss=3.4751e-01
E7/8 B15200/36000 batch_loss=2.0339e-01
E7/8 B15300/36000 batch_loss=2.0141e-01
E7/8 B15400/36000 batch_loss=3.2984e-01
E7/8 B15500/36000 batch_loss=2.2075e-01
E7/8 B15600/36000 batch_loss=3.3331e-01
E7/8 B15700/36000 batch_loss=2.0828e-01
E7/8 B15800/36000 batch_loss=3.3391e-01
E7/8 B15900/36000 batch_loss=2.0131e-01
E7/8 B16000/36000 batch_loss=3.3344e-01
E7/8 B16100/36000 batch_loss=1.9211e-01
E7/8 B16200/36000 batch_loss=3.1793e-01
E7/8 B16300/36000 batch_loss=3.3233e-01
E7/8 B16400/36000 batch_loss=2.1317e-01
E7/8 B16500/36000 batch_loss=3.3980e-01
E7/8 B16600/36000 batch_loss=2.2040e-01
E7/8 B16700/36000 batch_loss=3.4714e-01
E7/8 B16800/36000 batch_loss=3.1363e-01
E7/8 B16900/36000 batch_loss=2.1268e-01
E7/8 B17000/36000 batch_loss=3.3658e-01
E7/8 B17100/36000 batch_loss=3.4790e-01
E7/8 B17200/36000 batch_loss=2.0506e-01
E7/8 B17300/36000 batch_loss=3.2403e-01
E7/8 B17400/36000 batch_loss=1.9528e-01
E7/8 B17500/36000 batch_loss=3.3108e-01
E7/8 B17600/36000 batch_loss=2.0878e-01
E7/8 B17700/36000 batch_loss=3.2926e-01
E7/8 B17800/36000 batch_loss=2.0463e-01
E7/8 B17900/36000 batch_loss=1.9426e-01
E7/8 B18000/36000 batch_loss=2.2971e-01
E7/8 B18100/36000 batch_loss=2.1688e-01
E7/8 B18200/36000 batch_loss=3.4219e-01
E7/8 B18300/36000 batch_loss=2.1521e-01
E7/8 B18400/36000 batch_loss=3.2856e-01
E7/8 B18500/36000 batch_loss=2.0259e-01
E7/8 B18600/36000 batch_loss=3.2110e-01
E7/8 B18700/36000 batch_loss=3.1846e-01
E7/8 B18800/36000 batch_loss=1.8302e-01
E7/8 B18900/36000 batch_loss=3.2636e-01
E7/8 B19000/36000 batch_loss=3.3777e-01
E7/8 B19100/36000 batch_loss=3.2812e-01
E7/8 B19200/36000 batch_loss=3.1380e-01
E7/8 B19300/36000 batch_loss=2.2278e-01
E7/8 B19400/36000 batch_loss=1.9685e-01
E7/8 B19500/36000 batch_loss=3.6367e-01
E7/8 B19600/36000 batch_loss=2.2049e-01
E7/8 B19700/36000 batch_loss=1.9366e-01
E7/8 B19800/36000 batch_loss=3.3840e-01
E7/8 B19900/36000 batch_loss=1.9673e-01
E7/8 B20000/36000 batch_loss=3.2730e-01
E7/8 B20100/36000 batch_loss=3.4468e-01
E7/8 B20200/36000 batch_loss=2.0438e-01
E7/8 B20300/36000 batch_loss=3.3251e-01
E7/8 B20400/36000 batch_loss=3.3989e-01
E7/8 B20500/36000 batch_loss=3.2657e-01
E7/8 B20600/36000 batch_loss=3.5119e-01
E7/8 B20700/36000 batch_loss=2.1532e-01
E7/8 B20800/36000 batch_loss=2.0482e-01
E7/8 B20900/36000 batch_loss=3.2514e-01
E7/8 B21000/36000 batch_loss=3.2354e-01
E7/8 B21100/36000 batch_loss=3.1363e-01
E7/8 B21200/36000 batch_loss=1.8228e-01
E7/8 B21300/36000 batch_loss=3.4304e-01
E7/8 B21400/36000 batch_loss=3.4884e-01
E7/8 B21500/36000 batch_loss=3.3585e-01
E7/8 B21600/36000 batch_loss=3.5513e-01
E7/8 B21700/36000 batch_loss=2.1501e-01
E7/8 B21800/36000 batch_loss=3.4643e-01
E7/8 B21900/36000 batch_loss=3.3553e-01
E7/8 B22000/36000 batch_loss=3.0994e-01
E7/8 B22100/36000 batch_loss=3.4968e-01
E7/8 B22200/36000 batch_loss=3.1379e-01
E7/8 B22300/36000 batch_loss=3.1617e-01
E7/8 B22400/36000 batch_loss=3.2940e-01
E7/8 B22500/36000 batch_loss=2.1329e-01
E7/8 B22600/36000 batch_loss=3.4194e-01
E7/8 B22700/36000 batch_loss=1.9074e-01
E7/8 B22800/36000 batch_loss=3.3625e-01
E7/8 B22900/36000 batch_loss=3.3062e-01
E7/8 B23000/36000 batch_loss=3.4247e-01
E7/8 B23100/36000 batch_loss=2.0654e-01
E7/8 B23200/36000 batch_loss=3.3801e-01
E7/8 B23300/36000 batch_loss=1.8627e-01
E7/8 B23400/36000 batch_loss=3.2302e-01
E7/8 B23500/36000 batch_loss=2.1972e-01
E7/8 B23600/36000 batch_loss=3.1928e-01
E7/8 B23700/36000 batch_loss=3.2368e-01
E7/8 B23800/36000 batch_loss=3.1342e-01
E7/8 B23900/36000 batch_loss=1.8307e-01
E7/8 B24000/36000 batch_loss=1.9772e-01
E7/8 B24100/36000 batch_loss=2.0320e-01
E7/8 B24200/36000 batch_loss=3.1085e-01
E7/8 B24300/36000 batch_loss=2.1329e-01
E7/8 B24400/36000 batch_loss=3.4384e-01
E7/8 B24500/36000 batch_loss=1.9146e-01
E7/8 B24600/36000 batch_loss=3.3077e-01
E7/8 B24700/36000 batch_loss=2.2018e-01
E7/8 B24800/36000 batch_loss=3.1492e-01
E7/8 B24900/36000 batch_loss=1.8781e-01
E7/8 B25000/36000 batch_loss=1.9997e-01
E7/8 B25100/36000 batch_loss=3.5166e-01
E7/8 B25200/36000 batch_loss=3.3902e-01
E7/8 B25300/36000 batch_loss=1.9043e-01
E7/8 B25400/36000 batch_loss=1.9960e-01
E7/8 B25500/36000 batch_loss=2.1128e-01
E7/8 B25600/36000 batch_loss=1.9724e-01
E7/8 B25700/36000 batch_loss=1.9103e-01
E7/8 B25800/36000 batch_loss=2.2619e-01
E7/8 B25900/36000 batch_loss=1.9671e-01
E7/8 B26000/36000 batch_loss=2.0648e-01
E7/8 B26100/36000 batch_loss=3.3820e-01
E7/8 B26200/36000 batch_loss=3.3276e-01
E7/8 B26300/36000 batch_loss=2.2053e-01
E7/8 B26400/36000 batch_loss=3.4661e-01
E7/8 B26500/36000 batch_loss=3.2467e-01
E7/8 B26600/36000 batch_loss=3.3903e-01
E7/8 B26700/36000 batch_loss=1.8608e-01
E7/8 B26800/36000 batch_loss=3.4907e-01
E7/8 B26900/36000 batch_loss=3.1987e-01
E7/8 B27000/36000 batch_loss=1.8081e-01
E7/8 B27100/36000 batch_loss=2.1238e-01
E7/8 B27200/36000 batch_loss=1.8088e-01
E7/8 B27300/36000 batch_loss=2.0641e-01
E7/8 B27400/36000 batch_loss=3.2152e-01
E7/8 B27500/36000 batch_loss=3.3345e-01
E7/8 B27600/36000 batch_loss=3.1961e-01
E7/8 B27700/36000 batch_loss=2.1307e-01
E7/8 B27800/36000 batch_loss=3.2280e-01
E7/8 B27900/36000 batch_loss=1.8941e-01
E7/8 B28000/36000 batch_loss=2.0712e-01
E7/8 B28100/36000 batch_loss=2.0832e-01
E7/8 B28200/36000 batch_loss=3.0459e-01
E7/8 B28300/36000 batch_loss=3.3882e-01
E7/8 B28400/36000 batch_loss=2.0688e-01
E7/8 B28500/36000 batch_loss=2.0396e-01
E7/8 B28600/36000 batch_loss=3.1645e-01
E7/8 B28700/36000 batch_loss=2.0462e-01
E7/8 B28800/36000 batch_loss=2.3176e-01
E7/8 B28900/36000 batch_loss=1.9751e-01
E7/8 B29000/36000 batch_loss=3.2108e-01
E7/8 B29100/36000 batch_loss=2.0080e-01
E7/8 B29200/36000 batch_loss=3.4028e-01
E7/8 B29300/36000 batch_loss=3.6795e-01
E7/8 B29400/36000 batch_loss=3.3918e-01
E7/8 B29500/36000 batch_loss=2.0817e-01
E7/8 B29600/36000 batch_loss=3.6682e-01
E7/8 B29700/36000 batch_loss=3.3076e-01
E7/8 B29800/36000 batch_loss=2.1156e-01
E7/8 B29900/36000 batch_loss=3.3007e-01
E7/8 B30000/36000 batch_loss=1.9480e-01
E7/8 B30100/36000 batch_loss=3.2739e-01
E7/8 B30200/36000 batch_loss=2.0209e-01
E7/8 B30300/36000 batch_loss=3.3361e-01
E7/8 B30400/36000 batch_loss=1.9499e-01
E7/8 B30500/36000 batch_loss=3.4636e-01
E7/8 B30600/36000 batch_loss=1.9424e-01
E7/8 B30700/36000 batch_loss=3.2882e-01
E7/8 B30800/36000 batch_loss=2.1502e-01
E7/8 B30900/36000 batch_loss=3.4648e-01
E7/8 B31000/36000 batch_loss=2.0107e-01
E7/8 B31100/36000 batch_loss=1.8531e-01
E7/8 B31200/36000 batch_loss=3.5032e-01
E7/8 B31300/36000 batch_loss=3.5476e-01
E7/8 B31400/36000 batch_loss=3.4634e-01
E7/8 B31500/36000 batch_loss=2.3244e-01
E7/8 B31600/36000 batch_loss=2.2358e-01
E7/8 B31700/36000 batch_loss=3.2672e-01
E7/8 B31800/36000 batch_loss=3.5527e-01
E7/8 B31900/36000 batch_loss=3.0918e-01
E7/8 B32000/36000 batch_loss=2.2363e-01
E7/8 B32100/36000 batch_loss=2.0228e-01
E7/8 B32200/36000 batch_loss=3.2053e-01
E7/8 B32300/36000 batch_loss=3.3795e-01
E7/8 B32400/36000 batch_loss=3.2005e-01
E7/8 B32500/36000 batch_loss=1.9369e-01
E7/8 B32600/36000 batch_loss=3.2754e-01
E7/8 B32700/36000 batch_loss=2.0976e-01
E7/8 B32800/36000 batch_loss=3.1250e-01
E7/8 B32900/36000 batch_loss=1.9295e-01
E7/8 B33000/36000 batch_loss=2.0060e-01
E7/8 B33100/36000 batch_loss=2.2637e-01
E7/8 B33200/36000 batch_loss=3.3735e-01
E7/8 B33300/36000 batch_loss=3.0918e-01
E7/8 B33400/36000 batch_loss=2.0218e-01
E7/8 B33500/36000 batch_loss=3.3455e-01
E7/8 B33600/36000 batch_loss=3.1824e-01
E7/8 B33700/36000 batch_loss=3.1029e-01
E7/8 B33800/36000 batch_loss=3.2919e-01
E7/8 B33900/36000 batch_loss=3.5041e-01
E7/8 B34000/36000 batch_loss=1.9861e-01
E7/8 B34100/36000 batch_loss=1.9537e-01
E7/8 B34200/36000 batch_loss=2.0772e-01
E7/8 B34300/36000 batch_loss=1.8670e-01
E7/8 B34400/36000 batch_loss=3.2665e-01
E7/8 B34500/36000 batch_loss=1.9975e-01
E7/8 B34600/36000 batch_loss=2.1645e-01
E7/8 B34700/36000 batch_loss=3.4873e-01
E7/8 B34800/36000 batch_loss=2.1343e-01
E7/8 B34900/36000 batch_loss=3.3611e-01
E7/8 B35000/36000 batch_loss=1.8689e-01
E7/8 B35100/36000 batch_loss=2.0031e-01
E7/8 B35200/36000 batch_loss=1.8458e-01
E7/8 B35300/36000 batch_loss=3.3093e-01
E7/8 B35400/36000 batch_loss=3.1156e-01
E7/8 B35500/36000 batch_loss=1.9483e-01
E7/8 B35600/36000 batch_loss=1.9509e-01
E7/8 B35700/36000 batch_loss=3.0790e-01
E7/8 B35800/36000 batch_loss=3.3914e-01
E7/8 B35900/36000 batch_loss=3.4750e-01
E7/8 B36000/36000 batch_loss=3.1189e-01
2026-07-23 01:46:52,336 | INFO | Saved 10 diagnostic panel(s) under D:\Research\NO-2D-Metamaterials\MODELS\training_runs\NO_I3O5_BCF16_NMAE_HC128_LR2e-03_WD0e+00_SS1_G9e-01_ch0fft_260721\diagnostics\epoch_007
epoch=7/8 loss=nmae train_nmae=2.678440e-01 val_nmae=3.597957e-01 train_mae=1.519137e-02 val_mae=2.252313e-02 train_mse=3.449126e-03 val_mse=7.423460e-03 lr=9.566e-04 train_sps=1065.6
2026-07-23 01:46:54,762 | INFO | epoch=7/8 loss=nmae train_nmae=2.678440e-01 val_nmae=3.597957e-01 train_mae=1.519137e-02 val_mae=2.252313e-02 train_mse=3.449126e-03 val_mse=7.423460e-03 lr=9.566e-04 train_sps=1065.6
2026-07-23 01:46:54,763 | INFO | epoch=7/8 loss_ch_nmae train=2.928e-01 2.290e-01 2.338e-01 2.952e-01 2.885e-01 val=4.462e-01 2.933e-01 3.154e-01 3.733e-01 3.708e-01
2026-07-23 01:46:54,763 | INFO | epoch=7/8 mae_ch train=6.665e-02 2.108e-03 1.994e-03 2.707e-03 2.498e-03 val=1.015e-01 2.509e-03 2.456e-03 3.162e-03 2.939e-03 mse_ch train=1.704e-02 4.237e-05 3.970e-05 6.702e-05 5.803e-05 val=3.685e-02 5.669e-05 5.416e-05 8.270e-05 7.337e-05
Epoch 7/8 done | loss=nmae train=2.6784e-01 val=3.5980e-01 mae=2.2523e-02 mse=7.4235e-03 lr=9.57e-04
E8/8 B100/36000 batch_loss=1.9670e-01
E8/8 B200/36000 batch_loss=3.1859e-01
E8/8 B300/36000 batch_loss=3.0643e-01
E8/8 B400/36000 batch_loss=3.1570e-01
E8/8 B500/36000 batch_loss=3.3054e-01
E8/8 B600/36000 batch_loss=3.1068e-01
E8/8 B700/36000 batch_loss=1.6767e-01
E8/8 B800/36000 batch_loss=3.2448e-01
E8/8 B900/36000 batch_loss=3.3612e-01
E8/8 B1000/36000 batch_loss=1.8820e-01
E8/8 B1100/36000 batch_loss=3.2763e-01
E8/8 B1200/36000 batch_loss=3.0827e-01
E8/8 B1300/36000 batch_loss=3.0229e-01
E8/8 B1400/36000 batch_loss=3.1723e-01
E8/8 B1500/36000 batch_loss=2.0311e-01
E8/8 B1600/36000 batch_loss=3.0281e-01
E8/8 B1700/36000 batch_loss=3.1448e-01
E8/8 B1800/36000 batch_loss=3.4284e-01
E8/8 B1900/36000 batch_loss=3.4065e-01
E8/8 B2000/36000 batch_loss=1.9954e-01
E8/8 B2100/36000 batch_loss=3.4261e-01
E8/8 B2200/36000 batch_loss=1.8323e-01
E8/8 B2300/36000 batch_loss=3.3097e-01
E8/8 B2400/36000 batch_loss=3.4637e-01
E8/8 B2500/36000 batch_loss=1.9645e-01
E8/8 B2600/36000 batch_loss=3.3424e-01
E8/8 B2700/36000 batch_loss=3.0078e-01
E8/8 B2800/36000 batch_loss=3.1049e-01
E8/8 B2900/36000 batch_loss=2.0261e-01
E8/8 B3000/36000 batch_loss=2.0237e-01
E8/8 B3100/36000 batch_loss=3.0266e-01
E8/8 B3200/36000 batch_loss=3.4551e-01
E8/8 B3300/36000 batch_loss=1.9973e-01
E8/8 B3400/36000 batch_loss=3.1575e-01
E8/8 B3500/36000 batch_loss=3.0956e-01
E8/8 B3600/36000 batch_loss=3.3139e-01
E8/8 B3700/36000 batch_loss=1.9135e-01
E8/8 B3800/36000 batch_loss=3.3098e-01
E8/8 B3900/36000 batch_loss=3.1967e-01
E8/8 B4000/36000 batch_loss=3.2621e-01
E8/8 B4100/36000 batch_loss=2.0904e-01
E8/8 B4200/36000 batch_loss=3.3268e-01
E8/8 B4300/36000 batch_loss=1.9925e-01
E8/8 B4400/36000 batch_loss=3.0398e-01
E8/8 B4500/36000 batch_loss=3.1285e-01
E8/8 B4600/36000 batch_loss=3.4236e-01
E8/8 B4700/36000 batch_loss=3.4009e-01
E8/8 B4800/36000 batch_loss=1.9542e-01
E8/8 B4900/36000 batch_loss=3.2786e-01
E8/8 B5000/36000 batch_loss=3.3916e-01
E8/8 B5100/36000 batch_loss=3.1907e-01
E8/8 B5200/36000 batch_loss=1.7078e-01
E8/8 B5300/36000 batch_loss=1.9298e-01
E8/8 B5400/36000 batch_loss=2.9280e-01
E8/8 B5500/36000 batch_loss=3.0801e-01
E8/8 B5600/36000 batch_loss=3.2010e-01
E8/8 B5700/36000 batch_loss=1.9479e-01
E8/8 B5800/36000 batch_loss=1.7401e-01
E8/8 B5900/36000 batch_loss=1.9481e-01
E8/8 B6000/36000 batch_loss=3.5592e-01
E8/8 B6100/36000 batch_loss=3.0759e-01
E8/8 B6200/36000 batch_loss=1.8758e-01
E8/8 B6300/36000 batch_loss=3.3199e-01
E8/8 B6400/36000 batch_loss=2.9295e-01
E8/8 B6500/36000 batch_loss=3.1687e-01
E8/8 B6600/36000 batch_loss=3.0988e-01
E8/8 B6700/36000 batch_loss=1.8346e-01
E8/8 B6800/36000 batch_loss=2.9673e-01
E8/8 B6900/36000 batch_loss=1.7680e-01
E8/8 B7000/36000 batch_loss=1.8301e-01
E8/8 B7100/36000 batch_loss=2.0997e-01
E8/8 B7200/36000 batch_loss=3.3262e-01
E8/8 B7300/36000 batch_loss=2.1537e-01
E8/8 B7400/36000 batch_loss=1.8189e-01
E8/8 B7500/36000 batch_loss=3.0651e-01
E8/8 B7600/36000 batch_loss=1.8658e-01
E8/8 B7700/36000 batch_loss=2.9412e-01
E8/8 B7800/36000 batch_loss=3.0330e-01
E8/8 B7900/36000 batch_loss=3.2000e-01
E8/8 B8000/36000 batch_loss=3.3562e-01
E8/8 B8100/36000 batch_loss=1.9040e-01
E8/8 B8200/36000 batch_loss=3.1581e-01
E8/8 B8300/36000 batch_loss=1.8649e-01
E8/8 B8400/36000 batch_loss=3.4081e-01
E8/8 B8500/36000 batch_loss=3.1846e-01
E8/8 B8600/36000 batch_loss=3.3015e-01
E8/8 B8700/36000 batch_loss=1.9022e-01
E8/8 B8800/36000 batch_loss=1.9063e-01
E8/8 B8900/36000 batch_loss=1.9400e-01
E8/8 B9000/36000 batch_loss=3.1022e-01
E8/8 B9100/36000 batch_loss=1.8180e-01
E8/8 B9200/36000 batch_loss=1.9883e-01
E8/8 B9300/36000 batch_loss=3.4031e-01
E8/8 B9400/36000 batch_loss=3.2893e-01
E8/8 B9500/36000 batch_loss=3.0770e-01
E8/8 B9600/36000 batch_loss=1.9043e-01
E8/8 B9700/36000 batch_loss=3.1507e-01
E8/8 B9800/36000 batch_loss=3.1376e-01
E8/8 B9900/36000 batch_loss=3.2671e-01
E8/8 B10000/36000 batch_loss=3.0816e-01
E8/8 B10100/36000 batch_loss=3.1743e-01
E8/8 B10200/36000 batch_loss=2.0443e-01
E8/8 B10300/36000 batch_loss=3.2837e-01
E8/8 B10400/36000 batch_loss=1.9114e-01
E8/8 B10500/36000 batch_loss=3.3997e-01
E8/8 B10600/36000 batch_loss=3.0622e-01
E8/8 B10700/36000 batch_loss=2.0598e-01
E8/8 B10800/36000 batch_loss=3.2353e-01
E8/8 B10900/36000 batch_loss=1.8822e-01
E8/8 B11000/36000 batch_loss=3.1288e-01
E8/8 B11100/36000 batch_loss=3.1373e-01
E8/8 B11200/36000 batch_loss=3.4587e-01
E8/8 B11300/36000 batch_loss=2.0114e-01
E8/8 B11400/36000 batch_loss=2.0484e-01
E8/8 B11500/36000 batch_loss=2.1728e-01
E8/8 B11600/36000 batch_loss=3.2749e-01
E8/8 B11700/36000 batch_loss=3.1688e-01
E8/8 B11800/36000 batch_loss=2.0998e-01
E8/8 B11900/36000 batch_loss=3.1971e-01
E8/8 B12000/36000 batch_loss=1.7757e-01
E8/8 B12100/36000 batch_loss=3.1221e-01
E8/8 B12200/36000 batch_loss=3.3135e-01
E8/8 B12300/36000 batch_loss=3.5288e-01
E8/8 B12400/36000 batch_loss=1.9450e-01
E8/8 B12500/36000 batch_loss=3.2572e-01
E8/8 B12600/36000 batch_loss=1.9306e-01
E8/8 B12700/36000 batch_loss=3.0364e-01
E8/8 B12800/36000 batch_loss=2.0821e-01
E8/8 B12900/36000 batch_loss=1.8609e-01
E8/8 B13000/36000 batch_loss=1.9259e-01
E8/8 B13100/36000 batch_loss=2.9631e-01
E8/8 B13200/36000 batch_loss=3.3367e-01
E8/8 B13300/36000 batch_loss=2.9854e-01
E8/8 B13400/36000 batch_loss=3.2221e-01
E8/8 B13500/36000 batch_loss=2.0481e-01
E8/8 B13600/36000 batch_loss=3.2917e-01
E8/8 B13700/36000 batch_loss=1.8863e-01
E8/8 B13800/36000 batch_loss=2.0877e-01
E8/8 B13900/36000 batch_loss=3.0916e-01
E8/8 B14000/36000 batch_loss=3.3027e-01
E8/8 B14100/36000 batch_loss=1.9894e-01
E8/8 B14200/36000 batch_loss=1.9397e-01
E8/8 B14300/36000 batch_loss=2.0165e-01
E8/8 B14400/36000 batch_loss=1.8268e-01
E8/8 B14500/36000 batch_loss=1.9541e-01
E8/8 B14600/36000 batch_loss=3.2098e-01
E8/8 B14700/36000 batch_loss=2.1515e-01
E8/8 B14800/36000 batch_loss=3.3128e-01
E8/8 B14900/36000 batch_loss=1.9797e-01
E8/8 B15000/36000 batch_loss=3.3620e-01
E8/8 B15100/36000 batch_loss=3.1881e-01
E8/8 B15200/36000 batch_loss=3.2570e-01
E8/8 B15300/36000 batch_loss=2.9461e-01
E8/8 B15400/36000 batch_loss=3.2340e-01
E8/8 B15500/36000 batch_loss=3.2006e-01
E8/8 B15600/36000 batch_loss=3.0586e-01
E8/8 B15700/36000 batch_loss=3.5034e-01
E8/8 B15800/36000 batch_loss=3.0305e-01
E8/8 B15900/36000 batch_loss=3.1724e-01
E8/8 B16000/36000 batch_loss=1.8754e-01
E8/8 B16100/36000 batch_loss=1.9254e-01
E8/8 B16200/36000 batch_loss=1.8606e-01
E8/8 B16300/36000 batch_loss=3.1028e-01
E8/8 B16400/36000 batch_loss=3.2031e-01
E8/8 B16500/36000 batch_loss=3.0930e-01
E8/8 B16600/36000 batch_loss=3.4955e-01
E8/8 B16700/36000 batch_loss=2.0333e-01
E8/8 B16800/36000 batch_loss=2.9580e-01
E8/8 B16900/36000 batch_loss=1.9887e-01
E8/8 B17000/36000 batch_loss=2.9695e-01
E8/8 B17100/36000 batch_loss=1.9601e-01
E8/8 B17200/36000 batch_loss=1.8817e-01
E8/8 B17300/36000 batch_loss=2.0296e-01
E8/8 B17400/36000 batch_loss=3.1693e-01
E8/8 B17500/36000 batch_loss=3.6440e-01
E8/8 B17600/36000 batch_loss=1.7851e-01
E8/8 B17700/36000 batch_loss=2.0594e-01
E8/8 B17800/36000 batch_loss=1.9892e-01
E8/8 B17900/36000 batch_loss=3.2879e-01
E8/8 B18000/36000 batch_loss=3.0984e-01
E8/8 B18100/36000 batch_loss=3.2714e-01
E8/8 B18200/36000 batch_loss=3.1780e-01
E8/8 B18300/36000 batch_loss=1.8453e-01
E8/8 B18400/36000 batch_loss=2.0570e-01
E8/8 B18500/36000 batch_loss=1.9825e-01
E8/8 B18600/36000 batch_loss=3.2283e-01
E8/8 B18700/36000 batch_loss=2.9805e-01
E8/8 B18800/36000 batch_loss=1.8974e-01
E8/8 B18900/36000 batch_loss=2.0978e-01
E8/8 B19000/36000 batch_loss=1.9083e-01
E8/8 B19100/36000 batch_loss=3.5069e-01
E8/8 B19200/36000 batch_loss=3.4068e-01
E8/8 B19300/36000 batch_loss=3.4213e-01
E8/8 B19400/36000 batch_loss=1.9426e-01
E8/8 B19500/36000 batch_loss=3.1042e-01
E8/8 B19600/36000 batch_loss=2.1211e-01
E8/8 B19700/36000 batch_loss=3.2084e-01
E8/8 B19800/36000 batch_loss=1.9132e-01
E8/8 B19900/36000 batch_loss=2.1211e-01
E8/8 B20000/36000 batch_loss=1.8027e-01
E8/8 B20100/36000 batch_loss=3.0530e-01
E8/8 B20200/36000 batch_loss=1.9067e-01
E8/8 B20300/36000 batch_loss=3.1814e-01
E8/8 B20400/36000 batch_loss=1.9679e-01
E8/8 B20500/36000 batch_loss=2.0381e-01
E8/8 B20600/36000 batch_loss=1.9782e-01
E8/8 B20700/36000 batch_loss=3.1090e-01
E8/8 B20800/36000 batch_loss=3.3542e-01
E8/8 B20900/36000 batch_loss=1.9523e-01
E8/8 B21000/36000 batch_loss=2.0315e-01
E8/8 B21100/36000 batch_loss=1.9100e-01
E8/8 B21200/36000 batch_loss=2.0244e-01
E8/8 B21300/36000 batch_loss=1.9679e-01
E8/8 B21400/36000 batch_loss=1.8420e-01
E8/8 B21500/36000 batch_loss=3.3840e-01
E8/8 B21600/36000 batch_loss=1.9656e-01
E8/8 B21700/36000 batch_loss=1.7075e-01
E8/8 B21800/36000 batch_loss=1.9808e-01
E8/8 B21900/36000 batch_loss=3.3619e-01
E8/8 B22000/36000 batch_loss=1.9681e-01
E8/8 B22100/36000 batch_loss=1.7465e-01
E8/8 B22200/36000 batch_loss=3.2444e-01
E8/8 B22300/36000 batch_loss=1.8521e-01
E8/8 B22400/36000 batch_loss=3.3160e-01
E8/8 B22500/36000 batch_loss=2.0484e-01
E8/8 B22600/36000 batch_loss=3.0871e-01
E8/8 B22700/36000 batch_loss=3.3094e-01
E8/8 B22800/36000 batch_loss=1.8445e-01
E8/8 B22900/36000 batch_loss=1.9988e-01
E8/8 B23000/36000 batch_loss=3.2733e-01
E8/8 B23100/36000 batch_loss=3.0841e-01
E8/8 B23200/36000 batch_loss=3.0785e-01
E8/8 B23300/36000 batch_loss=3.0852e-01
E8/8 B23400/36000 batch_loss=3.2526e-01
E8/8 B23500/36000 batch_loss=3.5468e-01
E8/8 B23600/36000 batch_loss=3.1895e-01
E8/8 B23700/36000 batch_loss=3.0391e-01
E8/8 B23800/36000 batch_loss=3.5308e-01
E8/8 B23900/36000 batch_loss=2.9704e-01
E8/8 B24000/36000 batch_loss=1.9272e-01
E8/8 B24100/36000 batch_loss=3.1106e-01
E8/8 B24200/36000 batch_loss=3.2346e-01
E8/8 B24300/36000 batch_loss=1.9336e-01
E8/8 B24400/36000 batch_loss=3.1636e-01
E8/8 B24500/36000 batch_loss=3.2224e-01
E8/8 B24600/36000 batch_loss=3.2231e-01
E8/8 B24700/36000 batch_loss=3.3094e-01
E8/8 B24800/36000 batch_loss=3.0886e-01
E8/8 B24900/36000 batch_loss=3.1694e-01
E8/8 B25000/36000 batch_loss=3.2050e-01
E8/8 B25100/36000 batch_loss=2.0727e-01
E8/8 B25200/36000 batch_loss=2.1472e-01
E8/8 B25300/36000 batch_loss=3.0855e-01
E8/8 B25400/36000 batch_loss=3.0411e-01
E8/8 B25500/36000 batch_loss=3.2001e-01
E8/8 B25600/36000 batch_loss=3.1807e-01
E8/8 B25700/36000 batch_loss=1.7967e-01
E8/8 B25800/36000 batch_loss=3.1896e-01
E8/8 B25900/36000 batch_loss=2.0132e-01
E8/8 B26000/36000 batch_loss=1.8749e-01
E8/8 B26100/36000 batch_loss=1.9236e-01
E8/8 B26200/36000 batch_loss=3.2543e-01
E8/8 B26300/36000 batch_loss=2.9433e-01
E8/8 B26400/36000 batch_loss=1.9512e-01
E8/8 B26500/36000 batch_loss=1.7802e-01
E8/8 B26600/36000 batch_loss=1.9545e-01
E8/8 B26700/36000 batch_loss=3.3491e-01
E8/8 B26800/36000 batch_loss=3.2674e-01
E8/8 B26900/36000 batch_loss=3.0388e-01
E8/8 B27000/36000 batch_loss=1.8271e-01
E8/8 B27100/36000 batch_loss=3.2272e-01
E8/8 B27200/36000 batch_loss=3.2914e-01
E8/8 B27300/36000 batch_loss=3.1792e-01
E8/8 B27400/36000 batch_loss=3.1963e-01
E8/8 B27500/36000 batch_loss=2.8876e-01
E8/8 B27600/36000 batch_loss=3.1173e-01
E8/8 B27700/36000 batch_loss=1.9983e-01
E8/8 B27800/36000 batch_loss=3.2279e-01
E8/8 B27900/36000 batch_loss=2.1467e-01
E8/8 B28000/36000 batch_loss=3.1545e-01
E8/8 B28100/36000 batch_loss=3.0406e-01
E8/8 B28200/36000 batch_loss=3.2067e-01
E8/8 B28300/36000 batch_loss=1.8961e-01
E8/8 B28400/36000 batch_loss=3.0870e-01
E8/8 B28500/36000 batch_loss=3.1903e-01
E8/8 B28600/36000 batch_loss=2.0930e-01
E8/8 B28700/36000 batch_loss=2.0585e-01
E8/8 B28800/36000 batch_loss=1.9395e-01
E8/8 B28900/36000 batch_loss=2.0606e-01
E8/8 B29000/36000 batch_loss=2.0134e-01
E8/8 B29100/36000 batch_loss=1.8380e-01
E8/8 B29200/36000 batch_loss=3.1729e-01
E8/8 B29300/36000 batch_loss=1.9985e-01
E8/8 B29400/36000 batch_loss=3.0879e-01
E8/8 B29500/36000 batch_loss=2.1226e-01
E8/8 B29600/36000 batch_loss=1.9819e-01
E8/8 B29700/36000 batch_loss=2.0705e-01
E8/8 B29800/36000 batch_loss=1.9055e-01
E8/8 B29900/36000 batch_loss=3.3912e-01
E8/8 B30000/36000 batch_loss=1.8806e-01
E8/8 B30100/36000 batch_loss=1.9891e-01
E8/8 B30200/36000 batch_loss=1.9573e-01
E8/8 B30300/36000 batch_loss=1.9505e-01
E8/8 B30400/36000 batch_loss=1.8525e-01
E8/8 B30500/36000 batch_loss=2.0378e-01
E8/8 B30600/36000 batch_loss=1.8181e-01
E8/8 B30700/36000 batch_loss=1.8760e-01
E8/8 B30800/36000 batch_loss=1.8809e-01
E8/8 B30900/36000 batch_loss=3.3605e-01
E8/8 B31000/36000 batch_loss=1.8930e-01
E8/8 B31100/36000 batch_loss=3.1032e-01
E8/8 B31200/36000 batch_loss=1.9460e-01
E8/8 B31300/36000 batch_loss=1.9817e-01
E8/8 B31400/36000 batch_loss=1.8081e-01
E8/8 B31500/36000 batch_loss=3.1100e-01
E8/8 B31600/36000 batch_loss=1.9701e-01
E8/8 B31700/36000 batch_loss=3.0866e-01
E8/8 B31800/36000 batch_loss=1.8999e-01
E8/8 B31900/36000 batch_loss=1.9609e-01
E8/8 B32000/36000 batch_loss=3.2197e-01
E8/8 B32100/36000 batch_loss=1.7964e-01
E8/8 B32200/36000 batch_loss=1.8528e-01
E8/8 B32300/36000 batch_loss=2.0573e-01
E8/8 B32400/36000 batch_loss=3.1118e-01
E8/8 B32500/36000 batch_loss=1.9252e-01
E8/8 B32600/36000 batch_loss=1.8659e-01
E8/8 B32700/36000 batch_loss=1.8330e-01
E8/8 B32800/36000 batch_loss=3.2478e-01
E8/8 B32900/36000 batch_loss=3.2799e-01
E8/8 B33000/36000 batch_loss=3.0323e-01
E8/8 B33100/36000 batch_loss=1.8076e-01
E8/8 B33200/36000 batch_loss=3.1699e-01
E8/8 B33300/36000 batch_loss=3.0324e-01
E8/8 B33400/36000 batch_loss=1.8148e-01
E8/8 B33500/36000 batch_loss=3.3565e-01
E8/8 B33600/36000 batch_loss=1.7380e-01
E8/8 B33700/36000 batch_loss=2.8347e-01
E8/8 B33800/36000 batch_loss=2.1244e-01
E8/8 B33900/36000 batch_loss=3.1851e-01
E8/8 B34000/36000 batch_loss=3.1073e-01
E8/8 B34100/36000 batch_loss=3.2181e-01
E8/8 B34200/36000 batch_loss=2.8706e-01
E8/8 B34300/36000 batch_loss=1.8749e-01
E8/8 B34400/36000 batch_loss=3.3337e-01
E8/8 B34500/36000 batch_loss=2.1343e-01
E8/8 B34600/36000 batch_loss=3.0714e-01
E8/8 B34700/36000 batch_loss=2.8098e-01
E8/8 B34800/36000 batch_loss=1.8961e-01
E8/8 B34900/36000 batch_loss=2.1285e-01
E8/8 B35000/36000 batch_loss=3.0943e-01
E8/8 B35100/36000 batch_loss=3.0637e-01
E8/8 B35200/36000 batch_loss=1.7662e-01
E8/8 B35300/36000 batch_loss=3.2131e-01
E8/8 B35400/36000 batch_loss=3.0059e-01
E8/8 B35500/36000 batch_loss=3.4262e-01
E8/8 B35600/36000 batch_loss=3.2506e-01
E8/8 B35700/36000 batch_loss=2.9061e-01
E8/8 B35800/36000 batch_loss=2.0659e-01
E8/8 B35900/36000 batch_loss=3.1047e-01
E8/8 B36000/36000 batch_loss=2.2277e-01
2026-07-23 06:45:41,357 | INFO | Saved 10 diagnostic panel(s) under D:\Research\NO-2D-Metamaterials\MODELS\training_runs\NO_I3O5_BCF16_NMAE_HC128_LR2e-03_WD0e+00_SS1_G9e-01_ch0fft_260721\diagnostics\epoch_008
epoch=8/8 loss=nmae train_nmae=2.572557e-01 val_nmae=3.536274e-01 train_mae=1.425089e-02 val_mae=2.226147e-02 train_mse=3.146040e-03 val_mse=7.480264e-03 lr=8.609e-04 train_sps=1102.2
2026-07-23 06:45:43,344 | INFO | epoch=8/8 loss=nmae train_nmae=2.572557e-01 val_nmae=3.536274e-01 train_mae=1.425089e-02 val_mae=2.226147e-02 train_mse=3.146040e-03 val_mse=7.480264e-03 lr=8.609e-04 train_sps=1102.2
2026-07-23 06:45:43,344 | INFO | epoch=8/8 loss_ch_nmae train=2.735e-01 2.210e-01 2.254e-01 2.866e-01 2.797e-01 val=4.414e-01 2.932e-01 3.059e-01 3.627e-01 3.649e-01
2026-07-23 06:45:43,345 | INFO | epoch=8/8 mae_ch train=6.225e-02 2.035e-03 1.922e-03 2.628e-03 2.422e-03 val=1.005e-01 2.504e-03 2.384e-03 3.076e-03 2.889e-03 mse_ch train=1.553e-02 4.053e-05 3.789e-05 6.488e-05 5.605e-05 val=3.714e-02 5.609e-05 5.324e-05 8.154e-05 7.196e-05
Epoch 8/8 done | loss=nmae train=2.5726e-01 val=3.5363e-01 mae=2.2261e-02 mse=7.4803e-03 lr=8.61e-04
2026-07-23 06:45:43,802 | INFO | Run complete | run_name=NO_I3O5_BCF16_NMAE_HC128_LR2e-03_WD0e+00_SS1_G9e-01_ch0fft_260721 run_id=NO_I3O5_BCF16_NMAE_HC128_LR2e-03_WD0e+00_SS1_G9e-01_ch0fft_260721 best_val_loss=3.536274e-01
2026-07-23 06:45:43,804 | INFO | Artifacts saved to: D:\Research\NO-2D-Metamaterials\MODELS\training_runs\NO_I3O5_BCF16_NMAE_HC128_LR2e-03_WD0e+00_SS1_G9e-01_ch0fft_260721
Run complete. run_name=NO_I3O5_BCF16_NMAE_HC128_LR2e-03_WD0e+00_SS1_G9e-01_ch0fft_260721 run_id=NO_I3O5_BCF16_NMAE_HC128_LR2e-03_WD0e+00_SS1_G9e-01_ch0fft_260721 best_val_loss=3.536274e-01
Artifacts saved to: D:\Research\NO-2D-Metamaterials\MODELS\training_runs\NO_I3O5_BCF16_NMAE_HC128_LR2e-03_WD0e+00_SS1_G9e-01_ch0fft_260721
