2026-07-21 15:13:39,734 | INFO | Perf backends | tf32=False cudnn_benchmark=False matmul_precision=highest amp=none
2026-07-21 15:13:51,240 | INFO | NMAE epsilon=1.000000e-05
2026-07-21 15:13:51,242 | INFO | Loss logging: active=nmae; every epoch records train/val nmae, MAE, and MSE
2026-07-21 15:13:51,753 | INFO | Run started | run_name=NO_I3O5_BCF16_NMAE_HC128_LR2e-03_WD0e+00_SS1_G9e-01_ch0fft_260721 run_id=NO_I3O5_BCF16_NMAE_HC128_LR2e-03_WD0e+00_SS1_G9e-01_ch0fft_260721 device=cuda train_samples=18720000 test_samples=3900000 val_index_source=indices_full epoch_range=1..4
2026-07-21 15:13:51,754 | INFO | Fault diagnostics | main_fault_log=D:\Research\NO-2D-Metamaterials\MODELS\training_runs\NO_I3O5_BCF16_NMAE_HC128_LR2e-03_WD0e+00_SS1_G9e-01_ch0fft_260721\main_process_fault.log
2026-07-21 19:43:30,201 | INFO | Saved 10 diagnostic panel(s) under D:\Research\NO-2D-Metamaterials\MODELS\training_runs\NO_I3O5_BCF16_NMAE_HC128_LR2e-03_WD0e+00_SS1_G9e-01_ch0fft_260721\diagnostics\epoch_001
2026-07-21 19:43:32,429 | INFO | epoch=1/4 loss=nmae train_nmae=5.295413e-01 val_nmae=6.375302e-01 train_mae=3.669711e-02 val_mae=4.555494e-02 train_mse=1.257746e-02 val_mse=1.720015e-02 lr=1.800e-03 train_sps=1224.1
2026-07-21 19:43:32,429 | INFO | epoch=1/4 loss_ch_nmae train=7.312e-01 4.371e-01 4.545e-01 5.121e-01 5.128e-01 val=9.192e-01 5.199e-01 5.480e-01 5.992e-01 6.014e-01
2026-07-21 19:43:32,429 | INFO | epoch=1/4 mae_ch train=1.664e-01 4.029e-03 3.887e-03 4.700e-03 4.448e-03 val=2.092e-01 4.406e-03 4.271e-03 5.098e-03 4.790e-03 mse_ch train=6.245e-02 9.986e-05 9.403e-05 1.278e-04 1.143e-04 val=8.552e-02 1.127e-04 1.049e-04 1.377e-04 1.238e-04
2026-07-22 00:25:33,232 | INFO | Saved 10 diagnostic panel(s) under D:\Research\NO-2D-Metamaterials\MODELS\training_runs\NO_I3O5_BCF16_NMAE_HC128_LR2e-03_WD0e+00_SS1_G9e-01_ch0fft_260721\diagnostics\epoch_002
2026-07-22 00:25:35,400 | INFO | epoch=2/4 loss=nmae train_nmae=4.619700e-01 val_nmae=4.413859e-01 train_mae=3.592666e-02 val_mae=3.002415e-02 train_mse=1.222818e-02 val_mse=9.519731e-03 lr=1.620e-03 train_sps=1165.0
2026-07-22 00:25:35,401 | INFO | epoch=2/4 loss_ch_nmae train=7.274e-01 3.578e-01 3.710e-01 4.285e-01 4.252e-01 val=6.020e-01 3.754e-01 3.752e-01 4.262e-01 4.280e-01
2026-07-22 00:25:35,401 | INFO | epoch=2/4 mae_ch train=1.656e-01 3.296e-03 3.169e-03 3.930e-03 3.685e-03 val=1.370e-01 3.201e-03 2.910e-03 3.607e-03 3.391e-03 mse_ch train=6.080e-02 7.494e-05 7.175e-05 1.025e-04 9.140e-05 val=4.729e-02 6.792e-05 6.446e-05 9.402e-05 8.382e-05
2026-07-22 04:05:57,823 | INFO | Saved 10 diagnostic panel(s) under D:\Research\NO-2D-Metamaterials\MODELS\training_runs\NO_I3O5_BCF16_NMAE_HC128_LR2e-03_WD0e+00_SS1_G9e-01_ch0fft_260721\diagnostics\epoch_003
2026-07-22 04:06:00,025 | INFO | epoch=3/4 loss=nmae train_nmae=3.622618e-01 val_nmae=3.993173e-01 train_mae=2.524912e-02 val_mae=2.530381e-02 train_mse=7.290827e-03 val_mse=7.885618e-03 lr=1.458e-03 train_sps=1513.4
2026-07-22 04:06:00,027 | INFO | epoch=3/4 loss_ch_nmae train=5.036e-01 2.914e-01 3.005e-01 3.602e-01 3.556e-01 val=5.024e-01 3.276e-01 3.403e-01 4.149e-01 4.113e-01
2026-07-22 04:06:00,027 | INFO | epoch=3/4 mae_ch train=1.146e-01 2.684e-03 2.564e-03 3.303e-03 3.080e-03 val=1.143e-01 2.800e-03 2.653e-03 3.493e-03 3.236e-03 mse_ch train=3.618e-02 5.771e-05 5.480e-05 8.381e-05 7.386e-05 val=3.914e-02 6.183e-05 5.883e-05 8.757e-05 7.752e-05
2026-07-22 07:46:24,371 | INFO | Saved 10 diagnostic panel(s) under D:\Research\NO-2D-Metamaterials\MODELS\training_runs\NO_I3O5_BCF16_NMAE_HC128_LR2e-03_WD0e+00_SS1_G9e-01_ch0fft_260721\diagnostics\epoch_004
2026-07-22 07:46:26,561 | INFO | epoch=4/4 loss=nmae train_nmae=3.232578e-01 val_nmae=3.783631e-01 train_mae=2.091059e-02 val_mae=2.413001e-02 train_mse=5.553930e-03 val_mse=7.718478e-03 lr=1.312e-03 train_sps=1512.9
2026-07-22 07:46:26,562 | INFO | epoch=4/4 loss_ch_nmae train=4.123e-01 2.667e-01 2.740e-01 3.344e-01 3.289e-01 val=4.794e-01 3.100e-01 3.316e-01 3.842e-01 3.866e-01
2026-07-22 07:46:26,563 | INFO | epoch=4/4 mae_ch train=9.385e-02 2.455e-03 2.338e-03 3.067e-03 2.849e-03 val=1.091e-01 2.648e-03 2.581e-03 3.255e-03 3.060e-03 mse_ch train=2.753e-02 5.144e-05 4.864e-05 7.700e-05 6.742e-05 val=3.832e-02 5.926e-05 5.681e-05 8.487e-05 7.586e-05
2026-07-22 07:46:27,003 | INFO | Run complete | run_name=NO_I3O5_BCF16_NMAE_HC128_LR2e-03_WD0e+00_SS1_G9e-01_ch0fft_260721 run_id=NO_I3O5_BCF16_NMAE_HC128_LR2e-03_WD0e+00_SS1_G9e-01_ch0fft_260721 best_val_loss=3.783631e-01
2026-07-22 07:46:27,003 | INFO | Artifacts saved to: D:\Research\NO-2D-Metamaterials\MODELS\training_runs\NO_I3O5_BCF16_NMAE_HC128_LR2e-03_WD0e+00_SS1_G9e-01_ch0fft_260721
2026-07-22 11:49:01,884 | INFO | Perf backends | tf32=False cudnn_benchmark=False matmul_precision=highest amp=none
2026-07-22 11:49:12,289 | INFO | NMAE epsilon=1.000000e-05
2026-07-22 11:49:12,291 | INFO | Loss logging: active=nmae; every epoch records train/val nmae, MAE, and MSE
2026-07-22 11:49:13,259 | INFO | Resumed full state from D:\Research\NO-2D-Metamaterials\MODELS\training_runs\NO_I3O5_BCF16_NMAE_HC128_LR2e-03_WD0e+00_SS1_G9e-01_ch0fft_260721\training_state_latest.pt at epoch=4
2026-07-22 11:49:13,264 | INFO | Run started | run_name=NO_I3O5_BCF16_NMAE_HC128_LR2e-03_WD0e+00_SS1_G9e-01_ch0fft_260721 run_id=NO_I3O5_BCF16_NMAE_HC128_LR2e-03_WD0e+00_SS1_G9e-01_ch0fft_260721 device=cuda train_samples=18720000 test_samples=3900000 val_index_source=indices_full epoch_range=5..8
2026-07-22 11:49:13,265 | INFO | Fault diagnostics | main_fault_log=D:\Research\NO-2D-Metamaterials\MODELS\training_runs\NO_I3O5_BCF16_NMAE_HC128_LR2e-03_WD0e+00_SS1_G9e-01_ch0fft_260721\main_process_fault.log
2026-07-22 15:44:35,261 | INFO | Saved 10 diagnostic panel(s) under D:\Research\NO-2D-Metamaterials\MODELS\training_runs\NO_I3O5_BCF16_NMAE_HC128_LR2e-03_WD0e+00_SS1_G9e-01_ch0fft_260721\diagnostics\epoch_005
2026-07-22 15:44:37,592 | INFO | epoch=5/8 loss=nmae train_nmae=2.982391e-01 val_nmae=3.681627e-01 train_mae=1.815879e-02 val_mae=2.317361e-02 train_mse=4.496626e-03 val_mse=7.452127e-03 lr=1.181e-03 train_sps=1420.5
2026-07-22 15:44:37,593 | INFO | epoch=5/8 loss_ch_nmae train=3.545e-01 2.505e-01 2.568e-01 3.178e-01 3.116e-01 val=4.595e-01 3.085e-01 3.201e-01 3.760e-01 3.767e-01
2026-07-22 15:44:37,593 | INFO | epoch=5/8 mae_ch train=8.068e-02 2.306e-03 2.191e-03 2.914e-03 2.699e-03 val=1.046e-01 2.630e-03 2.497e-03 3.189e-03 2.983e-03 mse_ch train=2.225e-02 4.748e-05 4.474e-05 7.267e-05 6.336e-05 val=3.699e-02 5.787e-05 5.534e-05 8.351e-05 7.402e-05
2026-07-22 20:36:53,004 | INFO | Saved 10 diagnostic panel(s) under D:\Research\NO-2D-Metamaterials\MODELS\training_runs\NO_I3O5_BCF16_NMAE_HC128_LR2e-03_WD0e+00_SS1_G9e-01_ch0fft_260721\diagnostics\epoch_006
2026-07-22 20:36:55,499 | INFO | epoch=6/8 loss=nmae train_nmae=2.808771e-01 val_nmae=3.606585e-01 train_mae=1.641976e-02 val_mae=2.257827e-02 train_mse=3.866819e-03 val_mse=7.413357e-03 lr=1.063e-03 train_sps=1134.4
2026-07-22 20:36:55,499 | INFO | epoch=6/8 loss_ch_nmae train=3.183e-01 2.385e-01 2.438e-01 3.051e-01 2.987e-01 val=4.474e-01 3.011e-01 3.134e-01 3.706e-01 3.708e-01
2026-07-22 20:36:55,500 | INFO | epoch=6/8 mae_ch train=7.244e-02 2.196e-03 2.080e-03 2.798e-03 2.586e-03 val=1.018e-01 2.571e-03 2.436e-03 3.141e-03 2.932e-03 mse_ch train=1.912e-02 4.463e-05 4.191e-05 6.953e-05 6.040e-05 val=3.680e-02 5.699e-05 5.396e-05 8.266e-05 7.263e-05
2026-07-23 01:46:52,336 | INFO | Saved 10 diagnostic panel(s) under D:\Research\NO-2D-Metamaterials\MODELS\training_runs\NO_I3O5_BCF16_NMAE_HC128_LR2e-03_WD0e+00_SS1_G9e-01_ch0fft_260721\diagnostics\epoch_007
2026-07-23 01:46:54,762 | INFO | epoch=7/8 loss=nmae train_nmae=2.678440e-01 val_nmae=3.597957e-01 train_mae=1.519137e-02 val_mae=2.252313e-02 train_mse=3.449126e-03 val_mse=7.423460e-03 lr=9.566e-04 train_sps=1065.6
2026-07-23 01:46:54,763 | INFO | epoch=7/8 loss_ch_nmae train=2.928e-01 2.290e-01 2.338e-01 2.952e-01 2.885e-01 val=4.462e-01 2.933e-01 3.154e-01 3.733e-01 3.708e-01
2026-07-23 01:46:54,763 | INFO | epoch=7/8 mae_ch train=6.665e-02 2.108e-03 1.994e-03 2.707e-03 2.498e-03 val=1.015e-01 2.509e-03 2.456e-03 3.162e-03 2.939e-03 mse_ch train=1.704e-02 4.237e-05 3.970e-05 6.702e-05 5.803e-05 val=3.685e-02 5.669e-05 5.416e-05 8.270e-05 7.337e-05
2026-07-23 06:45:41,357 | INFO | Saved 10 diagnostic panel(s) under D:\Research\NO-2D-Metamaterials\MODELS\training_runs\NO_I3O5_BCF16_NMAE_HC128_LR2e-03_WD0e+00_SS1_G9e-01_ch0fft_260721\diagnostics\epoch_008
2026-07-23 06:45:43,344 | INFO | epoch=8/8 loss=nmae train_nmae=2.572557e-01 val_nmae=3.536274e-01 train_mae=1.425089e-02 val_mae=2.226147e-02 train_mse=3.146040e-03 val_mse=7.480264e-03 lr=8.609e-04 train_sps=1102.2
2026-07-23 06:45:43,344 | INFO | epoch=8/8 loss_ch_nmae train=2.735e-01 2.210e-01 2.254e-01 2.866e-01 2.797e-01 val=4.414e-01 2.932e-01 3.059e-01 3.627e-01 3.649e-01
2026-07-23 06:45:43,345 | INFO | epoch=8/8 mae_ch train=6.225e-02 2.035e-03 1.922e-03 2.628e-03 2.422e-03 val=1.005e-01 2.504e-03 2.384e-03 3.076e-03 2.889e-03 mse_ch train=1.553e-02 4.053e-05 3.789e-05 6.488e-05 5.605e-05 val=3.714e-02 5.609e-05 5.324e-05 8.154e-05 7.196e-05
2026-07-23 06:45:43,802 | INFO | Run complete | run_name=NO_I3O5_BCF16_NMAE_HC128_LR2e-03_WD0e+00_SS1_G9e-01_ch0fft_260721 run_id=NO_I3O5_BCF16_NMAE_HC128_LR2e-03_WD0e+00_SS1_G9e-01_ch0fft_260721 best_val_loss=3.536274e-01
2026-07-23 06:45:43,804 | INFO | Artifacts saved to: D:\Research\NO-2D-Metamaterials\MODELS\training_runs\NO_I3O5_BCF16_NMAE_HC128_LR2e-03_WD0e+00_SS1_G9e-01_ch0fft_260721
