2026-07-21 15:13:39,734 | INFO | Perf backends | tf32=False cudnn_benchmark=False matmul_precision=highest amp=none
2026-07-21 15:13:51,240 | INFO | NMAE epsilon=1.000000e-05
2026-07-21 15:13:51,242 | INFO | Loss logging: active=nmae; every epoch records train/val nmae, MAE, and MSE
2026-07-21 15:13:51,753 | INFO | Run started | run_name=NO_I3O5_BCF16_NMAE_HC128_LR2e-03_WD0e+00_SS1_G9e-01_ch0fft_260721 run_id=NO_I3O5_BCF16_NMAE_HC128_LR2e-03_WD0e+00_SS1_G9e-01_ch0fft_260721 device=cuda train_samples=18720000 test_samples=3900000 val_index_source=indices_full epoch_range=1..4
2026-07-21 15:13:51,754 | INFO | Fault diagnostics | main_fault_log=D:\Research\NO-2D-Metamaterials\MODELS\training_runs\NO_I3O5_BCF16_NMAE_HC128_LR2e-03_WD0e+00_SS1_G9e-01_ch0fft_260721\main_process_fault.log
E1/4 B100/36000 batch_loss=1.0124e+00
E1/4 B200/36000 batch_loss=1.0167e+00
E1/4 B300/36000 batch_loss=9.8593e-01
E1/4 B400/36000 batch_loss=9.5753e-01
E1/4 B500/36000 batch_loss=9.1304e-01
E1/4 B600/36000 batch_loss=8.9107e-01
E1/4 B700/36000 batch_loss=8.9571e-01
E1/4 B800/36000 batch_loss=8.4927e-01
E1/4 B900/36000 batch_loss=8.4378e-01
E1/4 B1000/36000 batch_loss=8.2330e-01
E1/4 B1100/36000 batch_loss=7.9104e-01
E1/4 B1200/36000 batch_loss=7.5360e-01
E1/4 B1300/36000 batch_loss=7.4507e-01
E1/4 B1400/36000 batch_loss=7.1235e-01
E1/4 B1500/36000 batch_loss=7.1406e-01
E1/4 B1600/36000 batch_loss=7.6707e-01
E1/4 B1700/36000 batch_loss=6.8066e-01
E1/4 B1800/36000 batch_loss=7.4552e-01
E1/4 B1900/36000 batch_loss=7.5401e-01
E1/4 B2000/36000 batch_loss=6.6074e-01
E1/4 B2100/36000 batch_loss=7.1081e-01
E1/4 B2200/36000 batch_loss=6.6610e-01
E1/4 B2300/36000 batch_loss=6.0910e-01
E1/4 B2400/36000 batch_loss=6.1331e-01
E1/4 B2500/36000 batch_loss=6.0508e-01
E1/4 B2600/36000 batch_loss=6.7742e-01
E1/4 B2700/36000 batch_loss=6.5797e-01
E1/4 B2800/36000 batch_loss=5.9884e-01
E1/4 B2900/36000 batch_loss=6.9752e-01
E1/4 B3000/36000 batch_loss=6.5292e-01
E1/4 B3100/36000 batch_loss=6.7865e-01
E1/4 B3200/36000 batch_loss=5.6108e-01
E1/4 B3300/36000 batch_loss=5.8463e-01
E1/4 B3400/36000 batch_loss=5.4674e-01
E1/4 B3500/36000 batch_loss=6.6465e-01
E1/4 B3600/36000 batch_loss=6.4413e-01
E1/4 B3700/36000 batch_loss=6.6001e-01
E1/4 B3800/36000 batch_loss=6.4458e-01
E1/4 B3900/36000 batch_loss=5.4656e-01
E1/4 B4000/36000 batch_loss=5.4378e-01
E1/4 B4100/36000 batch_loss=5.2241e-01
E1/4 B4200/36000 batch_loss=5.3671e-01
E1/4 B4300/36000 batch_loss=6.5706e-01
E1/4 B4400/36000 batch_loss=5.2769e-01
E1/4 B4500/36000 batch_loss=5.4451e-01
E1/4 B4600/36000 batch_loss=5.1310e-01
E1/4 B4700/36000 batch_loss=6.2190e-01
E1/4 B4800/36000 batch_loss=6.2375e-01
E1/4 B4900/36000 batch_loss=6.0188e-01
E1/4 B5000/36000 batch_loss=6.1300e-01
E1/4 B5100/36000 batch_loss=5.2473e-01
E1/4 B5200/36000 batch_loss=6.1182e-01
E1/4 B5300/36000 batch_loss=5.0648e-01
E1/4 B5400/36000 batch_loss=4.9742e-01
E1/4 B5500/36000 batch_loss=6.0240e-01
E1/4 B5600/36000 batch_loss=6.1652e-01
E1/4 B5700/36000 batch_loss=6.0028e-01
E1/4 B5800/36000 batch_loss=5.8841e-01
E1/4 B5900/36000 batch_loss=5.0917e-01
E1/4 B6000/36000 batch_loss=4.9167e-01
E1/4 B6100/36000 batch_loss=4.8197e-01
E1/4 B6200/36000 batch_loss=4.7188e-01
E1/4 B6300/36000 batch_loss=6.0055e-01
E1/4 B6400/36000 batch_loss=4.7763e-01
E1/4 B6500/36000 batch_loss=4.8805e-01
E1/4 B6600/36000 batch_loss=4.9515e-01
E1/4 B6700/36000 batch_loss=4.8176e-01
E1/4 B6800/36000 batch_loss=4.7928e-01
E1/4 B6900/36000 batch_loss=5.5031e-01
E1/4 B7000/36000 batch_loss=4.8697e-01
E1/4 B7100/36000 batch_loss=5.6349e-01
E1/4 B7200/36000 batch_loss=5.8240e-01
E1/4 B7300/36000 batch_loss=4.9220e-01
E1/4 B7400/36000 batch_loss=5.8848e-01
E1/4 B7500/36000 batch_loss=5.6766e-01
E1/4 B7600/36000 batch_loss=4.8356e-01
E1/4 B7700/36000 batch_loss=5.7270e-01
E1/4 B7800/36000 batch_loss=5.5943e-01
E1/4 B7900/36000 batch_loss=4.5736e-01
E1/4 B8000/36000 batch_loss=4.3745e-01
E1/4 B8100/36000 batch_loss=4.6154e-01
E1/4 B8200/36000 batch_loss=5.7821e-01
E1/4 B8300/36000 batch_loss=4.7212e-01
E1/4 B8400/36000 batch_loss=4.7370e-01
E1/4 B8500/36000 batch_loss=4.4319e-01
E1/4 B8600/36000 batch_loss=5.6675e-01
E1/4 B8700/36000 batch_loss=5.3657e-01
E1/4 B8800/36000 batch_loss=5.2739e-01
E1/4 B8900/36000 batch_loss=4.4707e-01
E1/4 B9000/36000 batch_loss=5.3440e-01
E1/4 B9100/36000 batch_loss=5.4421e-01
E1/4 B9200/36000 batch_loss=5.5130e-01
E1/4 B9300/36000 batch_loss=5.4003e-01
E1/4 B9400/36000 batch_loss=5.6781e-01
E1/4 B9500/36000 batch_loss=4.1263e-01
E1/4 B9600/36000 batch_loss=5.8176e-01
E1/4 B9700/36000 batch_loss=4.5766e-01
E1/4 B9800/36000 batch_loss=5.4065e-01
E1/4 B9900/36000 batch_loss=5.3970e-01
E1/4 B10000/36000 batch_loss=5.6722e-01
E1/4 B10100/36000 batch_loss=4.5048e-01
E1/4 B10200/36000 batch_loss=5.5272e-01
E1/4 B10300/36000 batch_loss=5.4569e-01
E1/4 B10400/36000 batch_loss=5.0834e-01
E1/4 B10500/36000 batch_loss=5.2697e-01
E1/4 B10600/36000 batch_loss=4.2847e-01
E1/4 B10700/36000 batch_loss=5.6129e-01
E1/4 B10800/36000 batch_loss=5.6402e-01
E1/4 B10900/36000 batch_loss=5.7569e-01
E1/4 B11000/36000 batch_loss=4.2432e-01
E1/4 B11100/36000 batch_loss=4.1518e-01
E1/4 B11200/36000 batch_loss=4.1586e-01
E1/4 B11300/36000 batch_loss=4.3289e-01
E1/4 B11400/36000 batch_loss=5.1745e-01
E1/4 B11500/36000 batch_loss=4.2433e-01
E1/4 B11600/36000 batch_loss=3.9652e-01
E1/4 B11700/36000 batch_loss=4.2716e-01
E1/4 B11800/36000 batch_loss=5.3317e-01
E1/4 B11900/36000 batch_loss=5.4044e-01
E1/4 B12000/36000 batch_loss=4.6366e-01
E1/4 B12100/36000 batch_loss=4.0564e-01
E1/4 B12200/36000 batch_loss=4.0696e-01
E1/4 B12300/36000 batch_loss=5.3384e-01
E1/4 B12400/36000 batch_loss=5.3721e-01
E1/4 B12500/36000 batch_loss=5.1754e-01
E1/4 B12600/36000 batch_loss=5.2461e-01
E1/4 B12700/36000 batch_loss=4.2223e-01
E1/4 B12800/36000 batch_loss=3.8174e-01
E1/4 B12900/36000 batch_loss=5.1546e-01
E1/4 B13000/36000 batch_loss=4.0361e-01
E1/4 B13100/36000 batch_loss=5.2369e-01
E1/4 B13200/36000 batch_loss=4.3558e-01
E1/4 B13300/36000 batch_loss=5.0705e-01
E1/4 B13400/36000 batch_loss=4.0363e-01
E1/4 B13500/36000 batch_loss=4.2167e-01
E1/4 B13600/36000 batch_loss=5.2142e-01
E1/4 B13700/36000 batch_loss=5.3431e-01
E1/4 B13800/36000 batch_loss=5.1797e-01
E1/4 B13900/36000 batch_loss=5.4842e-01
E1/4 B14000/36000 batch_loss=3.8415e-01
E1/4 B14100/36000 batch_loss=3.9776e-01
E1/4 B14200/36000 batch_loss=4.1805e-01
E1/4 B14300/36000 batch_loss=4.0364e-01
E1/4 B14400/36000 batch_loss=3.8554e-01
E1/4 B14500/36000 batch_loss=4.9150e-01
E1/4 B14600/36000 batch_loss=5.1928e-01
E1/4 B14700/36000 batch_loss=4.1100e-01
E1/4 B14800/36000 batch_loss=4.1012e-01
E1/4 B14900/36000 batch_loss=3.8832e-01
E1/4 B15000/36000 batch_loss=4.0062e-01
E1/4 B15100/36000 batch_loss=3.8573e-01
E1/4 B15200/36000 batch_loss=5.0584e-01
E1/4 B15300/36000 batch_loss=3.9646e-01
E1/4 B15400/36000 batch_loss=5.2700e-01
E1/4 B15500/36000 batch_loss=5.3012e-01
E1/4 B15600/36000 batch_loss=5.2730e-01
E1/4 B15700/36000 batch_loss=5.0500e-01
E1/4 B15800/36000 batch_loss=5.1428e-01
E1/4 B15900/36000 batch_loss=5.1002e-01
E1/4 B16000/36000 batch_loss=3.8656e-01
E1/4 B16100/36000 batch_loss=3.9072e-01
E1/4 B16200/36000 batch_loss=5.0635e-01
E1/4 B16300/36000 batch_loss=3.8569e-01
E1/4 B16400/36000 batch_loss=5.2430e-01
E1/4 B16500/36000 batch_loss=4.9292e-01
E1/4 B16600/36000 batch_loss=5.2073e-01
E1/4 B16700/36000 batch_loss=5.1916e-01
E1/4 B16800/36000 batch_loss=4.9460e-01
E1/4 B16900/36000 batch_loss=3.8574e-01
E1/4 B17000/36000 batch_loss=5.0836e-01
E1/4 B17100/36000 batch_loss=4.0744e-01
E1/4 B17200/36000 batch_loss=5.0002e-01
E1/4 B17300/36000 batch_loss=5.1497e-01
E1/4 B17400/36000 batch_loss=5.0069e-01
E1/4 B17500/36000 batch_loss=5.2638e-01
E1/4 B17600/36000 batch_loss=4.1345e-01
E1/4 B17700/36000 batch_loss=3.6390e-01
E1/4 B17800/36000 batch_loss=5.3025e-01
E1/4 B17900/36000 batch_loss=3.7586e-01
E1/4 B18000/36000 batch_loss=3.7765e-01
E1/4 B18100/36000 batch_loss=3.7413e-01
E1/4 B18200/36000 batch_loss=5.1661e-01
E1/4 B18300/36000 batch_loss=5.0962e-01
E1/4 B18400/36000 batch_loss=3.4950e-01
E1/4 B18500/36000 batch_loss=4.2544e-01
E1/4 B18600/36000 batch_loss=5.1618e-01
E1/4 B18700/36000 batch_loss=3.6018e-01
E1/4 B18800/36000 batch_loss=4.9567e-01
E1/4 B18900/36000 batch_loss=3.5932e-01
E1/4 B19000/36000 batch_loss=5.0137e-01
E1/4 B19100/36000 batch_loss=3.3501e-01
E1/4 B19200/36000 batch_loss=3.6758e-01
E1/4 B19300/36000 batch_loss=3.7047e-01
E1/4 B19400/36000 batch_loss=5.0253e-01
E1/4 B19500/36000 batch_loss=5.0905e-01
E1/4 B19600/36000 batch_loss=3.7557e-01
E1/4 B19700/36000 batch_loss=5.2383e-01
E1/4 B19800/36000 batch_loss=3.5953e-01
E1/4 B19900/36000 batch_loss=5.1467e-01
E1/4 B20000/36000 batch_loss=5.0866e-01
E1/4 B20100/36000 batch_loss=5.2112e-01
E1/4 B20200/36000 batch_loss=3.8252e-01
E1/4 B20300/36000 batch_loss=4.8609e-01
E1/4 B20400/36000 batch_loss=5.0985e-01
E1/4 B20500/36000 batch_loss=4.9129e-01
E1/4 B20600/36000 batch_loss=4.6624e-01
E1/4 B20700/36000 batch_loss=4.8676e-01
E1/4 B20800/36000 batch_loss=3.6160e-01
E1/4 B20900/36000 batch_loss=4.8476e-01
E1/4 B21000/36000 batch_loss=3.5405e-01
E1/4 B21100/36000 batch_loss=5.0655e-01
E1/4 B21200/36000 batch_loss=4.5695e-01
E1/4 B21300/36000 batch_loss=4.8648e-01
E1/4 B21400/36000 batch_loss=3.9490e-01
E1/4 B21500/36000 batch_loss=4.6878e-01
E1/4 B21600/36000 batch_loss=4.0321e-01
E1/4 B21700/36000 batch_loss=3.6686e-01
E1/4 B21800/36000 batch_loss=5.0924e-01
E1/4 B21900/36000 batch_loss=5.0369e-01
E1/4 B22000/36000 batch_loss=4.7687e-01
E1/4 B22100/36000 batch_loss=3.5352e-01
E1/4 B22200/36000 batch_loss=5.0037e-01
E1/4 B22300/36000 batch_loss=5.2132e-01
E1/4 B22400/36000 batch_loss=4.9381e-01
E1/4 B22500/36000 batch_loss=3.4645e-01
E1/4 B22600/36000 batch_loss=5.2640e-01
E1/4 B22700/36000 batch_loss=4.6941e-01
E1/4 B22800/36000 batch_loss=4.7620e-01
E1/4 B22900/36000 batch_loss=3.7549e-01
E1/4 B23000/36000 batch_loss=4.5675e-01
E1/4 B23100/36000 batch_loss=4.8044e-01
E1/4 B23200/36000 batch_loss=2.9716e-01
E1/4 B23300/36000 batch_loss=3.5405e-01
E1/4 B23400/36000 batch_loss=3.6160e-01
E1/4 B23500/36000 batch_loss=3.5805e-01
E1/4 B23600/36000 batch_loss=3.3562e-01
E1/4 B23700/36000 batch_loss=3.7263e-01
E1/4 B23800/36000 batch_loss=3.4638e-01
E1/4 B23900/36000 batch_loss=4.8472e-01
E1/4 B24000/36000 batch_loss=4.9290e-01
E1/4 B24100/36000 batch_loss=4.5759e-01
E1/4 B24200/36000 batch_loss=3.4088e-01
E1/4 B24300/36000 batch_loss=3.3981e-01
E1/4 B24400/36000 batch_loss=3.2426e-01
E1/4 B24500/36000 batch_loss=3.8895e-01
E1/4 B24600/36000 batch_loss=3.5036e-01
E1/4 B24700/36000 batch_loss=3.5270e-01
E1/4 B24800/36000 batch_loss=3.5581e-01
E1/4 B24900/36000 batch_loss=3.6148e-01
E1/4 B25000/36000 batch_loss=4.7141e-01
E1/4 B25100/36000 batch_loss=3.4605e-01
E1/4 B25200/36000 batch_loss=4.9422e-01
E1/4 B25300/36000 batch_loss=4.7171e-01
E1/4 B25400/36000 batch_loss=4.5799e-01
E1/4 B25500/36000 batch_loss=3.4150e-01
E1/4 B25600/36000 batch_loss=3.4997e-01
E1/4 B25700/36000 batch_loss=3.5703e-01
E1/4 B25800/36000 batch_loss=3.5364e-01
E1/4 B25900/36000 batch_loss=3.3898e-01
E1/4 B26000/36000 batch_loss=4.9198e-01
E1/4 B26100/36000 batch_loss=4.5948e-01
E1/4 B26200/36000 batch_loss=3.7023e-01
E1/4 B26300/36000 batch_loss=3.3383e-01
E1/4 B26400/36000 batch_loss=4.7204e-01
E1/4 B26500/36000 batch_loss=3.2242e-01
E1/4 B26600/36000 batch_loss=4.6003e-01
E1/4 B26700/36000 batch_loss=3.8170e-01
E1/4 B26800/36000 batch_loss=3.1665e-01
E1/4 B26900/36000 batch_loss=3.4890e-01
E1/4 B27000/36000 batch_loss=4.9456e-01
E1/4 B27100/36000 batch_loss=5.0486e-01
E1/4 B27200/36000 batch_loss=4.8423e-01
E1/4 B27300/36000 batch_loss=4.7965e-01
E1/4 B27400/36000 batch_loss=3.4522e-01
E1/4 B27500/36000 batch_loss=3.3516e-01
E1/4 B27600/36000 batch_loss=3.5497e-01
E1/4 B27700/36000 batch_loss=4.7298e-01
E1/4 B27800/36000 batch_loss=3.1606e-01
E1/4 B27900/36000 batch_loss=4.8919e-01
E1/4 B28000/36000 batch_loss=3.2723e-01
E1/4 B28100/36000 batch_loss=3.2969e-01
E1/4 B28200/36000 batch_loss=3.8364e-01
E1/4 B28300/36000 batch_loss=3.5270e-01
E1/4 B28400/36000 batch_loss=4.5896e-01
E1/4 B28500/36000 batch_loss=3.2830e-01
E1/4 B28600/36000 batch_loss=3.2858e-01
E1/4 B28700/36000 batch_loss=4.7642e-01
E1/4 B28800/36000 batch_loss=4.8038e-01
E1/4 B28900/36000 batch_loss=3.4719e-01
E1/4 B29000/36000 batch_loss=3.3111e-01
E1/4 B29100/36000 batch_loss=3.3372e-01
E1/4 B29200/36000 batch_loss=3.4758e-01
E1/4 B29300/36000 batch_loss=3.7494e-01
E1/4 B29400/36000 batch_loss=3.3042e-01
E1/4 B29500/36000 batch_loss=2.9460e-01
E1/4 B29600/36000 batch_loss=3.4027e-01
E1/4 B29700/36000 batch_loss=3.1953e-01
E1/4 B29800/36000 batch_loss=4.6752e-01
E1/4 B29900/36000 batch_loss=4.8296e-01
E1/4 B30000/36000 batch_loss=4.7149e-01
E1/4 B30100/36000 batch_loss=4.4233e-01
E1/4 B30200/36000 batch_loss=5.0850e-01
E1/4 B30300/36000 batch_loss=3.6418e-01
E1/4 B30400/36000 batch_loss=3.1717e-01
E1/4 B30500/36000 batch_loss=4.7038e-01
E1/4 B30600/36000 batch_loss=3.1574e-01
E1/4 B30700/36000 batch_loss=4.8279e-01
E1/4 B30800/36000 batch_loss=4.7677e-01
E1/4 B30900/36000 batch_loss=4.7494e-01
E1/4 B31000/36000 batch_loss=3.1232e-01
E1/4 B31100/36000 batch_loss=4.7387e-01
E1/4 B31200/36000 batch_loss=3.2943e-01
E1/4 B31300/36000 batch_loss=4.8091e-01
E1/4 B31400/36000 batch_loss=1.0256e+00
E1/4 B31500/36000 batch_loss=1.0089e+00
E1/4 B31600/36000 batch_loss=9.9918e-01
E1/4 B31700/36000 batch_loss=9.9890e-01
E1/4 B31800/36000 batch_loss=9.9676e-01
E1/4 B31900/36000 batch_loss=9.9113e-01
E1/4 B32000/36000 batch_loss=9.7528e-01
E1/4 B32100/36000 batch_loss=9.6004e-01
E1/4 B32200/36000 batch_loss=9.3706e-01
E1/4 B32300/36000 batch_loss=9.0627e-01
E1/4 B32400/36000 batch_loss=9.3218e-01
E1/4 B32500/36000 batch_loss=8.9318e-01
E1/4 B32600/36000 batch_loss=9.0771e-01
E1/4 B32700/36000 batch_loss=8.4863e-01
E1/4 B32800/36000 batch_loss=8.3022e-01
E1/4 B32900/36000 batch_loss=8.1512e-01
E1/4 B33000/36000 batch_loss=8.0255e-01
E1/4 B33100/36000 batch_loss=8.2866e-01
E1/4 B33200/36000 batch_loss=8.1119e-01
E1/4 B33300/36000 batch_loss=7.2803e-01
E1/4 B33400/36000 batch_loss=7.7763e-01
E1/4 B33500/36000 batch_loss=7.0399e-01
E1/4 B33600/36000 batch_loss=7.3972e-01
E1/4 B33700/36000 batch_loss=6.7832e-01
E1/4 B33800/36000 batch_loss=7.4103e-01
E1/4 B33900/36000 batch_loss=6.3069e-01
E1/4 B34000/36000 batch_loss=6.8190e-01
E1/4 B34100/36000 batch_loss=6.1126e-01
E1/4 B34200/36000 batch_loss=6.4956e-01
E1/4 B34300/36000 batch_loss=6.1816e-01
E1/4 B34400/36000 batch_loss=6.3488e-01
E1/4 B34500/36000 batch_loss=6.1599e-01
E1/4 B34600/36000 batch_loss=6.3298e-01
E1/4 B34700/36000 batch_loss=6.2235e-01
E1/4 B34800/36000 batch_loss=6.1873e-01
E1/4 B34900/36000 batch_loss=6.8482e-01
E1/4 B35000/36000 batch_loss=7.0217e-01
E1/4 B35100/36000 batch_loss=7.0148e-01
E1/4 B35200/36000 batch_loss=6.6844e-01
E1/4 B35300/36000 batch_loss=6.8229e-01
E1/4 B35400/36000 batch_loss=6.7667e-01
E1/4 B35500/36000 batch_loss=6.0412e-01
E1/4 B35600/36000 batch_loss=5.6383e-01
E1/4 B35700/36000 batch_loss=6.4663e-01
E1/4 B35800/36000 batch_loss=5.5043e-01
E1/4 B35900/36000 batch_loss=6.4177e-01
E1/4 B36000/36000 batch_loss=5.3941e-01
2026-07-21 19:43:30,201 | INFO | Saved 10 diagnostic panel(s) under D:\Research\NO-2D-Metamaterials\MODELS\training_runs\NO_I3O5_BCF16_NMAE_HC128_LR2e-03_WD0e+00_SS1_G9e-01_ch0fft_260721\diagnostics\epoch_001
epoch=1/4 loss=nmae train_nmae=5.295413e-01 val_nmae=6.375302e-01 train_mae=3.669711e-02 val_mae=4.555494e-02 train_mse=1.257746e-02 val_mse=1.720015e-02 lr=1.800e-03 train_sps=1224.1
2026-07-21 19:43:32,429 | INFO | epoch=1/4 loss=nmae train_nmae=5.295413e-01 val_nmae=6.375302e-01 train_mae=3.669711e-02 val_mae=4.555494e-02 train_mse=1.257746e-02 val_mse=1.720015e-02 lr=1.800e-03 train_sps=1224.1
2026-07-21 19:43:32,429 | INFO | epoch=1/4 loss_ch_nmae train=7.312e-01 4.371e-01 4.545e-01 5.121e-01 5.128e-01 val=9.192e-01 5.199e-01 5.480e-01 5.992e-01 6.014e-01
2026-07-21 19:43:32,429 | INFO | epoch=1/4 mae_ch train=1.664e-01 4.029e-03 3.887e-03 4.700e-03 4.448e-03 val=2.092e-01 4.406e-03 4.271e-03 5.098e-03 4.790e-03 mse_ch train=6.245e-02 9.986e-05 9.403e-05 1.278e-04 1.143e-04 val=8.552e-02 1.127e-04 1.049e-04 1.377e-04 1.238e-04
Epoch 1/4 done | loss=nmae train=5.2954e-01 val=6.3753e-01 mae=4.5555e-02 mse=1.7200e-02 lr=1.80e-03
E2/4 B100/36000 batch_loss=5.5565e-01
E2/4 B200/36000 batch_loss=6.5987e-01
E2/4 B300/36000 batch_loss=5.4577e-01
E2/4 B400/36000 batch_loss=6.3475e-01
E2/4 B500/36000 batch_loss=5.4033e-01
E2/4 B600/36000 batch_loss=5.4497e-01
E2/4 B700/36000 batch_loss=5.4748e-01
E2/4 B800/36000 batch_loss=5.4480e-01
E2/4 B900/36000 batch_loss=6.2453e-01
E2/4 B1000/36000 batch_loss=5.3956e-01
E2/4 B1100/36000 batch_loss=5.1449e-01
E2/4 B1200/36000 batch_loss=5.4111e-01
E2/4 B1300/36000 batch_loss=6.1162e-01
E2/4 B1400/36000 batch_loss=5.1520e-01
E2/4 B1500/36000 batch_loss=6.2127e-01
E2/4 B1600/36000 batch_loss=6.1639e-01
E2/4 B1700/36000 batch_loss=4.8625e-01
E2/4 B1800/36000 batch_loss=4.9910e-01
E2/4 B1900/36000 batch_loss=4.9547e-01
E2/4 B2000/36000 batch_loss=5.8372e-01
E2/4 B2100/36000 batch_loss=6.2935e-01
E2/4 B2200/36000 batch_loss=5.7913e-01
E2/4 B2300/36000 batch_loss=6.2998e-01
E2/4 B2400/36000 batch_loss=6.0898e-01
E2/4 B2500/36000 batch_loss=4.8754e-01
E2/4 B2600/36000 batch_loss=6.0533e-01
E2/4 B2700/36000 batch_loss=4.8436e-01
E2/4 B2800/36000 batch_loss=4.8566e-01
E2/4 B2900/36000 batch_loss=5.1038e-01
E2/4 B3000/36000 batch_loss=5.8635e-01
E2/4 B3100/36000 batch_loss=5.8973e-01
E2/4 B3200/36000 batch_loss=4.9280e-01
E2/4 B3300/36000 batch_loss=5.0271e-01
E2/4 B3400/36000 batch_loss=5.7558e-01
E2/4 B3500/36000 batch_loss=4.7145e-01
E2/4 B3600/36000 batch_loss=4.8210e-01
E2/4 B3700/36000 batch_loss=5.7719e-01
E2/4 B3800/36000 batch_loss=5.6577e-01
E2/4 B3900/36000 batch_loss=6.0829e-01
E2/4 B4000/36000 batch_loss=4.8772e-01
E2/4 B4100/36000 batch_loss=4.6160e-01
E2/4 B4200/36000 batch_loss=4.6740e-01
E2/4 B4300/36000 batch_loss=4.8573e-01
E2/4 B4400/36000 batch_loss=5.8161e-01
E2/4 B4500/36000 batch_loss=5.0155e-01
E2/4 B4600/36000 batch_loss=5.7740e-01
E2/4 B4700/36000 batch_loss=5.6694e-01
E2/4 B4800/36000 batch_loss=5.7434e-01
E2/4 B4900/36000 batch_loss=4.7570e-01
E2/4 B5000/36000 batch_loss=5.6154e-01
E2/4 B5100/36000 batch_loss=5.6133e-01
E2/4 B5200/36000 batch_loss=5.8279e-01
E2/4 B5300/36000 batch_loss=5.6094e-01
E2/4 B5400/36000 batch_loss=4.6367e-01
E2/4 B5500/36000 batch_loss=5.8631e-01
E2/4 B5600/36000 batch_loss=4.7621e-01
E2/4 B5700/36000 batch_loss=5.8479e-01
E2/4 B5800/36000 batch_loss=4.7448e-01
E2/4 B5900/36000 batch_loss=4.8934e-01
E2/4 B6000/36000 batch_loss=5.6658e-01
E2/4 B6100/36000 batch_loss=5.8899e-01
E2/4 B6200/36000 batch_loss=5.7919e-01
E2/4 B6300/36000 batch_loss=5.6737e-01
E2/4 B6400/36000 batch_loss=4.4995e-01
E2/4 B6500/36000 batch_loss=5.7378e-01
E2/4 B6600/36000 batch_loss=5.6993e-01
E2/4 B6700/36000 batch_loss=4.5576e-01
E2/4 B6800/36000 batch_loss=4.6180e-01
E2/4 B6900/36000 batch_loss=4.4075e-01
E2/4 B7000/36000 batch_loss=4.5890e-01
E2/4 B7100/36000 batch_loss=4.6971e-01
E2/4 B7200/36000 batch_loss=4.4433e-01
E2/4 B7300/36000 batch_loss=5.6357e-01
E2/4 B7400/36000 batch_loss=4.6570e-01
E2/4 B7500/36000 batch_loss=4.6011e-01
E2/4 B7600/36000 batch_loss=4.5459e-01
E2/4 B7700/36000 batch_loss=5.5711e-01
E2/4 B7800/36000 batch_loss=5.5838e-01
E2/4 B7900/36000 batch_loss=5.6229e-01
E2/4 B8000/36000 batch_loss=4.2223e-01
E2/4 B8100/36000 batch_loss=4.7732e-01
E2/4 B8200/36000 batch_loss=5.3394e-01
E2/4 B8300/36000 batch_loss=4.4875e-01
E2/4 B8400/36000 batch_loss=4.6176e-01
E2/4 B8500/36000 batch_loss=4.5838e-01
E2/4 B8600/36000 batch_loss=4.4136e-01
E2/4 B8700/36000 batch_loss=4.4705e-01
E2/4 B8800/36000 batch_loss=5.5057e-01
E2/4 B8900/36000 batch_loss=4.5038e-01
E2/4 B9000/36000 batch_loss=4.3554e-01
E2/4 B9100/36000 batch_loss=4.4647e-01
E2/4 B9200/36000 batch_loss=5.6767e-01
E2/4 B9300/36000 batch_loss=4.2831e-01
E2/4 B9400/36000 batch_loss=5.0847e-01
E2/4 B9500/36000 batch_loss=4.3186e-01
E2/4 B9600/36000 batch_loss=5.5788e-01
E2/4 B9700/36000 batch_loss=5.3020e-01
E2/4 B9800/36000 batch_loss=5.4315e-01
E2/4 B9900/36000 batch_loss=4.1056e-01
E2/4 B10000/36000 batch_loss=4.5006e-01
E2/4 B10100/36000 batch_loss=5.8373e-01
E2/4 B10200/36000 batch_loss=4.4571e-01
E2/4 B10300/36000 batch_loss=4.2056e-01
E2/4 B10400/36000 batch_loss=4.5666e-01
E2/4 B10500/36000 batch_loss=4.1747e-01
E2/4 B10600/36000 batch_loss=5.4158e-01
E2/4 B10700/36000 batch_loss=5.4273e-01
E2/4 B10800/36000 batch_loss=5.4345e-01
E2/4 B10900/36000 batch_loss=5.5295e-01
E2/4 B11000/36000 batch_loss=5.5091e-01
E2/4 B11100/36000 batch_loss=5.3982e-01
E2/4 B11200/36000 batch_loss=5.4684e-01
E2/4 B11300/36000 batch_loss=5.5107e-01
E2/4 B11400/36000 batch_loss=4.4481e-01
E2/4 B11500/36000 batch_loss=4.2563e-01
E2/4 B11600/36000 batch_loss=4.2298e-01
E2/4 B11700/36000 batch_loss=4.2112e-01
E2/4 B11800/36000 batch_loss=4.3359e-01
E2/4 B11900/36000 batch_loss=4.2974e-01
E2/4 B12000/36000 batch_loss=5.3367e-01
E2/4 B12100/36000 batch_loss=5.2240e-01
E2/4 B12200/36000 batch_loss=4.0026e-01
E2/4 B12300/36000 batch_loss=4.1493e-01
E2/4 B12400/36000 batch_loss=4.2165e-01
E2/4 B12500/36000 batch_loss=4.2483e-01
E2/4 B12600/36000 batch_loss=4.0962e-01
E2/4 B12700/36000 batch_loss=5.5123e-01
E2/4 B12800/36000 batch_loss=4.3016e-01
E2/4 B12900/36000 batch_loss=5.5638e-01
E2/4 B13000/36000 batch_loss=5.6572e-01
E2/4 B13100/36000 batch_loss=5.2243e-01
E2/4 B13200/36000 batch_loss=4.0420e-01
E2/4 B13300/36000 batch_loss=4.2068e-01
E2/4 B13400/36000 batch_loss=3.9586e-01
E2/4 B13500/36000 batch_loss=5.2328e-01
E2/4 B13600/36000 batch_loss=4.0261e-01
E2/4 B13700/36000 batch_loss=4.2873e-01
E2/4 B13800/36000 batch_loss=4.1284e-01
E2/4 B13900/36000 batch_loss=5.4636e-01
E2/4 B14000/36000 batch_loss=5.1385e-01
E2/4 B14100/36000 batch_loss=5.2967e-01
E2/4 B14200/36000 batch_loss=5.2305e-01
E2/4 B14300/36000 batch_loss=4.1924e-01
E2/4 B14400/36000 batch_loss=3.9278e-01
E2/4 B14500/36000 batch_loss=4.0477e-01
E2/4 B14600/36000 batch_loss=5.5274e-01
E2/4 B14700/36000 batch_loss=5.2675e-01
E2/4 B14800/36000 batch_loss=5.0464e-01
E2/4 B14900/36000 batch_loss=5.3069e-01
E2/4 B15000/36000 batch_loss=5.1050e-01
E2/4 B15100/36000 batch_loss=3.8283e-01
E2/4 B15200/36000 batch_loss=4.1287e-01
E2/4 B15300/36000 batch_loss=3.9607e-01
E2/4 B15400/36000 batch_loss=5.6390e-01
E2/4 B15500/36000 batch_loss=3.9460e-01
E2/4 B15600/36000 batch_loss=3.9464e-01
E2/4 B15700/36000 batch_loss=4.2240e-01
E2/4 B15800/36000 batch_loss=4.0627e-01
E2/4 B15900/36000 batch_loss=3.7766e-01
E2/4 B16000/36000 batch_loss=3.9876e-01
E2/4 B16100/36000 batch_loss=5.2071e-01
E2/4 B16200/36000 batch_loss=4.9367e-01
E2/4 B16300/36000 batch_loss=5.0212e-01
E2/4 B16400/36000 batch_loss=5.1836e-01
E2/4 B16500/36000 batch_loss=5.2158e-01
E2/4 B16600/36000 batch_loss=5.4408e-01
E2/4 B16700/36000 batch_loss=4.8371e-01
E2/4 B16800/36000 batch_loss=3.7708e-01
E2/4 B16900/36000 batch_loss=3.7987e-01
E2/4 B17000/36000 batch_loss=3.9040e-01
E2/4 B17100/36000 batch_loss=5.2235e-01
E2/4 B17200/36000 batch_loss=3.9415e-01
E2/4 B17300/36000 batch_loss=3.6046e-01
E2/4 B17400/36000 batch_loss=4.0095e-01
E2/4 B17500/36000 batch_loss=5.1084e-01
E2/4 B17600/36000 batch_loss=5.0478e-01
E2/4 B17700/36000 batch_loss=4.8888e-01
E2/4 B17800/36000 batch_loss=5.1066e-01
E2/4 B17900/36000 batch_loss=5.4341e-01
E2/4 B18000/36000 batch_loss=5.4522e-01
E2/4 B18100/36000 batch_loss=5.1577e-01
E2/4 B18200/36000 batch_loss=5.1961e-01
E2/4 B18300/36000 batch_loss=5.2599e-01
E2/4 B18400/36000 batch_loss=3.8466e-01
E2/4 B18500/36000 batch_loss=5.0481e-01
E2/4 B18600/36000 batch_loss=3.6693e-01
E2/4 B18700/36000 batch_loss=5.4010e-01
E2/4 B18800/36000 batch_loss=3.6797e-01
E2/4 B18900/36000 batch_loss=5.1077e-01
E2/4 B19000/36000 batch_loss=4.9607e-01
E2/4 B19100/36000 batch_loss=4.9942e-01
E2/4 B19200/36000 batch_loss=5.0751e-01
E2/4 B19300/36000 batch_loss=5.2533e-01
E2/4 B19400/36000 batch_loss=4.9628e-01
E2/4 B19500/36000 batch_loss=5.1054e-01
E2/4 B19600/36000 batch_loss=3.8721e-01
E2/4 B19700/36000 batch_loss=5.3913e-01
E2/4 B19800/36000 batch_loss=5.1955e-01
E2/4 B19900/36000 batch_loss=3.9317e-01
E2/4 B20000/36000 batch_loss=5.0436e-01
E2/4 B20100/36000 batch_loss=5.0012e-01
E2/4 B20200/36000 batch_loss=3.8044e-01
E2/4 B20300/36000 batch_loss=3.6734e-01
E2/4 B20400/36000 batch_loss=3.7118e-01
E2/4 B20500/36000 batch_loss=3.5977e-01
E2/4 B20600/36000 batch_loss=5.1315e-01
E2/4 B20700/36000 batch_loss=4.9495e-01
E2/4 B20800/36000 batch_loss=5.1759e-01
E2/4 B20900/36000 batch_loss=4.7914e-01
E2/4 B21000/36000 batch_loss=4.7930e-01
E2/4 B21100/36000 batch_loss=3.7670e-01
E2/4 B21200/36000 batch_loss=4.6625e-01
E2/4 B21300/36000 batch_loss=4.9523e-01
E2/4 B21400/36000 batch_loss=3.8640e-01
E2/4 B21500/36000 batch_loss=3.5364e-01
E2/4 B21600/36000 batch_loss=4.9290e-01
E2/4 B21700/36000 batch_loss=3.6627e-01
E2/4 B21800/36000 batch_loss=4.9635e-01
E2/4 B21900/36000 batch_loss=4.9099e-01
E2/4 B22000/36000 batch_loss=5.0531e-01
E2/4 B22100/36000 batch_loss=3.5378e-01
E2/4 B22200/36000 batch_loss=3.6479e-01
E2/4 B22300/36000 batch_loss=5.3331e-01
E2/4 B22400/36000 batch_loss=3.5942e-01
E2/4 B22500/36000 batch_loss=3.5345e-01
E2/4 B22600/36000 batch_loss=3.3592e-01
E2/4 B22700/36000 batch_loss=3.5843e-01
E2/4 B22800/36000 batch_loss=3.4277e-01
E2/4 B22900/36000 batch_loss=5.0525e-01
E2/4 B23000/36000 batch_loss=4.8727e-01
E2/4 B23100/36000 batch_loss=3.7212e-01
E2/4 B23200/36000 batch_loss=5.1992e-01
E2/4 B23300/36000 batch_loss=3.6170e-01
E2/4 B23400/36000 batch_loss=4.7683e-01
E2/4 B23500/36000 batch_loss=4.9718e-01
E2/4 B23600/36000 batch_loss=5.2083e-01
E2/4 B23700/36000 batch_loss=3.6124e-01
E2/4 B23800/36000 batch_loss=3.6106e-01
E2/4 B23900/36000 batch_loss=3.9089e-01
E2/4 B24000/36000 batch_loss=3.5494e-01
E2/4 B24100/36000 batch_loss=4.9142e-01
E2/4 B24200/36000 batch_loss=3.3928e-01
E2/4 B24300/36000 batch_loss=5.0700e-01
E2/4 B24400/36000 batch_loss=4.7303e-01
E2/4 B24500/36000 batch_loss=3.5256e-01
E2/4 B24600/36000 batch_loss=4.9703e-01
E2/4 B24700/36000 batch_loss=4.8956e-01
E2/4 B24800/36000 batch_loss=3.3642e-01
E2/4 B24900/36000 batch_loss=5.0359e-01
E2/4 B25000/36000 batch_loss=3.5028e-01
E2/4 B25100/36000 batch_loss=3.7444e-01
E2/4 B25200/36000 batch_loss=3.3894e-01
E2/4 B25300/36000 batch_loss=4.9534e-01
E2/4 B25400/36000 batch_loss=3.2534e-01
E2/4 B25500/36000 batch_loss=4.7687e-01
E2/4 B25600/36000 batch_loss=4.7227e-01
E2/4 B25700/36000 batch_loss=5.0292e-01
E2/4 B25800/36000 batch_loss=4.7415e-01
E2/4 B25900/36000 batch_loss=4.7932e-01
E2/4 B26000/36000 batch_loss=5.0146e-01
E2/4 B26100/36000 batch_loss=3.6233e-01
E2/4 B26200/36000 batch_loss=4.8402e-01
E2/4 B26300/36000 batch_loss=3.9051e-01
E2/4 B26400/36000 batch_loss=4.9843e-01
E2/4 B26500/36000 batch_loss=3.5686e-01
E2/4 B26600/36000 batch_loss=4.9647e-01
E2/4 B26700/36000 batch_loss=3.5724e-01
E2/4 B26800/36000 batch_loss=3.3241e-01
E2/4 B26900/36000 batch_loss=5.2347e-01
E2/4 B27000/36000 batch_loss=3.3352e-01
E2/4 B27100/36000 batch_loss=4.7210e-01
E2/4 B27200/36000 batch_loss=4.7312e-01
E2/4 B27300/36000 batch_loss=3.1190e-01
E2/4 B27400/36000 batch_loss=4.9491e-01
E2/4 B27500/36000 batch_loss=3.3888e-01
E2/4 B27600/36000 batch_loss=3.3357e-01
E2/4 B27700/36000 batch_loss=3.4202e-01
E2/4 B27800/36000 batch_loss=3.4886e-01
E2/4 B27900/36000 batch_loss=3.3022e-01
E2/4 B28000/36000 batch_loss=3.4540e-01
E2/4 B28100/36000 batch_loss=4.6102e-01
E2/4 B28200/36000 batch_loss=3.4884e-01
E2/4 B28300/36000 batch_loss=5.0840e-01
E2/4 B28400/36000 batch_loss=5.0719e-01
E2/4 B28500/36000 batch_loss=4.8918e-01
E2/4 B28600/36000 batch_loss=4.8415e-01
E2/4 B28700/36000 batch_loss=3.4848e-01
E2/4 B28800/36000 batch_loss=3.6284e-01
E2/4 B28900/36000 batch_loss=3.4479e-01
E2/4 B29000/36000 batch_loss=5.0610e-01
E2/4 B29100/36000 batch_loss=3.3282e-01
E2/4 B29200/36000 batch_loss=3.3532e-01
E2/4 B29300/36000 batch_loss=3.3580e-01
E2/4 B29400/36000 batch_loss=4.7702e-01
E2/4 B29500/36000 batch_loss=3.2074e-01
E2/4 B29600/36000 batch_loss=4.7505e-01
E2/4 B29700/36000 batch_loss=4.8517e-01
E2/4 B29800/36000 batch_loss=4.9691e-01
E2/4 B29900/36000 batch_loss=3.3463e-01
E2/4 B30000/36000 batch_loss=3.3497e-01
E2/4 B30100/36000 batch_loss=4.8362e-01
E2/4 B30200/36000 batch_loss=3.5158e-01
E2/4 B30300/36000 batch_loss=3.2360e-01
E2/4 B30400/36000 batch_loss=4.8923e-01
E2/4 B30500/36000 batch_loss=3.5227e-01
E2/4 B30600/36000 batch_loss=3.3178e-01
E2/4 B30700/36000 batch_loss=3.3330e-01
E2/4 B30800/36000 batch_loss=3.5254e-01
E2/4 B30900/36000 batch_loss=4.8071e-01
E2/4 B31000/36000 batch_loss=4.7836e-01
E2/4 B31100/36000 batch_loss=3.2239e-01
E2/4 B31200/36000 batch_loss=3.4068e-01
E2/4 B31300/36000 batch_loss=3.1961e-01
E2/4 B31400/36000 batch_loss=5.0224e-01
E2/4 B31500/36000 batch_loss=3.4306e-01
E2/4 B31600/36000 batch_loss=4.8878e-01
E2/4 B31700/36000 batch_loss=3.2645e-01
E2/4 B31800/36000 batch_loss=3.4656e-01
E2/4 B31900/36000 batch_loss=4.6845e-01
E2/4 B32000/36000 batch_loss=3.3410e-01
E2/4 B32100/36000 batch_loss=5.0594e-01
E2/4 B32200/36000 batch_loss=3.3982e-01
E2/4 B32300/36000 batch_loss=4.8362e-01
E2/4 B32400/36000 batch_loss=3.4690e-01
E2/4 B32500/36000 batch_loss=3.2853e-01
E2/4 B32600/36000 batch_loss=4.7715e-01
E2/4 B32700/36000 batch_loss=3.3809e-01
E2/4 B32800/36000 batch_loss=3.2813e-01
E2/4 B32900/36000 batch_loss=4.8372e-01
E2/4 B33000/36000 batch_loss=4.5614e-01
E2/4 B33100/36000 batch_loss=4.5744e-01
E2/4 B33200/36000 batch_loss=4.8925e-01
E2/4 B33300/36000 batch_loss=2.8809e-01
E2/4 B33400/36000 batch_loss=3.4324e-01
E2/4 B33500/36000 batch_loss=4.7491e-01
E2/4 B33600/36000 batch_loss=5.1132e-01
E2/4 B33700/36000 batch_loss=4.8612e-01
E2/4 B33800/36000 batch_loss=4.7671e-01
E2/4 B33900/36000 batch_loss=3.1420e-01
E2/4 B34000/36000 batch_loss=3.1771e-01
E2/4 B34100/36000 batch_loss=4.7585e-01
E2/4 B34200/36000 batch_loss=4.7386e-01
E2/4 B34300/36000 batch_loss=4.7174e-01
E2/4 B34400/36000 batch_loss=4.7470e-01
E2/4 B34500/36000 batch_loss=3.3012e-01
E2/4 B34600/36000 batch_loss=3.3579e-01
E2/4 B34700/36000 batch_loss=3.3419e-01
E2/4 B34800/36000 batch_loss=3.4033e-01
E2/4 B34900/36000 batch_loss=3.0137e-01
E2/4 B35000/36000 batch_loss=4.7183e-01
E2/4 B35100/36000 batch_loss=4.9680e-01
E2/4 B35200/36000 batch_loss=4.9237e-01
E2/4 B35300/36000 batch_loss=4.7616e-01
E2/4 B35400/36000 batch_loss=4.5219e-01
E2/4 B35500/36000 batch_loss=3.1616e-01
E2/4 B35600/36000 batch_loss=4.6003e-01
E2/4 B35700/36000 batch_loss=4.6845e-01
E2/4 B35800/36000 batch_loss=4.7490e-01
E2/4 B35900/36000 batch_loss=4.7153e-01
E2/4 B36000/36000 batch_loss=3.2012e-01
2026-07-22 00:25:33,232 | INFO | Saved 10 diagnostic panel(s) under D:\Research\NO-2D-Metamaterials\MODELS\training_runs\NO_I3O5_BCF16_NMAE_HC128_LR2e-03_WD0e+00_SS1_G9e-01_ch0fft_260721\diagnostics\epoch_002
epoch=2/4 loss=nmae train_nmae=4.619700e-01 val_nmae=4.413859e-01 train_mae=3.592666e-02 val_mae=3.002415e-02 train_mse=1.222818e-02 val_mse=9.519731e-03 lr=1.620e-03 train_sps=1165.0
2026-07-22 00:25:35,400 | INFO | epoch=2/4 loss=nmae train_nmae=4.619700e-01 val_nmae=4.413859e-01 train_mae=3.592666e-02 val_mae=3.002415e-02 train_mse=1.222818e-02 val_mse=9.519731e-03 lr=1.620e-03 train_sps=1165.0
2026-07-22 00:25:35,401 | INFO | epoch=2/4 loss_ch_nmae train=7.274e-01 3.578e-01 3.710e-01 4.285e-01 4.252e-01 val=6.020e-01 3.754e-01 3.752e-01 4.262e-01 4.280e-01
2026-07-22 00:25:35,401 | INFO | epoch=2/4 mae_ch train=1.656e-01 3.296e-03 3.169e-03 3.930e-03 3.685e-03 val=1.370e-01 3.201e-03 2.910e-03 3.607e-03 3.391e-03 mse_ch train=6.080e-02 7.494e-05 7.175e-05 1.025e-04 9.140e-05 val=4.729e-02 6.792e-05 6.446e-05 9.402e-05 8.382e-05
Epoch 2/4 done | loss=nmae train=4.6197e-01 val=4.4139e-01 mae=3.0024e-02 mse=9.5197e-03 lr=1.62e-03
E3/4 B100/36000 batch_loss=2.9428e-01
E3/4 B200/36000 batch_loss=4.3311e-01
E3/4 B300/36000 batch_loss=4.6129e-01
E3/4 B400/36000 batch_loss=3.1045e-01
E3/4 B500/36000 batch_loss=3.3043e-01
E3/4 B600/36000 batch_loss=4.5920e-01
E3/4 B700/36000 batch_loss=2.8773e-01
E3/4 B800/36000 batch_loss=2.9787e-01
E3/4 B900/36000 batch_loss=4.5377e-01
E3/4 B1000/36000 batch_loss=4.3590e-01
E3/4 B1100/36000 batch_loss=2.9409e-01
E3/4 B1200/36000 batch_loss=4.6457e-01
E3/4 B1300/36000 batch_loss=2.8910e-01
E3/4 B1400/36000 batch_loss=4.4386e-01
E3/4 B1500/36000 batch_loss=4.5183e-01
E3/4 B1600/36000 batch_loss=3.1814e-01
E3/4 B1700/36000 batch_loss=4.7336e-01
E3/4 B1800/36000 batch_loss=3.1192e-01
E3/4 B1900/36000 batch_loss=4.7760e-01
E3/4 B2000/36000 batch_loss=4.4304e-01
E3/4 B2100/36000 batch_loss=3.2966e-01
E3/4 B2200/36000 batch_loss=4.7023e-01
E3/4 B2300/36000 batch_loss=3.1951e-01
E3/4 B2400/36000 batch_loss=2.9177e-01
E3/4 B2500/36000 batch_loss=2.9790e-01
E3/4 B2600/36000 batch_loss=2.9774e-01
E3/4 B2700/36000 batch_loss=4.7688e-01
E3/4 B2800/36000 batch_loss=3.1073e-01
E3/4 B2900/36000 batch_loss=4.5754e-01
E3/4 B3000/36000 batch_loss=4.5344e-01
E3/4 B3100/36000 batch_loss=3.1008e-01
E3/4 B3200/36000 batch_loss=2.9801e-01
E3/4 B3300/36000 batch_loss=4.6785e-01
E3/4 B3400/36000 batch_loss=3.0703e-01
E3/4 B3500/36000 batch_loss=4.3248e-01
E3/4 B3600/36000 batch_loss=4.6359e-01
E3/4 B3700/36000 batch_loss=4.3944e-01
E3/4 B3800/36000 batch_loss=2.8500e-01
E3/4 B3900/36000 batch_loss=2.9240e-01
E3/4 B4000/36000 batch_loss=3.2149e-01
E3/4 B4100/36000 batch_loss=3.0233e-01
E3/4 B4200/36000 batch_loss=2.8113e-01
E3/4 B4300/36000 batch_loss=4.5016e-01
E3/4 B4400/36000 batch_loss=2.8407e-01
E3/4 B4500/36000 batch_loss=3.2788e-01
E3/4 B4600/36000 batch_loss=4.5624e-01
E3/4 B4700/36000 batch_loss=3.0702e-01
E3/4 B4800/36000 batch_loss=3.1268e-01
E3/4 B4900/36000 batch_loss=4.8174e-01
E3/4 B5000/36000 batch_loss=2.9370e-01
E3/4 B5100/36000 batch_loss=3.1286e-01
E3/4 B5200/36000 batch_loss=3.0579e-01
E3/4 B5300/36000 batch_loss=4.4657e-01
E3/4 B5400/36000 batch_loss=2.9582e-01
E3/4 B5500/36000 batch_loss=2.9640e-01
E3/4 B5600/36000 batch_loss=4.6095e-01
E3/4 B5700/36000 batch_loss=4.7227e-01
E3/4 B5800/36000 batch_loss=2.9610e-01
E3/4 B5900/36000 batch_loss=2.9517e-01
E3/4 B6000/36000 batch_loss=4.4098e-01
E3/4 B6100/36000 batch_loss=4.5429e-01
E3/4 B6200/36000 batch_loss=2.9190e-01
E3/4 B6300/36000 batch_loss=3.0266e-01
E3/4 B6400/36000 batch_loss=4.2945e-01
E3/4 B6500/36000 batch_loss=4.2912e-01
E3/4 B6600/36000 batch_loss=3.0857e-01
E3/4 B6700/36000 batch_loss=2.8464e-01
E3/4 B6800/36000 batch_loss=2.7824e-01
E3/4 B6900/36000 batch_loss=4.8488e-01
E3/4 B7000/36000 batch_loss=4.2963e-01
E3/4 B7100/36000 batch_loss=2.9187e-01
E3/4 B7200/36000 batch_loss=3.0993e-01
E3/4 B7300/36000 batch_loss=3.0632e-01
E3/4 B7400/36000 batch_loss=3.1050e-01
E3/4 B7500/36000 batch_loss=4.4518e-01
E3/4 B7600/36000 batch_loss=2.8459e-01
E3/4 B7700/36000 batch_loss=4.5002e-01
E3/4 B7800/36000 batch_loss=4.6958e-01
E3/4 B7900/36000 batch_loss=4.4557e-01
E3/4 B8000/36000 batch_loss=4.3793e-01
E3/4 B8100/36000 batch_loss=4.3938e-01
E3/4 B8200/36000 batch_loss=2.8970e-01
E3/4 B8300/36000 batch_loss=4.5206e-01
E3/4 B8400/36000 batch_loss=4.2113e-01
E3/4 B8500/36000 batch_loss=3.0904e-01
E3/4 B8600/36000 batch_loss=3.2066e-01
E3/4 B8700/36000 batch_loss=3.0759e-01
E3/4 B8800/36000 batch_loss=4.6586e-01
E3/4 B8900/36000 batch_loss=3.1247e-01
E3/4 B9000/36000 batch_loss=4.2507e-01
E3/4 B9100/36000 batch_loss=4.3893e-01
E3/4 B9200/36000 batch_loss=3.1406e-01
E3/4 B9300/36000 batch_loss=2.9909e-01
E3/4 B9400/36000 batch_loss=4.2068e-01
E3/4 B9500/36000 batch_loss=2.8426e-01
E3/4 B9600/36000 batch_loss=3.1211e-01
E3/4 B9700/36000 batch_loss=3.0371e-01
E3/4 B9800/36000 batch_loss=4.4209e-01
E3/4 B9900/36000 batch_loss=4.1585e-01
E3/4 B10000/36000 batch_loss=4.4365e-01
E3/4 B10100/36000 batch_loss=2.9843e-01
E3/4 B10200/36000 batch_loss=4.5654e-01
E3/4 B10300/36000 batch_loss=4.2848e-01
E3/4 B10400/36000 batch_loss=2.8260e-01
E3/4 B10500/36000 batch_loss=2.8055e-01
E3/4 B10600/36000 batch_loss=2.9675e-01
E3/4 B10700/36000 batch_loss=4.6321e-01
E3/4 B10800/36000 batch_loss=4.4516e-01
E3/4 B10900/36000 batch_loss=2.9623e-01
E3/4 B11000/36000 batch_loss=2.9739e-01
E3/4 B11100/36000 batch_loss=4.7009e-01
E3/4 B11200/36000 batch_loss=2.9834e-01
E3/4 B11300/36000 batch_loss=4.8940e-01
E3/4 B11400/36000 batch_loss=3.0903e-01
E3/4 B11500/36000 batch_loss=4.5096e-01
E3/4 B11600/36000 batch_loss=2.9312e-01
E3/4 B11700/36000 batch_loss=4.4696e-01
E3/4 B11800/36000 batch_loss=4.2222e-01
E3/4 B11900/36000 batch_loss=4.4839e-01
E3/4 B12000/36000 batch_loss=4.6222e-01
E3/4 B12100/36000 batch_loss=2.8597e-01
E3/4 B12200/36000 batch_loss=3.0928e-01
E3/4 B12300/36000 batch_loss=4.3663e-01
E3/4 B12400/36000 batch_loss=4.0847e-01
E3/4 B12500/36000 batch_loss=4.7050e-01
E3/4 B12600/36000 batch_loss=2.8576e-01
E3/4 B12700/36000 batch_loss=4.5548e-01
E3/4 B12800/36000 batch_loss=2.9024e-01
E3/4 B12900/36000 batch_loss=2.7180e-01
E3/4 B13000/36000 batch_loss=4.4204e-01
E3/4 B13100/36000 batch_loss=4.4639e-01
E3/4 B13200/36000 batch_loss=2.8480e-01
E3/4 B13300/36000 batch_loss=3.0734e-01
E3/4 B13400/36000 batch_loss=4.6683e-01
E3/4 B13500/36000 batch_loss=4.5038e-01
E3/4 B13600/36000 batch_loss=2.7730e-01
E3/4 B13700/36000 batch_loss=4.5915e-01
E3/4 B13800/36000 batch_loss=2.9844e-01
E3/4 B13900/36000 batch_loss=2.8118e-01
E3/4 B14000/36000 batch_loss=4.4762e-01
E3/4 B14100/36000 batch_loss=4.5407e-01
E3/4 B14200/36000 batch_loss=4.4689e-01
E3/4 B14300/36000 batch_loss=2.7281e-01
E3/4 B14400/36000 batch_loss=2.9196e-01
E3/4 B14500/36000 batch_loss=4.2997e-01
E3/4 B14600/36000 batch_loss=4.7134e-01
E3/4 B14700/36000 batch_loss=2.8577e-01
E3/4 B14800/36000 batch_loss=3.0796e-01
E3/4 B14900/36000 batch_loss=2.7580e-01
E3/4 B15000/36000 batch_loss=4.4903e-01
E3/4 B15100/36000 batch_loss=4.5635e-01
E3/4 B15200/36000 batch_loss=4.3645e-01
E3/4 B15300/36000 batch_loss=4.3124e-01
E3/4 B15400/36000 batch_loss=4.5538e-01
E3/4 B15500/36000 batch_loss=2.8592e-01
E3/4 B15600/36000 batch_loss=2.9866e-01
E3/4 B15700/36000 batch_loss=2.8410e-01
E3/4 B15800/36000 batch_loss=2.7769e-01
E3/4 B15900/36000 batch_loss=4.5025e-01
E3/4 B16000/36000 batch_loss=4.5812e-01
E3/4 B16100/36000 batch_loss=4.5240e-01
E3/4 B16200/36000 batch_loss=2.7835e-01
E3/4 B16300/36000 batch_loss=3.0668e-01
E3/4 B16400/36000 batch_loss=2.6778e-01
E3/4 B16500/36000 batch_loss=4.2714e-01
E3/4 B16600/36000 batch_loss=4.4861e-01
E3/4 B16700/36000 batch_loss=4.4660e-01
E3/4 B16800/36000 batch_loss=2.6819e-01
E3/4 B16900/36000 batch_loss=4.5172e-01
E3/4 B17000/36000 batch_loss=4.5349e-01
E3/4 B17100/36000 batch_loss=4.5027e-01
E3/4 B17200/36000 batch_loss=4.4129e-01
E3/4 B17300/36000 batch_loss=4.3650e-01
E3/4 B17400/36000 batch_loss=4.4964e-01
E3/4 B17500/36000 batch_loss=2.7516e-01
E3/4 B17600/36000 batch_loss=4.4881e-01
E3/4 B17700/36000 batch_loss=2.8209e-01
E3/4 B17800/36000 batch_loss=2.7138e-01
E3/4 B17900/36000 batch_loss=4.3732e-01
E3/4 B18000/36000 batch_loss=2.8074e-01
E3/4 B18100/36000 batch_loss=2.9577e-01
E3/4 B18200/36000 batch_loss=4.1528e-01
E3/4 B18300/36000 batch_loss=2.8965e-01
E3/4 B18400/36000 batch_loss=2.9009e-01
E3/4 B18500/36000 batch_loss=2.5705e-01
E3/4 B18600/36000 batch_loss=4.4217e-01
E3/4 B18700/36000 batch_loss=4.3347e-01
E3/4 B18800/36000 batch_loss=2.6806e-01
E3/4 B18900/36000 batch_loss=3.0658e-01
E3/4 B19000/36000 batch_loss=4.3427e-01
E3/4 B19100/36000 batch_loss=4.3250e-01
E3/4 B19200/36000 batch_loss=4.4100e-01
E3/4 B19300/36000 batch_loss=4.3843e-01
E3/4 B19400/36000 batch_loss=2.7289e-01
E3/4 B19500/36000 batch_loss=4.4691e-01
E3/4 B19600/36000 batch_loss=4.4222e-01
E3/4 B19700/36000 batch_loss=4.5665e-01
E3/4 B19800/36000 batch_loss=4.1704e-01
E3/4 B19900/36000 batch_loss=4.6874e-01
E3/4 B20000/36000 batch_loss=2.9015e-01
E3/4 B20100/36000 batch_loss=2.8659e-01
E3/4 B20200/36000 batch_loss=4.4355e-01
E3/4 B20300/36000 batch_loss=3.3546e-01
E3/4 B20400/36000 batch_loss=2.5582e-01
E3/4 B20500/36000 batch_loss=2.8690e-01
E3/4 B20600/36000 batch_loss=4.3012e-01
E3/4 B20700/36000 batch_loss=4.2895e-01
E3/4 B20800/36000 batch_loss=3.1760e-01
E3/4 B20900/36000 batch_loss=2.7317e-01
E3/4 B21000/36000 batch_loss=2.7976e-01
E3/4 B21100/36000 batch_loss=4.5450e-01
E3/4 B21200/36000 batch_loss=4.2773e-01
E3/4 B21300/36000 batch_loss=2.6889e-01
E3/4 B21400/36000 batch_loss=2.7904e-01
E3/4 B21500/36000 batch_loss=2.8407e-01
E3/4 B21600/36000 batch_loss=4.2771e-01
E3/4 B21700/36000 batch_loss=4.3492e-01
E3/4 B21800/36000 batch_loss=2.8141e-01
E3/4 B21900/36000 batch_loss=2.8602e-01
E3/4 B22000/36000 batch_loss=4.4272e-01
E3/4 B22100/36000 batch_loss=4.0525e-01
E3/4 B22200/36000 batch_loss=4.4068e-01
E3/4 B22300/36000 batch_loss=4.0387e-01
E3/4 B22400/36000 batch_loss=4.4673e-01
E3/4 B22500/36000 batch_loss=2.7321e-01
E3/4 B22600/36000 batch_loss=2.7364e-01
E3/4 B22700/36000 batch_loss=4.3059e-01
E3/4 B22800/36000 batch_loss=2.5990e-01
E3/4 B22900/36000 batch_loss=2.9668e-01
E3/4 B23000/36000 batch_loss=4.0576e-01
E3/4 B23100/36000 batch_loss=2.7700e-01
E3/4 B23200/36000 batch_loss=2.5878e-01
E3/4 B23300/36000 batch_loss=2.9421e-01
E3/4 B23400/36000 batch_loss=3.4468e-01
E3/4 B23500/36000 batch_loss=2.7498e-01
E3/4 B23600/36000 batch_loss=4.3675e-01
E3/4 B23700/36000 batch_loss=2.7424e-01
E3/4 B23800/36000 batch_loss=3.9611e-01
E3/4 B23900/36000 batch_loss=2.7589e-01
E3/4 B24000/36000 batch_loss=4.2548e-01
E3/4 B24100/36000 batch_loss=2.7835e-01
E3/4 B24200/36000 batch_loss=2.8336e-01
E3/4 B24300/36000 batch_loss=2.7872e-01
E3/4 B24400/36000 batch_loss=2.6520e-01
E3/4 B24500/36000 batch_loss=2.7049e-01
E3/4 B24600/36000 batch_loss=4.3786e-01
E3/4 B24700/36000 batch_loss=2.9401e-01
E3/4 B24800/36000 batch_loss=4.2017e-01
E3/4 B24900/36000 batch_loss=2.4779e-01
E3/4 B25000/36000 batch_loss=3.0349e-01
E3/4 B25100/36000 batch_loss=4.1821e-01
E3/4 B25200/36000 batch_loss=2.8550e-01
E3/4 B25300/36000 batch_loss=2.8675e-01
E3/4 B25400/36000 batch_loss=2.8648e-01
E3/4 B25500/36000 batch_loss=2.6012e-01
E3/4 B25600/36000 batch_loss=4.1318e-01
E3/4 B25700/36000 batch_loss=4.5682e-01
E3/4 B25800/36000 batch_loss=4.1920e-01
E3/4 B25900/36000 batch_loss=4.2501e-01
E3/4 B26000/36000 batch_loss=4.3931e-01
E3/4 B26100/36000 batch_loss=4.5827e-01
E3/4 B26200/36000 batch_loss=2.7108e-01
E3/4 B26300/36000 batch_loss=4.3036e-01
E3/4 B26400/36000 batch_loss=4.1857e-01
E3/4 B26500/36000 batch_loss=4.4978e-01
E3/4 B26600/36000 batch_loss=4.4249e-01
E3/4 B26700/36000 batch_loss=4.0335e-01
E3/4 B26800/36000 batch_loss=4.2565e-01
E3/4 B26900/36000 batch_loss=4.0746e-01
E3/4 B27000/36000 batch_loss=4.3180e-01
E3/4 B27100/36000 batch_loss=2.7564e-01
E3/4 B27200/36000 batch_loss=2.6853e-01
E3/4 B27300/36000 batch_loss=2.8646e-01
E3/4 B27400/36000 batch_loss=2.7113e-01
E3/4 B27500/36000 batch_loss=2.7093e-01
E3/4 B27600/36000 batch_loss=4.4486e-01
E3/4 B27700/36000 batch_loss=4.4895e-01
E3/4 B27800/36000 batch_loss=2.5907e-01
E3/4 B27900/36000 batch_loss=2.7173e-01
E3/4 B28000/36000 batch_loss=2.7885e-01
E3/4 B28100/36000 batch_loss=2.7471e-01
E3/4 B28200/36000 batch_loss=4.2993e-01
E3/4 B28300/36000 batch_loss=2.7543e-01
E3/4 B28400/36000 batch_loss=4.0795e-01
E3/4 B28500/36000 batch_loss=2.5463e-01
E3/4 B28600/36000 batch_loss=2.5112e-01
E3/4 B28700/36000 batch_loss=2.9479e-01
E3/4 B28800/36000 batch_loss=3.8718e-01
E3/4 B28900/36000 batch_loss=2.8172e-01
E3/4 B29000/36000 batch_loss=2.6607e-01
E3/4 B29100/36000 batch_loss=4.1260e-01
E3/4 B29200/36000 batch_loss=2.6536e-01
E3/4 B29300/36000 batch_loss=2.7036e-01
E3/4 B29400/36000 batch_loss=2.8445e-01
E3/4 B29500/36000 batch_loss=4.1204e-01
E3/4 B29600/36000 batch_loss=4.3449e-01
E3/4 B29700/36000 batch_loss=3.9418e-01
E3/4 B29800/36000 batch_loss=2.7944e-01
E3/4 B29900/36000 batch_loss=2.7824e-01
E3/4 B30000/36000 batch_loss=3.8984e-01
E3/4 B30100/36000 batch_loss=2.5978e-01
E3/4 B30200/36000 batch_loss=2.6017e-01
E3/4 B30300/36000 batch_loss=2.7166e-01
E3/4 B30400/36000 batch_loss=4.2998e-01
E3/4 B30500/36000 batch_loss=2.9939e-01
E3/4 B30600/36000 batch_loss=2.8741e-01
E3/4 B30700/36000 batch_loss=4.1671e-01
E3/4 B30800/36000 batch_loss=4.4657e-01
E3/4 B30900/36000 batch_loss=4.3068e-01
E3/4 B31000/36000 batch_loss=4.2006e-01
E3/4 B31100/36000 batch_loss=2.6894e-01
E3/4 B31200/36000 batch_loss=4.3272e-01
E3/4 B31300/36000 batch_loss=4.5049e-01
E3/4 B31400/36000 batch_loss=2.6510e-01
E3/4 B31500/36000 batch_loss=2.8091e-01
E3/4 B31600/36000 batch_loss=2.6669e-01
E3/4 B31700/36000 batch_loss=4.0089e-01
E3/4 B31800/36000 batch_loss=2.5009e-01
E3/4 B31900/36000 batch_loss=2.8135e-01
E3/4 B32000/36000 batch_loss=4.1164e-01
E3/4 B32100/36000 batch_loss=2.9442e-01
E3/4 B32200/36000 batch_loss=4.2462e-01
E3/4 B32300/36000 batch_loss=4.1714e-01
E3/4 B32400/36000 batch_loss=2.8672e-01
E3/4 B32500/36000 batch_loss=4.0520e-01
E3/4 B32600/36000 batch_loss=2.8581e-01
E3/4 B32700/36000 batch_loss=2.8025e-01
E3/4 B32800/36000 batch_loss=2.5487e-01
E3/4 B32900/36000 batch_loss=2.6053e-01
E3/4 B33000/36000 batch_loss=2.8301e-01
E3/4 B33100/36000 batch_loss=2.8558e-01
E3/4 B33200/36000 batch_loss=2.6648e-01
E3/4 B33300/36000 batch_loss=2.4851e-01
E3/4 B33400/36000 batch_loss=2.6695e-01
E3/4 B33500/36000 batch_loss=4.2990e-01
E3/4 B33600/36000 batch_loss=4.2535e-01
E3/4 B33700/36000 batch_loss=2.5893e-01
E3/4 B33800/36000 batch_loss=2.6558e-01
E3/4 B33900/36000 batch_loss=4.0442e-01
E3/4 B34000/36000 batch_loss=3.9979e-01
E3/4 B34100/36000 batch_loss=2.6926e-01
E3/4 B34200/36000 batch_loss=3.9082e-01
E3/4 B34300/36000 batch_loss=4.1940e-01
E3/4 B34400/36000 batch_loss=4.1672e-01
E3/4 B34500/36000 batch_loss=4.2129e-01
E3/4 B34600/36000 batch_loss=4.3341e-01
E3/4 B34700/36000 batch_loss=2.6232e-01
E3/4 B34800/36000 batch_loss=4.3386e-01
E3/4 B34900/36000 batch_loss=3.0144e-01
E3/4 B35000/36000 batch_loss=2.7449e-01
E3/4 B35100/36000 batch_loss=2.5726e-01
E3/4 B35200/36000 batch_loss=2.6141e-01
E3/4 B35300/36000 batch_loss=2.4795e-01
E3/4 B35400/36000 batch_loss=4.0190e-01
E3/4 B35500/36000 batch_loss=2.7181e-01
E3/4 B35600/36000 batch_loss=4.0842e-01
E3/4 B35700/36000 batch_loss=2.6995e-01
E3/4 B35800/36000 batch_loss=4.1913e-01
E3/4 B35900/36000 batch_loss=3.9063e-01
E3/4 B36000/36000 batch_loss=2.7045e-01
2026-07-22 04:05:57,823 | INFO | Saved 10 diagnostic panel(s) under D:\Research\NO-2D-Metamaterials\MODELS\training_runs\NO_I3O5_BCF16_NMAE_HC128_LR2e-03_WD0e+00_SS1_G9e-01_ch0fft_260721\diagnostics\epoch_003
epoch=3/4 loss=nmae train_nmae=3.622618e-01 val_nmae=3.993173e-01 train_mae=2.524912e-02 val_mae=2.530381e-02 train_mse=7.290827e-03 val_mse=7.885618e-03 lr=1.458e-03 train_sps=1513.4
2026-07-22 04:06:00,025 | INFO | epoch=3/4 loss=nmae train_nmae=3.622618e-01 val_nmae=3.993173e-01 train_mae=2.524912e-02 val_mae=2.530381e-02 train_mse=7.290827e-03 val_mse=7.885618e-03 lr=1.458e-03 train_sps=1513.4
2026-07-22 04:06:00,027 | INFO | epoch=3/4 loss_ch_nmae train=5.036e-01 2.914e-01 3.005e-01 3.602e-01 3.556e-01 val=5.024e-01 3.276e-01 3.403e-01 4.149e-01 4.113e-01
2026-07-22 04:06:00,027 | INFO | epoch=3/4 mae_ch train=1.146e-01 2.684e-03 2.564e-03 3.303e-03 3.080e-03 val=1.143e-01 2.800e-03 2.653e-03 3.493e-03 3.236e-03 mse_ch train=3.618e-02 5.771e-05 5.480e-05 8.381e-05 7.386e-05 val=3.914e-02 6.183e-05 5.883e-05 8.757e-05 7.752e-05
Epoch 3/4 done | loss=nmae train=3.6226e-01 val=3.9932e-01 mae=2.5304e-02 mse=7.8856e-03 lr=1.46e-03
E4/4 B100/36000 batch_loss=4.2355e-01
E4/4 B200/36000 batch_loss=4.2148e-01
E4/4 B300/36000 batch_loss=3.8300e-01
E4/4 B400/36000 batch_loss=3.7849e-01
E4/4 B500/36000 batch_loss=2.3556e-01
E4/4 B600/36000 batch_loss=2.5605e-01
E4/4 B700/36000 batch_loss=3.9802e-01
E4/4 B800/36000 batch_loss=2.6080e-01
E4/4 B900/36000 batch_loss=4.0396e-01
E4/4 B1000/36000 batch_loss=3.8502e-01
E4/4 B1100/36000 batch_loss=4.1259e-01
E4/4 B1200/36000 batch_loss=2.7754e-01
E4/4 B1300/36000 batch_loss=2.2831e-01
E4/4 B1400/36000 batch_loss=2.4755e-01
E4/4 B1500/36000 batch_loss=4.0794e-01
E4/4 B1600/36000 batch_loss=3.9481e-01
E4/4 B1700/36000 batch_loss=2.6118e-01
E4/4 B1800/36000 batch_loss=4.0971e-01
E4/4 B1900/36000 batch_loss=2.5975e-01
E4/4 B2000/36000 batch_loss=4.0373e-01
E4/4 B2100/36000 batch_loss=3.7731e-01
E4/4 B2200/36000 batch_loss=3.5611e-01
E4/4 B2300/36000 batch_loss=3.8260e-01
E4/4 B2400/36000 batch_loss=3.9327e-01
E4/4 B2500/36000 batch_loss=4.1841e-01
E4/4 B2600/36000 batch_loss=2.8945e-01
E4/4 B2700/36000 batch_loss=2.4940e-01
E4/4 B2800/36000 batch_loss=2.5084e-01
E4/4 B2900/36000 batch_loss=4.1246e-01
E4/4 B3000/36000 batch_loss=2.5409e-01
E4/4 B3100/36000 batch_loss=4.1683e-01
E4/4 B3200/36000 batch_loss=2.4780e-01
E4/4 B3300/36000 batch_loss=4.1351e-01
E4/4 B3400/36000 batch_loss=3.8137e-01
E4/4 B3500/36000 batch_loss=4.3564e-01
E4/4 B3600/36000 batch_loss=2.5680e-01
E4/4 B3700/36000 batch_loss=4.0659e-01
E4/4 B3800/36000 batch_loss=4.0167e-01
E4/4 B3900/36000 batch_loss=4.2112e-01
E4/4 B4000/36000 batch_loss=4.2404e-01
E4/4 B4100/36000 batch_loss=2.4584e-01
E4/4 B4200/36000 batch_loss=4.2225e-01
E4/4 B4300/36000 batch_loss=4.3169e-01
E4/4 B4400/36000 batch_loss=3.9294e-01
E4/4 B4500/36000 batch_loss=2.4260e-01
E4/4 B4600/36000 batch_loss=2.4667e-01
E4/4 B4700/36000 batch_loss=4.1474e-01
E4/4 B4800/36000 batch_loss=2.8791e-01
E4/4 B4900/36000 batch_loss=2.6902e-01
E4/4 B5000/36000 batch_loss=4.0488e-01
E4/4 B5100/36000 batch_loss=2.7556e-01
E4/4 B5200/36000 batch_loss=2.4996e-01
E4/4 B5300/36000 batch_loss=2.3985e-01
E4/4 B5400/36000 batch_loss=3.8363e-01
E4/4 B5500/36000 batch_loss=3.8076e-01
E4/4 B5600/36000 batch_loss=3.9241e-01
E4/4 B5700/36000 batch_loss=3.9321e-01
E4/4 B5800/36000 batch_loss=4.0554e-01
E4/4 B5900/36000 batch_loss=2.6549e-01
E4/4 B6000/36000 batch_loss=2.9060e-01
E4/4 B6100/36000 batch_loss=2.3831e-01
E4/4 B6200/36000 batch_loss=2.5708e-01
E4/4 B6300/36000 batch_loss=2.6411e-01
E4/4 B6400/36000 batch_loss=2.4774e-01
E4/4 B6500/36000 batch_loss=2.7181e-01
E4/4 B6600/36000 batch_loss=2.5839e-01
E4/4 B6700/36000 batch_loss=4.0767e-01
E4/4 B6800/36000 batch_loss=2.6127e-01
E4/4 B6900/36000 batch_loss=3.0687e-01
E4/4 B7000/36000 batch_loss=4.0251e-01
E4/4 B7100/36000 batch_loss=4.1566e-01
E4/4 B7200/36000 batch_loss=4.0480e-01
E4/4 B7300/36000 batch_loss=4.3226e-01
E4/4 B7400/36000 batch_loss=2.6120e-01
E4/4 B7500/36000 batch_loss=4.0574e-01
E4/4 B7600/36000 batch_loss=2.3864e-01
E4/4 B7700/36000 batch_loss=3.9556e-01
E4/4 B7800/36000 batch_loss=2.4637e-01
E4/4 B7900/36000 batch_loss=2.5153e-01
E4/4 B8000/36000 batch_loss=4.0480e-01
E4/4 B8100/36000 batch_loss=4.0550e-01
E4/4 B8200/36000 batch_loss=4.1837e-01
E4/4 B8300/36000 batch_loss=4.0561e-01
E4/4 B8400/36000 batch_loss=2.6415e-01
E4/4 B8500/36000 batch_loss=4.1384e-01
E4/4 B8600/36000 batch_loss=2.5330e-01
E4/4 B8700/36000 batch_loss=4.1668e-01
E4/4 B8800/36000 batch_loss=4.0344e-01
E4/4 B8900/36000 batch_loss=3.9402e-01
E4/4 B9000/36000 batch_loss=4.0307e-01
E4/4 B9100/36000 batch_loss=2.5895e-01
E4/4 B9200/36000 batch_loss=4.0041e-01
E4/4 B9300/36000 batch_loss=4.1576e-01
E4/4 B9400/36000 batch_loss=3.8323e-01
E4/4 B9500/36000 batch_loss=2.6415e-01
E4/4 B9600/36000 batch_loss=2.4387e-01
E4/4 B9700/36000 batch_loss=3.7696e-01
E4/4 B9800/36000 batch_loss=2.6224e-01
E4/4 B9900/36000 batch_loss=3.9938e-01
E4/4 B10000/36000 batch_loss=3.9626e-01
E4/4 B10100/36000 batch_loss=2.6078e-01
E4/4 B10200/36000 batch_loss=2.7013e-01
E4/4 B10300/36000 batch_loss=4.0555e-01
E4/4 B10400/36000 batch_loss=2.5361e-01
E4/4 B10500/36000 batch_loss=4.0798e-01
E4/4 B10600/36000 batch_loss=4.0858e-01
E4/4 B10700/36000 batch_loss=2.7132e-01
E4/4 B10800/36000 batch_loss=4.1155e-01
E4/4 B10900/36000 batch_loss=4.2657e-01
E4/4 B11000/36000 batch_loss=2.5016e-01
E4/4 B11100/36000 batch_loss=3.9325e-01
E4/4 B11200/36000 batch_loss=4.1856e-01
E4/4 B11300/36000 batch_loss=2.2714e-01
E4/4 B11400/36000 batch_loss=3.9542e-01
E4/4 B11500/36000 batch_loss=3.8269e-01
E4/4 B11600/36000 batch_loss=4.3377e-01
E4/4 B11700/36000 batch_loss=2.3820e-01
E4/4 B11800/36000 batch_loss=3.9563e-01
E4/4 B11900/36000 batch_loss=2.5445e-01
E4/4 B12000/36000 batch_loss=2.7390e-01
E4/4 B12100/36000 batch_loss=4.1895e-01
E4/4 B12200/36000 batch_loss=2.6028e-01
E4/4 B12300/36000 batch_loss=2.3468e-01
E4/4 B12400/36000 batch_loss=2.4446e-01
E4/4 B12500/36000 batch_loss=4.0894e-01
E4/4 B12600/36000 batch_loss=4.0763e-01
E4/4 B12700/36000 batch_loss=2.5526e-01
E4/4 B12800/36000 batch_loss=3.7560e-01
E4/4 B12900/36000 batch_loss=2.4268e-01
E4/4 B13000/36000 batch_loss=2.4266e-01
E4/4 B13100/36000 batch_loss=2.6226e-01
E4/4 B13200/36000 batch_loss=2.6000e-01
E4/4 B13300/36000 batch_loss=2.4719e-01
E4/4 B13400/36000 batch_loss=3.6429e-01
E4/4 B13500/36000 batch_loss=3.8465e-01
E4/4 B13600/36000 batch_loss=2.3530e-01
E4/4 B13700/36000 batch_loss=2.5350e-01
E4/4 B13800/36000 batch_loss=4.0342e-01
E4/4 B13900/36000 batch_loss=3.9081e-01
E4/4 B14000/36000 batch_loss=2.5714e-01
E4/4 B14100/36000 batch_loss=2.5142e-01
E4/4 B14200/36000 batch_loss=3.8258e-01
E4/4 B14300/36000 batch_loss=4.0584e-01
E4/4 B14400/36000 batch_loss=4.0109e-01
E4/4 B14500/36000 batch_loss=2.5818e-01
E4/4 B14600/36000 batch_loss=3.8984e-01
E4/4 B14700/36000 batch_loss=3.9933e-01
E4/4 B14800/36000 batch_loss=2.4266e-01
E4/4 B14900/36000 batch_loss=2.2955e-01
E4/4 B15000/36000 batch_loss=4.1252e-01
E4/4 B15100/36000 batch_loss=2.4977e-01
E4/4 B15200/36000 batch_loss=4.1012e-01
E4/4 B15300/36000 batch_loss=3.0829e-01
E4/4 B15400/36000 batch_loss=3.8641e-01
E4/4 B15500/36000 batch_loss=2.5025e-01
E4/4 B15600/36000 batch_loss=2.6444e-01
E4/4 B15700/36000 batch_loss=2.3941e-01
E4/4 B15800/36000 batch_loss=2.4731e-01
E4/4 B15900/36000 batch_loss=2.7196e-01
E4/4 B16000/36000 batch_loss=2.5415e-01
E4/4 B16100/36000 batch_loss=2.3582e-01
E4/4 B16200/36000 batch_loss=2.4383e-01
E4/4 B16300/36000 batch_loss=2.7911e-01
E4/4 B16400/36000 batch_loss=2.6067e-01
E4/4 B16500/36000 batch_loss=2.5843e-01
E4/4 B16600/36000 batch_loss=2.3942e-01
E4/4 B16700/36000 batch_loss=2.2941e-01
E4/4 B16800/36000 batch_loss=2.3738e-01
E4/4 B16900/36000 batch_loss=3.9570e-01
E4/4 B17000/36000 batch_loss=2.4216e-01
E4/4 B17100/36000 batch_loss=3.9452e-01
E4/4 B17200/36000 batch_loss=2.3866e-01
E4/4 B17300/36000 batch_loss=4.1490e-01
E4/4 B17400/36000 batch_loss=2.4185e-01
E4/4 B17500/36000 batch_loss=2.6684e-01
E4/4 B17600/36000 batch_loss=2.1895e-01
E4/4 B17700/36000 batch_loss=4.1691e-01
E4/4 B17800/36000 batch_loss=2.6896e-01
E4/4 B17900/36000 batch_loss=3.8781e-01
E4/4 B18000/36000 batch_loss=2.4733e-01
E4/4 B18100/36000 batch_loss=2.4810e-01
E4/4 B18200/36000 batch_loss=2.5502e-01
E4/4 B18300/36000 batch_loss=4.1409e-01
E4/4 B18400/36000 batch_loss=3.8873e-01
E4/4 B18500/36000 batch_loss=2.5181e-01
E4/4 B18600/36000 batch_loss=3.7256e-01
E4/4 B18700/36000 batch_loss=2.5139e-01
E4/4 B18800/36000 batch_loss=4.3326e-01
E4/4 B18900/36000 batch_loss=4.1408e-01
E4/4 B19000/36000 batch_loss=2.9052e-01
E4/4 B19100/36000 batch_loss=4.0010e-01
E4/4 B19200/36000 batch_loss=3.9883e-01
E4/4 B19300/36000 batch_loss=2.5970e-01
E4/4 B19400/36000 batch_loss=2.6239e-01
E4/4 B19500/36000 batch_loss=4.1434e-01
E4/4 B19600/36000 batch_loss=2.3503e-01
E4/4 B19700/36000 batch_loss=3.9187e-01
E4/4 B19800/36000 batch_loss=3.6754e-01
E4/4 B19900/36000 batch_loss=3.8018e-01
E4/4 B20000/36000 batch_loss=3.9529e-01
E4/4 B20100/36000 batch_loss=4.0360e-01
E4/4 B20200/36000 batch_loss=3.9574e-01
E4/4 B20300/36000 batch_loss=3.8253e-01
E4/4 B20400/36000 batch_loss=2.4405e-01
E4/4 B20500/36000 batch_loss=2.3264e-01
E4/4 B20600/36000 batch_loss=2.1155e-01
E4/4 B20700/36000 batch_loss=2.5039e-01
E4/4 B20800/36000 batch_loss=2.2342e-01
E4/4 B20900/36000 batch_loss=3.9579e-01
E4/4 B21000/36000 batch_loss=2.5260e-01
E4/4 B21100/36000 batch_loss=2.5483e-01
E4/4 B21200/36000 batch_loss=2.4786e-01
E4/4 B21300/36000 batch_loss=2.3873e-01
E4/4 B21400/36000 batch_loss=2.4939e-01
E4/4 B21500/36000 batch_loss=2.2852e-01
E4/4 B21600/36000 batch_loss=4.0618e-01
E4/4 B21700/36000 batch_loss=3.8907e-01
E4/4 B21800/36000 batch_loss=4.0049e-01
E4/4 B21900/36000 batch_loss=2.5213e-01
E4/4 B22000/36000 batch_loss=3.6569e-01
E4/4 B22100/36000 batch_loss=2.5078e-01
E4/4 B22200/36000 batch_loss=4.2208e-01
E4/4 B22300/36000 batch_loss=2.6037e-01
E4/4 B22400/36000 batch_loss=2.4027e-01
E4/4 B22500/36000 batch_loss=3.9894e-01
E4/4 B22600/36000 batch_loss=3.8594e-01
E4/4 B22700/36000 batch_loss=3.8703e-01
E4/4 B22800/36000 batch_loss=3.9039e-01
E4/4 B22900/36000 batch_loss=2.3105e-01
E4/4 B23000/36000 batch_loss=4.0035e-01
E4/4 B23100/36000 batch_loss=2.3804e-01
E4/4 B23200/36000 batch_loss=2.4927e-01
E4/4 B23300/36000 batch_loss=2.2641e-01
E4/4 B23400/36000 batch_loss=3.9166e-01
E4/4 B23500/36000 batch_loss=3.8416e-01
E4/4 B23600/36000 batch_loss=4.1965e-01
E4/4 B23700/36000 batch_loss=2.3972e-01
E4/4 B23800/36000 batch_loss=2.3657e-01
E4/4 B23900/36000 batch_loss=3.7957e-01
E4/4 B24000/36000 batch_loss=2.3627e-01
E4/4 B24100/36000 batch_loss=2.5702e-01
E4/4 B24200/36000 batch_loss=2.3276e-01
E4/4 B24300/36000 batch_loss=2.6890e-01
E4/4 B24400/36000 batch_loss=2.4072e-01
E4/4 B24500/36000 batch_loss=2.3372e-01
E4/4 B24600/36000 batch_loss=3.8818e-01
E4/4 B24700/36000 batch_loss=4.1185e-01
E4/4 B24800/36000 batch_loss=3.9880e-01
E4/4 B24900/36000 batch_loss=3.6966e-01
E4/4 B25000/36000 batch_loss=4.0036e-01
E4/4 B25100/36000 batch_loss=2.3650e-01
E4/4 B25200/36000 batch_loss=2.7794e-01
E4/4 B25300/36000 batch_loss=2.5447e-01
E4/4 B25400/36000 batch_loss=3.9623e-01
E4/4 B25500/36000 batch_loss=2.4857e-01
E4/4 B25600/36000 batch_loss=3.7153e-01
E4/4 B25700/36000 batch_loss=2.4819e-01
E4/4 B25800/36000 batch_loss=4.0271e-01
E4/4 B25900/36000 batch_loss=2.6544e-01
E4/4 B26000/36000 batch_loss=2.2290e-01
E4/4 B26100/36000 batch_loss=2.4190e-01
E4/4 B26200/36000 batch_loss=4.0641e-01
E4/4 B26300/36000 batch_loss=2.3984e-01
E4/4 B26400/36000 batch_loss=2.5892e-01
E4/4 B26500/36000 batch_loss=3.9512e-01
E4/4 B26600/36000 batch_loss=4.1182e-01
E4/4 B26700/36000 batch_loss=4.3132e-01
E4/4 B26800/36000 batch_loss=2.3639e-01
E4/4 B26900/36000 batch_loss=2.4063e-01
E4/4 B27000/36000 batch_loss=2.8514e-01
E4/4 B27100/36000 batch_loss=3.6624e-01
E4/4 B27200/36000 batch_loss=2.4741e-01
E4/4 B27300/36000 batch_loss=3.7526e-01
E4/4 B27400/36000 batch_loss=2.5021e-01
E4/4 B27500/36000 batch_loss=2.4870e-01
E4/4 B27600/36000 batch_loss=3.7883e-01
E4/4 B27700/36000 batch_loss=3.9731e-01
E4/4 B27800/36000 batch_loss=2.4584e-01
E4/4 B27900/36000 batch_loss=4.0615e-01
E4/4 B28000/36000 batch_loss=3.9017e-01
E4/4 B28100/36000 batch_loss=3.8693e-01
E4/4 B28200/36000 batch_loss=3.8275e-01
E4/4 B28300/36000 batch_loss=2.2798e-01
E4/4 B28400/36000 batch_loss=3.8180e-01
E4/4 B28500/36000 batch_loss=2.3748e-01
E4/4 B28600/36000 batch_loss=2.3319e-01
E4/4 B28700/36000 batch_loss=3.7977e-01
E4/4 B28800/36000 batch_loss=2.4550e-01
E4/4 B28900/36000 batch_loss=2.3784e-01
E4/4 B29000/36000 batch_loss=3.8817e-01
E4/4 B29100/36000 batch_loss=3.7626e-01
E4/4 B29200/36000 batch_loss=3.8568e-01
E4/4 B29300/36000 batch_loss=3.8218e-01
E4/4 B29400/36000 batch_loss=2.4735e-01
E4/4 B29500/36000 batch_loss=2.5418e-01
E4/4 B29600/36000 batch_loss=2.3456e-01
E4/4 B29700/36000 batch_loss=2.5591e-01
E4/4 B29800/36000 batch_loss=4.0000e-01
E4/4 B29900/36000 batch_loss=2.6713e-01
E4/4 B30000/36000 batch_loss=2.4166e-01
E4/4 B30100/36000 batch_loss=2.5014e-01
E4/4 B30200/36000 batch_loss=3.9682e-01
E4/4 B30300/36000 batch_loss=2.4592e-01
E4/4 B30400/36000 batch_loss=2.4107e-01
E4/4 B30500/36000 batch_loss=3.7846e-01
E4/4 B30600/36000 batch_loss=2.3348e-01
E4/4 B30700/36000 batch_loss=2.6129e-01
E4/4 B30800/36000 batch_loss=2.6364e-01
E4/4 B30900/36000 batch_loss=3.7695e-01
E4/4 B31000/36000 batch_loss=2.3066e-01
E4/4 B31100/36000 batch_loss=2.6045e-01
E4/4 B31200/36000 batch_loss=2.4504e-01
E4/4 B31300/36000 batch_loss=3.9838e-01
E4/4 B31400/36000 batch_loss=3.7262e-01
E4/4 B31500/36000 batch_loss=4.0412e-01
E4/4 B31600/36000 batch_loss=2.3147e-01
E4/4 B31700/36000 batch_loss=3.7601e-01
E4/4 B31800/36000 batch_loss=3.8040e-01
E4/4 B31900/36000 batch_loss=3.6632e-01
E4/4 B32000/36000 batch_loss=2.3618e-01
E4/4 B32100/36000 batch_loss=3.9540e-01
E4/4 B32200/36000 batch_loss=3.9188e-01
E4/4 B32300/36000 batch_loss=4.2339e-01
E4/4 B32400/36000 batch_loss=4.1036e-01
E4/4 B32500/36000 batch_loss=2.5248e-01
E4/4 B32600/36000 batch_loss=3.9324e-01
E4/4 B32700/36000 batch_loss=2.5318e-01
E4/4 B32800/36000 batch_loss=3.6870e-01
E4/4 B32900/36000 batch_loss=4.0124e-01
E4/4 B33000/36000 batch_loss=3.7720e-01
E4/4 B33100/36000 batch_loss=3.7025e-01
E4/4 B33200/36000 batch_loss=3.9765e-01
E4/4 B33300/36000 batch_loss=2.1728e-01
E4/4 B33400/36000 batch_loss=3.7517e-01
E4/4 B33500/36000 batch_loss=3.8895e-01
E4/4 B33600/36000 batch_loss=2.4769e-01
E4/4 B33700/36000 batch_loss=3.6163e-01
E4/4 B33800/36000 batch_loss=2.4227e-01
E4/4 B33900/36000 batch_loss=2.2554e-01
E4/4 B34000/36000 batch_loss=3.7760e-01
E4/4 B34100/36000 batch_loss=3.9254e-01
E4/4 B34200/36000 batch_loss=2.3631e-01
E4/4 B34300/36000 batch_loss=2.5008e-01
E4/4 B34400/36000 batch_loss=2.1703e-01
E4/4 B34500/36000 batch_loss=2.2819e-01
E4/4 B34600/36000 batch_loss=2.4597e-01
E4/4 B34700/36000 batch_loss=2.3073e-01
E4/4 B34800/36000 batch_loss=2.3877e-01
E4/4 B34900/36000 batch_loss=3.7903e-01
E4/4 B35000/36000 batch_loss=3.8293e-01
E4/4 B35100/36000 batch_loss=2.3147e-01
E4/4 B35200/36000 batch_loss=3.9943e-01
E4/4 B35300/36000 batch_loss=3.8722e-01
E4/4 B35400/36000 batch_loss=2.3887e-01
E4/4 B35500/36000 batch_loss=3.7108e-01
E4/4 B35600/36000 batch_loss=3.8661e-01
E4/4 B35700/36000 batch_loss=3.8253e-01
E4/4 B35800/36000 batch_loss=2.4615e-01
E4/4 B35900/36000 batch_loss=3.6770e-01
E4/4 B36000/36000 batch_loss=3.8761e-01
2026-07-22 07:46:24,371 | INFO | Saved 10 diagnostic panel(s) under D:\Research\NO-2D-Metamaterials\MODELS\training_runs\NO_I3O5_BCF16_NMAE_HC128_LR2e-03_WD0e+00_SS1_G9e-01_ch0fft_260721\diagnostics\epoch_004
epoch=4/4 loss=nmae train_nmae=3.232578e-01 val_nmae=3.783631e-01 train_mae=2.091059e-02 val_mae=2.413001e-02 train_mse=5.553930e-03 val_mse=7.718478e-03 lr=1.312e-03 train_sps=1512.9
2026-07-22 07:46:26,561 | INFO | epoch=4/4 loss=nmae train_nmae=3.232578e-01 val_nmae=3.783631e-01 train_mae=2.091059e-02 val_mae=2.413001e-02 train_mse=5.553930e-03 val_mse=7.718478e-03 lr=1.312e-03 train_sps=1512.9
2026-07-22 07:46:26,562 | INFO | epoch=4/4 loss_ch_nmae train=4.123e-01 2.667e-01 2.740e-01 3.344e-01 3.289e-01 val=4.794e-01 3.100e-01 3.316e-01 3.842e-01 3.866e-01
2026-07-22 07:46:26,563 | INFO | epoch=4/4 mae_ch train=9.385e-02 2.455e-03 2.338e-03 3.067e-03 2.849e-03 val=1.091e-01 2.648e-03 2.581e-03 3.255e-03 3.060e-03 mse_ch train=2.753e-02 5.144e-05 4.864e-05 7.700e-05 6.742e-05 val=3.832e-02 5.926e-05 5.681e-05 8.487e-05 7.586e-05
Epoch 4/4 done | loss=nmae train=3.2326e-01 val=3.7836e-01 mae=2.4130e-02 mse=7.7185e-03 lr=1.31e-03
2026-07-22 07:46:27,003 | INFO | Run complete | run_name=NO_I3O5_BCF16_NMAE_HC128_LR2e-03_WD0e+00_SS1_G9e-01_ch0fft_260721 run_id=NO_I3O5_BCF16_NMAE_HC128_LR2e-03_WD0e+00_SS1_G9e-01_ch0fft_260721 best_val_loss=3.783631e-01
2026-07-22 07:46:27,003 | INFO | Artifacts saved to: D:\Research\NO-2D-Metamaterials\MODELS\training_runs\NO_I3O5_BCF16_NMAE_HC128_LR2e-03_WD0e+00_SS1_G9e-01_ch0fft_260721
Run complete. run_name=NO_I3O5_BCF16_NMAE_HC128_LR2e-03_WD0e+00_SS1_G9e-01_ch0fft_260721 run_id=NO_I3O5_BCF16_NMAE_HC128_LR2e-03_WD0e+00_SS1_G9e-01_ch0fft_260721 best_val_loss=3.783631e-01
Artifacts saved to: D:\Research\NO-2D-Metamaterials\MODELS\training_runs\NO_I3O5_BCF16_NMAE_HC128_LR2e-03_WD0e+00_SS1_G9e-01_ch0fft_260721
