=== 2026-07-07T08:09:36.191712+00:00 ===
C:\ProgramData\anaconda3\envs\NO_2D_Metamaterials\python.exe D:\Research\NO-2D-Metamaterials\train_from_disk.py --amp none --hidden-channels 128 --learning-rate 2e-3 --weight-decay 0 --scheduler steplr --step-size 1 --gamma 0.9 --eigen-ch0-encoding uniform --batch-size 520 --num-workers 2 --prefetch-factor 3 --seed 0 --progress-mode plain --resume-run-dir D:\Research\NO-2D-Metamaterials\MODELS\training_runs\NO_I3O5_BCF16_NMAE_HC128_LR2e-03_WD0e+00_SS1_G9e-01_ch0u_260705 --extend-epochs 8 --loss mae --reset-optimizer-scheduler

2026-07-07 04:09:50,067 | INFO | Loss logging: active=mae; every epoch records train/val mae, MAE, and MSE
D:\Research\NO-2D-Metamaterials\train_from_disk.py:1858: FutureWarning: `torch.cuda.amp.GradScaler(args...)` is deprecated. Please use `torch.amp.GradScaler('cuda', args...)` instead.
  scaler = torch.cuda.amp.GradScaler(enabled=(device.type == "cuda" and args.amp == "fp16"))
2026-07-07 04:09:50,912 | INFO | Resumed model weights from D:\Research\NO-2D-Metamaterials\MODELS\training_runs\NO_I3O5_BCF16_NMAE_HC128_LR2e-03_WD0e+00_SS1_G9e-01_ch0u_260705\training_state_latest.pt at epoch=12; reset optimizer/scheduler to lr=2.000e-03 gamma=0.9 (not restoring saved optimizer state).
2026-07-07 04:09:50,915 | INFO | Run started | run_name=NO_I3O5_BCF16_NMAE_HC128_LR2e-03_WD0e+00_SS1_G9e-01_ch0u_260705 run_id=NO_I3O5_BCF16_NMAE_HC128_LR2e-03_WD0e+00_SS1_G9e-01_ch0u_260705 device=cuda train_samples=18720000 test_samples=3900000 val_index_source=indices_full epoch_range=13..20
2026-07-07 04:09:50,915 | INFO | Fault diagnostics | main_fault_log=D:\Research\NO-2D-Metamaterials\MODELS\training_runs\NO_I3O5_BCF16_NMAE_HC128_LR2e-03_WD0e+00_SS1_G9e-01_ch0u_260705\main_process_fault.log
E13/20 B100/36000 batch_loss=1.5589e-03
E13/20 B200/36000 batch_loss=1.3794e-03
E13/20 B300/36000 batch_loss=2.0180e-03
E13/20 B400/36000 batch_loss=2.3092e-03
E13/20 B500/36000 batch_loss=1.1871e-03
E13/20 B600/36000 batch_loss=2.0390e-03
E13/20 B700/36000 batch_loss=1.3311e-03
E13/20 B800/36000 batch_loss=1.5314e-03
E13/20 B900/36000 batch_loss=1.2434e-03
E13/20 B1000/36000 batch_loss=1.9852e-03
E13/20 B1100/36000 batch_loss=1.3225e-03
E13/20 B1200/36000 batch_loss=1.9227e-03
E13/20 B1300/36000 batch_loss=2.0440e-03
E13/20 B1400/36000 batch_loss=1.4261e-03
E13/20 B1500/36000 batch_loss=1.9036e-03
E13/20 B1600/36000 batch_loss=1.5145e-03
E13/20 B1700/36000 batch_loss=2.2637e-03
E13/20 B1800/36000 batch_loss=1.9647e-03
E13/20 B1900/36000 batch_loss=1.4131e-03
E13/20 B2000/36000 batch_loss=1.7670e-03
E13/20 B2100/36000 batch_loss=1.8382e-03
E13/20 B2200/36000 batch_loss=1.2758e-03
E13/20 B2300/36000 batch_loss=2.1852e-03
E13/20 B2400/36000 batch_loss=1.8838e-03
E13/20 B2500/36000 batch_loss=2.1501e-03
E13/20 B2600/36000 batch_loss=1.9612e-03
E13/20 B2700/36000 batch_loss=1.4582e-03
E13/20 B2800/36000 batch_loss=1.6935e-03
E13/20 B2900/36000 batch_loss=1.2773e-03
E13/20 B3000/36000 batch_loss=2.1773e-03
E13/20 B3100/36000 batch_loss=1.6508e-03
E13/20 B3200/36000 batch_loss=2.0960e-03
E13/20 B3300/36000 batch_loss=1.9820e-03
E13/20 B3400/36000 batch_loss=1.6121e-03
E13/20 B3500/36000 batch_loss=1.4975e-03
E13/20 B3600/36000 batch_loss=1.4311e-03
E13/20 B3700/36000 batch_loss=1.5268e-03
E13/20 B3800/36000 batch_loss=2.1142e-03
E13/20 B3900/36000 batch_loss=1.6310e-03
E13/20 B4000/36000 batch_loss=1.5245e-03
E13/20 B4100/36000 batch_loss=1.5712e-03
E13/20 B4200/36000 batch_loss=1.2405e-03
E13/20 B4300/36000 batch_loss=1.9215e-03
E13/20 B4400/36000 batch_loss=1.3852e-03
E13/20 B4500/36000 batch_loss=2.4592e-03
E13/20 B4600/36000 batch_loss=2.1070e-03
E13/20 B4700/36000 batch_loss=1.5536e-03
E13/20 B4800/36000 batch_loss=1.8990e-03
E13/20 B4900/36000 batch_loss=1.3286e-03
E13/20 B5000/36000 batch_loss=1.6931e-03
E13/20 B5100/36000 batch_loss=1.3773e-03
E13/20 B5200/36000 batch_loss=1.9091e-03
E13/20 B5300/36000 batch_loss=1.5615e-03
E13/20 B5400/36000 batch_loss=1.4317e-03
E13/20 B5500/36000 batch_loss=1.3778e-03
E13/20 B5600/36000 batch_loss=1.5433e-03
E13/20 B5700/36000 batch_loss=1.3220e-03
E13/20 B5800/36000 batch_loss=1.7010e-03
E13/20 B5900/36000 batch_loss=2.1812e-03
E13/20 B6000/36000 batch_loss=1.5426e-03
E13/20 B6100/36000 batch_loss=1.5780e-03
E13/20 B6200/36000 batch_loss=1.9807e-03
E13/20 B6300/36000 batch_loss=1.3299e-03
E13/20 B6400/36000 batch_loss=1.1806e-03
E13/20 B6500/36000 batch_loss=2.0338e-03
E13/20 B6600/36000 batch_loss=5.2343e-03
E13/20 B6700/36000 batch_loss=3.2676e-03
E13/20 B6800/36000 batch_loss=1.6138e-03
E13/20 B6900/36000 batch_loss=2.2592e-03
E13/20 B7000/36000 batch_loss=2.1038e-03
E13/20 B7100/36000 batch_loss=1.5543e-03
E13/20 B7200/36000 batch_loss=1.4706e-03
E13/20 B7300/36000 batch_loss=1.6994e-03
E13/20 B7400/36000 batch_loss=1.8665e-03
E13/20 B7500/36000 batch_loss=2.0898e-03
E13/20 B7600/36000 batch_loss=1.3795e-03
E13/20 B7700/36000 batch_loss=1.2834e-03
E13/20 B7800/36000 batch_loss=1.5335e-03
E13/20 B7900/36000 batch_loss=1.3402e-03
E13/20 B8000/36000 batch_loss=2.1073e-03
E13/20 B8100/36000 batch_loss=1.4680e-03
E13/20 B8200/36000 batch_loss=2.1416e-03
E13/20 B8300/36000 batch_loss=2.0817e-03
E13/20 B8400/36000 batch_loss=2.2751e-03
E13/20 B8500/36000 batch_loss=1.9226e-03
E13/20 B8600/36000 batch_loss=1.8989e-03
E13/20 B8700/36000 batch_loss=1.4846e-03
E13/20 B8800/36000 batch_loss=1.5554e-03
E13/20 B8900/36000 batch_loss=2.2587e-03
E13/20 B9000/36000 batch_loss=1.4685e-03
E13/20 B9100/36000 batch_loss=1.5960e-03
E13/20 B9200/36000 batch_loss=1.2654e-03
E13/20 B9300/36000 batch_loss=1.4555e-03
E13/20 B9400/36000 batch_loss=2.0654e-03
E13/20 B9500/36000 batch_loss=1.9539e-03
E13/20 B9600/36000 batch_loss=1.4749e-03
E13/20 B9700/36000 batch_loss=2.1670e-03
E13/20 B9800/36000 batch_loss=2.1622e-03
E13/20 B9900/36000 batch_loss=1.3643e-03
E13/20 B10000/36000 batch_loss=1.8466e-03
E13/20 B10100/36000 batch_loss=2.0735e-03
E13/20 B10200/36000 batch_loss=1.5876e-03
E13/20 B10300/36000 batch_loss=2.2654e-03
E13/20 B10400/36000 batch_loss=1.7162e-03
E13/20 B10500/36000 batch_loss=1.9533e-03
E13/20 B10600/36000 batch_loss=2.0198e-03
E13/20 B10700/36000 batch_loss=2.0221e-03
E13/20 B10800/36000 batch_loss=1.4412e-03
E13/20 B10900/36000 batch_loss=1.3757e-03
E13/20 B11000/36000 batch_loss=1.2984e-03
E13/20 B11100/36000 batch_loss=1.5674e-03
E13/20 B11200/36000 batch_loss=1.9909e-03
E13/20 B11300/36000 batch_loss=1.6157e-03
E13/20 B11400/36000 batch_loss=1.2989e-03
E13/20 B11500/36000 batch_loss=2.0049e-03
E13/20 B11600/36000 batch_loss=1.9663e-03
E13/20 B11700/36000 batch_loss=1.3802e-03
E13/20 B11800/36000 batch_loss=1.4567e-03
E13/20 B11900/36000 batch_loss=2.1071e-03
E13/20 B12000/36000 batch_loss=1.5488e-03
E13/20 B12100/36000 batch_loss=2.0475e-03
E13/20 B12200/36000 batch_loss=1.9201e-03
E13/20 B12300/36000 batch_loss=1.4716e-03
E13/20 B12400/36000 batch_loss=1.9900e-03
E13/20 B12500/36000 batch_loss=1.6718e-03
E13/20 B12600/36000 batch_loss=2.1055e-03
E13/20 B12700/36000 batch_loss=1.9664e-03
E13/20 B12800/36000 batch_loss=1.3541e-03
E13/20 B12900/36000 batch_loss=2.2032e-03
E13/20 B13000/36000 batch_loss=2.1855e-03
E13/20 B13100/36000 batch_loss=1.3399e-03
E13/20 B13200/36000 batch_loss=2.1033e-03
E13/20 B13300/36000 batch_loss=2.1399e-03
E13/20 B13400/36000 batch_loss=1.4508e-03
E13/20 B13500/36000 batch_loss=1.7642e-03
E13/20 B13600/36000 batch_loss=1.3209e-03
E13/20 B13700/36000 batch_loss=1.4518e-03
E13/20 B13800/36000 batch_loss=1.8819e-03
E13/20 B13900/36000 batch_loss=2.0808e-03
E13/20 B14000/36000 batch_loss=2.1399e-03
E13/20 B14100/36000 batch_loss=1.5758e-03
E13/20 B14200/36000 batch_loss=2.3736e-03
E13/20 B14300/36000 batch_loss=1.2859e-03
E13/20 B14400/36000 batch_loss=2.0663e-03
E13/20 B14500/36000 batch_loss=1.4341e-03
E13/20 B14600/36000 batch_loss=2.0073e-03
E13/20 B14700/36000 batch_loss=2.3753e-03
E13/20 B14800/36000 batch_loss=1.4008e-03
E13/20 B14900/36000 batch_loss=1.9329e-03
E13/20 B15000/36000 batch_loss=1.3273e-03
E13/20 B15100/36000 batch_loss=2.1133e-03
E13/20 B15200/36000 batch_loss=1.5785e-03
E13/20 B15300/36000 batch_loss=1.6490e-03
E13/20 B15400/36000 batch_loss=1.8651e-03
E13/20 B15500/36000 batch_loss=2.2415e-03
E13/20 B15600/36000 batch_loss=2.0735e-03
E13/20 B15700/36000 batch_loss=1.8871e-03
E13/20 B15800/36000 batch_loss=1.5260e-03
E13/20 B15900/36000 batch_loss=2.4549e-03
E13/20 B16000/36000 batch_loss=2.3600e-03
E13/20 B16100/36000 batch_loss=2.1207e-03
E13/20 B16200/36000 batch_loss=1.3871e-03
E13/20 B16300/36000 batch_loss=1.4942e-03
E13/20 B16400/36000 batch_loss=1.3818e-03
E13/20 B16500/36000 batch_loss=1.5504e-03
E13/20 B16600/36000 batch_loss=2.1384e-03
E13/20 B16700/36000 batch_loss=1.4628e-03
E13/20 B16800/36000 batch_loss=2.0520e-03
E13/20 B16900/36000 batch_loss=1.8905e-03
E13/20 B17000/36000 batch_loss=1.5072e-03
E13/20 B17100/36000 batch_loss=1.4761e-03
E13/20 B17200/36000 batch_loss=1.5891e-03
E13/20 B17300/36000 batch_loss=1.5579e-03
E13/20 B17400/36000 batch_loss=1.4310e-03
E13/20 B17500/36000 batch_loss=2.2938e-03
E13/20 B17600/36000 batch_loss=2.0494e-03
E13/20 B17700/36000 batch_loss=1.9407e-03
E13/20 B17800/36000 batch_loss=1.2311e-03
E13/20 B17900/36000 batch_loss=2.5132e-03
E13/20 B18000/36000 batch_loss=1.4704e-03
E13/20 B18100/36000 batch_loss=1.9895e-03
E13/20 B18200/36000 batch_loss=1.5334e-03
E13/20 B18300/36000 batch_loss=1.8657e-03
E13/20 B18400/36000 batch_loss=1.3380e-03
E13/20 B18500/36000 batch_loss=2.1253e-03
E13/20 B18600/36000 batch_loss=1.8908e-03
E13/20 B18700/36000 batch_loss=1.9936e-03
E13/20 B18800/36000 batch_loss=2.2014e-03
E13/20 B18900/36000 batch_loss=2.0078e-03
E13/20 B19000/36000 batch_loss=1.6302e-03
E13/20 B19100/36000 batch_loss=1.7185e-03
E13/20 B19200/36000 batch_loss=2.0556e-03
E13/20 B19300/36000 batch_loss=2.2911e-03
E13/20 B19400/36000 batch_loss=1.4828e-03
E13/20 B19500/36000 batch_loss=1.8071e-03
E13/20 B19600/36000 batch_loss=2.5340e-03
E13/20 B19700/36000 batch_loss=2.0320e-03
E13/20 B19800/36000 batch_loss=1.3728e-03
E13/20 B19900/36000 batch_loss=2.1218e-03
E13/20 B20000/36000 batch_loss=2.5103e-03
E13/20 B20100/36000 batch_loss=1.4819e-03
E13/20 B20200/36000 batch_loss=2.0345e-03
E13/20 B20300/36000 batch_loss=2.1036e-03
E13/20 B20400/36000 batch_loss=1.5083e-03
E13/20 B20500/36000 batch_loss=1.9104e-03
E13/20 B20600/36000 batch_loss=1.9865e-03
E13/20 B20700/36000 batch_loss=1.9806e-03
E13/20 B20800/36000 batch_loss=2.0172e-03
E13/20 B20900/36000 batch_loss=1.3882e-03
E13/20 B21000/36000 batch_loss=2.0937e-03
E13/20 B21100/36000 batch_loss=1.3640e-03
E13/20 B21200/36000 batch_loss=2.0208e-03
E13/20 B21300/36000 batch_loss=1.4924e-03
E13/20 B21400/36000 batch_loss=2.0695e-03
E13/20 B21500/36000 batch_loss=1.5489e-03
E13/20 B21600/36000 batch_loss=1.2021e-03
E13/20 B21700/36000 batch_loss=2.1838e-03
E13/20 B21800/36000 batch_loss=1.4858e-03
E13/20 B21900/36000 batch_loss=1.4975e-03
E13/20 B22000/36000 batch_loss=1.3651e-03
E13/20 B22100/36000 batch_loss=1.5667e-03
E13/20 B22200/36000 batch_loss=1.4387e-03
E13/20 B22300/36000 batch_loss=2.0563e-03
E13/20 B22400/36000 batch_loss=2.1548e-03
E13/20 B22500/36000 batch_loss=1.4593e-03
E13/20 B22600/36000 batch_loss=1.4320e-03
E13/20 B22700/36000 batch_loss=2.0489e-03
E13/20 B22800/36000 batch_loss=1.5405e-03
E13/20 B22900/36000 batch_loss=2.6160e-03
E13/20 B23000/36000 batch_loss=1.5789e-03
E13/20 B23100/36000 batch_loss=2.0235e-03
E13/20 B23200/36000 batch_loss=1.3309e-03
E13/20 B23300/36000 batch_loss=2.0841e-03
E13/20 B23400/36000 batch_loss=2.0514e-03
E13/20 B23500/36000 batch_loss=2.0735e-03
E13/20 B23600/36000 batch_loss=1.5194e-03
E13/20 B23700/36000 batch_loss=2.0950e-03
E13/20 B23800/36000 batch_loss=1.4121e-03
E13/20 B23900/36000 batch_loss=1.9701e-03
E13/20 B24000/36000 batch_loss=2.1363e-03
E13/20 B24100/36000 batch_loss=1.3419e-03
E13/20 B24200/36000 batch_loss=2.0681e-03
E13/20 B24300/36000 batch_loss=2.0362e-03
E13/20 B24400/36000 batch_loss=2.0743e-03
E13/20 B24500/36000 batch_loss=2.2893e-03
E13/20 B24600/36000 batch_loss=2.0309e-03
E13/20 B24700/36000 batch_loss=1.4631e-03
E13/20 B24800/36000 batch_loss=1.2922e-03
E13/20 B24900/36000 batch_loss=2.0402e-03
E13/20 B25000/36000 batch_loss=2.8971e-03
E13/20 B25100/36000 batch_loss=2.2672e-03
E13/20 B25200/36000 batch_loss=1.3589e-03
E13/20 B25300/36000 batch_loss=1.4564e-03
E13/20 B25400/36000 batch_loss=1.2799e-03
E13/20 B25500/36000 batch_loss=1.6960e-03
E13/20 B25600/36000 batch_loss=2.0242e-03
E13/20 B25700/36000 batch_loss=2.0152e-03
E13/20 B25800/36000 batch_loss=2.0683e-03
E13/20 B25900/36000 batch_loss=1.3111e-03
E13/20 B26000/36000 batch_loss=1.5266e-03
E13/20 B26100/36000 batch_loss=1.5799e-03
E13/20 B26200/36000 batch_loss=2.0495e-03
E13/20 B26300/36000 batch_loss=1.9118e-03
E13/20 B26400/36000 batch_loss=1.6367e-03
E13/20 B26500/36000 batch_loss=2.3041e-03
E13/20 B26600/36000 batch_loss=1.9861e-03
E13/20 B26700/36000 batch_loss=1.2755e-03
E13/20 B26800/36000 batch_loss=1.3787e-03
E13/20 B26900/36000 batch_loss=2.0408e-03
E13/20 B27000/36000 batch_loss=2.0470e-03
E13/20 B27100/36000 batch_loss=1.5502e-03
E13/20 B27200/36000 batch_loss=2.0247e-03
E13/20 B27300/36000 batch_loss=1.4609e-03
E13/20 B27400/36000 batch_loss=1.4607e-03
E13/20 B27500/36000 batch_loss=1.8770e-03
E13/20 B27600/36000 batch_loss=2.1431e-03
E13/20 B27700/36000 batch_loss=1.4275e-03
E13/20 B27800/36000 batch_loss=1.2305e-03
E13/20 B27900/36000 batch_loss=2.1507e-03
E13/20 B28000/36000 batch_loss=2.1604e-03
E13/20 B28100/36000 batch_loss=1.3658e-03
E13/20 B28200/36000 batch_loss=2.3120e-03
E13/20 B28300/36000 batch_loss=2.0917e-03
E13/20 B28400/36000 batch_loss=1.4695e-03
E13/20 B28500/36000 batch_loss=1.4386e-03
E13/20 B28600/36000 batch_loss=1.4910e-03
E13/20 B28700/36000 batch_loss=2.0629e-03
E13/20 B28800/36000 batch_loss=2.0029e-03
E13/20 B28900/36000 batch_loss=1.4780e-03
E13/20 B29000/36000 batch_loss=1.5874e-03
E13/20 B29100/36000 batch_loss=2.0122e-03
E13/20 B29200/36000 batch_loss=1.4125e-03
E13/20 B29300/36000 batch_loss=2.3873e-03
E13/20 B29400/36000 batch_loss=1.5157e-03
E13/20 B29500/36000 batch_loss=1.5769e-03
E13/20 B29600/36000 batch_loss=1.7734e-03
E13/20 B29700/36000 batch_loss=2.6310e-03
E13/20 B29800/36000 batch_loss=2.2605e-03
E13/20 B29900/36000 batch_loss=2.1369e-03
E13/20 B30000/36000 batch_loss=1.4817e-03
E13/20 B30100/36000 batch_loss=1.9536e-03
E13/20 B30200/36000 batch_loss=2.1280e-03
E13/20 B30300/36000 batch_loss=1.4793e-03
E13/20 B30400/36000 batch_loss=1.3133e-03
E13/20 B30500/36000 batch_loss=2.2477e-03
E13/20 B30600/36000 batch_loss=2.0493e-03
E13/20 B30700/36000 batch_loss=1.4923e-03
E13/20 B30800/36000 batch_loss=1.4546e-03
E13/20 B30900/36000 batch_loss=2.6686e-03
E13/20 B31000/36000 batch_loss=1.5095e-03
E13/20 B31100/36000 batch_loss=1.4837e-03
E13/20 B31200/36000 batch_loss=1.5825e-03
E13/20 B31300/36000 batch_loss=2.0154e-03
E13/20 B31400/36000 batch_loss=2.0378e-03
E13/20 B31500/36000 batch_loss=2.1177e-03
E13/20 B31600/36000 batch_loss=1.5232e-03
E13/20 B31700/36000 batch_loss=1.7327e-03
E13/20 B31800/36000 batch_loss=2.2193e-03
E13/20 B31900/36000 batch_loss=1.5685e-03
E13/20 B32000/36000 batch_loss=1.5113e-03
E13/20 B32100/36000 batch_loss=1.5336e-03
E13/20 B32200/36000 batch_loss=2.2331e-03
E13/20 B32300/36000 batch_loss=1.7634e-03
E13/20 B32400/36000 batch_loss=2.0940e-03
E13/20 B32500/36000 batch_loss=1.3250e-03
E13/20 B32600/36000 batch_loss=2.0858e-03
E13/20 B32700/36000 batch_loss=2.2466e-03
E13/20 B32800/36000 batch_loss=1.6554e-03
E13/20 B32900/36000 batch_loss=1.2655e-03
E13/20 B33000/36000 batch_loss=2.5102e-03
E13/20 B33100/36000 batch_loss=1.2197e-03
E13/20 B33200/36000 batch_loss=2.0031e-03
E13/20 B33300/36000 batch_loss=1.8979e-03
E13/20 B33400/36000 batch_loss=2.1870e-03
E13/20 B33500/36000 batch_loss=1.6144e-03
E13/20 B33600/36000 batch_loss=2.0726e-03
E13/20 B33700/36000 batch_loss=1.4486e-03
E13/20 B33800/36000 batch_loss=1.4154e-03
E13/20 B33900/36000 batch_loss=1.5723e-03
E13/20 B34000/36000 batch_loss=2.4010e-03
E13/20 B34100/36000 batch_loss=1.6215e-03
E13/20 B34200/36000 batch_loss=1.5010e-03
E13/20 B34300/36000 batch_loss=1.4970e-03
E13/20 B34400/36000 batch_loss=2.0852e-03
E13/20 B34500/36000 batch_loss=1.8872e-03
E13/20 B34600/36000 batch_loss=2.1731e-03
E13/20 B34700/36000 batch_loss=2.6800e-03
E13/20 B34800/36000 batch_loss=1.9988e-03
E13/20 B34900/36000 batch_loss=1.4533e-03
E13/20 B35000/36000 batch_loss=1.5888e-03
E13/20 B35100/36000 batch_loss=1.9594e-03
E13/20 B35200/36000 batch_loss=1.5482e-03
E13/20 B35300/36000 batch_loss=1.4715e-03
E13/20 B35400/36000 batch_loss=2.1614e-03
E13/20 B35500/36000 batch_loss=1.5113e-03
E13/20 B35600/36000 batch_loss=2.0200e-03
E13/20 B35700/36000 batch_loss=1.4184e-03
E13/20 B35800/36000 batch_loss=2.0053e-03
E13/20 B35900/36000 batch_loss=1.9781e-03
E13/20 B36000/36000 batch_loss=1.4268e-03
2026-07-07 07:56:10,424 | INFO | Saved 10 diagnostic panel(s) under D:\Research\NO-2D-Metamaterials\MODELS\training_runs\NO_I3O5_BCF16_NMAE_HC128_LR2e-03_WD0e+00_SS1_G9e-01_ch0u_260705\diagnostics\epoch_013
epoch=13/20 loss=mae train_mae=1.818440e-03 val_mae=2.306539e-03 train_mae=1.818440e-03 val_mae=2.306539e-03 train_mse=3.584400e-05 val_mse=5.181778e-05 lr=1.800e-03 train_sps=1481.7
2026-07-07 07:56:11,937 | INFO | epoch=13/20 loss=mae train_mae=1.818440e-03 val_mae=2.306539e-03 train_mae=1.818440e-03 val_mae=2.306539e-03 train_mse=3.584400e-05 val_mse=5.181778e-05 lr=1.800e-03 train_sps=1481.7
2026-07-07 07:56:11,937 | INFO | epoch=13/20 loss_ch_mae train=8.965e-04 1.871e-03 1.764e-03 2.365e-03 2.196e-03 val=6.067e-04 2.561e-03 2.356e-03 3.252e-03 2.756e-03
2026-07-07 07:56:11,937 | INFO | epoch=13/20 mae_ch train=8.965e-04 1.871e-03 1.764e-03 2.365e-03 2.196e-03 val=6.067e-04 2.561e-03 2.356e-03 3.252e-03 2.756e-03 mse_ch train=1.284e-05 3.357e-05 3.112e-05 5.480e-05 4.689e-05 val=2.283e-06 5.364e-05 5.092e-05 8.222e-05 7.003e-05
Epoch 13/20 done | loss=mae train=1.8184e-03 val=2.3065e-03 mae=2.3065e-03 mse=5.1818e-05 lr=1.80e-03
E14/20 B100/36000 batch_loss=1.8656e-03
E14/20 B200/36000 batch_loss=1.3865e-03
E14/20 B300/36000 batch_loss=2.1030e-03
E14/20 B400/36000 batch_loss=1.4373e-03
E14/20 B500/36000 batch_loss=1.2923e-03
E14/20 B600/36000 batch_loss=1.9387e-03
E14/20 B700/36000 batch_loss=1.4064e-03
E14/20 B800/36000 batch_loss=1.3695e-03
E14/20 B900/36000 batch_loss=1.4325e-03
E14/20 B1000/36000 batch_loss=2.0722e-03
E14/20 B1100/36000 batch_loss=1.9902e-03
E14/20 B1200/36000 batch_loss=1.9046e-03
E14/20 B1300/36000 batch_loss=1.8114e-03
E14/20 B1400/36000 batch_loss=2.0037e-03
E14/20 B1500/36000 batch_loss=1.1047e-03
E14/20 B1600/36000 batch_loss=2.1832e-03
E14/20 B1700/36000 batch_loss=2.2216e-03
E14/20 B1800/36000 batch_loss=1.5118e-03
E14/20 B1900/36000 batch_loss=2.0046e-03
E14/20 B2000/36000 batch_loss=1.4011e-03
E14/20 B2100/36000 batch_loss=1.2157e-03
E14/20 B2200/36000 batch_loss=2.0262e-03
E14/20 B2300/36000 batch_loss=1.8484e-03
E14/20 B2400/36000 batch_loss=2.1480e-03
E14/20 B2500/36000 batch_loss=1.7682e-03
E14/20 B2600/36000 batch_loss=1.2126e-03
E14/20 B2700/36000 batch_loss=1.2200e-03
E14/20 B2800/36000 batch_loss=1.8025e-03
E14/20 B2900/36000 batch_loss=2.1501e-03
E14/20 B3000/36000 batch_loss=1.8553e-03
E14/20 B3100/36000 batch_loss=1.2808e-03
E14/20 B3200/36000 batch_loss=2.0599e-03
E14/20 B3300/36000 batch_loss=2.0254e-03
E14/20 B3400/36000 batch_loss=1.8844e-03
E14/20 B3500/36000 batch_loss=1.3199e-03
E14/20 B3600/36000 batch_loss=1.9648e-03
E14/20 B3700/36000 batch_loss=2.1109e-03
E14/20 B3800/36000 batch_loss=1.8344e-03
E14/20 B3900/36000 batch_loss=1.4134e-03
E14/20 B4000/36000 batch_loss=2.3406e-03
E14/20 B4100/36000 batch_loss=2.1227e-03
E14/20 B4200/36000 batch_loss=1.8502e-03
E14/20 B4300/36000 batch_loss=2.1503e-03
E14/20 B4400/36000 batch_loss=1.7757e-03
E14/20 B4500/36000 batch_loss=2.0109e-03
E14/20 B4600/36000 batch_loss=1.3974e-03
E14/20 B4700/36000 batch_loss=1.2421e-03
E14/20 B4800/36000 batch_loss=1.8673e-03
E14/20 B4900/36000 batch_loss=1.5256e-03
E14/20 B5000/36000 batch_loss=1.2860e-03
E14/20 B5100/36000 batch_loss=1.9373e-03
E14/20 B5200/36000 batch_loss=2.0143e-03
E14/20 B5300/36000 batch_loss=2.0358e-03
E14/20 B5400/36000 batch_loss=1.4733e-03
E14/20 B5500/36000 batch_loss=1.9611e-03
E14/20 B5600/36000 batch_loss=1.2573e-03
E14/20 B5700/36000 batch_loss=1.5312e-03
E14/20 B5800/36000 batch_loss=1.3525e-03
E14/20 B5900/36000 batch_loss=2.1319e-03
E14/20 B6000/36000 batch_loss=1.3419e-03
E14/20 B6100/36000 batch_loss=2.1107e-03
E14/20 B6200/36000 batch_loss=1.5509e-03
E14/20 B6300/36000 batch_loss=1.4752e-03
E14/20 B6400/36000 batch_loss=1.8462e-03
E14/20 B6500/36000 batch_loss=1.4071e-03
E14/20 B6600/36000 batch_loss=1.4179e-03
E14/20 B6700/36000 batch_loss=1.9510e-03
E14/20 B6800/36000 batch_loss=1.3313e-03
E14/20 B6900/36000 batch_loss=1.4948e-03
E14/20 B7000/36000 batch_loss=2.0344e-03
E14/20 B7100/36000 batch_loss=1.9690e-03
E14/20 B7200/36000 batch_loss=1.4700e-03
E14/20 B7300/36000 batch_loss=1.8521e-03
E14/20 B7400/36000 batch_loss=2.1632e-03
E14/20 B7500/36000 batch_loss=1.8569e-03
E14/20 B7600/36000 batch_loss=1.6210e-03
E14/20 B7700/36000 batch_loss=1.7999e-03
E14/20 B7800/36000 batch_loss=1.6438e-03
E14/20 B7900/36000 batch_loss=2.0200e-03
E14/20 B8000/36000 batch_loss=1.8033e-03
E14/20 B8100/36000 batch_loss=1.6147e-03
E14/20 B8200/36000 batch_loss=1.8529e-03
E14/20 B8300/36000 batch_loss=2.0413e-03
E14/20 B8400/36000 batch_loss=1.8363e-03
E14/20 B8500/36000 batch_loss=1.9407e-03
E14/20 B8600/36000 batch_loss=1.9701e-03
E14/20 B8700/36000 batch_loss=1.5554e-03
E14/20 B8800/36000 batch_loss=1.3765e-03
E14/20 B8900/36000 batch_loss=1.3921e-03
E14/20 B9000/36000 batch_loss=1.9872e-03
E14/20 B9100/36000 batch_loss=1.3631e-03
E14/20 B9200/36000 batch_loss=1.5527e-03
E14/20 B9300/36000 batch_loss=1.9317e-03
E14/20 B9400/36000 batch_loss=1.9660e-03
E14/20 B9500/36000 batch_loss=2.0319e-03
E14/20 B9600/36000 batch_loss=2.1341e-03
E14/20 B9700/36000 batch_loss=1.9192e-03
E14/20 B9800/36000 batch_loss=1.6938e-03
E14/20 B9900/36000 batch_loss=2.4182e-03
E14/20 B10000/36000 batch_loss=1.8817e-03
E14/20 B10100/36000 batch_loss=1.8417e-03
E14/20 B10200/36000 batch_loss=1.5648e-03
E14/20 B10300/36000 batch_loss=1.7819e-03
E14/20 B10400/36000 batch_loss=2.0609e-03
E14/20 B10500/36000 batch_loss=2.1686e-03
E14/20 B10600/36000 batch_loss=1.3235e-03
E14/20 B10700/36000 batch_loss=1.9619e-03
E14/20 B10800/36000 batch_loss=1.4473e-03
E14/20 B10900/36000 batch_loss=1.3177e-03
E14/20 B11000/36000 batch_loss=1.5164e-03
E14/20 B11100/36000 batch_loss=1.8808e-03
E14/20 B11200/36000 batch_loss=1.2755e-03
E14/20 B11300/36000 batch_loss=1.8891e-03
E14/20 B11400/36000 batch_loss=1.9489e-03
E14/20 B11500/36000 batch_loss=1.3962e-03
E14/20 B11600/36000 batch_loss=1.3706e-03
E14/20 B11700/36000 batch_loss=1.2840e-03
E14/20 B11800/36000 batch_loss=1.8448e-03
E14/20 B11900/36000 batch_loss=1.3371e-03
E14/20 B12000/36000 batch_loss=1.3109e-03
E14/20 B12100/36000 batch_loss=1.4079e-03
E14/20 B12200/36000 batch_loss=1.4561e-03
E14/20 B12300/36000 batch_loss=1.4727e-03
E14/20 B12400/36000 batch_loss=1.9996e-03
E14/20 B12500/36000 batch_loss=2.0458e-03
E14/20 B12600/36000 batch_loss=2.1005e-03
E14/20 B12700/36000 batch_loss=2.0731e-03
E14/20 B12800/36000 batch_loss=1.9356e-03
E14/20 B12900/36000 batch_loss=1.3659e-03
E14/20 B13000/36000 batch_loss=2.1689e-03
E14/20 B13100/36000 batch_loss=1.3967e-03
E14/20 B13200/36000 batch_loss=1.2393e-03
E14/20 B13300/36000 batch_loss=1.8833e-03
E14/20 B13400/36000 batch_loss=1.9656e-03
E14/20 B13500/36000 batch_loss=1.5980e-03
E14/20 B13600/36000 batch_loss=1.3413e-03
E14/20 B13700/36000 batch_loss=1.9979e-03
E14/20 B13800/36000 batch_loss=1.2701e-03
E14/20 B13900/36000 batch_loss=2.1237e-03
E14/20 B14000/36000 batch_loss=1.1862e-03
E14/20 B14100/36000 batch_loss=1.9732e-03
E14/20 B14200/36000 batch_loss=2.0472e-03
E14/20 B14300/36000 batch_loss=1.8732e-03
E14/20 B14400/36000 batch_loss=1.5602e-03
E14/20 B14500/36000 batch_loss=1.8947e-03
E14/20 B14600/36000 batch_loss=2.1508e-03
E14/20 B14700/36000 batch_loss=1.6209e-03
E14/20 B14800/36000 batch_loss=1.9988e-03
E14/20 B14900/36000 batch_loss=2.1940e-03
E14/20 B15000/36000 batch_loss=1.9678e-03
E14/20 B15100/36000 batch_loss=1.8753e-03
E14/20 B15200/36000 batch_loss=1.9305e-03
E14/20 B15300/36000 batch_loss=2.0782e-03
E14/20 B15400/36000 batch_loss=1.3556e-03
E14/20 B15500/36000 batch_loss=1.3246e-03
E14/20 B15600/36000 batch_loss=1.9417e-03
E14/20 B15700/36000 batch_loss=1.9491e-03
E14/20 B15800/36000 batch_loss=2.1448e-03
E14/20 B15900/36000 batch_loss=1.5253e-03
E14/20 B16000/36000 batch_loss=1.4397e-03
E14/20 B16100/36000 batch_loss=1.4142e-03
E14/20 B16200/36000 batch_loss=1.9682e-03
E14/20 B16300/36000 batch_loss=1.6210e-03
E14/20 B16400/36000 batch_loss=2.0088e-03
E14/20 B16500/36000 batch_loss=2.0051e-03
E14/20 B16600/36000 batch_loss=1.3642e-03
E14/20 B16700/36000 batch_loss=1.4127e-03
E14/20 B16800/36000 batch_loss=1.7969e-03
E14/20 B16900/36000 batch_loss=1.9846e-03
E14/20 B17000/36000 batch_loss=2.0533e-03
E14/20 B17100/36000 batch_loss=1.9507e-03
E14/20 B17200/36000 batch_loss=2.1364e-03
E14/20 B17300/36000 batch_loss=1.2480e-03
E14/20 B17400/36000 batch_loss=2.1822e-03
E14/20 B17500/36000 batch_loss=1.8905e-03
E14/20 B17600/36000 batch_loss=1.4226e-03
E14/20 B17700/36000 batch_loss=1.9589e-03
E14/20 B17800/36000 batch_loss=1.5006e-03
E14/20 B17900/36000 batch_loss=1.3037e-03
E14/20 B18000/36000 batch_loss=1.8669e-03
E14/20 B18100/36000 batch_loss=1.9974e-03
E14/20 B18200/36000 batch_loss=1.2284e-03
E14/20 B18300/36000 batch_loss=1.7986e-03
E14/20 B18400/36000 batch_loss=1.9155e-03
E14/20 B18500/36000 batch_loss=1.3236e-03
E14/20 B18600/36000 batch_loss=2.3868e-03
E14/20 B18700/36000 batch_loss=1.3762e-03
E14/20 B18800/36000 batch_loss=1.3417e-03
E14/20 B18900/36000 batch_loss=2.1645e-03
E14/20 B19000/36000 batch_loss=1.4815e-03
E14/20 B19100/36000 batch_loss=1.8985e-03
E14/20 B19200/36000 batch_loss=1.7104e-03
E14/20 B19300/36000 batch_loss=2.0830e-03
E14/20 B19400/36000 batch_loss=2.6654e-03
E14/20 B19500/36000 batch_loss=1.3940e-03
E14/20 B19600/36000 batch_loss=1.9561e-03
E14/20 B19700/36000 batch_loss=2.1602e-03
E14/20 B19800/36000 batch_loss=1.4854e-03
E14/20 B19900/36000 batch_loss=2.0273e-03
E14/20 B20000/36000 batch_loss=1.9792e-03
E14/20 B20100/36000 batch_loss=1.2416e-03
E14/20 B20200/36000 batch_loss=2.0522e-03
E14/20 B20300/36000 batch_loss=2.1076e-03
E14/20 B20400/36000 batch_loss=1.9371e-03
E14/20 B20500/36000 batch_loss=2.2063e-03
E14/20 B20600/36000 batch_loss=2.1032e-03
E14/20 B20700/36000 batch_loss=2.0448e-03
E14/20 B20800/36000 batch_loss=1.6072e-03
E14/20 B20900/36000 batch_loss=1.2325e-03
E14/20 B21000/36000 batch_loss=2.0310e-03
E14/20 B21100/36000 batch_loss=1.4281e-03
E14/20 B21200/36000 batch_loss=1.8448e-03
E14/20 B21300/36000 batch_loss=2.0080e-03
E14/20 B21400/36000 batch_loss=1.4080e-03
E14/20 B21500/36000 batch_loss=1.7763e-03
E14/20 B21600/36000 batch_loss=1.3050e-03
E14/20 B21700/36000 batch_loss=1.2547e-03
E14/20 B21800/36000 batch_loss=1.3775e-03
E14/20 B21900/36000 batch_loss=2.6984e-03
E14/20 B22000/36000 batch_loss=1.3908e-03
E14/20 B22100/36000 batch_loss=1.3838e-03
E14/20 B22200/36000 batch_loss=2.0431e-03
E14/20 B22300/36000 batch_loss=1.9734e-03
E14/20 B22400/36000 batch_loss=1.8525e-03
E14/20 B22500/36000 batch_loss=1.4003e-03
E14/20 B22600/36000 batch_loss=1.3251e-03
E14/20 B22700/36000 batch_loss=1.4299e-03
E14/20 B22800/36000 batch_loss=1.9616e-03
E14/20 B22900/36000 batch_loss=2.1437e-03
E14/20 B23000/36000 batch_loss=1.7864e-03
E14/20 B23100/36000 batch_loss=2.1534e-03
E14/20 B23200/36000 batch_loss=1.9896e-03
E14/20 B23300/36000 batch_loss=2.0885e-03
E14/20 B23400/36000 batch_loss=1.8990e-03
E14/20 B23500/36000 batch_loss=1.2177e-03
E14/20 B23600/36000 batch_loss=1.8569e-03
E14/20 B23700/36000 batch_loss=2.1057e-03
E14/20 B23800/36000 batch_loss=1.8421e-03
E14/20 B23900/36000 batch_loss=2.0660e-03
E14/20 B24000/36000 batch_loss=1.2242e-03
E14/20 B24100/36000 batch_loss=1.8820e-03
E14/20 B24200/36000 batch_loss=2.0072e-03
E14/20 B24300/36000 batch_loss=1.9418e-03
E14/20 B24400/36000 batch_loss=2.2502e-03
E14/20 B24500/36000 batch_loss=2.1139e-03
E14/20 B24600/36000 batch_loss=1.2924e-03
E14/20 B24700/36000 batch_loss=1.4129e-03
E14/20 B24800/36000 batch_loss=1.3472e-03
E14/20 B24900/36000 batch_loss=1.4894e-03
E14/20 B25000/36000 batch_loss=1.5174e-03
E14/20 B25100/36000 batch_loss=1.4416e-03
E14/20 B25200/36000 batch_loss=2.0726e-03
E14/20 B25300/36000 batch_loss=2.0790e-03
E14/20 B25400/36000 batch_loss=1.9169e-03
E14/20 B25500/36000 batch_loss=1.8397e-03
E14/20 B25600/36000 batch_loss=1.3849e-03
E14/20 B25700/36000 batch_loss=1.3182e-03
E14/20 B25800/36000 batch_loss=1.2954e-03
E14/20 B25900/36000 batch_loss=1.8859e-03
E14/20 B26000/36000 batch_loss=1.3697e-03
E14/20 B26100/36000 batch_loss=2.0825e-03
E14/20 B26200/36000 batch_loss=1.2071e-03
E14/20 B26300/36000 batch_loss=2.0245e-03
E14/20 B26400/36000 batch_loss=1.9896e-03
E14/20 B26500/36000 batch_loss=1.7600e-03
E14/20 B26600/36000 batch_loss=1.3312e-03
E14/20 B26700/36000 batch_loss=1.9224e-03
E14/20 B26800/36000 batch_loss=1.4061e-03
E14/20 B26900/36000 batch_loss=1.6437e-03
E14/20 B27000/36000 batch_loss=1.9020e-03
E14/20 B27100/36000 batch_loss=2.4501e-03
E14/20 B27200/36000 batch_loss=1.4301e-03
E14/20 B27300/36000 batch_loss=1.8160e-03
E14/20 B27400/36000 batch_loss=1.4287e-03
E14/20 B27500/36000 batch_loss=1.9475e-03
E14/20 B27600/36000 batch_loss=2.0582e-03
E14/20 B27700/36000 batch_loss=1.9309e-03
E14/20 B27800/36000 batch_loss=1.2249e-03
E14/20 B27900/36000 batch_loss=1.4464e-03
E14/20 B28000/36000 batch_loss=1.5375e-03
E14/20 B28100/36000 batch_loss=1.4470e-03
E14/20 B28200/36000 batch_loss=1.6238e-03
E14/20 B28300/36000 batch_loss=2.0992e-03
E14/20 B28400/36000 batch_loss=1.4524e-03
E14/20 B28500/36000 batch_loss=2.1533e-03
E14/20 B28600/36000 batch_loss=1.8887e-03
E14/20 B28700/36000 batch_loss=2.0214e-03
E14/20 B28800/36000 batch_loss=2.1687e-03
E14/20 B28900/36000 batch_loss=2.0326e-03
E14/20 B29000/36000 batch_loss=1.3454e-03
E14/20 B29100/36000 batch_loss=1.9656e-03
E14/20 B29200/36000 batch_loss=1.9109e-03
E14/20 B29300/36000 batch_loss=1.9312e-03
E14/20 B29400/36000 batch_loss=2.0027e-03
E14/20 B29500/36000 batch_loss=2.6613e-03
E14/20 B29600/36000 batch_loss=1.3843e-03
E14/20 B29700/36000 batch_loss=1.3879e-03
E14/20 B29800/36000 batch_loss=1.3190e-03
E14/20 B29900/36000 batch_loss=1.5244e-03
E14/20 B30000/36000 batch_loss=1.4399e-03
E14/20 B30100/36000 batch_loss=1.9700e-03
E14/20 B30200/36000 batch_loss=1.9927e-03
E14/20 B30300/36000 batch_loss=1.9316e-03
E14/20 B30400/36000 batch_loss=1.9785e-03
E14/20 B30500/36000 batch_loss=1.2748e-03
E14/20 B30600/36000 batch_loss=2.0478e-03
E14/20 B30700/36000 batch_loss=1.6187e-03
E14/20 B30800/36000 batch_loss=1.5448e-03
E14/20 B30900/36000 batch_loss=1.4491e-03
E14/20 B31000/36000 batch_loss=1.9120e-03
E14/20 B31100/36000 batch_loss=2.0799e-03
E14/20 B31200/36000 batch_loss=1.9071e-03
E14/20 B31300/36000 batch_loss=1.3330e-03
E14/20 B31400/36000 batch_loss=2.1323e-03
E14/20 B31500/36000 batch_loss=1.8204e-03
E14/20 B31600/36000 batch_loss=2.0234e-03
E14/20 B31700/36000 batch_loss=2.1003e-03
E14/20 B31800/36000 batch_loss=1.3217e-03
E14/20 B31900/36000 batch_loss=2.2456e-03
E14/20 B32000/36000 batch_loss=1.8206e-03
E14/20 B32100/36000 batch_loss=2.0897e-03
E14/20 B32200/36000 batch_loss=3.5671e-03
E14/20 B32300/36000 batch_loss=1.4410e-03
E14/20 B32400/36000 batch_loss=2.2427e-03
E14/20 B32500/36000 batch_loss=2.1130e-03
E14/20 B32600/36000 batch_loss=2.1093e-03
E14/20 B32700/36000 batch_loss=2.1125e-03
E14/20 B32800/36000 batch_loss=2.0694e-03
E14/20 B32900/36000 batch_loss=2.0275e-03
E14/20 B33000/36000 batch_loss=1.2609e-03
E14/20 B33100/36000 batch_loss=1.9545e-03
E14/20 B33200/36000 batch_loss=1.4395e-03
E14/20 B33300/36000 batch_loss=2.1439e-03
E14/20 B33400/36000 batch_loss=1.3916e-03
E14/20 B33500/36000 batch_loss=1.2668e-03
E14/20 B33600/36000 batch_loss=1.5078e-03
E14/20 B33700/36000 batch_loss=1.3640e-03
E14/20 B33800/36000 batch_loss=1.3450e-03
E14/20 B33900/36000 batch_loss=1.5125e-03
E14/20 B34000/36000 batch_loss=2.0305e-03
E14/20 B34100/36000 batch_loss=1.2338e-03
E14/20 B34200/36000 batch_loss=1.5245e-03
E14/20 B34300/36000 batch_loss=1.9178e-03
E14/20 B34400/36000 batch_loss=1.9097e-03
E14/20 B34500/36000 batch_loss=1.3231e-03
E14/20 B34600/36000 batch_loss=2.0327e-03
E14/20 B34700/36000 batch_loss=1.9472e-03
E14/20 B34800/36000 batch_loss=1.3822e-03
E14/20 B34900/36000 batch_loss=1.4820e-03
E14/20 B35000/36000 batch_loss=1.9848e-03
E14/20 B35100/36000 batch_loss=1.5053e-03
E14/20 B35200/36000 batch_loss=2.4959e-03
E14/20 B35300/36000 batch_loss=1.9745e-03
E14/20 B35400/36000 batch_loss=1.9155e-03
E14/20 B35500/36000 batch_loss=2.4229e-03
E14/20 B35600/36000 batch_loss=2.1715e-03
E14/20 B35700/36000 batch_loss=1.2459e-03
E14/20 B35800/36000 batch_loss=1.4521e-03
E14/20 B35900/36000 batch_loss=1.8283e-03
E14/20 B36000/36000 batch_loss=1.3909e-03
2026-07-07 11:42:33,272 | INFO | Saved 10 diagnostic panel(s) under D:\Research\NO-2D-Metamaterials\MODELS\training_runs\NO_I3O5_BCF16_NMAE_HC128_LR2e-03_WD0e+00_SS1_G9e-01_ch0u_260705\diagnostics\epoch_014
epoch=14/20 loss=mae train_mae=1.724179e-03 val_mae=2.186800e-03 train_mae=1.724179e-03 val_mae=2.186800e-03 train_mse=3.437365e-05 val_mse=5.163872e-05 lr=1.620e-03 train_sps=1481.3
2026-07-07 11:42:34,759 | INFO | epoch=14/20 loss=mae train_mae=1.724179e-03 val_mae=2.186800e-03 train_mae=1.724179e-03 val_mae=2.186800e-03 train_mse=3.437365e-05 val_mse=5.163872e-05 lr=1.620e-03 train_sps=1481.3
2026-07-07 11:42:34,759 | INFO | epoch=14/20 loss_ch_mae train=7.349e-04 1.795e-03 1.691e-03 2.282e-03 2.118e-03 val=5.103e-04 2.412e-03 2.265e-03 2.977e-03 2.769e-03
2026-07-07 11:42:34,759 | INFO | epoch=14/20 mae_ch train=7.349e-04 1.795e-03 1.691e-03 2.282e-03 2.118e-03 val=5.103e-04 2.412e-03 2.265e-03 2.977e-03 2.769e-03 mse_ch train=1.204e-05 3.207e-05 2.973e-05 5.278e-05 4.524e-05 val=2.254e-06 5.376e-05 5.048e-05 8.134e-05 7.036e-05
Epoch 14/20 done | loss=mae train=1.7242e-03 val=2.1868e-03 mae=2.1868e-03 mse=5.1639e-05 lr=1.62e-03
E15/20 B100/36000 batch_loss=1.7228e-03
E15/20 B200/36000 batch_loss=1.3790e-03
E15/20 B300/36000 batch_loss=1.2939e-03
E15/20 B400/36000 batch_loss=1.4587e-03
E15/20 B500/36000 batch_loss=1.2387e-03
E15/20 B600/36000 batch_loss=1.3626e-03
E15/20 B700/36000 batch_loss=1.8601e-03
E15/20 B800/36000 batch_loss=1.5528e-03
E15/20 B900/36000 batch_loss=1.2945e-03
E15/20 B1000/36000 batch_loss=1.8229e-03
E15/20 B1100/36000 batch_loss=2.0326e-03
E15/20 B1200/36000 batch_loss=1.6937e-03
E15/20 B1300/36000 batch_loss=1.4049e-03
E15/20 B1400/36000 batch_loss=2.0528e-03
E15/20 B1500/36000 batch_loss=1.9687e-03
E15/20 B1600/36000 batch_loss=1.7408e-03
E15/20 B1700/36000 batch_loss=1.8419e-03
E15/20 B1800/36000 batch_loss=2.1638e-03
E15/20 B1900/36000 batch_loss=1.3431e-03
E15/20 B2000/36000 batch_loss=1.8759e-03
E15/20 B2100/36000 batch_loss=1.8347e-03
E15/20 B2200/36000 batch_loss=1.4707e-03
E15/20 B2300/36000 batch_loss=2.1479e-03
E15/20 B2400/36000 batch_loss=1.9055e-03
E15/20 B2500/36000 batch_loss=1.2829e-03
E15/20 B2600/36000 batch_loss=1.2661e-03
E15/20 B2700/36000 batch_loss=2.0551e-03
E15/20 B2800/36000 batch_loss=2.2259e-03
E15/20 B2900/36000 batch_loss=1.5499e-03
E15/20 B3000/36000 batch_loss=1.2467e-03
E15/20 B3100/36000 batch_loss=1.7877e-03
E15/20 B3200/36000 batch_loss=1.9805e-03
E15/20 B3300/36000 batch_loss=1.9404e-03
E15/20 B3400/36000 batch_loss=1.9086e-03
E15/20 B3500/36000 batch_loss=1.3071e-03
E15/20 B3600/36000 batch_loss=1.9433e-03
E15/20 B3700/36000 batch_loss=1.4945e-03
E15/20 B3800/36000 batch_loss=1.5349e-03
E15/20 B3900/36000 batch_loss=1.9116e-03
E15/20 B4000/36000 batch_loss=1.8794e-03
E15/20 B4100/36000 batch_loss=2.0691e-03
E15/20 B4200/36000 batch_loss=1.7784e-03
E15/20 B4300/36000 batch_loss=2.0002e-03
E15/20 B4400/36000 batch_loss=1.5648e-03
E15/20 B4500/36000 batch_loss=1.4250e-03
E15/20 B4600/36000 batch_loss=2.0994e-03
E15/20 B4700/36000 batch_loss=1.8657e-03
E15/20 B4800/36000 batch_loss=2.0737e-03
E15/20 B4900/36000 batch_loss=1.5479e-03
E15/20 B5000/36000 batch_loss=1.9977e-03
E15/20 B5100/36000 batch_loss=1.8964e-03
E15/20 B5200/36000 batch_loss=1.2176e-03
E15/20 B5300/36000 batch_loss=1.4771e-03
E15/20 B5400/36000 batch_loss=1.9497e-03
E15/20 B5500/36000 batch_loss=1.4344e-03
E15/20 B5600/36000 batch_loss=1.4490e-03
E15/20 B5700/36000 batch_loss=1.7645e-03
E15/20 B5800/36000 batch_loss=2.0127e-03
E15/20 B5900/36000 batch_loss=1.8577e-03
E15/20 B6000/36000 batch_loss=1.9517e-03
E15/20 B6100/36000 batch_loss=2.0081e-03
E15/20 B6200/36000 batch_loss=1.3294e-03
E15/20 B6300/36000 batch_loss=1.2117e-03
E15/20 B6400/36000 batch_loss=1.2118e-03
E15/20 B6500/36000 batch_loss=1.4045e-03
E15/20 B6600/36000 batch_loss=1.5496e-03
E15/20 B6700/36000 batch_loss=2.0238e-03
E15/20 B6800/36000 batch_loss=1.2541e-03
E15/20 B6900/36000 batch_loss=1.5085e-03
E15/20 B7000/36000 batch_loss=1.9832e-03
E15/20 B7100/36000 batch_loss=2.1342e-03
E15/20 B7200/36000 batch_loss=1.9041e-03
E15/20 B7300/36000 batch_loss=1.9515e-03
E15/20 B7400/36000 batch_loss=1.7669e-03
E15/20 B7500/36000 batch_loss=1.9138e-03
E15/20 B7600/36000 batch_loss=1.3051e-03
E15/20 B7700/36000 batch_loss=2.1025e-03
E15/20 B7800/36000 batch_loss=1.9224e-03
E15/20 B7900/36000 batch_loss=1.6574e-03
E15/20 B8000/36000 batch_loss=1.4969e-03
E15/20 B8100/36000 batch_loss=1.3889e-03
E15/20 B8200/36000 batch_loss=1.3192e-03
E15/20 B8300/36000 batch_loss=2.0442e-03
E15/20 B8400/36000 batch_loss=1.4670e-03
E15/20 B8500/36000 batch_loss=1.3710e-03
E15/20 B8600/36000 batch_loss=1.4071e-03
E15/20 B8700/36000 batch_loss=1.3244e-03
E15/20 B8800/36000 batch_loss=1.8383e-03
E15/20 B8900/36000 batch_loss=1.8281e-03
E15/20 B9000/36000 batch_loss=1.8006e-03
E15/20 B9100/36000 batch_loss=1.2097e-03
E15/20 B9200/36000 batch_loss=1.3363e-03
E15/20 B9300/36000 batch_loss=2.0402e-03
E15/20 B9400/36000 batch_loss=1.9287e-03
E15/20 B9500/36000 batch_loss=1.5415e-03
E15/20 B9600/36000 batch_loss=1.4479e-03
E15/20 B9700/36000 batch_loss=1.3589e-03
E15/20 B9800/36000 batch_loss=1.2938e-03
E15/20 B9900/36000 batch_loss=1.9885e-03
E15/20 B10000/36000 batch_loss=1.8286e-03
E15/20 B10100/36000 batch_loss=1.2446e-03
E15/20 B10200/36000 batch_loss=1.3335e-03
E15/20 B10300/36000 batch_loss=1.5468e-03
E15/20 B10400/36000 batch_loss=2.0826e-03
E15/20 B10500/36000 batch_loss=1.3802e-03
E15/20 B10600/36000 batch_loss=2.0446e-03
E15/20 B10700/36000 batch_loss=2.0742e-03
E15/20 B10800/36000 batch_loss=1.3401e-03
E15/20 B10900/36000 batch_loss=1.2223e-03
E15/20 B11000/36000 batch_loss=1.2278e-03
E15/20 B11100/36000 batch_loss=1.4005e-03
E15/20 B11200/36000 batch_loss=1.3941e-03
E15/20 B11300/36000 batch_loss=1.3951e-03
E15/20 B11400/36000 batch_loss=1.4520e-03
E15/20 B11500/36000 batch_loss=1.9589e-03
E15/20 B11600/36000 batch_loss=1.6640e-03
E15/20 B11700/36000 batch_loss=1.6093e-03
E15/20 B11800/36000 batch_loss=1.2689e-03
E15/20 B11900/36000 batch_loss=1.3833e-03
E15/20 B12000/36000 batch_loss=1.8195e-03
E15/20 B12100/36000 batch_loss=1.2322e-03
E15/20 B12200/36000 batch_loss=1.8900e-03
E15/20 B12300/36000 batch_loss=2.0777e-03
E15/20 B12400/36000 batch_loss=1.8047e-03
E15/20 B12500/36000 batch_loss=2.2291e-03
E15/20 B12600/36000 batch_loss=1.2866e-03
E15/20 B12700/36000 batch_loss=1.8094e-03
E15/20 B12800/36000 batch_loss=1.8002e-03
E15/20 B12900/36000 batch_loss=1.4425e-03
E15/20 B13000/36000 batch_loss=1.8277e-03
E15/20 B13100/36000 batch_loss=1.2822e-03
E15/20 B13200/36000 batch_loss=1.2497e-03
E15/20 B13300/36000 batch_loss=1.7254e-03
E15/20 B13400/36000 batch_loss=2.2897e-03
E15/20 B13500/36000 batch_loss=1.4094e-03
E15/20 B13600/36000 batch_loss=1.5011e-03
E15/20 B13700/36000 batch_loss=1.2345e-03
E15/20 B13800/36000 batch_loss=1.2485e-03
E15/20 B13900/36000 batch_loss=1.9432e-03
E15/20 B14000/36000 batch_loss=1.9681e-03
E15/20 B14100/36000 batch_loss=2.0511e-03
E15/20 B14200/36000 batch_loss=1.3306e-03
E15/20 B14300/36000 batch_loss=1.8226e-03
E15/20 B14400/36000 batch_loss=2.0082e-03
E15/20 B14500/36000 batch_loss=1.9952e-03
E15/20 B14600/36000 batch_loss=1.3769e-03
E15/20 B14700/36000 batch_loss=1.9486e-03
E15/20 B14800/36000 batch_loss=2.0728e-03
E15/20 B14900/36000 batch_loss=1.8015e-03
E15/20 B15000/36000 batch_loss=2.0469e-03
E15/20 B15100/36000 batch_loss=1.3278e-03
E15/20 B15200/36000 batch_loss=1.9273e-03
E15/20 B15300/36000 batch_loss=1.4378e-03
E15/20 B15400/36000 batch_loss=2.0119e-03
E15/20 B15500/36000 batch_loss=1.9393e-03
E15/20 B15600/36000 batch_loss=1.8322e-03
E15/20 B15700/36000 batch_loss=2.0400e-03
E15/20 B15800/36000 batch_loss=1.3720e-03
E15/20 B15900/36000 batch_loss=1.5214e-03
E15/20 B16000/36000 batch_loss=1.8396e-03
E15/20 B16100/36000 batch_loss=1.4233e-03
E15/20 B16200/36000 batch_loss=1.4143e-03
E15/20 B16300/36000 batch_loss=2.0248e-03
E15/20 B16400/36000 batch_loss=1.2501e-03
E15/20 B16500/36000 batch_loss=1.4112e-03
E15/20 B16600/36000 batch_loss=1.5756e-03
E15/20 B16700/36000 batch_loss=1.2774e-03
E15/20 B16800/36000 batch_loss=1.2798e-03
E15/20 B16900/36000 batch_loss=1.3402e-03
E15/20 B17000/36000 batch_loss=1.9047e-03
E15/20 B17100/36000 batch_loss=1.9272e-03
E15/20 B17200/36000 batch_loss=1.3154e-03
E15/20 B17300/36000 batch_loss=1.9294e-03
E15/20 B17400/36000 batch_loss=1.2571e-03
E15/20 B17500/36000 batch_loss=1.3250e-03
E15/20 B17600/36000 batch_loss=1.8992e-03
E15/20 B17700/36000 batch_loss=1.7925e-03
E15/20 B17800/36000 batch_loss=2.0500e-03
E15/20 B17900/36000 batch_loss=2.0270e-03
E15/20 B18000/36000 batch_loss=2.0104e-03
E15/20 B18100/36000 batch_loss=1.2700e-03
E15/20 B18200/36000 batch_loss=1.5633e-03
E15/20 B18300/36000 batch_loss=2.2565e-03
E15/20 B18400/36000 batch_loss=1.5149e-03
E15/20 B18500/36000 batch_loss=1.8669e-03
E15/20 B18600/36000 batch_loss=1.7300e-03
E15/20 B18700/36000 batch_loss=1.9520e-03
E15/20 B18800/36000 batch_loss=1.3593e-03
E15/20 B18900/36000 batch_loss=1.3392e-03
E15/20 B19000/36000 batch_loss=1.9297e-03
E15/20 B19100/36000 batch_loss=1.3899e-03
E15/20 B19200/36000 batch_loss=1.8074e-03
E15/20 B19300/36000 batch_loss=1.8422e-03
E15/20 B19400/36000 batch_loss=2.0408e-03
E15/20 B19500/36000 batch_loss=2.0261e-03
E15/20 B19600/36000 batch_loss=1.9733e-03
E15/20 B19700/36000 batch_loss=1.5064e-03
E15/20 B19800/36000 batch_loss=1.5321e-03
E15/20 B19900/36000 batch_loss=1.9243e-03
E15/20 B20000/36000 batch_loss=1.9994e-03
E15/20 B20100/36000 batch_loss=1.4220e-03
E15/20 B20200/36000 batch_loss=2.1629e-03
E15/20 B20300/36000 batch_loss=1.8327e-03
E15/20 B20400/36000 batch_loss=2.0347e-03
E15/20 B20500/36000 batch_loss=1.2634e-03
E15/20 B20600/36000 batch_loss=1.2292e-03
E15/20 B20700/36000 batch_loss=1.7849e-03
E15/20 B20800/36000 batch_loss=1.8971e-03
E15/20 B20900/36000 batch_loss=1.3242e-03
E15/20 B21000/36000 batch_loss=1.9026e-03
E15/20 B21100/36000 batch_loss=1.9626e-03
E15/20 B21200/36000 batch_loss=1.3099e-03
E15/20 B21300/36000 batch_loss=1.8294e-03
E15/20 B21400/36000 batch_loss=1.4547e-03
E15/20 B21500/36000 batch_loss=1.2225e-03
E15/20 B21600/36000 batch_loss=1.9202e-03
E15/20 B21700/36000 batch_loss=1.8799e-03
E15/20 B21800/36000 batch_loss=1.9719e-03
E15/20 B21900/36000 batch_loss=1.9773e-03
E15/20 B22000/36000 batch_loss=1.4110e-03
E15/20 B22100/36000 batch_loss=1.5305e-03
E15/20 B22200/36000 batch_loss=2.0455e-03
E15/20 B22300/36000 batch_loss=2.1440e-03
E15/20 B22400/36000 batch_loss=1.9021e-03
E15/20 B22500/36000 batch_loss=1.8465e-03
E15/20 B22600/36000 batch_loss=1.3773e-03
E15/20 B22700/36000 batch_loss=1.4390e-03
E15/20 B22800/36000 batch_loss=1.9592e-03
E15/20 B22900/36000 batch_loss=1.9497e-03
E15/20 B23000/36000 batch_loss=1.2217e-03
E15/20 B23100/36000 batch_loss=1.8726e-03
E15/20 B23200/36000 batch_loss=1.8350e-03
E15/20 B23300/36000 batch_loss=1.8564e-03
E15/20 B23400/36000 batch_loss=1.8403e-03
E15/20 B23500/36000 batch_loss=1.4667e-03
E15/20 B23600/36000 batch_loss=1.3945e-03
E15/20 B23700/36000 batch_loss=1.2989e-03
E15/20 B23800/36000 batch_loss=1.4562e-03
E15/20 B23900/36000 batch_loss=1.7569e-03
E15/20 B24000/36000 batch_loss=1.2918e-03
E15/20 B24100/36000 batch_loss=1.3623e-03
E15/20 B24200/36000 batch_loss=1.9909e-03
E15/20 B24300/36000 batch_loss=1.5818e-03
E15/20 B24400/36000 batch_loss=1.3455e-03
E15/20 B24500/36000 batch_loss=1.3305e-03
E15/20 B24600/36000 batch_loss=1.4632e-03
E15/20 B24700/36000 batch_loss=1.4532e-03
E15/20 B24800/36000 batch_loss=1.3246e-03
E15/20 B24900/36000 batch_loss=2.0994e-03
E15/20 B25000/36000 batch_loss=1.4117e-03
E15/20 B25100/36000 batch_loss=1.2867e-03
E15/20 B25200/36000 batch_loss=1.3896e-03
E15/20 B25300/36000 batch_loss=1.9115e-03
E15/20 B25400/36000 batch_loss=1.3202e-03
E15/20 B25500/36000 batch_loss=1.3425e-03
E15/20 B25600/36000 batch_loss=1.8350e-03
E15/20 B25700/36000 batch_loss=2.0608e-03
E15/20 B25800/36000 batch_loss=2.1839e-03
E15/20 B25900/36000 batch_loss=1.3152e-03
E15/20 B26000/36000 batch_loss=1.4819e-03
E15/20 B26100/36000 batch_loss=1.8296e-03
E15/20 B26200/36000 batch_loss=2.0747e-03
E15/20 B26300/36000 batch_loss=2.0267e-03
E15/20 B26400/36000 batch_loss=1.4408e-03
E15/20 B26500/36000 batch_loss=1.8846e-03
E15/20 B26600/36000 batch_loss=1.9211e-03
E15/20 B26700/36000 batch_loss=1.8818e-03
E15/20 B26800/36000 batch_loss=1.3561e-03
E15/20 B26900/36000 batch_loss=1.4657e-03
E15/20 B27000/36000 batch_loss=1.8998e-03
E15/20 B27100/36000 batch_loss=2.3026e-03
E15/20 B27200/36000 batch_loss=1.2925e-03
E15/20 B27300/36000 batch_loss=2.0779e-03
E15/20 B27400/36000 batch_loss=1.3459e-03
E15/20 B27500/36000 batch_loss=2.0093e-03
E15/20 B27600/36000 batch_loss=2.0339e-03
E15/20 B27700/36000 batch_loss=1.2337e-03
E15/20 B27800/36000 batch_loss=1.8551e-03
E15/20 B27900/36000 batch_loss=1.3133e-03
E15/20 B28000/36000 batch_loss=1.9394e-03
E15/20 B28100/36000 batch_loss=1.4614e-03
E15/20 B28200/36000 batch_loss=1.2777e-03
E15/20 B28300/36000 batch_loss=1.8562e-03
E15/20 B28400/36000 batch_loss=1.3659e-03
E15/20 B28500/36000 batch_loss=2.1645e-03
E15/20 B28600/36000 batch_loss=1.9727e-03
E15/20 B28700/36000 batch_loss=1.2279e-03
E15/20 B28800/36000 batch_loss=1.9545e-03
E15/20 B28900/36000 batch_loss=1.8620e-03
E15/20 B29000/36000 batch_loss=1.2369e-03
E15/20 B29100/36000 batch_loss=1.4401e-03
E15/20 B29200/36000 batch_loss=2.0591e-03
E15/20 B29300/36000 batch_loss=1.9233e-03
E15/20 B29400/36000 batch_loss=1.3637e-03
E15/20 B29500/36000 batch_loss=2.1287e-03
E15/20 B29600/36000 batch_loss=1.7873e-03
E15/20 B29700/36000 batch_loss=1.4772e-03
E15/20 B29800/36000 batch_loss=2.0267e-03
E15/20 B29900/36000 batch_loss=1.9267e-03
E15/20 B30000/36000 batch_loss=1.6481e-03
E15/20 B30100/36000 batch_loss=1.9440e-03
E15/20 B30200/36000 batch_loss=1.4791e-03
E15/20 B30300/36000 batch_loss=1.1627e-03
E15/20 B30400/36000 batch_loss=1.3166e-03
E15/20 B30500/36000 batch_loss=1.6432e-03
E15/20 B30600/36000 batch_loss=1.7533e-03
E15/20 B30700/36000 batch_loss=1.8801e-03
E15/20 B30800/36000 batch_loss=1.2144e-03
E15/20 B30900/36000 batch_loss=1.9726e-03
E15/20 B31000/36000 batch_loss=2.0295e-03
E15/20 B31100/36000 batch_loss=1.2055e-03
E15/20 B31200/36000 batch_loss=1.7668e-03
E15/20 B31300/36000 batch_loss=1.2339e-03
E15/20 B31400/36000 batch_loss=1.3774e-03
E15/20 B31500/36000 batch_loss=1.4585e-03
E15/20 B31600/36000 batch_loss=1.7572e-03
E15/20 B31700/36000 batch_loss=1.7157e-03
E15/20 B31800/36000 batch_loss=1.3578e-03
E15/20 B31900/36000 batch_loss=1.1956e-03
E15/20 B32000/36000 batch_loss=1.3335e-03
E15/20 B32100/36000 batch_loss=1.3696e-03
E15/20 B32200/36000 batch_loss=1.9431e-03
E15/20 B32300/36000 batch_loss=1.9979e-03
E15/20 B32400/36000 batch_loss=2.0797e-03
E15/20 B32500/36000 batch_loss=1.3535e-03
E15/20 B32600/36000 batch_loss=2.1156e-03
E15/20 B32700/36000 batch_loss=1.9156e-03
E15/20 B32800/36000 batch_loss=1.9012e-03
E15/20 B32900/36000 batch_loss=1.3379e-03
E15/20 B33000/36000 batch_loss=1.3053e-03
E15/20 B33100/36000 batch_loss=1.4575e-03
E15/20 B33200/36000 batch_loss=1.2683e-03
E15/20 B33300/36000 batch_loss=1.9927e-03
E15/20 B33400/36000 batch_loss=1.8541e-03
E15/20 B33500/36000 batch_loss=1.9969e-03
E15/20 B33600/36000 batch_loss=1.7296e-03
E15/20 B33700/36000 batch_loss=2.0725e-03
E15/20 B33800/36000 batch_loss=1.8565e-03
E15/20 B33900/36000 batch_loss=1.2925e-03
E15/20 B34000/36000 batch_loss=1.3201e-03
E15/20 B34100/36000 batch_loss=1.4913e-03
E15/20 B34200/36000 batch_loss=1.8006e-03
E15/20 B34300/36000 batch_loss=1.3152e-03
E15/20 B34400/36000 batch_loss=1.3539e-03
E15/20 B34500/36000 batch_loss=1.8166e-03
E15/20 B34600/36000 batch_loss=2.0699e-03
E15/20 B34700/36000 batch_loss=1.5238e-03
E15/20 B34800/36000 batch_loss=2.2958e-03
E15/20 B34900/36000 batch_loss=1.9895e-03
E15/20 B35000/36000 batch_loss=1.2508e-03
E15/20 B35100/36000 batch_loss=1.8328e-03
E15/20 B35200/36000 batch_loss=2.0064e-03
E15/20 B35300/36000 batch_loss=1.2094e-03
E15/20 B35400/36000 batch_loss=1.4406e-03
E15/20 B35500/36000 batch_loss=1.7940e-03
E15/20 B35600/36000 batch_loss=1.5229e-03
E15/20 B35700/36000 batch_loss=1.6360e-03
E15/20 B35800/36000 batch_loss=1.1929e-03
E15/20 B35900/36000 batch_loss=2.0033e-03
E15/20 B36000/36000 batch_loss=1.8246e-03
2026-07-07 15:37:28,950 | INFO | Saved 10 diagnostic panel(s) under D:\Research\NO-2D-Metamaterials\MODELS\training_runs\NO_I3O5_BCF16_NMAE_HC128_LR2e-03_WD0e+00_SS1_G9e-01_ch0u_260705\diagnostics\epoch_015
epoch=15/20 loss=mae train_mae=1.654464e-03 val_mae=2.214429e-03 train_mae=1.654464e-03 val_mae=2.214429e-03 train_mse=3.320399e-05 val_mse=5.092627e-05 lr=1.458e-03 train_sps=1433.2
2026-07-07 15:37:30,221 | INFO | epoch=15/20 loss=mae train_mae=1.654464e-03 val_mae=2.214429e-03 train_mae=1.654464e-03 val_mae=2.214429e-03 train_mse=3.320399e-05 val_mse=5.092627e-05 lr=1.458e-03 train_sps=1433.2
2026-07-07 15:37:30,221 | INFO | epoch=15/20 loss_ch_mae train=6.523e-04 1.732e-03 1.632e-03 2.206e-03 2.051e-03 val=8.411e-04 2.349e-03 2.230e-03 2.929e-03 2.722e-03
2026-07-07 15:37:30,221 | INFO | epoch=15/20 mae_ch train=6.523e-04 1.732e-03 1.632e-03 2.206e-03 2.051e-03 val=8.411e-04 2.349e-03 2.230e-03 2.929e-03 2.722e-03 mse_ch train=1.175e-05 3.089e-05 2.861e-05 5.098e-05 4.379e-05 val=2.706e-06 5.287e-05 5.005e-05 7.986e-05 6.914e-05
Epoch 15/20 done | loss=mae train=1.6545e-03 val=2.2144e-03 mae=2.2144e-03 mse=5.0926e-05 lr=1.46e-03
E16/20 B100/36000 batch_loss=1.6548e-03
E16/20 B200/36000 batch_loss=1.4014e-03
E16/20 B300/36000 batch_loss=2.1061e-03
E16/20 B400/36000 batch_loss=9.8381e-04
E16/20 B500/36000 batch_loss=1.8800e-03
E16/20 B600/36000 batch_loss=1.2500e-03
E16/20 B700/36000 batch_loss=1.8090e-03
E16/20 B800/36000 batch_loss=1.3568e-03
E16/20 B900/36000 batch_loss=1.8453e-03
E16/20 B1000/36000 batch_loss=1.2253e-03
E16/20 B1100/36000 batch_loss=1.8584e-03
E16/20 B1200/36000 batch_loss=1.1328e-03
E16/20 B1300/36000 batch_loss=1.6934e-03
E16/20 B1400/36000 batch_loss=1.3718e-03
E16/20 B1500/36000 batch_loss=1.8328e-03
E16/20 B1600/36000 batch_loss=1.3156e-03
E16/20 B1700/36000 batch_loss=1.4606e-03
E16/20 B1800/36000 batch_loss=1.4391e-03
E16/20 B1900/36000 batch_loss=1.8005e-03
E16/20 B2000/36000 batch_loss=1.5849e-03
E16/20 B2100/36000 batch_loss=1.8356e-03
E16/20 B2200/36000 batch_loss=2.0361e-03
E16/20 B2300/36000 batch_loss=1.2027e-03
E16/20 B2400/36000 batch_loss=1.7110e-03
E16/20 B2500/36000 batch_loss=1.7719e-03
E16/20 B2600/36000 batch_loss=1.9897e-03
E16/20 B2700/36000 batch_loss=1.9908e-03
E16/20 B2800/36000 batch_loss=1.1567e-03
E16/20 B2900/36000 batch_loss=1.7527e-03
E16/20 B3000/36000 batch_loss=1.8595e-03
E16/20 B3100/36000 batch_loss=1.8496e-03
E16/20 B3200/36000 batch_loss=1.9071e-03
E16/20 B3300/36000 batch_loss=1.3196e-03
E16/20 B3400/36000 batch_loss=1.3048e-03
E16/20 B3500/36000 batch_loss=2.1784e-03
E16/20 B3600/36000 batch_loss=1.8278e-03
E16/20 B3700/36000 batch_loss=1.4865e-03
E16/20 B3800/36000 batch_loss=1.6945e-03
E16/20 B3900/36000 batch_loss=1.3299e-03
E16/20 B4000/36000 batch_loss=2.0326e-03
E16/20 B4100/36000 batch_loss=1.3165e-03
E16/20 B4200/36000 batch_loss=1.9999e-03
E16/20 B4300/36000 batch_loss=1.2784e-03
E16/20 B4400/36000 batch_loss=1.3221e-03
E16/20 B4500/36000 batch_loss=1.3838e-03
E16/20 B4600/36000 batch_loss=1.1555e-03
E16/20 B4700/36000 batch_loss=2.2137e-03
E16/20 B4800/36000 batch_loss=1.1866e-03
E16/20 B4900/36000 batch_loss=1.2228e-03
E16/20 B5000/36000 batch_loss=1.4023e-03
E16/20 B5100/36000 batch_loss=1.4414e-03
E16/20 B5200/36000 batch_loss=1.7454e-03
E16/20 B5300/36000 batch_loss=1.8288e-03
E16/20 B5400/36000 batch_loss=1.1395e-03
E16/20 B5500/36000 batch_loss=1.8138e-03
E16/20 B5600/36000 batch_loss=1.3649e-03
E16/20 B5700/36000 batch_loss=1.8698e-03
E16/20 B5800/36000 batch_loss=1.2976e-03
E16/20 B5900/36000 batch_loss=1.8713e-03
E16/20 B6000/36000 batch_loss=1.3023e-03
E16/20 B6100/36000 batch_loss=1.8386e-03
E16/20 B6200/36000 batch_loss=1.9056e-03
E16/20 B6300/36000 batch_loss=1.1189e-03
E16/20 B6400/36000 batch_loss=1.5568e-03
E16/20 B6500/36000 batch_loss=1.2725e-03
E16/20 B6600/36000 batch_loss=1.2470e-03
E16/20 B6700/36000 batch_loss=1.7543e-03
E16/20 B6800/36000 batch_loss=1.5309e-03
E16/20 B6900/36000 batch_loss=1.7996e-03
E16/20 B7000/36000 batch_loss=1.1480e-03
E16/20 B7100/36000 batch_loss=1.9429e-03
E16/20 B7200/36000 batch_loss=1.3627e-03
E16/20 B7300/36000 batch_loss=1.8852e-03
E16/20 B7400/36000 batch_loss=2.0323e-03
E16/20 B7500/36000 batch_loss=1.1216e-03
E16/20 B7600/36000 batch_loss=1.8727e-03
E16/20 B7700/36000 batch_loss=2.0463e-03
E16/20 B7800/36000 batch_loss=1.3297e-03
E16/20 B7900/36000 batch_loss=1.2446e-03
E16/20 B8000/36000 batch_loss=1.6739e-03
E16/20 B8100/36000 batch_loss=1.8031e-03
E16/20 B8200/36000 batch_loss=2.5204e-03
E16/20 B8300/36000 batch_loss=1.4020e-03
E16/20 B8400/36000 batch_loss=1.6481e-03
E16/20 B8500/36000 batch_loss=1.7646e-03
E16/20 B8600/36000 batch_loss=1.8858e-03
E16/20 B8700/36000 batch_loss=1.1830e-03
E16/20 B8800/36000 batch_loss=2.2067e-03
E16/20 B8900/36000 batch_loss=1.2243e-03
E16/20 B9000/36000 batch_loss=1.7745e-03
E16/20 B9100/36000 batch_loss=1.9798e-03
E16/20 B9200/36000 batch_loss=1.0855e-03
E16/20 B9300/36000 batch_loss=1.5009e-03
E16/20 B9400/36000 batch_loss=1.8863e-03
E16/20 B9500/36000 batch_loss=1.2221e-03
E16/20 B9600/36000 batch_loss=1.1444e-03
E16/20 B9700/36000 batch_loss=1.9201e-03
E16/20 B9800/36000 batch_loss=1.1717e-03
E16/20 B9900/36000 batch_loss=1.5883e-03
E16/20 B10000/36000 batch_loss=1.3690e-03
E16/20 B10100/36000 batch_loss=1.9127e-03
E16/20 B10200/36000 batch_loss=1.4609e-03
E16/20 B10300/36000 batch_loss=1.6954e-03
E16/20 B10400/36000 batch_loss=1.8140e-03
E16/20 B10500/36000 batch_loss=1.1811e-03
E16/20 B10600/36000 batch_loss=1.7908e-03
E16/20 B10700/36000 batch_loss=1.1932e-03
E16/20 B10800/36000 batch_loss=1.3493e-03
E16/20 B10900/36000 batch_loss=1.4415e-03
E16/20 B11000/36000 batch_loss=1.8973e-03
E16/20 B11100/36000 batch_loss=1.4701e-03
E16/20 B11200/36000 batch_loss=1.3612e-03
E16/20 B11300/36000 batch_loss=1.0600e-03
E16/20 B11400/36000 batch_loss=1.3056e-03
E16/20 B11500/36000 batch_loss=1.6163e-03
E16/20 B11600/36000 batch_loss=1.2995e-03
E16/20 B11700/36000 batch_loss=2.0615e-03
E16/20 B11800/36000 batch_loss=1.9279e-03
E16/20 B11900/36000 batch_loss=1.1951e-03
E16/20 B12000/36000 batch_loss=1.8357e-03
E16/20 B12100/36000 batch_loss=1.7821e-03
E16/20 B12200/36000 batch_loss=1.9643e-03
E16/20 B12300/36000 batch_loss=1.8639e-03
E16/20 B12400/36000 batch_loss=1.3920e-03
E16/20 B12500/36000 batch_loss=1.7215e-03
E16/20 B12600/36000 batch_loss=1.8562e-03
E16/20 B12700/36000 batch_loss=1.2318e-03
E16/20 B12800/36000 batch_loss=1.7079e-03
E16/20 B12900/36000 batch_loss=2.0655e-03
E16/20 B13000/36000 batch_loss=1.2783e-03
E16/20 B13100/36000 batch_loss=1.0896e-03
E16/20 B13200/36000 batch_loss=1.1863e-03
E16/20 B13300/36000 batch_loss=1.2628e-03
E16/20 B13400/36000 batch_loss=1.9835e-03
E16/20 B13500/36000 batch_loss=1.1549e-03
E16/20 B13600/36000 batch_loss=1.9287e-03
E16/20 B13700/36000 batch_loss=1.6823e-03
E16/20 B13800/36000 batch_loss=1.8684e-03
E16/20 B13900/36000 batch_loss=1.2207e-03
E16/20 B14000/36000 batch_loss=1.4545e-03
E16/20 B14100/36000 batch_loss=1.2319e-03
E16/20 B14200/36000 batch_loss=1.8418e-03
E16/20 B14300/36000 batch_loss=1.7556e-03
E16/20 B14400/36000 batch_loss=1.7856e-03
E16/20 B14500/36000 batch_loss=1.2277e-03
E16/20 B14600/36000 batch_loss=1.8778e-03
E16/20 B14700/36000 batch_loss=1.7146e-03
E16/20 B14800/36000 batch_loss=1.4358e-03
E16/20 B14900/36000 batch_loss=1.2181e-03
E16/20 B15000/36000 batch_loss=1.7541e-03
E16/20 B15100/36000 batch_loss=1.1249e-03
E16/20 B15200/36000 batch_loss=1.3472e-03
E16/20 B15300/36000 batch_loss=1.7599e-03
E16/20 B15400/36000 batch_loss=1.9362e-03
E16/20 B15500/36000 batch_loss=1.1355e-03
E16/20 B15600/36000 batch_loss=1.2446e-03
E16/20 B15700/36000 batch_loss=1.8326e-03
E16/20 B15800/36000 batch_loss=1.8192e-03
E16/20 B15900/36000 batch_loss=1.3973e-03
E16/20 B16000/36000 batch_loss=1.4215e-03
E16/20 B16100/36000 batch_loss=1.4516e-03
E16/20 B16200/36000 batch_loss=1.9314e-03
E16/20 B16300/36000 batch_loss=1.4128e-03
E16/20 B16400/36000 batch_loss=1.0792e-03
E16/20 B16500/36000 batch_loss=1.2222e-03
E16/20 B16600/36000 batch_loss=1.1489e-03
E16/20 B16700/36000 batch_loss=1.4178e-03
E16/20 B16800/36000 batch_loss=1.6277e-03
E16/20 B16900/36000 batch_loss=1.7741e-03
E16/20 B17000/36000 batch_loss=1.8430e-03
E16/20 B17100/36000 batch_loss=1.6628e-03
E16/20 B17200/36000 batch_loss=1.4702e-03
E16/20 B17300/36000 batch_loss=1.8863e-03
E16/20 B17400/36000 batch_loss=1.2012e-03
E16/20 B17500/36000 batch_loss=1.8284e-03
E16/20 B17600/36000 batch_loss=1.6690e-03
E16/20 B17700/36000 batch_loss=2.2197e-03
E16/20 B17800/36000 batch_loss=1.9838e-03
E16/20 B17900/36000 batch_loss=1.3652e-03
E16/20 B18000/36000 batch_loss=1.7432e-03
E16/20 B18100/36000 batch_loss=1.4882e-03
E16/20 B18200/36000 batch_loss=1.7506e-03
E16/20 B18300/36000 batch_loss=1.7983e-03
E16/20 B18400/36000 batch_loss=1.1736e-03
E16/20 B18500/36000 batch_loss=1.6741e-03
E16/20 B18600/36000 batch_loss=1.1689e-03
E16/20 B18700/36000 batch_loss=1.1917e-03
E16/20 B18800/36000 batch_loss=2.1035e-03
E16/20 B18900/36000 batch_loss=1.1764e-03
E16/20 B19000/36000 batch_loss=1.2958e-03
E16/20 B19100/36000 batch_loss=1.1032e-03
E16/20 B19200/36000 batch_loss=1.1596e-03
E16/20 B19300/36000 batch_loss=1.2086e-03
E16/20 B19400/36000 batch_loss=1.4519e-03
E16/20 B19500/36000 batch_loss=1.4471e-03
E16/20 B19600/36000 batch_loss=1.3104e-03
E16/20 B19700/36000 batch_loss=1.9141e-03
E16/20 B19800/36000 batch_loss=2.1912e-03
E16/20 B19900/36000 batch_loss=1.2496e-03
E16/20 B20000/36000 batch_loss=1.7034e-03
E16/20 B20100/36000 batch_loss=1.3602e-03
E16/20 B20200/36000 batch_loss=2.0045e-03
E16/20 B20300/36000 batch_loss=1.4263e-03
E16/20 B20400/36000 batch_loss=2.1188e-03
E16/20 B20500/36000 batch_loss=1.8733e-03
E16/20 B20600/36000 batch_loss=1.3334e-03
E16/20 B20700/36000 batch_loss=1.8106e-03
E16/20 B20800/36000 batch_loss=1.0976e-03
E16/20 B20900/36000 batch_loss=1.2184e-03
E16/20 B21000/36000 batch_loss=1.7190e-03
E16/20 B21100/36000 batch_loss=1.2990e-03
E16/20 B21200/36000 batch_loss=1.3232e-03
E16/20 B21300/36000 batch_loss=1.3852e-03
E16/20 B21400/36000 batch_loss=1.9941e-03
E16/20 B21500/36000 batch_loss=1.1893e-03
E16/20 B21600/36000 batch_loss=1.4012e-03
E16/20 B21700/36000 batch_loss=1.7198e-03
E16/20 B21800/36000 batch_loss=2.0734e-03
E16/20 B21900/36000 batch_loss=1.1860e-03
E16/20 B22000/36000 batch_loss=1.3556e-03
E16/20 B22100/36000 batch_loss=1.5708e-03
E16/20 B22200/36000 batch_loss=1.4420e-03
E16/20 B22300/36000 batch_loss=1.9446e-03
E16/20 B22400/36000 batch_loss=1.4911e-03
E16/20 B22500/36000 batch_loss=2.0115e-03
E16/20 B22600/36000 batch_loss=1.7874e-03
E16/20 B22700/36000 batch_loss=1.0898e-03
E16/20 B22800/36000 batch_loss=2.0140e-03
E16/20 B22900/36000 batch_loss=1.8793e-03
E16/20 B23000/36000 batch_loss=1.1225e-03
E16/20 B23100/36000 batch_loss=1.7412e-03
E16/20 B23200/36000 batch_loss=1.7784e-03
E16/20 B23300/36000 batch_loss=1.4650e-03
E16/20 B23400/36000 batch_loss=1.2324e-03
E16/20 B23500/36000 batch_loss=1.4499e-03
E16/20 B23600/36000 batch_loss=1.8902e-03
E16/20 B23700/36000 batch_loss=1.5140e-03
E16/20 B23800/36000 batch_loss=1.9550e-03
E16/20 B23900/36000 batch_loss=1.1460e-03
E16/20 B24000/36000 batch_loss=1.8286e-03
E16/20 B24100/36000 batch_loss=1.1274e-03
E16/20 B24200/36000 batch_loss=1.6884e-03
E16/20 B24300/36000 batch_loss=1.2329e-03
E16/20 B24400/36000 batch_loss=1.3496e-03
E16/20 B24500/36000 batch_loss=1.4452e-03
E16/20 B24600/36000 batch_loss=1.9234e-03
E16/20 B24700/36000 batch_loss=1.5555e-03
E16/20 B24800/36000 batch_loss=1.3325e-03
E16/20 B24900/36000 batch_loss=1.8315e-03
E16/20 B25000/36000 batch_loss=1.3678e-03
E16/20 B25100/36000 batch_loss=1.1802e-03
E16/20 B25200/36000 batch_loss=1.9444e-03
E16/20 B25300/36000 batch_loss=1.8925e-03
E16/20 B25400/36000 batch_loss=1.2469e-03
E16/20 B25500/36000 batch_loss=1.1112e-03
E16/20 B25600/36000 batch_loss=1.1798e-03
E16/20 B25700/36000 batch_loss=1.2973e-03
E16/20 B25800/36000 batch_loss=1.3406e-03
E16/20 B25900/36000 batch_loss=1.2768e-03
E16/20 B26000/36000 batch_loss=1.3108e-03
E16/20 B26100/36000 batch_loss=1.7116e-03
E16/20 B26200/36000 batch_loss=1.5594e-03
E16/20 B26300/36000 batch_loss=2.0172e-03
E16/20 B26400/36000 batch_loss=1.8498e-03
E16/20 B26500/36000 batch_loss=1.7679e-03
E16/20 B26600/36000 batch_loss=1.7248e-03
E16/20 B26700/36000 batch_loss=1.2300e-03
E16/20 B26800/36000 batch_loss=2.0024e-03
E16/20 B26900/36000 batch_loss=1.7765e-03
E16/20 B27000/36000 batch_loss=1.3721e-03
E16/20 B27100/36000 batch_loss=1.4129e-03
E16/20 B27200/36000 batch_loss=1.9303e-03
E16/20 B27300/36000 batch_loss=1.9150e-03
E16/20 B27400/36000 batch_loss=2.0075e-03
E16/20 B27500/36000 batch_loss=1.9089e-03
E16/20 B27600/36000 batch_loss=1.4318e-03
E16/20 B27700/36000 batch_loss=1.7747e-03
E16/20 B27800/36000 batch_loss=1.3649e-03
E16/20 B27900/36000 batch_loss=1.9857e-03
E16/20 B28000/36000 batch_loss=1.9101e-03
E16/20 B28100/36000 batch_loss=1.8396e-03
E16/20 B28200/36000 batch_loss=1.2028e-03
E16/20 B28300/36000 batch_loss=1.9895e-03
E16/20 B28400/36000 batch_loss=1.7826e-03
E16/20 B28500/36000 batch_loss=1.4227e-03
E16/20 B28600/36000 batch_loss=1.1312e-03
E16/20 B28700/36000 batch_loss=2.0144e-03
E16/20 B28800/36000 batch_loss=1.7175e-03
E16/20 B28900/36000 batch_loss=1.7650e-03
E16/20 B29000/36000 batch_loss=1.3645e-03
E16/20 B29100/36000 batch_loss=1.4312e-03
E16/20 B29200/36000 batch_loss=1.4514e-03
E16/20 B29300/36000 batch_loss=1.2923e-03
E16/20 B29400/36000 batch_loss=1.4326e-03
E16/20 B29500/36000 batch_loss=1.2888e-03
E16/20 B29600/36000 batch_loss=1.9794e-03
E16/20 B29700/36000 batch_loss=1.3723e-03
E16/20 B29800/36000 batch_loss=1.8868e-03
E16/20 B29900/36000 batch_loss=1.9739e-03
E16/20 B30000/36000 batch_loss=1.3191e-03
E16/20 B30100/36000 batch_loss=1.6074e-03
E16/20 B30200/36000 batch_loss=1.9607e-03
E16/20 B30300/36000 batch_loss=1.7485e-03
E16/20 B30400/36000 batch_loss=1.8204e-03
E16/20 B30500/36000 batch_loss=2.0048e-03
E16/20 B30600/36000 batch_loss=1.2272e-03
E16/20 B30700/36000 batch_loss=1.2511e-03
E16/20 B30800/36000 batch_loss=1.2388e-03
E16/20 B30900/36000 batch_loss=1.3153e-03
E16/20 B31000/36000 batch_loss=1.1547e-03
E16/20 B31100/36000 batch_loss=1.9573e-03
E16/20 B31200/36000 batch_loss=1.9241e-03
E16/20 B31300/36000 batch_loss=1.6306e-03
E16/20 B31400/36000 batch_loss=1.3549e-03
E16/20 B31500/36000 batch_loss=1.2232e-03
E16/20 B31600/36000 batch_loss=1.3041e-03
E16/20 B31700/36000 batch_loss=1.7396e-03
E16/20 B31800/36000 batch_loss=1.4761e-03
E16/20 B31900/36000 batch_loss=1.8043e-03
E16/20 B32000/36000 batch_loss=1.1910e-03
E16/20 B32100/36000 batch_loss=2.0219e-03
E16/20 B32200/36000 batch_loss=1.3826e-03
E16/20 B32300/36000 batch_loss=1.5070e-03
E16/20 B32400/36000 batch_loss=1.8325e-03
E16/20 B32500/36000 batch_loss=1.1952e-03
E16/20 B32600/36000 batch_loss=1.6779e-03
E16/20 B32700/36000 batch_loss=2.1356e-03
E16/20 B32800/36000 batch_loss=1.9265e-03
E16/20 B32900/36000 batch_loss=1.2236e-03
E16/20 B33000/36000 batch_loss=1.9096e-03
E16/20 B33100/36000 batch_loss=2.2446e-03
E16/20 B33200/36000 batch_loss=1.7678e-03
E16/20 B33300/36000 batch_loss=1.8500e-03
E16/20 B33400/36000 batch_loss=1.7477e-03
E16/20 B33500/36000 batch_loss=1.1175e-03
E16/20 B33600/36000 batch_loss=1.5210e-03
E16/20 B33700/36000 batch_loss=1.8837e-03
E16/20 B33800/36000 batch_loss=1.8952e-03
E16/20 B33900/36000 batch_loss=1.9638e-03
E16/20 B34000/36000 batch_loss=1.7477e-03
E16/20 B34100/36000 batch_loss=1.5627e-03
E16/20 B34200/36000 batch_loss=1.2432e-03
E16/20 B34300/36000 batch_loss=1.0860e-03
E16/20 B34400/36000 batch_loss=2.1209e-03
E16/20 B34500/36000 batch_loss=1.2291e-03
E16/20 B34600/36000 batch_loss=1.8361e-03
E16/20 B34700/36000 batch_loss=1.3156e-03
E16/20 B34800/36000 batch_loss=1.7416e-03
E16/20 B34900/36000 batch_loss=2.0973e-03
E16/20 B35000/36000 batch_loss=1.4983e-03
E16/20 B35100/36000 batch_loss=1.2430e-03
E16/20 B35200/36000 batch_loss=1.8623e-03
E16/20 B35300/36000 batch_loss=1.8206e-03
E16/20 B35400/36000 batch_loss=1.3803e-03
E16/20 B35500/36000 batch_loss=2.0861e-03
E16/20 B35600/36000 batch_loss=1.2874e-03
E16/20 B35700/36000 batch_loss=1.8812e-03
E16/20 B35800/36000 batch_loss=1.3303e-03
E16/20 B35900/36000 batch_loss=1.3032e-03
E16/20 B36000/36000 batch_loss=1.9597e-03
2026-07-07 19:48:35,921 | INFO | Saved 10 diagnostic panel(s) under D:\Research\NO-2D-Metamaterials\MODELS\training_runs\NO_I3O5_BCF16_NMAE_HC128_LR2e-03_WD0e+00_SS1_G9e-01_ch0u_260705\diagnostics\epoch_016
epoch=16/20 loss=mae train_mae=1.595139e-03 val_mae=2.136190e-03 train_mae=1.595139e-03 val_mae=2.136190e-03 train_mse=3.215082e-05 val_mse=5.147201e-05 lr=1.312e-03 train_sps=1330.8
2026-07-07 19:48:38,352 | INFO | epoch=16/20 loss=mae train_mae=1.595139e-03 val_mae=2.136190e-03 train_mae=1.595139e-03 val_mae=2.136190e-03 train_mse=3.215082e-05 val_mse=5.147201e-05 lr=1.312e-03 train_sps=1330.8
2026-07-07 19:48:38,352 | INFO | epoch=16/20 loss_ch_mae train=5.875e-04 1.677e-03 1.580e-03 2.139e-03 1.992e-03 val=5.174e-04 2.319e-03 2.214e-03 2.901e-03 2.729e-03
2026-07-07 19:48:38,353 | INFO | epoch=16/20 mae_ch train=5.875e-04 1.677e-03 1.580e-03 2.139e-03 1.992e-03 val=5.174e-04 2.319e-03 2.214e-03 2.901e-03 2.729e-03 mse_ch train=1.154e-05 2.983e-05 2.763e-05 4.930e-05 4.245e-05 val=2.113e-06 5.341e-05 5.058e-05 8.080e-05 7.046e-05
