2026-07-13 21:31:57,004 | INFO | Perf backends | tf32=True cudnn_benchmark=True matmul_precision=high amp=bf16
2026-07-13 21:32:16,060 | INFO | L1 weight penalty lambda=1.000000e-08 (added to training loss)
2026-07-13 21:32:16,062 | INFO | NMAE epsilon=1.000000e-05
2026-07-13 21:32:16,063 | INFO | Loss logging: active=nmae; every epoch records train/val nmae, MAE, and MSE
2026-07-13 21:32:17,778 | INFO | Resumed full state from D:\Research\NO-2D-Metamaterials\MODELS\training_runs\NO_I3O5_BCF16_NMAE_HC128_LR2e-03_WD0e+00_L1P1e-08_SS1_G9e-01_ch0u_260711\training_state_latest.pt at epoch=14
2026-07-13 21:32:17,788 | INFO | Run started | run_name=NO_I3O5_BCF16_NMAE_HC128_LR2e-03_WD0e+00_L1P1e-08_SS1_G9e-01_ch0u_260711 run_id=NO_I3O5_BCF16_NMAE_HC128_LR2e-03_WD0e+00_L1P1e-08_SS1_G9e-01_ch0u_260711 device=cuda train_samples=18720000 test_samples=3900000 val_index_source=indices_full epoch_range=15..20
2026-07-13 21:32:17,789 | INFO | Fault diagnostics | main_fault_log=D:\Research\NO-2D-Metamaterials\MODELS\training_runs\NO_I3O5_BCF16_NMAE_HC128_LR2e-03_WD0e+00_L1P1e-08_SS1_G9e-01_ch0u_260711\main_process_fault.log
E15/20 B100/36000 batch_loss=1.6418e-01
E15/20 B200/36000 batch_loss=1.2188e-01
E15/20 B300/36000 batch_loss=1.2904e-01
E15/20 B400/36000 batch_loss=1.1943e-01
E15/20 B500/36000 batch_loss=1.0877e-01
E15/20 B600/36000 batch_loss=1.2105e-01
E15/20 B700/36000 batch_loss=1.7285e-01
E15/20 B800/36000 batch_loss=1.3189e-01
E15/20 B900/36000 batch_loss=1.2053e-01
E15/20 B1000/36000 batch_loss=1.7135e-01
E15/20 B1100/36000 batch_loss=1.7834e-01
E15/20 B1200/36000 batch_loss=1.6190e-01
E15/20 B1300/36000 batch_loss=1.2102e-01
E15/20 B1400/36000 batch_loss=1.9633e-01
E15/20 B1500/36000 batch_loss=1.7121e-01
E15/20 B1600/36000 batch_loss=1.6032e-01
E15/20 B1700/36000 batch_loss=1.6483e-01
E15/20 B1800/36000 batch_loss=1.8509e-01
E15/20 B1900/36000 batch_loss=1.2528e-01
E15/20 B2000/36000 batch_loss=1.7647e-01
E15/20 B2100/36000 batch_loss=1.8359e-01
E15/20 B2200/36000 batch_loss=1.2305e-01
E15/20 B2300/36000 batch_loss=1.8304e-01
E15/20 B2400/36000 batch_loss=1.8342e-01
E15/20 B2500/36000 batch_loss=1.2354e-01
E15/20 B2600/36000 batch_loss=1.1689e-01
E15/20 B2700/36000 batch_loss=1.6243e-01
E15/20 B2800/36000 batch_loss=1.8887e-01
E15/20 B2900/36000 batch_loss=1.1537e-01
E15/20 B3000/36000 batch_loss=1.1488e-01
E15/20 B3100/36000 batch_loss=1.6787e-01
E15/20 B3200/36000 batch_loss=1.6665e-01
E15/20 B3300/36000 batch_loss=1.7438e-01
E15/20 B3400/36000 batch_loss=1.8270e-01
E15/20 B3500/36000 batch_loss=1.2042e-01
E15/20 B3600/36000 batch_loss=1.8384e-01
E15/20 B3700/36000 batch_loss=1.2205e-01
E15/20 B3800/36000 batch_loss=1.2471e-01
E15/20 B3900/36000 batch_loss=1.8693e-01
E15/20 B4000/36000 batch_loss=1.7454e-01
E15/20 B4100/36000 batch_loss=1.8488e-01
E15/20 B4200/36000 batch_loss=1.5622e-01
E15/20 B4300/36000 batch_loss=1.8515e-01
E15/20 B4400/36000 batch_loss=1.3575e-01
E15/20 B4500/36000 batch_loss=1.3364e-01
E15/20 B4600/36000 batch_loss=1.9344e-01
E15/20 B4700/36000 batch_loss=1.8347e-01
E15/20 B4800/36000 batch_loss=1.8825e-01
E15/20 B4900/36000 batch_loss=1.2086e-01
E15/20 B5000/36000 batch_loss=1.8172e-01
E15/20 B5100/36000 batch_loss=1.7719e-01
E15/20 B5200/36000 batch_loss=1.3065e-01
E15/20 B5300/36000 batch_loss=1.1690e-01
E15/20 B5400/36000 batch_loss=1.7239e-01
E15/20 B5500/36000 batch_loss=1.1115e-01
E15/20 B5600/36000 batch_loss=1.2839e-01
E15/20 B5700/36000 batch_loss=1.6023e-01
E15/20 B5800/36000 batch_loss=1.8435e-01
E15/20 B5900/36000 batch_loss=1.7703e-01
E15/20 B6000/36000 batch_loss=1.7474e-01
E15/20 B6100/36000 batch_loss=1.7768e-01
E15/20 B6200/36000 batch_loss=1.2515e-01
E15/20 B6300/36000 batch_loss=1.0477e-01
E15/20 B6400/36000 batch_loss=1.2683e-01
E15/20 B6500/36000 batch_loss=1.3524e-01
E15/20 B6600/36000 batch_loss=1.3457e-01
E15/20 B6700/36000 batch_loss=1.9201e-01
E15/20 B6800/36000 batch_loss=1.1154e-01
E15/20 B6900/36000 batch_loss=1.1810e-01
E15/20 B7000/36000 batch_loss=1.6941e-01
E15/20 B7100/36000 batch_loss=1.9060e-01
E15/20 B7200/36000 batch_loss=1.8320e-01
E15/20 B7300/36000 batch_loss=1.7955e-01
E15/20 B7400/36000 batch_loss=1.6363e-01
E15/20 B7500/36000 batch_loss=1.7845e-01
E15/20 B7600/36000 batch_loss=1.2827e-01
E15/20 B7700/36000 batch_loss=1.7981e-01
E15/20 B7800/36000 batch_loss=1.6736e-01
E15/20 B7900/36000 batch_loss=1.1816e-01
E15/20 B8000/36000 batch_loss=1.3606e-01
E15/20 B8100/36000 batch_loss=1.2039e-01
E15/20 B8200/36000 batch_loss=1.2255e-01
E15/20 B8300/36000 batch_loss=1.6462e-01
E15/20 B8400/36000 batch_loss=1.2487e-01
E15/20 B8500/36000 batch_loss=1.2658e-01
E15/20 B8600/36000 batch_loss=1.2174e-01
E15/20 B8700/36000 batch_loss=1.3588e-01
E15/20 B8800/36000 batch_loss=1.8139e-01
E15/20 B8900/36000 batch_loss=1.7371e-01
E15/20 B9000/36000 batch_loss=1.7091e-01
E15/20 B9100/36000 batch_loss=1.1705e-01
E15/20 B9200/36000 batch_loss=1.2011e-01
E15/20 B9300/36000 batch_loss=1.7849e-01
E15/20 B9400/36000 batch_loss=1.7337e-01
E15/20 B9500/36000 batch_loss=1.2048e-01
E15/20 B9600/36000 batch_loss=1.4199e-01
E15/20 B9700/36000 batch_loss=1.3203e-01
E15/20 B9800/36000 batch_loss=1.2314e-01
E15/20 B9900/36000 batch_loss=1.8357e-01
E15/20 B10000/36000 batch_loss=1.7488e-01
E15/20 B10100/36000 batch_loss=1.1146e-01
E15/20 B10200/36000 batch_loss=1.1644e-01
E15/20 B10300/36000 batch_loss=1.3255e-01
E15/20 B10400/36000 batch_loss=1.9175e-01
E15/20 B10500/36000 batch_loss=1.2198e-01
E15/20 B10600/36000 batch_loss=1.9459e-01
E15/20 B10700/36000 batch_loss=1.6671e-01
E15/20 B10800/36000 batch_loss=1.2222e-01
E15/20 B10900/36000 batch_loss=1.0533e-01
E15/20 B11000/36000 batch_loss=1.1542e-01
E15/20 B11100/36000 batch_loss=1.2840e-01
E15/20 B11200/36000 batch_loss=1.2285e-01
E15/20 B11300/36000 batch_loss=1.2105e-01
E15/20 B11400/36000 batch_loss=1.4730e-01
E15/20 B11500/36000 batch_loss=1.7612e-01
E15/20 B11600/36000 batch_loss=1.2085e-01
E15/20 B11700/36000 batch_loss=1.2360e-01
E15/20 B11800/36000 batch_loss=1.0437e-01
E15/20 B11900/36000 batch_loss=1.3992e-01
E15/20 B12000/36000 batch_loss=1.8215e-01
E15/20 B12100/36000 batch_loss=1.1428e-01
E15/20 B12200/36000 batch_loss=1.8672e-01
E15/20 B12300/36000 batch_loss=1.9013e-01
E15/20 B12400/36000 batch_loss=1.6666e-01
E15/20 B12500/36000 batch_loss=1.9190e-01
E15/20 B12600/36000 batch_loss=1.1820e-01
E15/20 B12700/36000 batch_loss=1.7541e-01
E15/20 B12800/36000 batch_loss=1.6808e-01
E15/20 B12900/36000 batch_loss=1.1391e-01
E15/20 B13000/36000 batch_loss=1.8217e-01
E15/20 B13100/36000 batch_loss=1.1848e-01
E15/20 B13200/36000 batch_loss=1.1855e-01
E15/20 B13300/36000 batch_loss=1.6818e-01
E15/20 B13400/36000 batch_loss=1.8265e-01
E15/20 B13500/36000 batch_loss=1.2010e-01
E15/20 B13600/36000 batch_loss=1.1508e-01
E15/20 B13700/36000 batch_loss=1.1709e-01
E15/20 B13800/36000 batch_loss=1.0656e-01
E15/20 B13900/36000 batch_loss=1.8583e-01
E15/20 B14000/36000 batch_loss=1.8691e-01
E15/20 B14100/36000 batch_loss=1.8924e-01
E15/20 B14200/36000 batch_loss=1.3632e-01
E15/20 B14300/36000 batch_loss=1.6785e-01
E15/20 B14400/36000 batch_loss=1.7323e-01
E15/20 B14500/36000 batch_loss=1.9120e-01
E15/20 B14600/36000 batch_loss=1.0971e-01
E15/20 B14700/36000 batch_loss=1.8450e-01
E15/20 B14800/36000 batch_loss=1.8876e-01
E15/20 B14900/36000 batch_loss=1.7871e-01
E15/20 B15000/36000 batch_loss=1.7821e-01
E15/20 B15100/36000 batch_loss=1.2403e-01
E15/20 B15200/36000 batch_loss=1.8458e-01
E15/20 B15300/36000 batch_loss=1.3476e-01
E15/20 B15400/36000 batch_loss=1.6715e-01
E15/20 B15500/36000 batch_loss=1.9231e-01
E15/20 B15600/36000 batch_loss=1.7736e-01
E15/20 B15700/36000 batch_loss=1.9089e-01
E15/20 B15800/36000 batch_loss=1.1750e-01
E15/20 B15900/36000 batch_loss=1.2624e-01
E15/20 B16000/36000 batch_loss=1.7328e-01
E15/20 B16100/36000 batch_loss=1.2817e-01
E15/20 B16200/36000 batch_loss=1.1496e-01
E15/20 B16300/36000 batch_loss=1.9111e-01
E15/20 B16400/36000 batch_loss=1.1433e-01
E15/20 B16500/36000 batch_loss=1.2452e-01
E15/20 B16600/36000 batch_loss=1.3616e-01
E15/20 B16700/36000 batch_loss=1.2319e-01
E15/20 B16800/36000 batch_loss=1.2947e-01
E15/20 B16900/36000 batch_loss=1.1849e-01
E15/20 B17000/36000 batch_loss=1.9441e-01
E15/20 B17100/36000 batch_loss=1.8193e-01
E15/20 B17200/36000 batch_loss=1.0985e-01
E15/20 B17300/36000 batch_loss=1.7108e-01
E15/20 B17400/36000 batch_loss=1.1592e-01
E15/20 B17500/36000 batch_loss=1.3073e-01
E15/20 B17600/36000 batch_loss=1.8189e-01
E15/20 B17700/36000 batch_loss=1.6804e-01
E15/20 B17800/36000 batch_loss=1.6983e-01
E15/20 B17900/36000 batch_loss=1.9117e-01
E15/20 B18000/36000 batch_loss=1.9821e-01
E15/20 B18100/36000 batch_loss=1.1960e-01
E15/20 B18200/36000 batch_loss=1.2021e-01
E15/20 B18300/36000 batch_loss=1.7994e-01
E15/20 B18400/36000 batch_loss=1.4623e-01
E15/20 B18500/36000 batch_loss=1.7690e-01
E15/20 B18600/36000 batch_loss=1.5883e-01
E15/20 B18700/36000 batch_loss=1.8771e-01
E15/20 B18800/36000 batch_loss=1.1616e-01
E15/20 B18900/36000 batch_loss=1.1758e-01
E15/20 B19000/36000 batch_loss=1.8064e-01
E15/20 B19100/36000 batch_loss=1.2407e-01
E15/20 B19200/36000 batch_loss=1.6810e-01
E15/20 B19300/36000 batch_loss=1.7413e-01
E15/20 B19400/36000 batch_loss=1.7540e-01
E15/20 B19500/36000 batch_loss=2.0597e-01
E15/20 B19600/36000 batch_loss=1.9988e-01
E15/20 B19700/36000 batch_loss=1.3193e-01
E15/20 B19800/36000 batch_loss=1.3490e-01
E15/20 B19900/36000 batch_loss=1.8129e-01
E15/20 B20000/36000 batch_loss=1.9388e-01
E15/20 B20100/36000 batch_loss=1.1300e-01
E15/20 B20200/36000 batch_loss=1.6990e-01
E15/20 B20300/36000 batch_loss=1.7248e-01
E15/20 B20400/36000 batch_loss=1.9063e-01
E15/20 B20500/36000 batch_loss=1.2190e-01
E15/20 B20600/36000 batch_loss=1.2421e-01
E15/20 B20700/36000 batch_loss=1.7173e-01
E15/20 B20800/36000 batch_loss=1.7255e-01
E15/20 B20900/36000 batch_loss=1.2294e-01
E15/20 B21000/36000 batch_loss=1.8482e-01
E15/20 B21100/36000 batch_loss=1.7835e-01
E15/20 B21200/36000 batch_loss=1.1560e-01
E15/20 B21300/36000 batch_loss=1.8417e-01
E15/20 B21400/36000 batch_loss=1.1534e-01
E15/20 B21500/36000 batch_loss=1.1809e-01
E15/20 B21600/36000 batch_loss=1.7767e-01
E15/20 B21700/36000 batch_loss=1.6697e-01
E15/20 B21800/36000 batch_loss=1.9004e-01
E15/20 B21900/36000 batch_loss=1.8456e-01
E15/20 B22000/36000 batch_loss=1.2614e-01
E15/20 B22100/36000 batch_loss=1.0891e-01
E15/20 B22200/36000 batch_loss=1.7998e-01
E15/20 B22300/36000 batch_loss=1.9430e-01
E15/20 B22400/36000 batch_loss=1.7765e-01
E15/20 B22500/36000 batch_loss=1.6852e-01
E15/20 B22600/36000 batch_loss=1.2097e-01
E15/20 B22700/36000 batch_loss=1.2159e-01
E15/20 B22800/36000 batch_loss=1.9300e-01
E15/20 B22900/36000 batch_loss=1.9483e-01
E15/20 B23000/36000 batch_loss=1.1838e-01
E15/20 B23100/36000 batch_loss=1.6528e-01
E15/20 B23200/36000 batch_loss=1.6550e-01
E15/20 B23300/36000 batch_loss=1.6812e-01
E15/20 B23400/36000 batch_loss=1.7749e-01
E15/20 B23500/36000 batch_loss=1.3139e-01
E15/20 B23600/36000 batch_loss=1.2133e-01
E15/20 B23700/36000 batch_loss=1.1964e-01
E15/20 B23800/36000 batch_loss=1.1743e-01
E15/20 B23900/36000 batch_loss=1.7036e-01
E15/20 B24000/36000 batch_loss=1.2583e-01
E15/20 B24100/36000 batch_loss=1.1968e-01
E15/20 B24200/36000 batch_loss=1.7836e-01
E15/20 B24300/36000 batch_loss=1.1399e-01
E15/20 B24400/36000 batch_loss=1.1337e-01
E15/20 B24500/36000 batch_loss=1.3055e-01
E15/20 B24600/36000 batch_loss=1.2933e-01
E15/20 B24700/36000 batch_loss=1.3399e-01
E15/20 B24800/36000 batch_loss=1.2208e-01
E15/20 B24900/36000 batch_loss=1.8913e-01
E15/20 B25000/36000 batch_loss=1.2752e-01
E15/20 B25100/36000 batch_loss=1.1481e-01
E15/20 B25200/36000 batch_loss=1.3140e-01
E15/20 B25300/36000 batch_loss=1.8069e-01
E15/20 B25400/36000 batch_loss=1.0770e-01
E15/20 B25500/36000 batch_loss=1.1548e-01
E15/20 B25600/36000 batch_loss=1.8036e-01
E15/20 B25700/36000 batch_loss=2.0034e-01
E15/20 B25800/36000 batch_loss=2.0808e-01
E15/20 B25900/36000 batch_loss=1.2682e-01
E15/20 B26000/36000 batch_loss=1.3292e-01
E15/20 B26100/36000 batch_loss=1.6585e-01
E15/20 B26200/36000 batch_loss=1.9292e-01
E15/20 B26300/36000 batch_loss=1.6680e-01
E15/20 B26400/36000 batch_loss=1.2014e-01
E15/20 B26500/36000 batch_loss=1.7310e-01
E15/20 B26600/36000 batch_loss=1.8580e-01
E15/20 B26700/36000 batch_loss=1.8135e-01
E15/20 B26800/36000 batch_loss=1.2468e-01
E15/20 B26900/36000 batch_loss=1.3332e-01
E15/20 B27000/36000 batch_loss=1.7353e-01
E15/20 B27100/36000 batch_loss=1.2377e-01
E15/20 B27200/36000 batch_loss=1.2880e-01
E15/20 B27300/36000 batch_loss=2.0550e-01
E15/20 B27400/36000 batch_loss=1.2670e-01
E15/20 B27500/36000 batch_loss=1.8158e-01
E15/20 B27600/36000 batch_loss=2.0933e-01
E15/20 B27700/36000 batch_loss=1.1689e-01
E15/20 B27800/36000 batch_loss=1.8278e-01
E15/20 B27900/36000 batch_loss=1.2620e-01
E15/20 B28000/36000 batch_loss=1.9046e-01
E15/20 B28100/36000 batch_loss=1.3309e-01
E15/20 B28200/36000 batch_loss=1.3095e-01
E15/20 B28300/36000 batch_loss=1.7671e-01
E15/20 B28400/36000 batch_loss=1.3402e-01
E15/20 B28500/36000 batch_loss=1.9177e-01
E15/20 B28600/36000 batch_loss=1.9343e-01
E15/20 B28700/36000 batch_loss=1.1500e-01
E15/20 B28800/36000 batch_loss=1.9158e-01
E15/20 B28900/36000 batch_loss=1.7501e-01
E15/20 B29000/36000 batch_loss=1.2464e-01
E15/20 B29100/36000 batch_loss=1.3493e-01
E15/20 B29200/36000 batch_loss=1.8713e-01
E15/20 B29300/36000 batch_loss=1.7894e-01
E15/20 B29400/36000 batch_loss=1.3900e-01
E15/20 B29500/36000 batch_loss=2.1432e-01
E15/20 B29600/36000 batch_loss=1.7326e-01
E15/20 B29700/36000 batch_loss=1.2678e-01
E15/20 B29800/36000 batch_loss=1.9640e-01
E15/20 B29900/36000 batch_loss=1.8966e-01
E15/20 B30000/36000 batch_loss=1.4734e-01
E15/20 B30100/36000 batch_loss=1.8365e-01
E15/20 B30200/36000 batch_loss=1.2485e-01
E15/20 B30300/36000 batch_loss=1.0408e-01
E15/20 B30400/36000 batch_loss=1.2239e-01
E15/20 B30500/36000 batch_loss=1.3941e-01
E15/20 B30600/36000 batch_loss=1.3776e-01
E15/20 B30700/36000 batch_loss=1.5266e-01
E15/20 B30800/36000 batch_loss=1.1383e-01
E15/20 B30900/36000 batch_loss=1.7162e-01
E15/20 B31000/36000 batch_loss=1.9169e-01
E15/20 B31100/36000 batch_loss=1.1739e-01
E15/20 B31200/36000 batch_loss=1.6650e-01
E15/20 B31300/36000 batch_loss=1.1941e-01
E15/20 B31400/36000 batch_loss=1.2487e-01
E15/20 B31500/36000 batch_loss=1.1633e-01
E15/20 B31600/36000 batch_loss=1.2772e-01
E15/20 B31700/36000 batch_loss=1.7150e-01
E15/20 B31800/36000 batch_loss=1.2883e-01
E15/20 B31900/36000 batch_loss=1.1739e-01
E15/20 B32000/36000 batch_loss=1.1765e-01
E15/20 B32100/36000 batch_loss=1.2199e-01
E15/20 B32200/36000 batch_loss=1.7550e-01
E15/20 B32300/36000 batch_loss=1.8862e-01
E15/20 B32400/36000 batch_loss=1.9936e-01
E15/20 B32500/36000 batch_loss=1.1999e-01
E15/20 B32600/36000 batch_loss=2.0202e-01
E15/20 B32700/36000 batch_loss=1.8492e-01
E15/20 B32800/36000 batch_loss=1.7418e-01
E15/20 B32900/36000 batch_loss=1.3085e-01
E15/20 B33000/36000 batch_loss=1.1306e-01
E15/20 B33100/36000 batch_loss=1.1547e-01
E15/20 B33200/36000 batch_loss=1.1778e-01
E15/20 B33300/36000 batch_loss=1.8540e-01
E15/20 B33400/36000 batch_loss=1.8573e-01
E15/20 B33500/36000 batch_loss=1.9068e-01
E15/20 B33600/36000 batch_loss=1.7671e-01
E15/20 B33700/36000 batch_loss=1.8655e-01
E15/20 B33800/36000 batch_loss=1.6729e-01
E15/20 B33900/36000 batch_loss=1.0928e-01
E15/20 B34000/36000 batch_loss=1.2641e-01
E15/20 B34100/36000 batch_loss=1.3418e-01
E15/20 B34200/36000 batch_loss=1.7635e-01
E15/20 B34300/36000 batch_loss=1.2823e-01
E15/20 B34400/36000 batch_loss=1.1545e-01
E15/20 B34500/36000 batch_loss=1.6197e-01
E15/20 B34600/36000 batch_loss=1.7660e-01
E15/20 B34700/36000 batch_loss=1.2862e-01
E15/20 B34800/36000 batch_loss=2.2027e-01
E15/20 B34900/36000 batch_loss=1.9616e-01
E15/20 B35000/36000 batch_loss=1.1483e-01
E15/20 B35100/36000 batch_loss=1.3617e-01
E15/20 B35200/36000 batch_loss=1.8049e-01
E15/20 B35300/36000 batch_loss=1.2367e-01
E15/20 B35400/36000 batch_loss=1.2301e-01
E15/20 B35500/36000 batch_loss=1.3352e-01
E15/20 B35600/36000 batch_loss=1.3880e-01
E15/20 B35700/36000 batch_loss=1.5876e-01
E15/20 B35800/36000 batch_loss=9.8771e-02
E15/20 B35900/36000 batch_loss=1.8387e-01
E15/20 B36000/36000 batch_loss=1.7267e-01
2026-07-14 02:04:46,594 | INFO | Saved 10 diagnostic panel(s) under D:\Research\NO-2D-Metamaterials\MODELS\training_runs\NO_I3O5_BCF16_NMAE_HC128_LR2e-03_WD0e+00_L1P1e-08_SS1_G9e-01_ch0u_260711\diagnostics\epoch_015
epoch=15/20 loss=nmae train_nmae=1.512234e-01 val_nmae=2.392298e-01 train_mae=1.435676e-03 val_mae=2.035319e-03 train_mse=2.985473e-05 val_mse=5.008836e-05 lr=4.118e-04 train_sps=1207.6
2026-07-14 02:04:48,595 | INFO | epoch=15/20 loss=nmae train_nmae=1.512234e-01 val_nmae=2.392298e-01 train_mae=1.435676e-03 val_mae=2.035319e-03 train_mse=2.985473e-05 val_mse=5.008836e-05 lr=4.118e-04 train_sps=1207.6
2026-07-14 02:04:48,596 | INFO | epoch=15/20 loss_ch_nmae train=8.176e-03 1.622e-01 1.628e-01 2.141e-01 2.088e-01 val=8.485e-03 2.647e-01 2.668e-01 3.257e-01 3.304e-01
2026-07-14 02:04:48,596 | INFO | epoch=15/20 mae_ch train=5.226e-04 1.493e-03 1.389e-03 1.964e-03 1.809e-03 val=5.191e-04 2.244e-03 2.066e-03 2.754e-03 2.593e-03 mse_ch train=1.135e-05 2.687e-05 2.433e-05 4.689e-05 3.983e-05 val=2.285e-06 5.165e-05 4.883e-05 7.904e-05 6.863e-05
Epoch 15/20 done | loss=nmae train=1.5122e-01 val=2.3923e-01 mae=2.0353e-03 mse=5.0088e-05 lr=4.12e-04
E16/20 B100/36000 batch_loss=1.5681e-01
E16/20 B200/36000 batch_loss=1.2174e-01
E16/20 B300/36000 batch_loss=1.9131e-01
E16/20 B400/36000 batch_loss=9.8230e-02
E16/20 B500/36000 batch_loss=1.6854e-01
E16/20 B600/36000 batch_loss=1.1678e-01
E16/20 B700/36000 batch_loss=1.6717e-01
E16/20 B800/36000 batch_loss=1.1745e-01
E16/20 B900/36000 batch_loss=1.6061e-01
E16/20 B1000/36000 batch_loss=1.1802e-01
E16/20 B1100/36000 batch_loss=1.7516e-01
E16/20 B1200/36000 batch_loss=1.0854e-01
E16/20 B1300/36000 batch_loss=1.6440e-01
E16/20 B1400/36000 batch_loss=1.4355e-01
E16/20 B1500/36000 batch_loss=1.6573e-01
E16/20 B1600/36000 batch_loss=1.2530e-01
E16/20 B1700/36000 batch_loss=1.4092e-01
E16/20 B1800/36000 batch_loss=1.1707e-01
E16/20 B1900/36000 batch_loss=1.7322e-01
E16/20 B2000/36000 batch_loss=1.2755e-01
E16/20 B2100/36000 batch_loss=1.6423e-01
E16/20 B2200/36000 batch_loss=1.9096e-01
E16/20 B2300/36000 batch_loss=1.1327e-01
E16/20 B2400/36000 batch_loss=1.5201e-01
E16/20 B2500/36000 batch_loss=1.7679e-01
E16/20 B2600/36000 batch_loss=1.8783e-01
E16/20 B2700/36000 batch_loss=1.8058e-01
E16/20 B2800/36000 batch_loss=1.0344e-01
E16/20 B2900/36000 batch_loss=1.6295e-01
E16/20 B3000/36000 batch_loss=1.7545e-01
E16/20 B3100/36000 batch_loss=1.7698e-01
E16/20 B3200/36000 batch_loss=1.5216e-01
E16/20 B3300/36000 batch_loss=1.3597e-01
E16/20 B3400/36000 batch_loss=1.2980e-01
E16/20 B3500/36000 batch_loss=1.7628e-01
E16/20 B3600/36000 batch_loss=1.6344e-01
E16/20 B3700/36000 batch_loss=1.2673e-01
E16/20 B3800/36000 batch_loss=1.6398e-01
E16/20 B3900/36000 batch_loss=1.2166e-01
E16/20 B4000/36000 batch_loss=1.9055e-01
E16/20 B4100/36000 batch_loss=1.2738e-01
E16/20 B4200/36000 batch_loss=1.8630e-01
E16/20 B4300/36000 batch_loss=1.2620e-01
E16/20 B4400/36000 batch_loss=1.1535e-01
E16/20 B4500/36000 batch_loss=1.2564e-01
E16/20 B4600/36000 batch_loss=1.0750e-01
E16/20 B4700/36000 batch_loss=1.7850e-01
E16/20 B4800/36000 batch_loss=1.0799e-01
E16/20 B4900/36000 batch_loss=1.1004e-01
E16/20 B5000/36000 batch_loss=1.3491e-01
E16/20 B5100/36000 batch_loss=1.3829e-01
E16/20 B5200/36000 batch_loss=1.5346e-01
E16/20 B5300/36000 batch_loss=1.7158e-01
E16/20 B5400/36000 batch_loss=1.0131e-01
E16/20 B5500/36000 batch_loss=1.6931e-01
E16/20 B5600/36000 batch_loss=1.2114e-01
E16/20 B5700/36000 batch_loss=1.8126e-01
E16/20 B5800/36000 batch_loss=1.1628e-01
E16/20 B5900/36000 batch_loss=1.6613e-01
E16/20 B6000/36000 batch_loss=1.2375e-01
E16/20 B6100/36000 batch_loss=1.7929e-01
E16/20 B6200/36000 batch_loss=1.7524e-01
E16/20 B6300/36000 batch_loss=1.0159e-01
E16/20 B6400/36000 batch_loss=1.2044e-01
E16/20 B6500/36000 batch_loss=1.1303e-01
E16/20 B6600/36000 batch_loss=1.1821e-01
E16/20 B6700/36000 batch_loss=1.5929e-01
E16/20 B6800/36000 batch_loss=1.4134e-01
E16/20 B6900/36000 batch_loss=1.7276e-01
E16/20 B7000/36000 batch_loss=1.1715e-01
E16/20 B7100/36000 batch_loss=1.7308e-01
E16/20 B7200/36000 batch_loss=1.2329e-01
E16/20 B7300/36000 batch_loss=1.7447e-01
E16/20 B7400/36000 batch_loss=1.9376e-01
E16/20 B7500/36000 batch_loss=1.1450e-01
E16/20 B7600/36000 batch_loss=1.8457e-01
E16/20 B7700/36000 batch_loss=1.7049e-01
E16/20 B7800/36000 batch_loss=1.3691e-01
E16/20 B7900/36000 batch_loss=1.1438e-01
E16/20 B8000/36000 batch_loss=1.6436e-01
E16/20 B8100/36000 batch_loss=1.7065e-01
E16/20 B8200/36000 batch_loss=1.7578e-01
E16/20 B8300/36000 batch_loss=1.3439e-01
E16/20 B8400/36000 batch_loss=1.6000e-01
E16/20 B8500/36000 batch_loss=1.6593e-01
E16/20 B8600/36000 batch_loss=1.7064e-01
E16/20 B8700/36000 batch_loss=1.0311e-01
E16/20 B8800/36000 batch_loss=1.7514e-01
E16/20 B8900/36000 batch_loss=1.2223e-01
E16/20 B9000/36000 batch_loss=1.6183e-01
E16/20 B9100/36000 batch_loss=1.7161e-01
E16/20 B9200/36000 batch_loss=9.2534e-02
E16/20 B9300/36000 batch_loss=1.1800e-01
E16/20 B9400/36000 batch_loss=1.8114e-01
E16/20 B9500/36000 batch_loss=1.1167e-01
E16/20 B9600/36000 batch_loss=1.0966e-01
E16/20 B9700/36000 batch_loss=1.7032e-01
E16/20 B9800/36000 batch_loss=1.0738e-01
E16/20 B9900/36000 batch_loss=1.4374e-01
E16/20 B10000/36000 batch_loss=1.1840e-01
E16/20 B10100/36000 batch_loss=1.8570e-01
E16/20 B10200/36000 batch_loss=1.2196e-01
E16/20 B10300/36000 batch_loss=1.6763e-01
E16/20 B10400/36000 batch_loss=1.7591e-01
E16/20 B10500/36000 batch_loss=1.0875e-01
E16/20 B10600/36000 batch_loss=1.6596e-01
E16/20 B10700/36000 batch_loss=1.1537e-01
E16/20 B10800/36000 batch_loss=1.1998e-01
E16/20 B10900/36000 batch_loss=1.2384e-01
E16/20 B11000/36000 batch_loss=1.7551e-01
E16/20 B11100/36000 batch_loss=1.2576e-01
E16/20 B11200/36000 batch_loss=1.2584e-01
E16/20 B11300/36000 batch_loss=1.0688e-01
E16/20 B11400/36000 batch_loss=1.2014e-01
E16/20 B11500/36000 batch_loss=1.6063e-01
E16/20 B11600/36000 batch_loss=1.1407e-01
E16/20 B11700/36000 batch_loss=1.8459e-01
E16/20 B11800/36000 batch_loss=1.8620e-01
E16/20 B11900/36000 batch_loss=1.1590e-01
E16/20 B12000/36000 batch_loss=1.6830e-01
E16/20 B12100/36000 batch_loss=1.7013e-01
E16/20 B12200/36000 batch_loss=1.7381e-01
E16/20 B12300/36000 batch_loss=1.7845e-01
E16/20 B12400/36000 batch_loss=1.3502e-01
E16/20 B12500/36000 batch_loss=1.6052e-01
E16/20 B12600/36000 batch_loss=1.7756e-01
E16/20 B12700/36000 batch_loss=1.0862e-01
E16/20 B12800/36000 batch_loss=1.5625e-01
E16/20 B12900/36000 batch_loss=1.7906e-01
E16/20 B13000/36000 batch_loss=1.1626e-01
E16/20 B13100/36000 batch_loss=9.9635e-02
E16/20 B13200/36000 batch_loss=1.1055e-01
E16/20 B13300/36000 batch_loss=1.2153e-01
E16/20 B13400/36000 batch_loss=1.7631e-01
E16/20 B13500/36000 batch_loss=1.1322e-01
E16/20 B13600/36000 batch_loss=1.6753e-01
E16/20 B13700/36000 batch_loss=1.6531e-01
E16/20 B13800/36000 batch_loss=1.7869e-01
E16/20 B13900/36000 batch_loss=1.1854e-01
E16/20 B14000/36000 batch_loss=1.3492e-01
E16/20 B14100/36000 batch_loss=1.1794e-01
E16/20 B14200/36000 batch_loss=1.7151e-01
E16/20 B14300/36000 batch_loss=1.5687e-01
E16/20 B14400/36000 batch_loss=1.7200e-01
E16/20 B14500/36000 batch_loss=1.1514e-01
E16/20 B14600/36000 batch_loss=1.7749e-01
E16/20 B14700/36000 batch_loss=1.6810e-01
E16/20 B14800/36000 batch_loss=1.1077e-01
E16/20 B14900/36000 batch_loss=1.1123e-01
E16/20 B15000/36000 batch_loss=1.6188e-01
E16/20 B15100/36000 batch_loss=1.0439e-01
E16/20 B15200/36000 batch_loss=1.1906e-01
E16/20 B15300/36000 batch_loss=1.7414e-01
E16/20 B15400/36000 batch_loss=1.8481e-01
E16/20 B15500/36000 batch_loss=1.1929e-01
E16/20 B15600/36000 batch_loss=1.2036e-01
E16/20 B15700/36000 batch_loss=1.9029e-01
E16/20 B15800/36000 batch_loss=1.7582e-01
E16/20 B15900/36000 batch_loss=1.1857e-01
E16/20 B16000/36000 batch_loss=1.2680e-01
E16/20 B16100/36000 batch_loss=1.3077e-01
E16/20 B16200/36000 batch_loss=1.8128e-01
E16/20 B16300/36000 batch_loss=1.2093e-01
E16/20 B16400/36000 batch_loss=1.0595e-01
E16/20 B16500/36000 batch_loss=1.1754e-01
E16/20 B16600/36000 batch_loss=1.1840e-01
E16/20 B16700/36000 batch_loss=1.3964e-01
E16/20 B16800/36000 batch_loss=1.6227e-01
E16/20 B16900/36000 batch_loss=1.7011e-01
E16/20 B17000/36000 batch_loss=1.7323e-01
E16/20 B17100/36000 batch_loss=1.5939e-01
E16/20 B17200/36000 batch_loss=1.2053e-01
E16/20 B17300/36000 batch_loss=1.7148e-01
E16/20 B17400/36000 batch_loss=1.1700e-01
E16/20 B17500/36000 batch_loss=1.6917e-01
E16/20 B17600/36000 batch_loss=1.6276e-01
E16/20 B17700/36000 batch_loss=2.0359e-01
E16/20 B17800/36000 batch_loss=1.9548e-01
E16/20 B17900/36000 batch_loss=1.2631e-01
E16/20 B18000/36000 batch_loss=1.6807e-01
E16/20 B18100/36000 batch_loss=1.2608e-01
E16/20 B18200/36000 batch_loss=1.6649e-01
E16/20 B18300/36000 batch_loss=1.6744e-01
E16/20 B18400/36000 batch_loss=1.1415e-01
E16/20 B18500/36000 batch_loss=1.5982e-01
E16/20 B18600/36000 batch_loss=1.0700e-01
E16/20 B18700/36000 batch_loss=1.0907e-01
E16/20 B18800/36000 batch_loss=1.6967e-01
E16/20 B18900/36000 batch_loss=1.1281e-01
E16/20 B19000/36000 batch_loss=1.1824e-01
E16/20 B19100/36000 batch_loss=1.0673e-01
E16/20 B19200/36000 batch_loss=1.0197e-01
E16/20 B19300/36000 batch_loss=1.1406e-01
E16/20 B19400/36000 batch_loss=1.1836e-01
E16/20 B19500/36000 batch_loss=1.2372e-01
E16/20 B19600/36000 batch_loss=1.3087e-01
E16/20 B19700/36000 batch_loss=1.8600e-01
E16/20 B19800/36000 batch_loss=1.8806e-01
E16/20 B19900/36000 batch_loss=1.1307e-01
E16/20 B20000/36000 batch_loss=1.6597e-01
E16/20 B20100/36000 batch_loss=1.2627e-01
E16/20 B20200/36000 batch_loss=1.8177e-01
E16/20 B20300/36000 batch_loss=1.1512e-01
E16/20 B20400/36000 batch_loss=1.8887e-01
E16/20 B20500/36000 batch_loss=1.7980e-01
E16/20 B20600/36000 batch_loss=1.2412e-01
E16/20 B20700/36000 batch_loss=1.8118e-01
E16/20 B20800/36000 batch_loss=1.1593e-01
E16/20 B20900/36000 batch_loss=1.1918e-01
E16/20 B21000/36000 batch_loss=1.5607e-01
E16/20 B21100/36000 batch_loss=1.2035e-01
E16/20 B21200/36000 batch_loss=1.2687e-01
E16/20 B21300/36000 batch_loss=1.2224e-01
E16/20 B21400/36000 batch_loss=1.8130e-01
E16/20 B21500/36000 batch_loss=1.1520e-01
E16/20 B21600/36000 batch_loss=1.1970e-01
E16/20 B21700/36000 batch_loss=1.5538e-01
E16/20 B21800/36000 batch_loss=1.9242e-01
E16/20 B21900/36000 batch_loss=1.1014e-01
E16/20 B22000/36000 batch_loss=1.1496e-01
E16/20 B22100/36000 batch_loss=1.2737e-01
E16/20 B22200/36000 batch_loss=1.3051e-01
E16/20 B22300/36000 batch_loss=1.6224e-01
E16/20 B22400/36000 batch_loss=1.3306e-01
E16/20 B22500/36000 batch_loss=1.7860e-01
E16/20 B22600/36000 batch_loss=1.6780e-01
E16/20 B22700/36000 batch_loss=1.0652e-01
E16/20 B22800/36000 batch_loss=1.8546e-01
E16/20 B22900/36000 batch_loss=1.6726e-01
E16/20 B23000/36000 batch_loss=1.0981e-01
E16/20 B23100/36000 batch_loss=1.7451e-01
E16/20 B23200/36000 batch_loss=1.5820e-01
E16/20 B23300/36000 batch_loss=1.3741e-01
E16/20 B23400/36000 batch_loss=1.2533e-01
E16/20 B23500/36000 batch_loss=1.3654e-01
E16/20 B23600/36000 batch_loss=1.5754e-01
E16/20 B23700/36000 batch_loss=1.3402e-01
E16/20 B23800/36000 batch_loss=1.9300e-01
E16/20 B23900/36000 batch_loss=1.0834e-01
E16/20 B24000/36000 batch_loss=1.7443e-01
E16/20 B24100/36000 batch_loss=1.1129e-01
E16/20 B24200/36000 batch_loss=1.5646e-01
E16/20 B24300/36000 batch_loss=1.1513e-01
E16/20 B24400/36000 batch_loss=1.2464e-01
E16/20 B24500/36000 batch_loss=1.2195e-01
E16/20 B24600/36000 batch_loss=1.7302e-01
E16/20 B24700/36000 batch_loss=1.0452e-01
E16/20 B24800/36000 batch_loss=1.2155e-01
E16/20 B24900/36000 batch_loss=1.7669e-01
E16/20 B25000/36000 batch_loss=1.1894e-01
E16/20 B25100/36000 batch_loss=1.1098e-01
E16/20 B25200/36000 batch_loss=1.7666e-01
E16/20 B25300/36000 batch_loss=1.8485e-01
E16/20 B25400/36000 batch_loss=1.1890e-01
E16/20 B25500/36000 batch_loss=1.0742e-01
E16/20 B25600/36000 batch_loss=1.2155e-01
E16/20 B25700/36000 batch_loss=1.2615e-01
E16/20 B25800/36000 batch_loss=1.2382e-01
E16/20 B25900/36000 batch_loss=1.0535e-01
E16/20 B26000/36000 batch_loss=1.3241e-01
E16/20 B26100/36000 batch_loss=1.5122e-01
E16/20 B26200/36000 batch_loss=1.0835e-01
E16/20 B26300/36000 batch_loss=1.9226e-01
E16/20 B26400/36000 batch_loss=1.7751e-01
E16/20 B26500/36000 batch_loss=1.7043e-01
E16/20 B26600/36000 batch_loss=1.6692e-01
E16/20 B26700/36000 batch_loss=1.1722e-01
E16/20 B26800/36000 batch_loss=1.8544e-01
E16/20 B26900/36000 batch_loss=1.7409e-01
E16/20 B27000/36000 batch_loss=1.2423e-01
E16/20 B27100/36000 batch_loss=1.2161e-01
E16/20 B27200/36000 batch_loss=1.7550e-01
E16/20 B27300/36000 batch_loss=1.7988e-01
E16/20 B27400/36000 batch_loss=1.7965e-01
E16/20 B27500/36000 batch_loss=1.6184e-01
E16/20 B27600/36000 batch_loss=1.4209e-01
E16/20 B27700/36000 batch_loss=1.7859e-01
E16/20 B27800/36000 batch_loss=1.3103e-01
E16/20 B27900/36000 batch_loss=1.7727e-01
E16/20 B28000/36000 batch_loss=1.7591e-01
E16/20 B28100/36000 batch_loss=1.7356e-01
E16/20 B28200/36000 batch_loss=1.1312e-01
E16/20 B28300/36000 batch_loss=1.8496e-01
E16/20 B28400/36000 batch_loss=1.7600e-01
E16/20 B28500/36000 batch_loss=1.1927e-01
E16/20 B28600/36000 batch_loss=1.0856e-01
E16/20 B28700/36000 batch_loss=1.8958e-01
E16/20 B28800/36000 batch_loss=1.6094e-01
E16/20 B28900/36000 batch_loss=1.6830e-01
E16/20 B29000/36000 batch_loss=1.2870e-01
E16/20 B29100/36000 batch_loss=1.2839e-01
E16/20 B29200/36000 batch_loss=1.1874e-01
E16/20 B29300/36000 batch_loss=1.2539e-01
E16/20 B29400/36000 batch_loss=1.2276e-01
E16/20 B29500/36000 batch_loss=1.2851e-01
E16/20 B29600/36000 batch_loss=1.8725e-01
E16/20 B29700/36000 batch_loss=1.2362e-01
E16/20 B29800/36000 batch_loss=1.6144e-01
E16/20 B29900/36000 batch_loss=1.8057e-01
E16/20 B30000/36000 batch_loss=1.2425e-01
E16/20 B30100/36000 batch_loss=1.3958e-01
E16/20 B30200/36000 batch_loss=1.8176e-01
E16/20 B30300/36000 batch_loss=1.5867e-01
E16/20 B30400/36000 batch_loss=1.7345e-01
E16/20 B30500/36000 batch_loss=1.8279e-01
E16/20 B30600/36000 batch_loss=1.1443e-01
E16/20 B30700/36000 batch_loss=1.0963e-01
E16/20 B30800/36000 batch_loss=1.2823e-01
E16/20 B30900/36000 batch_loss=1.3643e-01
E16/20 B31000/36000 batch_loss=1.0635e-01
E16/20 B31100/36000 batch_loss=1.8540e-01
E16/20 B31200/36000 batch_loss=1.7969e-01
E16/20 B31300/36000 batch_loss=1.4681e-01
E16/20 B31400/36000 batch_loss=1.2363e-01
E16/20 B31500/36000 batch_loss=1.0694e-01
E16/20 B31600/36000 batch_loss=1.2171e-01
E16/20 B31700/36000 batch_loss=1.5802e-01
E16/20 B31800/36000 batch_loss=1.2875e-01
E16/20 B31900/36000 batch_loss=1.7396e-01
E16/20 B32000/36000 batch_loss=1.1262e-01
E16/20 B32100/36000 batch_loss=1.6712e-01
E16/20 B32200/36000 batch_loss=1.2122e-01
E16/20 B32300/36000 batch_loss=1.3260e-01
E16/20 B32400/36000 batch_loss=1.7094e-01
E16/20 B32500/36000 batch_loss=1.1516e-01
E16/20 B32600/36000 batch_loss=1.6110e-01
E16/20 B32700/36000 batch_loss=1.3558e-01
E16/20 B32800/36000 batch_loss=1.8463e-01
E16/20 B32900/36000 batch_loss=1.1914e-01
E16/20 B33000/36000 batch_loss=1.7474e-01
E16/20 B33100/36000 batch_loss=1.7830e-01
E16/20 B33200/36000 batch_loss=1.8096e-01
E16/20 B33300/36000 batch_loss=1.7021e-01
E16/20 B33400/36000 batch_loss=1.6002e-01
E16/20 B33500/36000 batch_loss=9.2535e-02
E16/20 B33600/36000 batch_loss=1.3485e-01
E16/20 B33700/36000 batch_loss=1.6655e-01
E16/20 B33800/36000 batch_loss=1.8143e-01
E16/20 B33900/36000 batch_loss=1.8507e-01
E16/20 B34000/36000 batch_loss=1.7545e-01
E16/20 B34100/36000 batch_loss=1.1589e-01
E16/20 B34200/36000 batch_loss=1.2005e-01
E16/20 B34300/36000 batch_loss=1.0164e-01
E16/20 B34400/36000 batch_loss=1.8412e-01
E16/20 B34500/36000 batch_loss=1.0353e-01
E16/20 B34600/36000 batch_loss=1.7679e-01
E16/20 B34700/36000 batch_loss=1.1571e-01
E16/20 B34800/36000 batch_loss=1.7853e-01
E16/20 B34900/36000 batch_loss=1.9817e-01
E16/20 B35000/36000 batch_loss=1.1400e-01
E16/20 B35100/36000 batch_loss=1.2567e-01
E16/20 B35200/36000 batch_loss=1.8715e-01
E16/20 B35300/36000 batch_loss=1.7414e-01
E16/20 B35400/36000 batch_loss=1.2858e-01
E16/20 B35500/36000 batch_loss=1.9565e-01
E16/20 B35600/36000 batch_loss=1.1504e-01
E16/20 B35700/36000 batch_loss=1.9086e-01
E16/20 B35800/36000 batch_loss=1.2582e-01
E16/20 B35900/36000 batch_loss=1.4030e-01
E16/20 B36000/36000 batch_loss=1.7641e-01
2026-07-14 06:56:45,992 | INFO | Saved 10 diagnostic panel(s) under D:\Research\NO-2D-Metamaterials\MODELS\training_runs\NO_I3O5_BCF16_NMAE_HC128_LR2e-03_WD0e+00_L1P1e-08_SS1_G9e-01_ch0u_260711\diagnostics\epoch_016
epoch=16/20 loss=nmae train_nmae=1.475149e-01 val_nmae=2.376800e-01 train_mae=1.396689e-03 val_mae=2.023949e-03 train_mse=2.892770e-05 val_mse=5.024275e-05 lr=3.706e-04 train_sps=1123.4
2026-07-14 06:56:48,476 | INFO | epoch=16/20 loss=nmae train_nmae=1.475149e-01 val_nmae=2.376800e-01 train_mae=1.396689e-03 val_mae=2.023949e-03 train_mse=2.892770e-05 val_mse=5.024275e-05 lr=3.706e-04 train_sps=1123.4
2026-07-14 06:56:48,477 | INFO | epoch=16/20 loss_ch_nmae train=7.637e-03 1.584e-01 1.587e-01 2.089e-01 2.040e-01 val=8.731e-03 2.583e-01 2.652e-01 3.298e-01 3.263e-01
2026-07-14 06:56:48,478 | INFO | epoch=16/20 mae_ch train=4.878e-04 1.458e-03 1.353e-03 1.916e-03 1.768e-03 val=5.328e-04 2.192e-03 2.052e-03 2.780e-03 2.562e-03 mse_ch train=1.129e-05 2.594e-05 2.346e-05 4.537e-05 3.858e-05 val=2.308e-06 5.178e-05 4.893e-05 7.947e-05 6.872e-05
Epoch 16/20 done | loss=nmae train=1.4751e-01 val=2.3768e-01 mae=2.0239e-03 mse=5.0243e-05 lr=3.71e-04
E17/20 B100/36000 batch_loss=1.0508e-01
E17/20 B200/36000 batch_loss=1.5918e-01
E17/20 B300/36000 batch_loss=1.2308e-01
E17/20 B400/36000 batch_loss=1.7106e-01
E17/20 B500/36000 batch_loss=1.5428e-01
E17/20 B600/36000 batch_loss=1.5910e-01
E17/20 B700/36000 batch_loss=9.9560e-02
E17/20 B800/36000 batch_loss=1.8099e-01
E17/20 B900/36000 batch_loss=1.8752e-01
E17/20 B1000/36000 batch_loss=1.2814e-01
E17/20 B1100/36000 batch_loss=1.1709e-01
E17/20 B1200/36000 batch_loss=1.3382e-01
E17/20 B1300/36000 batch_loss=1.6491e-01
E17/20 B1400/36000 batch_loss=1.0220e-01
E17/20 B1500/36000 batch_loss=1.1140e-01
E17/20 B1600/36000 batch_loss=1.6973e-01
E17/20 B1700/36000 batch_loss=1.6510e-01
E17/20 B1800/36000 batch_loss=1.2600e-01
E17/20 B1900/36000 batch_loss=1.3075e-01
E17/20 B2000/36000 batch_loss=1.5030e-01
E17/20 B2100/36000 batch_loss=1.5458e-01
E17/20 B2200/36000 batch_loss=9.3647e-02
E17/20 B2300/36000 batch_loss=1.6655e-01
E17/20 B2400/36000 batch_loss=1.6048e-01
E17/20 B2500/36000 batch_loss=1.0643e-01
E17/20 B2600/36000 batch_loss=1.2688e-01
E17/20 B2700/36000 batch_loss=1.7631e-01
E17/20 B2800/36000 batch_loss=1.1145e-01
E17/20 B2900/36000 batch_loss=1.6997e-01
E17/20 B3000/36000 batch_loss=1.0829e-01
E17/20 B3100/36000 batch_loss=1.6808e-01
E17/20 B3200/36000 batch_loss=1.6492e-01
E17/20 B3300/36000 batch_loss=1.1923e-01
E17/20 B3400/36000 batch_loss=1.2082e-01
E17/20 B3500/36000 batch_loss=1.3784e-01
E17/20 B3600/36000 batch_loss=1.1933e-01
E17/20 B3700/36000 batch_loss=1.1908e-01
E17/20 B3800/36000 batch_loss=1.2333e-01
E17/20 B3900/36000 batch_loss=1.7059e-01
E17/20 B4000/36000 batch_loss=1.1611e-01
E17/20 B4100/36000 batch_loss=1.7078e-01
E17/20 B4200/36000 batch_loss=1.0989e-01
E17/20 B4300/36000 batch_loss=1.5890e-01
E17/20 B4400/36000 batch_loss=1.1427e-01
E17/20 B4500/36000 batch_loss=1.8384e-01
E17/20 B4600/36000 batch_loss=1.6646e-01
E17/20 B4700/36000 batch_loss=1.0648e-01
E17/20 B4800/36000 batch_loss=1.7386e-01
E17/20 B4900/36000 batch_loss=1.0412e-01
E17/20 B5000/36000 batch_loss=1.6223e-01
E17/20 B5100/36000 batch_loss=1.5320e-01
E17/20 B5200/36000 batch_loss=1.1753e-01
E17/20 B5300/36000 batch_loss=1.0638e-01
E17/20 B5400/36000 batch_loss=1.2046e-01
E17/20 B5500/36000 batch_loss=1.7543e-01
E17/20 B5600/36000 batch_loss=1.0452e-01
E17/20 B5700/36000 batch_loss=1.5964e-01
E17/20 B5800/36000 batch_loss=1.8363e-01
E17/20 B5900/36000 batch_loss=1.1485e-01
E17/20 B6000/36000 batch_loss=1.1765e-01
E17/20 B6100/36000 batch_loss=1.5784e-01
E17/20 B6200/36000 batch_loss=1.7456e-01
E17/20 B6300/36000 batch_loss=1.0869e-01
E17/20 B6400/36000 batch_loss=1.7144e-01
E17/20 B6500/36000 batch_loss=1.0171e-01
E17/20 B6600/36000 batch_loss=1.1305e-01
E17/20 B6700/36000 batch_loss=1.8835e-01
E17/20 B6800/36000 batch_loss=1.1018e-01
E17/20 B6900/36000 batch_loss=1.0636e-01
E17/20 B7000/36000 batch_loss=1.7557e-01
E17/20 B7100/36000 batch_loss=1.6603e-01
E17/20 B7200/36000 batch_loss=1.6007e-01
E17/20 B7300/36000 batch_loss=1.1650e-01
E17/20 B7400/36000 batch_loss=1.8045e-01
E17/20 B7500/36000 batch_loss=1.6520e-01
E17/20 B7600/36000 batch_loss=1.3717e-01
E17/20 B7700/36000 batch_loss=1.1493e-01
E17/20 B7800/36000 batch_loss=1.1856e-01
E17/20 B7900/36000 batch_loss=1.6381e-01
E17/20 B8000/36000 batch_loss=1.1053e-01
E17/20 B8100/36000 batch_loss=1.2021e-01
E17/20 B8200/36000 batch_loss=1.7142e-01
E17/20 B8300/36000 batch_loss=1.3177e-01
E17/20 B8400/36000 batch_loss=1.6224e-01
E17/20 B8500/36000 batch_loss=1.2123e-01
E17/20 B8600/36000 batch_loss=1.6691e-01
E17/20 B8700/36000 batch_loss=1.8257e-01
E17/20 B8800/36000 batch_loss=1.0375e-01
E17/20 B8900/36000 batch_loss=1.6367e-01
E17/20 B9000/36000 batch_loss=1.1309e-01
E17/20 B9100/36000 batch_loss=1.6448e-01
E17/20 B9200/36000 batch_loss=1.7549e-01
E17/20 B9300/36000 batch_loss=1.1511e-01
E17/20 B9400/36000 batch_loss=1.1930e-01
E17/20 B9500/36000 batch_loss=1.6638e-01
E17/20 B9600/36000 batch_loss=1.1545e-01
E17/20 B9700/36000 batch_loss=1.6855e-01
E17/20 B9800/36000 batch_loss=1.1376e-01
E17/20 B9900/36000 batch_loss=1.5239e-01
E17/20 B10000/36000 batch_loss=1.7796e-01
E17/20 B10100/36000 batch_loss=1.2419e-01
E17/20 B10200/36000 batch_loss=1.1065e-01
E17/20 B10300/36000 batch_loss=1.6975e-01
E17/20 B10400/36000 batch_loss=1.1396e-01
E17/20 B10500/36000 batch_loss=1.3927e-01
E17/20 B10600/36000 batch_loss=1.7169e-01
E17/20 B10700/36000 batch_loss=1.0758e-01
E17/20 B10800/36000 batch_loss=1.6727e-01
E17/20 B10900/36000 batch_loss=1.5739e-01
E17/20 B11000/36000 batch_loss=1.1348e-01
E17/20 B11100/36000 batch_loss=1.8816e-01
E17/20 B11200/36000 batch_loss=1.2133e-01
E17/20 B11300/36000 batch_loss=1.7903e-01
E17/20 B11400/36000 batch_loss=1.6138e-01
E17/20 B11500/36000 batch_loss=1.2519e-01
E17/20 B11600/36000 batch_loss=1.6716e-01
E17/20 B11700/36000 batch_loss=1.7279e-01
E17/20 B11800/36000 batch_loss=1.3420e-01
E17/20 B11900/36000 batch_loss=1.2540e-01
E17/20 B12000/36000 batch_loss=1.1449e-01
E17/20 B12100/36000 batch_loss=1.7664e-01
E17/20 B12200/36000 batch_loss=1.1978e-01
E17/20 B12300/36000 batch_loss=1.0558e-01
E17/20 B12400/36000 batch_loss=1.1540e-01
E17/20 B12500/36000 batch_loss=1.1972e-01
E17/20 B12600/36000 batch_loss=1.1652e-01
E17/20 B12700/36000 batch_loss=1.7289e-01
E17/20 B12800/36000 batch_loss=1.7996e-01
E17/20 B12900/36000 batch_loss=1.7893e-01
E17/20 B13000/36000 batch_loss=1.6764e-01
E17/20 B13100/36000 batch_loss=1.1651e-01
E17/20 B13200/36000 batch_loss=1.6203e-01
E17/20 B13300/36000 batch_loss=1.2464e-01
E17/20 B13400/36000 batch_loss=1.7445e-01
E17/20 B13500/36000 batch_loss=1.7228e-01
E17/20 B13600/36000 batch_loss=1.8196e-01
E17/20 B13700/36000 batch_loss=1.1966e-01
E17/20 B13800/36000 batch_loss=1.5463e-01
E17/20 B13900/36000 batch_loss=1.5446e-01
E17/20 B14000/36000 batch_loss=1.7300e-01
E17/20 B14100/36000 batch_loss=1.6158e-01
E17/20 B14200/36000 batch_loss=1.2123e-01
E17/20 B14300/36000 batch_loss=1.6607e-01
E17/20 B14400/36000 batch_loss=1.2884e-01
E17/20 B14500/36000 batch_loss=1.6924e-01
E17/20 B14600/36000 batch_loss=1.0996e-01
E17/20 B14700/36000 batch_loss=1.2524e-01
E17/20 B14800/36000 batch_loss=1.7483e-01
E17/20 B14900/36000 batch_loss=1.7903e-01
E17/20 B15000/36000 batch_loss=1.0820e-01
E17/20 B15100/36000 batch_loss=1.2639e-01
E17/20 B15200/36000 batch_loss=1.1216e-01
E17/20 B15300/36000 batch_loss=1.0898e-01
E17/20 B15400/36000 batch_loss=1.6450e-01
E17/20 B15500/36000 batch_loss=1.1722e-01
E17/20 B15600/36000 batch_loss=1.1505e-01
E17/20 B15700/36000 batch_loss=9.7962e-02
E17/20 B15800/36000 batch_loss=1.3305e-01
E17/20 B15900/36000 batch_loss=1.5547e-01
E17/20 B16000/36000 batch_loss=1.3244e-01
E17/20 B16100/36000 batch_loss=1.1832e-01
E17/20 B16200/36000 batch_loss=1.1541e-01
E17/20 B16300/36000 batch_loss=1.8401e-01
E17/20 B16400/36000 batch_loss=1.8181e-01
E17/20 B16500/36000 batch_loss=1.2114e-01
E17/20 B16600/36000 batch_loss=1.6332e-01
E17/20 B16700/36000 batch_loss=1.1750e-01
E17/20 B16800/36000 batch_loss=1.0193e-01
E17/20 B16900/36000 batch_loss=1.7480e-01
E17/20 B17000/36000 batch_loss=1.0477e-01
E17/20 B17100/36000 batch_loss=1.3784e-01
E17/20 B17200/36000 batch_loss=1.8389e-01
E17/20 B17300/36000 batch_loss=1.5534e-01
E17/20 B17400/36000 batch_loss=1.6700e-01
E17/20 B17500/36000 batch_loss=1.2605e-01
E17/20 B17600/36000 batch_loss=1.1842e-01
E17/20 B17700/36000 batch_loss=9.9559e-02
E17/20 B17800/36000 batch_loss=1.8110e-01
E17/20 B17900/36000 batch_loss=1.2502e-01
E17/20 B18000/36000 batch_loss=1.0939e-01
E17/20 B18100/36000 batch_loss=1.2675e-01
E17/20 B18200/36000 batch_loss=1.7298e-01
E17/20 B18300/36000 batch_loss=1.5835e-01
E17/20 B18400/36000 batch_loss=1.6678e-01
E17/20 B18500/36000 batch_loss=1.8280e-01
E17/20 B18600/36000 batch_loss=1.7253e-01
E17/20 B18700/36000 batch_loss=1.2248e-01
E17/20 B18800/36000 batch_loss=1.7504e-01
E17/20 B18900/36000 batch_loss=1.9781e-01
E17/20 B19000/36000 batch_loss=1.1585e-01
E17/20 B19100/36000 batch_loss=1.6133e-01
E17/20 B19200/36000 batch_loss=1.1583e-01
E17/20 B19300/36000 batch_loss=1.0863e-01
E17/20 B19400/36000 batch_loss=1.2451e-01
E17/20 B19500/36000 batch_loss=1.7181e-01
E17/20 B19600/36000 batch_loss=1.7872e-01
E17/20 B19700/36000 batch_loss=1.5869e-01
E17/20 B19800/36000 batch_loss=1.1337e-01
E17/20 B19900/36000 batch_loss=1.2055e-01
E17/20 B20000/36000 batch_loss=1.1969e-01
E17/20 B20100/36000 batch_loss=1.1539e-01
E17/20 B20200/36000 batch_loss=1.7135e-01
E17/20 B20300/36000 batch_loss=1.5721e-01
E17/20 B20400/36000 batch_loss=1.8170e-01
E17/20 B20500/36000 batch_loss=1.7204e-01
E17/20 B20600/36000 batch_loss=1.5363e-01
E17/20 B20700/36000 batch_loss=1.2648e-01
E17/20 B20800/36000 batch_loss=1.2081e-01
E17/20 B20900/36000 batch_loss=1.7777e-01
E17/20 B21000/36000 batch_loss=1.2155e-01
E17/20 B21100/36000 batch_loss=1.2383e-01
E17/20 B21200/36000 batch_loss=1.1408e-01
E17/20 B21300/36000 batch_loss=1.8605e-01
E17/20 B21400/36000 batch_loss=1.5629e-01
E17/20 B21500/36000 batch_loss=1.7866e-01
E17/20 B21600/36000 batch_loss=1.6726e-01
E17/20 B21700/36000 batch_loss=1.2310e-01
E17/20 B21800/36000 batch_loss=1.3724e-01
E17/20 B21900/36000 batch_loss=1.6933e-01
E17/20 B22000/36000 batch_loss=1.7805e-01
E17/20 B22100/36000 batch_loss=1.6268e-01
E17/20 B22200/36000 batch_loss=1.5702e-01
E17/20 B22300/36000 batch_loss=1.5337e-01
E17/20 B22400/36000 batch_loss=1.7547e-01
E17/20 B22500/36000 batch_loss=1.0504e-01
E17/20 B22600/36000 batch_loss=1.7186e-01
E17/20 B22700/36000 batch_loss=1.1974e-01
E17/20 B22800/36000 batch_loss=1.2828e-01
E17/20 B22900/36000 batch_loss=1.0506e-01
E17/20 B23000/36000 batch_loss=9.5001e-02
E17/20 B23100/36000 batch_loss=1.8047e-01
E17/20 B23200/36000 batch_loss=1.2597e-01
E17/20 B23300/36000 batch_loss=1.0297e-01
E17/20 B23400/36000 batch_loss=1.2890e-01
E17/20 B23500/36000 batch_loss=1.8292e-01
E17/20 B23600/36000 batch_loss=1.2534e-01
E17/20 B23700/36000 batch_loss=1.7765e-01
E17/20 B23800/36000 batch_loss=1.1508e-01
E17/20 B23900/36000 batch_loss=1.2268e-01
E17/20 B24000/36000 batch_loss=1.2122e-01
E17/20 B24100/36000 batch_loss=1.7647e-01
E17/20 B24200/36000 batch_loss=1.2664e-01
E17/20 B24300/36000 batch_loss=1.0520e-01
E17/20 B24400/36000 batch_loss=1.1769e-01
E17/20 B24500/36000 batch_loss=1.0496e-01
E17/20 B24600/36000 batch_loss=1.2416e-01
E17/20 B24700/36000 batch_loss=1.4334e-01
E17/20 B24800/36000 batch_loss=1.0857e-01
E17/20 B24900/36000 batch_loss=1.2193e-01
E17/20 B25000/36000 batch_loss=1.0980e-01
E17/20 B25100/36000 batch_loss=9.8175e-02
E17/20 B25200/36000 batch_loss=1.2321e-01
E17/20 B25300/36000 batch_loss=1.7776e-01
E17/20 B25400/36000 batch_loss=1.7435e-01
E17/20 B25500/36000 batch_loss=1.7682e-01
E17/20 B25600/36000 batch_loss=1.2311e-01
E17/20 B25700/36000 batch_loss=1.6364e-01
E17/20 B25800/36000 batch_loss=1.7736e-01
E17/20 B25900/36000 batch_loss=1.0807e-01
E17/20 B26000/36000 batch_loss=1.7506e-01
E17/20 B26100/36000 batch_loss=1.7818e-01
E17/20 B26200/36000 batch_loss=1.1286e-01
E17/20 B26300/36000 batch_loss=9.7937e-02
E17/20 B26400/36000 batch_loss=1.1016e-01
E17/20 B26500/36000 batch_loss=1.6697e-01
E17/20 B26600/36000 batch_loss=1.4840e-01
E17/20 B26700/36000 batch_loss=1.2040e-01
E17/20 B26800/36000 batch_loss=1.1381e-01
E17/20 B26900/36000 batch_loss=1.1750e-01
E17/20 B27000/36000 batch_loss=1.3111e-01
E17/20 B27100/36000 batch_loss=1.1100e-01
E17/20 B27200/36000 batch_loss=1.7372e-01
E17/20 B27300/36000 batch_loss=1.0762e-01
E17/20 B27400/36000 batch_loss=1.2529e-01
E17/20 B27500/36000 batch_loss=1.7422e-01
E17/20 B27600/36000 batch_loss=1.7133e-01
E17/20 B27700/36000 batch_loss=1.6882e-01
E17/20 B27800/36000 batch_loss=1.8383e-01
E17/20 B27900/36000 batch_loss=1.8667e-01
E17/20 B28000/36000 batch_loss=1.3138e-01
E17/20 B28100/36000 batch_loss=1.1381e-01
E17/20 B28200/36000 batch_loss=1.0964e-01
E17/20 B28300/36000 batch_loss=1.7066e-01
E17/20 B28400/36000 batch_loss=1.2253e-01
E17/20 B28500/36000 batch_loss=1.3406e-01
E17/20 B28600/36000 batch_loss=1.7689e-01
E17/20 B28700/36000 batch_loss=1.0846e-01
E17/20 B28800/36000 batch_loss=1.5280e-01
E17/20 B28900/36000 batch_loss=1.6684e-01
E17/20 B29000/36000 batch_loss=1.7851e-01
E17/20 B29100/36000 batch_loss=1.1642e-01
E17/20 B29200/36000 batch_loss=1.8503e-01
E17/20 B29300/36000 batch_loss=1.0673e-01
E17/20 B29400/36000 batch_loss=1.8242e-01
E17/20 B29500/36000 batch_loss=1.0746e-01
E17/20 B29600/36000 batch_loss=1.6696e-01
E17/20 B29700/36000 batch_loss=1.2213e-01
E17/20 B29800/36000 batch_loss=1.6168e-01
E17/20 B29900/36000 batch_loss=1.3313e-01
E17/20 B30000/36000 batch_loss=1.0969e-01
E17/20 B30100/36000 batch_loss=1.3674e-01
E17/20 B30200/36000 batch_loss=1.8315e-01
E17/20 B30300/36000 batch_loss=1.1302e-01
E17/20 B30400/36000 batch_loss=1.0824e-01
E17/20 B30500/36000 batch_loss=1.0591e-01
E17/20 B30600/36000 batch_loss=1.6624e-01
E17/20 B30700/36000 batch_loss=1.7698e-01
E17/20 B30800/36000 batch_loss=1.1737e-01
E17/20 B30900/36000 batch_loss=1.7701e-01
E17/20 B31000/36000 batch_loss=1.2061e-01
E17/20 B31100/36000 batch_loss=1.7782e-01
E17/20 B31200/36000 batch_loss=1.6443e-01
E17/20 B31300/36000 batch_loss=1.1838e-01
E17/20 B31400/36000 batch_loss=1.1248e-01
E17/20 B31500/36000 batch_loss=1.8028e-01
E17/20 B31600/36000 batch_loss=1.5768e-01
E17/20 B31700/36000 batch_loss=1.7355e-01
E17/20 B31800/36000 batch_loss=1.7469e-01
E17/20 B31900/36000 batch_loss=1.7261e-01
E17/20 B32000/36000 batch_loss=1.7078e-01
E17/20 B32100/36000 batch_loss=1.3161e-01
E17/20 B32200/36000 batch_loss=1.0701e-01
E17/20 B32300/36000 batch_loss=1.3439e-01
E17/20 B32400/36000 batch_loss=1.0866e-01
E17/20 B32500/36000 batch_loss=1.7708e-01
E17/20 B32600/36000 batch_loss=1.2276e-01
E17/20 B32700/36000 batch_loss=1.0786e-01
E17/20 B32800/36000 batch_loss=1.2087e-01
E17/20 B32900/36000 batch_loss=1.6709e-01
E17/20 B33000/36000 batch_loss=1.1000e-01
E17/20 B33100/36000 batch_loss=1.3032e-01
E17/20 B33200/36000 batch_loss=1.5397e-01
E17/20 B33300/36000 batch_loss=1.5589e-01
E17/20 B33400/36000 batch_loss=1.0626e-01
E17/20 B33500/36000 batch_loss=1.2024e-01
E17/20 B33600/36000 batch_loss=1.6973e-01
E17/20 B33700/36000 batch_loss=1.1273e-01
E17/20 B33800/36000 batch_loss=1.6988e-01
E17/20 B33900/36000 batch_loss=1.0624e-01
E17/20 B34000/36000 batch_loss=1.1806e-01
E17/20 B34100/36000 batch_loss=1.7896e-01
E17/20 B34200/36000 batch_loss=1.5609e-01
E17/20 B34300/36000 batch_loss=1.1089e-01
E17/20 B34400/36000 batch_loss=1.2566e-01
E17/20 B34500/36000 batch_loss=1.8189e-01
E17/20 B34600/36000 batch_loss=1.1369e-01
E17/20 B34700/36000 batch_loss=1.8398e-01
E17/20 B34800/36000 batch_loss=1.7197e-01
E17/20 B34900/36000 batch_loss=1.1595e-01
E17/20 B35000/36000 batch_loss=1.8600e-01
E17/20 B35100/36000 batch_loss=1.2509e-01
E17/20 B35200/36000 batch_loss=1.7641e-01
E17/20 B35300/36000 batch_loss=1.4189e-01
E17/20 B35400/36000 batch_loss=1.6160e-01
E17/20 B35500/36000 batch_loss=1.3004e-01
E17/20 B35600/36000 batch_loss=1.7027e-01
E17/20 B35700/36000 batch_loss=1.2783e-01
E17/20 B35800/36000 batch_loss=1.8789e-01
E17/20 B35900/36000 batch_loss=1.5097e-01
E17/20 B36000/36000 batch_loss=1.6797e-01
2026-07-14 11:36:08,508 | INFO | Saved 10 diagnostic panel(s) under D:\Research\NO-2D-Metamaterials\MODELS\training_runs\NO_I3O5_BCF16_NMAE_HC128_LR2e-03_WD0e+00_L1P1e-08_SS1_G9e-01_ch0u_260711\diagnostics\epoch_017
epoch=17/20 loss=nmae train_nmae=1.440448e-01 val_nmae=2.351107e-01 train_mae=1.371424e-03 val_mae=2.002195e-03 train_mse=2.805310e-05 val_mse=5.024155e-05 lr=3.335e-04 train_sps=1181.4
2026-07-14 11:36:10,205 | INFO | epoch=17/20 loss=nmae train_nmae=1.440448e-01 val_nmae=2.351107e-01 train_mae=1.371424e-03 val_mae=2.002195e-03 train_mse=2.805310e-05 val_mse=5.024155e-05 lr=3.335e-04 train_sps=1181.4
2026-07-14 11:36:10,206 | INFO | epoch=17/20 loss_ch_nmae train=8.126e-03 1.550e-01 1.548e-01 2.034e-01 1.989e-01 val=8.326e-03 2.532e-01 2.641e-01 3.265e-01 3.235e-01
2026-07-14 11:36:10,206 | INFO | epoch=17/20 mae_ch train=5.202e-04 1.427e-03 1.320e-03 1.866e-03 1.724e-03 val=5.072e-04 2.159e-03 2.043e-03 2.756e-03 2.545e-03 mse_ch train=1.129e-05 2.506e-05 2.265e-05 4.388e-05 3.739e-05 val=2.260e-06 5.164e-05 4.835e-05 8.008e-05 6.888e-05
Epoch 17/20 done | loss=nmae train=1.4404e-01 val=2.3511e-01 mae=2.0022e-03 mse=5.0242e-05 lr=3.34e-04
E18/20 B100/36000 batch_loss=1.6525e-01
E18/20 B200/36000 batch_loss=1.6241e-01
E18/20 B300/36000 batch_loss=1.5966e-01
E18/20 B400/36000 batch_loss=1.3369e-01
E18/20 B500/36000 batch_loss=1.5986e-01
E18/20 B600/36000 batch_loss=1.0819e-01
E18/20 B700/36000 batch_loss=1.0814e-01
E18/20 B800/36000 batch_loss=1.0154e-01
E18/20 B900/36000 batch_loss=1.6754e-01
E18/20 B1000/36000 batch_loss=1.5125e-01
E18/20 B1100/36000 batch_loss=1.1163e-01
E18/20 B1200/36000 batch_loss=1.6171e-01
E18/20 B1300/36000 batch_loss=1.6721e-01
E18/20 B1400/36000 batch_loss=1.6728e-01
E18/20 B1500/36000 batch_loss=1.2306e-01
E18/20 B1600/36000 batch_loss=1.8043e-01
E18/20 B1700/36000 batch_loss=1.6286e-01
E18/20 B1800/36000 batch_loss=1.1382e-01
E18/20 B1900/36000 batch_loss=1.0495e-01
E18/20 B2000/36000 batch_loss=1.1672e-01
E18/20 B2100/36000 batch_loss=1.7078e-01
E18/20 B2200/36000 batch_loss=1.1114e-01
E18/20 B2300/36000 batch_loss=1.6824e-01
E18/20 B2400/36000 batch_loss=1.3354e-01
E18/20 B2500/36000 batch_loss=1.2136e-01
E18/20 B2600/36000 batch_loss=1.7718e-01
E18/20 B2700/36000 batch_loss=1.1953e-01
E18/20 B2800/36000 batch_loss=1.6050e-01
E18/20 B2900/36000 batch_loss=1.3408e-01
E18/20 B3000/36000 batch_loss=1.6048e-01
E18/20 B3100/36000 batch_loss=1.2343e-01
E18/20 B3200/36000 batch_loss=1.7315e-01
E18/20 B3300/36000 batch_loss=1.6742e-01
E18/20 B3400/36000 batch_loss=1.2185e-01
E18/20 B3500/36000 batch_loss=1.7122e-01
E18/20 B3600/36000 batch_loss=1.1743e-01
E18/20 B3700/36000 batch_loss=1.2103e-01
E18/20 B3800/36000 batch_loss=1.6441e-01
E18/20 B3900/36000 batch_loss=1.7369e-01
E18/20 B4000/36000 batch_loss=1.6315e-01
E18/20 B4100/36000 batch_loss=1.0110e-01
E18/20 B4200/36000 batch_loss=1.4898e-01
E18/20 B4300/36000 batch_loss=1.5924e-01
E18/20 B4400/36000 batch_loss=1.2982e-01
E18/20 B4500/36000 batch_loss=1.0496e-01
E18/20 B4600/36000 batch_loss=1.2286e-01
E18/20 B4700/36000 batch_loss=8.3874e-02
E18/20 B4800/36000 batch_loss=1.1368e-01
E18/20 B4900/36000 batch_loss=1.1781e-01
E18/20 B5000/36000 batch_loss=1.1311e-01
E18/20 B5100/36000 batch_loss=1.6812e-01
E18/20 B5200/36000 batch_loss=1.1052e-01
E18/20 B5300/36000 batch_loss=1.6575e-01
E18/20 B5400/36000 batch_loss=1.7386e-01
E18/20 B5500/36000 batch_loss=1.6033e-01
E18/20 B5600/36000 batch_loss=1.6505e-01
E18/20 B5700/36000 batch_loss=1.0646e-01
E18/20 B5800/36000 batch_loss=1.7248e-01
E18/20 B5900/36000 batch_loss=1.0796e-01
E18/20 B6000/36000 batch_loss=1.1880e-01
E18/20 B6100/36000 batch_loss=1.5352e-01
E18/20 B6200/36000 batch_loss=1.6391e-01
E18/20 B6300/36000 batch_loss=1.5925e-01
E18/20 B6400/36000 batch_loss=9.6288e-02
E18/20 B6500/36000 batch_loss=1.2006e-01
E18/20 B6600/36000 batch_loss=1.2171e-01
E18/20 B6700/36000 batch_loss=1.1684e-01
E18/20 B6800/36000 batch_loss=1.6595e-01
E18/20 B6900/36000 batch_loss=1.7198e-01
E18/20 B7000/36000 batch_loss=1.7731e-01
E18/20 B7100/36000 batch_loss=1.0857e-01
E18/20 B7200/36000 batch_loss=1.0076e-01
E18/20 B7300/36000 batch_loss=1.5744e-01
E18/20 B7400/36000 batch_loss=1.0746e-01
E18/20 B7500/36000 batch_loss=1.5548e-01
E18/20 B7600/36000 batch_loss=1.6134e-01
E18/20 B7700/36000 batch_loss=1.6301e-01
E18/20 B7800/36000 batch_loss=1.6412e-01
E18/20 B7900/36000 batch_loss=1.6563e-01
E18/20 B8000/36000 batch_loss=1.6194e-01
E18/20 B8100/36000 batch_loss=1.6765e-01
E18/20 B8200/36000 batch_loss=1.6920e-01
E18/20 B8300/36000 batch_loss=1.0494e-01
E18/20 B8400/36000 batch_loss=1.2538e-01
E18/20 B8500/36000 batch_loss=1.6961e-01
E18/20 B8600/36000 batch_loss=1.7337e-01
E18/20 B8700/36000 batch_loss=1.3180e-01
E18/20 B8800/36000 batch_loss=1.5738e-01
E18/20 B8900/36000 batch_loss=1.1253e-01
E18/20 B9000/36000 batch_loss=1.5547e-01
E18/20 B9100/36000 batch_loss=1.1144e-01
E18/20 B9200/36000 batch_loss=1.0657e-01
E18/20 B9300/36000 batch_loss=1.7458e-01
E18/20 B9400/36000 batch_loss=1.5566e-01
E18/20 B9500/36000 batch_loss=1.2307e-01
E18/20 B9600/36000 batch_loss=1.6971e-01
E18/20 B9700/36000 batch_loss=9.7539e-02
E18/20 B9800/36000 batch_loss=1.0705e-01
E18/20 B9900/36000 batch_loss=1.0725e-01
E18/20 B10000/36000 batch_loss=1.0817e-01
E18/20 B10100/36000 batch_loss=1.2896e-01
E18/20 B10200/36000 batch_loss=1.5673e-01
E18/20 B10300/36000 batch_loss=1.5676e-01
E18/20 B10400/36000 batch_loss=1.1362e-01
E18/20 B10500/36000 batch_loss=1.6829e-01
E18/20 B10600/36000 batch_loss=1.5845e-01
E18/20 B10700/36000 batch_loss=1.1557e-01
E18/20 B10800/36000 batch_loss=1.2790e-01
E18/20 B10900/36000 batch_loss=1.7157e-01
E18/20 B11000/36000 batch_loss=1.7117e-01
E18/20 B11100/36000 batch_loss=1.6610e-01
E18/20 B11200/36000 batch_loss=1.5259e-01
E18/20 B11300/36000 batch_loss=1.7647e-01
E18/20 B11400/36000 batch_loss=1.6492e-01
E18/20 B11500/36000 batch_loss=1.7082e-01
E18/20 B11600/36000 batch_loss=1.6584e-01
E18/20 B11700/36000 batch_loss=1.6041e-01
E18/20 B11800/36000 batch_loss=1.3135e-01
E18/20 B11900/36000 batch_loss=1.8744e-01
E18/20 B12000/36000 batch_loss=1.6380e-01
E18/20 B12100/36000 batch_loss=1.0530e-01
E18/20 B12200/36000 batch_loss=9.8079e-02
E18/20 B12300/36000 batch_loss=1.7068e-01
E18/20 B12400/36000 batch_loss=1.2639e-01
E18/20 B12500/36000 batch_loss=1.4935e-01
E18/20 B12600/36000 batch_loss=1.6268e-01
E18/20 B12700/36000 batch_loss=1.6667e-01
E18/20 B12800/36000 batch_loss=1.1658e-01
E18/20 B12900/36000 batch_loss=1.6786e-01
E18/20 B13000/36000 batch_loss=1.1149e-01
E18/20 B13100/36000 batch_loss=1.2691e-01
E18/20 B13200/36000 batch_loss=1.8049e-01
E18/20 B13300/36000 batch_loss=1.5134e-01
E18/20 B13400/36000 batch_loss=1.1416e-01
E18/20 B13500/36000 batch_loss=1.5805e-01
E18/20 B13600/36000 batch_loss=1.7577e-01
E18/20 B13700/36000 batch_loss=1.5646e-01
E18/20 B13800/36000 batch_loss=1.0483e-01
E18/20 B13900/36000 batch_loss=1.1132e-01
E18/20 B14000/36000 batch_loss=1.5445e-01
E18/20 B14100/36000 batch_loss=1.6097e-01
E18/20 B14200/36000 batch_loss=1.2087e-01
E18/20 B14300/36000 batch_loss=1.6339e-01
E18/20 B14400/36000 batch_loss=1.2145e-01
E18/20 B14500/36000 batch_loss=1.1643e-01
E18/20 B14600/36000 batch_loss=1.7177e-01
E18/20 B14700/36000 batch_loss=1.6970e-01
E18/20 B14800/36000 batch_loss=1.3475e-01
E18/20 B14900/36000 batch_loss=1.2415e-01
E18/20 B15000/36000 batch_loss=1.2731e-01
E18/20 B15100/36000 batch_loss=1.7066e-01
E18/20 B15200/36000 batch_loss=1.4951e-01
E18/20 B15300/36000 batch_loss=1.1732e-01
E18/20 B15400/36000 batch_loss=1.5385e-01
E18/20 B15500/36000 batch_loss=1.5486e-01
E18/20 B15600/36000 batch_loss=1.1369e-01
E18/20 B15700/36000 batch_loss=1.1002e-01
E18/20 B15800/36000 batch_loss=1.1650e-01
E18/20 B15900/36000 batch_loss=1.1292e-01
E18/20 B16000/36000 batch_loss=1.1029e-01
E18/20 B16100/36000 batch_loss=1.1906e-01
E18/20 B16200/36000 batch_loss=1.7056e-01
E18/20 B16300/36000 batch_loss=1.5700e-01
E18/20 B16400/36000 batch_loss=1.7132e-01
E18/20 B16500/36000 batch_loss=1.2110e-01
E18/20 B16600/36000 batch_loss=1.3077e-01
E18/20 B16700/36000 batch_loss=9.8327e-02
E18/20 B16800/36000 batch_loss=1.1640e-01
E18/20 B16900/36000 batch_loss=1.7533e-01
E18/20 B17000/36000 batch_loss=1.1356e-01
E18/20 B17100/36000 batch_loss=1.7049e-01
E18/20 B17200/36000 batch_loss=1.1327e-01
E18/20 B17300/36000 batch_loss=1.6789e-01
E18/20 B17400/36000 batch_loss=1.0635e-01
E18/20 B17500/36000 batch_loss=1.5614e-01
E18/20 B17600/36000 batch_loss=1.6609e-01
E18/20 B17700/36000 batch_loss=1.5232e-01
E18/20 B17800/36000 batch_loss=1.2096e-01
E18/20 B17900/36000 batch_loss=1.5562e-01
E18/20 B18000/36000 batch_loss=9.3273e-02
E18/20 B18100/36000 batch_loss=1.7254e-01
E18/20 B18200/36000 batch_loss=1.7572e-01
E18/20 B18300/36000 batch_loss=1.7237e-01
E18/20 B18400/36000 batch_loss=1.1313e-01
E18/20 B18500/36000 batch_loss=1.6327e-01
E18/20 B18600/36000 batch_loss=1.2913e-01
E18/20 B18700/36000 batch_loss=1.4856e-01
E18/20 B18800/36000 batch_loss=1.6282e-01
E18/20 B18900/36000 batch_loss=1.7329e-01
E18/20 B19000/36000 batch_loss=1.5678e-01
E18/20 B19100/36000 batch_loss=1.7344e-01
E18/20 B19200/36000 batch_loss=1.6932e-01
E18/20 B19300/36000 batch_loss=1.1337e-01
E18/20 B19400/36000 batch_loss=1.4800e-01
E18/20 B19500/36000 batch_loss=1.8927e-01
E18/20 B19600/36000 batch_loss=1.7935e-01
E18/20 B19700/36000 batch_loss=1.6546e-01
E18/20 B19800/36000 batch_loss=1.3537e-01
E18/20 B19900/36000 batch_loss=1.7158e-01
E18/20 B20000/36000 batch_loss=1.0601e-01
E18/20 B20100/36000 batch_loss=1.2452e-01
E18/20 B20200/36000 batch_loss=1.1221e-01
E18/20 B20300/36000 batch_loss=1.7592e-01
E18/20 B20400/36000 batch_loss=1.7055e-01
E18/20 B20500/36000 batch_loss=1.1558e-01
E18/20 B20600/36000 batch_loss=1.8799e-01
E18/20 B20700/36000 batch_loss=1.2484e-01
E18/20 B20800/36000 batch_loss=1.1525e-01
E18/20 B20900/36000 batch_loss=1.0923e-01
E18/20 B21000/36000 batch_loss=1.0721e-01
E18/20 B21100/36000 batch_loss=9.7723e-02
E18/20 B21200/36000 batch_loss=1.1111e-01
E18/20 B21300/36000 batch_loss=1.1103e-01
E18/20 B21400/36000 batch_loss=1.6697e-01
E18/20 B21500/36000 batch_loss=1.2605e-01
E18/20 B21600/36000 batch_loss=1.1656e-01
E18/20 B21700/36000 batch_loss=1.1555e-01
E18/20 B21800/36000 batch_loss=1.6720e-01
E18/20 B21900/36000 batch_loss=1.7691e-01
E18/20 B22000/36000 batch_loss=1.6069e-01
E18/20 B22100/36000 batch_loss=1.5983e-01
E18/20 B22200/36000 batch_loss=1.9538e-01
E18/20 B22300/36000 batch_loss=1.6855e-01
E18/20 B22400/36000 batch_loss=1.6395e-01
E18/20 B22500/36000 batch_loss=1.5004e-01
E18/20 B22600/36000 batch_loss=1.6626e-01
E18/20 B22700/36000 batch_loss=1.7261e-01
E18/20 B22800/36000 batch_loss=1.3060e-01
E18/20 B22900/36000 batch_loss=1.0655e-01
E18/20 B23000/36000 batch_loss=1.6495e-01
E18/20 B23100/36000 batch_loss=1.1137e-01
E18/20 B23200/36000 batch_loss=1.1317e-01
E18/20 B23300/36000 batch_loss=1.6537e-01
E18/20 B23400/36000 batch_loss=1.7300e-01
E18/20 B23500/36000 batch_loss=1.5809e-01
E18/20 B23600/36000 batch_loss=1.7121e-01
E18/20 B23700/36000 batch_loss=1.7086e-01
E18/20 B23800/36000 batch_loss=1.6298e-01
E18/20 B23900/36000 batch_loss=1.7728e-01
E18/20 B24000/36000 batch_loss=1.7018e-01
E18/20 B24100/36000 batch_loss=1.1322e-01
E18/20 B24200/36000 batch_loss=1.0982e-01
E18/20 B24300/36000 batch_loss=1.0769e-01
E18/20 B24400/36000 batch_loss=1.7590e-01
E18/20 B24500/36000 batch_loss=1.0336e-01
E18/20 B24600/36000 batch_loss=1.7042e-01
E18/20 B24700/36000 batch_loss=1.0626e-01
E18/20 B24800/36000 batch_loss=1.7412e-01
E18/20 B24900/36000 batch_loss=1.1778e-01
E18/20 B25000/36000 batch_loss=1.2362e-01
E18/20 B25100/36000 batch_loss=1.0013e-01
E18/20 B25200/36000 batch_loss=1.6009e-01
E18/20 B25300/36000 batch_loss=1.6717e-01
E18/20 B25400/36000 batch_loss=1.6096e-01
E18/20 B25500/36000 batch_loss=1.6712e-01
E18/20 B25600/36000 batch_loss=1.6450e-01
E18/20 B25700/36000 batch_loss=1.0671e-01
E18/20 B25800/36000 batch_loss=1.0466e-01
E18/20 B25900/36000 batch_loss=1.8078e-01
E18/20 B26000/36000 batch_loss=1.6138e-01
E18/20 B26100/36000 batch_loss=1.6221e-01
E18/20 B26200/36000 batch_loss=1.6939e-01
E18/20 B26300/36000 batch_loss=1.1777e-01
E18/20 B26400/36000 batch_loss=1.4583e-01
E18/20 B26500/36000 batch_loss=1.1865e-01
E18/20 B26600/36000 batch_loss=1.6435e-01
E18/20 B26700/36000 batch_loss=1.0470e-01
E18/20 B26800/36000 batch_loss=1.2652e-01
E18/20 B26900/36000 batch_loss=1.2289e-01
E18/20 B27000/36000 batch_loss=1.7625e-01
E18/20 B27100/36000 batch_loss=1.2185e-01
E18/20 B27200/36000 batch_loss=1.9797e-01
E18/20 B27300/36000 batch_loss=1.1762e-01
E18/20 B27400/36000 batch_loss=1.7934e-01
E18/20 B27500/36000 batch_loss=1.6181e-01
E18/20 B27600/36000 batch_loss=1.8526e-01
E18/20 B27700/36000 batch_loss=1.5693e-01
E18/20 B27800/36000 batch_loss=1.9310e-01
E18/20 B27900/36000 batch_loss=1.5668e-01
E18/20 B28000/36000 batch_loss=1.0777e-01
E18/20 B28100/36000 batch_loss=1.2929e-01
E18/20 B28200/36000 batch_loss=1.6702e-01
E18/20 B28300/36000 batch_loss=1.1349e-01
E18/20 B28400/36000 batch_loss=1.8848e-01
E18/20 B28500/36000 batch_loss=1.4730e-01
E18/20 B28600/36000 batch_loss=1.7925e-01
E18/20 B28700/36000 batch_loss=1.7325e-01
E18/20 B28800/36000 batch_loss=1.8630e-01
E18/20 B28900/36000 batch_loss=1.5742e-01
E18/20 B29000/36000 batch_loss=1.6599e-01
E18/20 B29100/36000 batch_loss=1.6130e-01
E18/20 B29200/36000 batch_loss=1.5626e-01
E18/20 B29300/36000 batch_loss=1.8823e-01
E18/20 B29400/36000 batch_loss=1.6786e-01
E18/20 B29500/36000 batch_loss=1.7367e-01
E18/20 B29600/36000 batch_loss=1.4122e-01
E18/20 B29700/36000 batch_loss=1.7468e-01
E18/20 B29800/36000 batch_loss=1.6525e-01
E18/20 B29900/36000 batch_loss=1.1304e-01
E18/20 B30000/36000 batch_loss=1.2457e-01
E18/20 B30100/36000 batch_loss=1.0640e-01
E18/20 B30200/36000 batch_loss=1.7559e-01
E18/20 B30300/36000 batch_loss=1.4904e-01
E18/20 B30400/36000 batch_loss=1.2170e-01
E18/20 B30500/36000 batch_loss=1.5523e-01
E18/20 B30600/36000 batch_loss=1.3982e-01
E18/20 B30700/36000 batch_loss=1.7039e-01
E18/20 B30800/36000 batch_loss=1.7477e-01
E18/20 B30900/36000 batch_loss=1.7567e-01
E18/20 B31000/36000 batch_loss=1.7638e-01
E18/20 B31100/36000 batch_loss=1.7196e-01
E18/20 B31200/36000 batch_loss=1.1349e-01
E18/20 B31300/36000 batch_loss=1.0323e-01
E18/20 B31400/36000 batch_loss=1.0587e-01
E18/20 B31500/36000 batch_loss=1.4873e-01
E18/20 B31600/36000 batch_loss=1.7798e-01
E18/20 B31700/36000 batch_loss=1.7822e-01
E18/20 B31800/36000 batch_loss=1.7427e-01
E18/20 B31900/36000 batch_loss=1.5034e-01
E18/20 B32000/36000 batch_loss=1.0448e-01
E18/20 B32100/36000 batch_loss=1.6143e-01
E18/20 B32200/36000 batch_loss=1.7150e-01
E18/20 B32300/36000 batch_loss=1.5897e-01
E18/20 B32400/36000 batch_loss=1.2636e-01
E18/20 B32500/36000 batch_loss=1.0834e-01
E18/20 B32600/36000 batch_loss=1.1156e-01
E18/20 B32700/36000 batch_loss=1.0908e-01
E18/20 B32800/36000 batch_loss=1.7127e-01
E18/20 B32900/36000 batch_loss=1.1445e-01
E18/20 B33000/36000 batch_loss=1.5939e-01
E18/20 B33100/36000 batch_loss=1.0279e-01
E18/20 B33200/36000 batch_loss=1.8068e-01
E18/20 B33300/36000 batch_loss=1.5891e-01
E18/20 B33400/36000 batch_loss=1.7583e-01
E18/20 B33500/36000 batch_loss=1.3196e-01
E18/20 B33600/36000 batch_loss=1.7130e-01
E18/20 B33700/36000 batch_loss=1.7453e-01
E18/20 B33800/36000 batch_loss=1.4882e-01
E18/20 B33900/36000 batch_loss=1.5852e-01
E18/20 B34000/36000 batch_loss=1.7260e-01
E18/20 B34100/36000 batch_loss=1.7864e-01
E18/20 B34200/36000 batch_loss=1.1804e-01
E18/20 B34300/36000 batch_loss=1.7090e-01
E18/20 B34400/36000 batch_loss=1.7119e-01
E18/20 B34500/36000 batch_loss=1.5837e-01
E18/20 B34600/36000 batch_loss=1.1070e-01
E18/20 B34700/36000 batch_loss=1.1176e-01
E18/20 B34800/36000 batch_loss=1.6404e-01
E18/20 B34900/36000 batch_loss=1.6819e-01
E18/20 B35000/36000 batch_loss=1.2580e-01
E18/20 B35100/36000 batch_loss=1.7496e-01
E18/20 B35200/36000 batch_loss=1.7489e-01
E18/20 B35300/36000 batch_loss=1.2597e-01
E18/20 B35400/36000 batch_loss=1.8609e-01
E18/20 B35500/36000 batch_loss=1.1251e-01
E18/20 B35600/36000 batch_loss=1.2090e-01
E18/20 B35700/36000 batch_loss=1.7762e-01
E18/20 B35800/36000 batch_loss=1.2032e-01
E18/20 B35900/36000 batch_loss=1.4851e-01
E18/20 B36000/36000 batch_loss=1.7628e-01
2026-07-14 15:31:30,434 | INFO | Saved 10 diagnostic panel(s) under D:\Research\NO-2D-Metamaterials\MODELS\training_runs\NO_I3O5_BCF16_NMAE_HC128_LR2e-03_WD0e+00_L1P1e-08_SS1_G9e-01_ch0u_260711\diagnostics\epoch_018
epoch=18/20 loss=nmae train_nmae=1.405748e-01 val_nmae=2.355685e-01 train_mae=1.332283e-03 val_mae=2.023208e-03 train_mse=2.721772e-05 val_mse=5.043245e-05 lr=3.002e-04 train_sps=1409.0
2026-07-14 15:31:31,726 | INFO | epoch=18/20 loss=nmae train_nmae=1.405748e-01 val_nmae=2.355685e-01 train_mae=1.332283e-03 val_mae=2.023208e-03 train_mse=2.721772e-05 val_mse=5.043245e-05 lr=3.002e-04 train_sps=1409.0
2026-07-14 15:31:31,726 | INFO | epoch=18/20 loss_ch_nmae train=7.400e-03 1.513e-01 1.517e-01 1.981e-01 1.944e-01 val=9.735e-03 2.540e-01 2.641e-01 3.247e-01 3.254e-01
2026-07-14 15:31:31,726 | INFO | epoch=18/20 mae_ch train=4.729e-04 1.393e-03 1.294e-03 1.817e-03 1.685e-03 val=6.116e-04 2.160e-03 2.043e-03 2.744e-03 2.557e-03 mse_ch train=1.119e-05 2.424e-05 2.192e-05 4.246e-05 3.628e-05 val=2.326e-06 5.175e-05 4.858e-05 8.051e-05 6.900e-05
Epoch 18/20 done | loss=nmae train=1.4057e-01 val=2.3557e-01 mae=2.0232e-03 mse=5.0432e-05 lr=3.00e-04
E19/20 B100/36000 batch_loss=1.6357e-01
E19/20 B200/36000 batch_loss=1.6670e-01
E19/20 B300/36000 batch_loss=1.7242e-01
E19/20 B400/36000 batch_loss=1.1388e-01
E19/20 B500/36000 batch_loss=1.0416e-01
E19/20 B600/36000 batch_loss=1.4208e-01
E19/20 B700/36000 batch_loss=1.7840e-01
E19/20 B800/36000 batch_loss=1.7852e-01
E19/20 B900/36000 batch_loss=1.0762e-01
E19/20 B1000/36000 batch_loss=1.6461e-01
E19/20 B1100/36000 batch_loss=1.0306e-01
E19/20 B1200/36000 batch_loss=1.1848e-01
E19/20 B1300/36000 batch_loss=1.1486e-01
E19/20 B1400/36000 batch_loss=1.4988e-01
E19/20 B1500/36000 batch_loss=1.6782e-01
E19/20 B1600/36000 batch_loss=9.0883e-02
E19/20 B1700/36000 batch_loss=1.1374e-01
E19/20 B1800/36000 batch_loss=1.2326e-01
E19/20 B1900/36000 batch_loss=1.1183e-01
E19/20 B2000/36000 batch_loss=1.8211e-01
E19/20 B2100/36000 batch_loss=1.2294e-01
E19/20 B2200/36000 batch_loss=1.5622e-01
E19/20 B2300/36000 batch_loss=1.2082e-01
E19/20 B2400/36000 batch_loss=1.0072e-01
E19/20 B2500/36000 batch_loss=1.5582e-01
E19/20 B2600/36000 batch_loss=1.5249e-01
E19/20 B2700/36000 batch_loss=1.6889e-01
E19/20 B2800/36000 batch_loss=1.1506e-01
E19/20 B2900/36000 batch_loss=1.7113e-01
E19/20 B3000/36000 batch_loss=1.0885e-01
E19/20 B3100/36000 batch_loss=1.1825e-01
E19/20 B3200/36000 batch_loss=1.1354e-01
E19/20 B3300/36000 batch_loss=9.8963e-02
E19/20 B3400/36000 batch_loss=1.5352e-01
E19/20 B3500/36000 batch_loss=1.1272e-01
E19/20 B3600/36000 batch_loss=1.1242e-01
E19/20 B3700/36000 batch_loss=1.5132e-01
E19/20 B3800/36000 batch_loss=1.4888e-01
E19/20 B3900/36000 batch_loss=1.0992e-01
E19/20 B4000/36000 batch_loss=1.5359e-01
E19/20 B4100/36000 batch_loss=1.7339e-01
E19/20 B4200/36000 batch_loss=1.0056e-01
E19/20 B4300/36000 batch_loss=1.5928e-01
E19/20 B4400/36000 batch_loss=9.8307e-02
E19/20 B4500/36000 batch_loss=1.6542e-01
E19/20 B4600/36000 batch_loss=1.1096e-01
E19/20 B4700/36000 batch_loss=1.2279e-01
E19/20 B4800/36000 batch_loss=1.0131e-01
E19/20 B4900/36000 batch_loss=1.0022e-01
E19/20 B5000/36000 batch_loss=9.9048e-02
E19/20 B5100/36000 batch_loss=1.2708e-01
E19/20 B5200/36000 batch_loss=1.0819e-01
E19/20 B5300/36000 batch_loss=1.7956e-01
E19/20 B5400/36000 batch_loss=1.7180e-01
E19/20 B5500/36000 batch_loss=1.5339e-01
E19/20 B5600/36000 batch_loss=1.0376e-01
E19/20 B5700/36000 batch_loss=1.0706e-01
E19/20 B5800/36000 batch_loss=1.2499e-01
E19/20 B5900/36000 batch_loss=1.4409e-01
E19/20 B6000/36000 batch_loss=1.2062e-01
E19/20 B6100/36000 batch_loss=1.5261e-01
E19/20 B6200/36000 batch_loss=1.6347e-01
E19/20 B6300/36000 batch_loss=1.6837e-01
E19/20 B6400/36000 batch_loss=1.0585e-01
E19/20 B6500/36000 batch_loss=1.1110e-01
E19/20 B6600/36000 batch_loss=1.5714e-01
E19/20 B6700/36000 batch_loss=1.1733e-01
E19/20 B6800/36000 batch_loss=1.7045e-01
E19/20 B6900/36000 batch_loss=9.1671e-02
E19/20 B7000/36000 batch_loss=1.0211e-01
E19/20 B7100/36000 batch_loss=1.5917e-01
E19/20 B7200/36000 batch_loss=1.1695e-01
E19/20 B7300/36000 batch_loss=1.4756e-01
E19/20 B7400/36000 batch_loss=1.0882e-01
E19/20 B7500/36000 batch_loss=1.4622e-01
E19/20 B7600/36000 batch_loss=1.1990e-01
E19/20 B7700/36000 batch_loss=1.4426e-01
E19/20 B7800/36000 batch_loss=1.6663e-01
E19/20 B7900/36000 batch_loss=1.6170e-01
E19/20 B8000/36000 batch_loss=1.1620e-01
E19/20 B8100/36000 batch_loss=1.1469e-01
E19/20 B8200/36000 batch_loss=1.2677e-01
E19/20 B8300/36000 batch_loss=1.1839e-01
E19/20 B8400/36000 batch_loss=1.6778e-01
E19/20 B8500/36000 batch_loss=1.6112e-01
E19/20 B8600/36000 batch_loss=1.6023e-01
E19/20 B8700/36000 batch_loss=1.5358e-01
E19/20 B8800/36000 batch_loss=1.5090e-01
E19/20 B8900/36000 batch_loss=9.3354e-02
E19/20 B9000/36000 batch_loss=1.5605e-01
E19/20 B9100/36000 batch_loss=1.5144e-01
E19/20 B9200/36000 batch_loss=1.4375e-01
E19/20 B9300/36000 batch_loss=1.6110e-01
E19/20 B9400/36000 batch_loss=1.0937e-01
E19/20 B9500/36000 batch_loss=1.2086e-01
E19/20 B9600/36000 batch_loss=1.3057e-01
E19/20 B9700/36000 batch_loss=1.6226e-01
E19/20 B9800/36000 batch_loss=1.1791e-01
E19/20 B9900/36000 batch_loss=1.8843e-01
E19/20 B10000/36000 batch_loss=1.4523e-01
E19/20 B10100/36000 batch_loss=1.1815e-01
E19/20 B10200/36000 batch_loss=1.6480e-01
E19/20 B10300/36000 batch_loss=1.2634e-01
E19/20 B10400/36000 batch_loss=1.4187e-01
E19/20 B10500/36000 batch_loss=1.1420e-01
E19/20 B10600/36000 batch_loss=1.0428e-01
E19/20 B10700/36000 batch_loss=1.6536e-01
E19/20 B10800/36000 batch_loss=8.9384e-02
E19/20 B10900/36000 batch_loss=1.5344e-01
E19/20 B11000/36000 batch_loss=1.1340e-01
E19/20 B11100/36000 batch_loss=1.7393e-01
E19/20 B11200/36000 batch_loss=1.0825e-01
E19/20 B11300/36000 batch_loss=1.7562e-01
E19/20 B11400/36000 batch_loss=9.2137e-02
E19/20 B11500/36000 batch_loss=1.0902e-01
E19/20 B11600/36000 batch_loss=1.7676e-01
E19/20 B11700/36000 batch_loss=9.0135e-02
E19/20 B11800/36000 batch_loss=1.0868e-01
E19/20 B11900/36000 batch_loss=1.5420e-01
E19/20 B12000/36000 batch_loss=1.0565e-01
E19/20 B12100/36000 batch_loss=1.2534e-01
E19/20 B12200/36000 batch_loss=1.1344e-01
E19/20 B12300/36000 batch_loss=1.0892e-01
E19/20 B12400/36000 batch_loss=1.6974e-01
E19/20 B12500/36000 batch_loss=1.5753e-01
E19/20 B12600/36000 batch_loss=1.8068e-01
E19/20 B12700/36000 batch_loss=1.3095e-01
E19/20 B12800/36000 batch_loss=1.0261e-01
E19/20 B12900/36000 batch_loss=1.6347e-01
E19/20 B13000/36000 batch_loss=1.0813e-01
E19/20 B13100/36000 batch_loss=1.6929e-01
E19/20 B13200/36000 batch_loss=1.8619e-01
E19/20 B13300/36000 batch_loss=1.9093e-01
E19/20 B13400/36000 batch_loss=1.1552e-01
E19/20 B13500/36000 batch_loss=1.0316e-01
E19/20 B13600/36000 batch_loss=1.5182e-01
E19/20 B13700/36000 batch_loss=1.1895e-01
E19/20 B13800/36000 batch_loss=1.8589e-01
E19/20 B13900/36000 batch_loss=1.6175e-01
E19/20 B14000/36000 batch_loss=1.0395e-01
E19/20 B14100/36000 batch_loss=1.7729e-01
E19/20 B14200/36000 batch_loss=1.1550e-01
E19/20 B14300/36000 batch_loss=1.0831e-01
E19/20 B14400/36000 batch_loss=1.6025e-01
E19/20 B14500/36000 batch_loss=9.2015e-02
E19/20 B14600/36000 batch_loss=1.3612e-01
E19/20 B14700/36000 batch_loss=1.0708e-01
E19/20 B14800/36000 batch_loss=1.0260e-01
E19/20 B14900/36000 batch_loss=1.2028e-01
E19/20 B15000/36000 batch_loss=1.6606e-01
E19/20 B15100/36000 batch_loss=1.5655e-01
E19/20 B15200/36000 batch_loss=1.2476e-01
E19/20 B15300/36000 batch_loss=1.0543e-01
E19/20 B15400/36000 batch_loss=1.5156e-01
E19/20 B15500/36000 batch_loss=1.2311e-01
E19/20 B15600/36000 batch_loss=1.1606e-01
E19/20 B15700/36000 batch_loss=1.7346e-01
E19/20 B15800/36000 batch_loss=1.5607e-01
E19/20 B15900/36000 batch_loss=1.6579e-01
E19/20 B16000/36000 batch_loss=1.5532e-01
E19/20 B16100/36000 batch_loss=1.5648e-01
E19/20 B16200/36000 batch_loss=1.5455e-01
E19/20 B16300/36000 batch_loss=1.5445e-01
E19/20 B16400/36000 batch_loss=1.1989e-01
E19/20 B16500/36000 batch_loss=1.1020e-01
E19/20 B16600/36000 batch_loss=1.6798e-01
E19/20 B16700/36000 batch_loss=1.4381e-01
E19/20 B16800/36000 batch_loss=9.9763e-02
E19/20 B16900/36000 batch_loss=1.1239e-01
E19/20 B17000/36000 batch_loss=1.1447e-01
E19/20 B17100/36000 batch_loss=1.7398e-01
E19/20 B17200/36000 batch_loss=1.4971e-01
E19/20 B17300/36000 batch_loss=1.3948e-01
E19/20 B17400/36000 batch_loss=1.1213e-01
E19/20 B17500/36000 batch_loss=1.1134e-01
E19/20 B17600/36000 batch_loss=1.6775e-01
E19/20 B17700/36000 batch_loss=1.1549e-01
E19/20 B17800/36000 batch_loss=1.7850e-01
E19/20 B17900/36000 batch_loss=1.7197e-01
E19/20 B18000/36000 batch_loss=1.0417e-01
E19/20 B18100/36000 batch_loss=1.6458e-01
E19/20 B18200/36000 batch_loss=1.1110e-01
E19/20 B18300/36000 batch_loss=1.0602e-01
E19/20 B18400/36000 batch_loss=1.1986e-01
E19/20 B18500/36000 batch_loss=1.1106e-01
E19/20 B18600/36000 batch_loss=1.4095e-01
E19/20 B18700/36000 batch_loss=1.6394e-01
E19/20 B18800/36000 batch_loss=1.2390e-01
E19/20 B18900/36000 batch_loss=1.1972e-01
E19/20 B19000/36000 batch_loss=1.4578e-01
E19/20 B19100/36000 batch_loss=1.5299e-01
E19/20 B19200/36000 batch_loss=1.1012e-01
E19/20 B19300/36000 batch_loss=1.1201e-01
E19/20 B19400/36000 batch_loss=1.8039e-01
E19/20 B19500/36000 batch_loss=9.9367e-02
E19/20 B19600/36000 batch_loss=9.4426e-02
E19/20 B19700/36000 batch_loss=1.6823e-01
E19/20 B19800/36000 batch_loss=1.6050e-01
E19/20 B19900/36000 batch_loss=1.6035e-01
E19/20 B20000/36000 batch_loss=1.7863e-01
E19/20 B20100/36000 batch_loss=1.2263e-01
E19/20 B20200/36000 batch_loss=1.0202e-01
E19/20 B20300/36000 batch_loss=1.6289e-01
E19/20 B20400/36000 batch_loss=1.4307e-01
E19/20 B20500/36000 batch_loss=1.1567e-01
E19/20 B20600/36000 batch_loss=1.3013e-01
E19/20 B20700/36000 batch_loss=1.2141e-01
E19/20 B20800/36000 batch_loss=1.6979e-01
E19/20 B20900/36000 batch_loss=1.0917e-01
E19/20 B21000/36000 batch_loss=1.5150e-01
E19/20 B21100/36000 batch_loss=1.5001e-01
E19/20 B21200/36000 batch_loss=1.7719e-01
E19/20 B21300/36000 batch_loss=1.7454e-01
E19/20 B21400/36000 batch_loss=1.0189e-01
E19/20 B21500/36000 batch_loss=1.5780e-01
E19/20 B21600/36000 batch_loss=1.5325e-01
E19/20 B21700/36000 batch_loss=1.7356e-01
E19/20 B21800/36000 batch_loss=1.0467e-01
E19/20 B21900/36000 batch_loss=1.7056e-01
E19/20 B22000/36000 batch_loss=1.6611e-01
E19/20 B22100/36000 batch_loss=1.1486e-01
E19/20 B22200/36000 batch_loss=1.1170e-01
E19/20 B22300/36000 batch_loss=1.7010e-01
E19/20 B22400/36000 batch_loss=1.6587e-01
E19/20 B22500/36000 batch_loss=1.6759e-01
E19/20 B22600/36000 batch_loss=1.1506e-01
E19/20 B22700/36000 batch_loss=9.9367e-02
E19/20 B22800/36000 batch_loss=1.6820e-01
E19/20 B22900/36000 batch_loss=1.6095e-01
E19/20 B23000/36000 batch_loss=1.7893e-01
E19/20 B23100/36000 batch_loss=1.6631e-01
E19/20 B23200/36000 batch_loss=1.6908e-01
E19/20 B23300/36000 batch_loss=1.6512e-01
E19/20 B23400/36000 batch_loss=1.2092e-01
E19/20 B23500/36000 batch_loss=1.0272e-01
E19/20 B23600/36000 batch_loss=1.6621e-01
E19/20 B23700/36000 batch_loss=1.8618e-01
E19/20 B23800/36000 batch_loss=1.1091e-01
E19/20 B23900/36000 batch_loss=1.7166e-01
E19/20 B24000/36000 batch_loss=1.2202e-01
E19/20 B24100/36000 batch_loss=1.8865e-01
E19/20 B24200/36000 batch_loss=1.0876e-01
E19/20 B24300/36000 batch_loss=1.1208e-01
E19/20 B24400/36000 batch_loss=1.0809e-01
E19/20 B24500/36000 batch_loss=1.7668e-01
E19/20 B24600/36000 batch_loss=1.5260e-01
E19/20 B24700/36000 batch_loss=1.5696e-01
E19/20 B24800/36000 batch_loss=1.5931e-01
E19/20 B24900/36000 batch_loss=1.6674e-01
E19/20 B25000/36000 batch_loss=1.6389e-01
E19/20 B25100/36000 batch_loss=9.7132e-02
E19/20 B25200/36000 batch_loss=1.7962e-01
E19/20 B25300/36000 batch_loss=1.5865e-01
E19/20 B25400/36000 batch_loss=9.8187e-02
E19/20 B25500/36000 batch_loss=1.7803e-01
E19/20 B25600/36000 batch_loss=1.7124e-01
E19/20 B25700/36000 batch_loss=1.0822e-01
E19/20 B25800/36000 batch_loss=1.2525e-01
E19/20 B25900/36000 batch_loss=1.7365e-01
E19/20 B26000/36000 batch_loss=1.5643e-01
E19/20 B26100/36000 batch_loss=1.6339e-01
E19/20 B26200/36000 batch_loss=1.2531e-01
E19/20 B26300/36000 batch_loss=1.0766e-01
E19/20 B26400/36000 batch_loss=1.6316e-01
E19/20 B26500/36000 batch_loss=1.5434e-01
E19/20 B26600/36000 batch_loss=1.1197e-01
E19/20 B26700/36000 batch_loss=1.5384e-01
E19/20 B26800/36000 batch_loss=1.1777e-01
E19/20 B26900/36000 batch_loss=1.1155e-01
E19/20 B27000/36000 batch_loss=1.5477e-01
E19/20 B27100/36000 batch_loss=1.6524e-01
E19/20 B27200/36000 batch_loss=1.5369e-01
E19/20 B27300/36000 batch_loss=1.5546e-01
E19/20 B27400/36000 batch_loss=1.1899e-01
E19/20 B27500/36000 batch_loss=9.5550e-02
E19/20 B27600/36000 batch_loss=1.2088e-01
E19/20 B27700/36000 batch_loss=1.0066e-01
E19/20 B27800/36000 batch_loss=1.1357e-01
E19/20 B27900/36000 batch_loss=1.2507e-01
E19/20 B28000/36000 batch_loss=1.6013e-01
E19/20 B28100/36000 batch_loss=1.6545e-01
E19/20 B28200/36000 batch_loss=1.5855e-01
E19/20 B28300/36000 batch_loss=1.4763e-01
E19/20 B28400/36000 batch_loss=1.0329e-01
E19/20 B28500/36000 batch_loss=1.1066e-01
E19/20 B28600/36000 batch_loss=1.5977e-01
E19/20 B28700/36000 batch_loss=1.0311e-01
E19/20 B28800/36000 batch_loss=1.6743e-01
E19/20 B28900/36000 batch_loss=1.1182e-01
E19/20 B29000/36000 batch_loss=1.0582e-01
E19/20 B29100/36000 batch_loss=1.7492e-01
E19/20 B29200/36000 batch_loss=1.4383e-01
E19/20 B29300/36000 batch_loss=1.0791e-01
E19/20 B29400/36000 batch_loss=1.0397e-01
E19/20 B29500/36000 batch_loss=1.5774e-01
E19/20 B29600/36000 batch_loss=1.1545e-01
E19/20 B29700/36000 batch_loss=1.6884e-01
E19/20 B29800/36000 batch_loss=1.4468e-01
E19/20 B29900/36000 batch_loss=1.6365e-01
E19/20 B30000/36000 batch_loss=1.7074e-01
E19/20 B30100/36000 batch_loss=1.8115e-01
E19/20 B30200/36000 batch_loss=1.6517e-01
E19/20 B30300/36000 batch_loss=1.1586e-01
E19/20 B30400/36000 batch_loss=1.6178e-01
E19/20 B30500/36000 batch_loss=1.0131e-01
E19/20 B30600/36000 batch_loss=1.0899e-01
E19/20 B30700/36000 batch_loss=1.2205e-01
E19/20 B30800/36000 batch_loss=1.5010e-01
E19/20 B30900/36000 batch_loss=1.0192e-01
E19/20 B31000/36000 batch_loss=1.5816e-01
E19/20 B31100/36000 batch_loss=1.2170e-01
E19/20 B31200/36000 batch_loss=9.7870e-02
E19/20 B31300/36000 batch_loss=1.2010e-01
E19/20 B31400/36000 batch_loss=1.6203e-01
E19/20 B31500/36000 batch_loss=1.6222e-01
E19/20 B31600/36000 batch_loss=1.5593e-01
E19/20 B31700/36000 batch_loss=1.5908e-01
E19/20 B31800/36000 batch_loss=1.6055e-01
E19/20 B31900/36000 batch_loss=1.1594e-01
E19/20 B32000/36000 batch_loss=1.7176e-01
E19/20 B32100/36000 batch_loss=1.5968e-01
E19/20 B32200/36000 batch_loss=1.1373e-01
E19/20 B32300/36000 batch_loss=1.6497e-01
E19/20 B32400/36000 batch_loss=1.5915e-01
E19/20 B32500/36000 batch_loss=1.8307e-01
E19/20 B32600/36000 batch_loss=1.7051e-01
E19/20 B32700/36000 batch_loss=1.3160e-01
E19/20 B32800/36000 batch_loss=1.2337e-01
E19/20 B32900/36000 batch_loss=1.7039e-01
E19/20 B33000/36000 batch_loss=1.5511e-01
E19/20 B33100/36000 batch_loss=1.6069e-01
E19/20 B33200/36000 batch_loss=1.0151e-01
E19/20 B33300/36000 batch_loss=1.1473e-01
E19/20 B33400/36000 batch_loss=1.6130e-01
E19/20 B33500/36000 batch_loss=1.2119e-01
E19/20 B33600/36000 batch_loss=9.8235e-02
E19/20 B33700/36000 batch_loss=1.6525e-01
E19/20 B33800/36000 batch_loss=1.0847e-01
E19/20 B33900/36000 batch_loss=1.6158e-01
E19/20 B34000/36000 batch_loss=1.0487e-01
E19/20 B34100/36000 batch_loss=1.0259e-01
E19/20 B34200/36000 batch_loss=1.1371e-01
E19/20 B34300/36000 batch_loss=1.0275e-01
E19/20 B34400/36000 batch_loss=1.4526e-01
E19/20 B34500/36000 batch_loss=1.6082e-01
E19/20 B34600/36000 batch_loss=1.3411e-01
E19/20 B34700/36000 batch_loss=1.5136e-01
E19/20 B34800/36000 batch_loss=1.6141e-01
E19/20 B34900/36000 batch_loss=1.1854e-01
E19/20 B35000/36000 batch_loss=1.7197e-01
E19/20 B35100/36000 batch_loss=1.6668e-01
E19/20 B35200/36000 batch_loss=1.0365e-01
E19/20 B35300/36000 batch_loss=1.0577e-01
E19/20 B35400/36000 batch_loss=1.4869e-01
E19/20 B35500/36000 batch_loss=1.2692e-01
E19/20 B35600/36000 batch_loss=1.2072e-01
E19/20 B35700/36000 batch_loss=1.7278e-01
E19/20 B35800/36000 batch_loss=1.7658e-01
E19/20 B35900/36000 batch_loss=1.5101e-01
E19/20 B36000/36000 batch_loss=1.1746e-01
2026-07-14 19:04:37,907 | INFO | Saved 10 diagnostic panel(s) under D:\Research\NO-2D-Metamaterials\MODELS\training_runs\NO_I3O5_BCF16_NMAE_HC128_LR2e-03_WD0e+00_L1P1e-08_SS1_G9e-01_ch0u_260711\diagnostics\epoch_019
epoch=19/20 loss=nmae train_nmae=1.374137e-01 val_nmae=2.362183e-01 train_mae=1.308053e-03 val_mae=2.009848e-03 train_mse=2.644132e-05 val_mse=5.061164e-05 lr=2.702e-04 train_sps=1566.7
2026-07-14 19:04:39,182 | INFO | epoch=19/20 loss=nmae train_nmae=1.374137e-01 val_nmae=2.362183e-01 train_mae=1.308053e-03 val_mae=2.009848e-03 train_mse=2.644132e-05 val_mse=5.061164e-05 lr=2.702e-04 train_sps=1566.7
2026-07-14 19:04:39,182 | INFO | epoch=19/20 loss_ch_nmae train=7.741e-03 1.478e-01 1.488e-01 1.929e-01 1.898e-01 val=8.549e-03 2.574e-01 2.647e-01 3.243e-01 3.261e-01
2026-07-14 19:04:39,183 | INFO | epoch=19/20 mae_ch train=4.956e-04 1.361e-03 1.269e-03 1.770e-03 1.644e-03 val=5.281e-04 2.181e-03 2.045e-03 2.740e-03 2.556e-03 mse_ch train=1.118e-05 2.350e-05 2.123e-05 4.110e-05 3.520e-05 val=2.290e-06 5.197e-05 4.850e-05 8.111e-05 6.918e-05
Epoch 19/20 done | loss=nmae train=1.3741e-01 val=2.3622e-01 mae=2.0098e-03 mse=5.0612e-05 lr=2.70e-04
E20/20 B100/36000 batch_loss=1.7158e-01
E20/20 B200/36000 batch_loss=1.1309e-01
E20/20 B300/36000 batch_loss=1.7098e-01
E20/20 B400/36000 batch_loss=1.2390e-01
E20/20 B500/36000 batch_loss=1.5784e-01
E20/20 B600/36000 batch_loss=1.1094e-01
E20/20 B700/36000 batch_loss=1.6036e-01
E20/20 B800/36000 batch_loss=1.4053e-01
E20/20 B900/36000 batch_loss=1.1273e-01
E20/20 B1000/36000 batch_loss=1.0665e-01
E20/20 B1100/36000 batch_loss=1.7025e-01
E20/20 B1200/36000 batch_loss=1.0540e-01
E20/20 B1300/36000 batch_loss=9.7833e-02
E20/20 B1400/36000 batch_loss=1.5254e-01
E20/20 B1500/36000 batch_loss=1.6358e-01
E20/20 B1600/36000 batch_loss=1.7107e-01
E20/20 B1700/36000 batch_loss=1.5272e-01
E20/20 B1800/36000 batch_loss=1.1040e-01
E20/20 B1900/36000 batch_loss=1.3928e-01
E20/20 B2000/36000 batch_loss=1.0768e-01
E20/20 B2100/36000 batch_loss=9.0399e-02
E20/20 B2200/36000 batch_loss=1.4059e-01
E20/20 B2300/36000 batch_loss=1.4894e-01
E20/20 B2400/36000 batch_loss=1.1356e-01
E20/20 B2500/36000 batch_loss=1.5993e-01
E20/20 B2600/36000 batch_loss=1.1587e-01
E20/20 B2700/36000 batch_loss=1.1343e-01
E20/20 B2800/36000 batch_loss=1.0821e-01
E20/20 B2900/36000 batch_loss=9.6391e-02
E20/20 B3000/36000 batch_loss=1.0887e-01
E20/20 B3100/36000 batch_loss=1.2111e-01
E20/20 B3200/36000 batch_loss=1.2152e-01
E20/20 B3300/36000 batch_loss=1.5705e-01
E20/20 B3400/36000 batch_loss=9.6170e-02
E20/20 B3500/36000 batch_loss=1.6043e-01
E20/20 B3600/36000 batch_loss=1.4732e-01
E20/20 B3700/36000 batch_loss=1.5141e-01
E20/20 B3800/36000 batch_loss=1.1358e-01
E20/20 B3900/36000 batch_loss=1.7033e-01
E20/20 B4000/36000 batch_loss=1.1317e-01
E20/20 B4100/36000 batch_loss=1.6671e-01
E20/20 B4200/36000 batch_loss=1.6619e-01
E20/20 B4300/36000 batch_loss=1.6753e-01
E20/20 B4400/36000 batch_loss=1.5073e-01
E20/20 B4500/36000 batch_loss=1.7177e-01
E20/20 B4600/36000 batch_loss=1.0136e-01
E20/20 B4700/36000 batch_loss=1.0619e-01
E20/20 B4800/36000 batch_loss=1.0572e-01
E20/20 B4900/36000 batch_loss=9.5038e-02
E20/20 B5000/36000 batch_loss=1.1245e-01
E20/20 B5100/36000 batch_loss=1.6659e-01
E20/20 B5200/36000 batch_loss=1.7228e-01
E20/20 B5300/36000 batch_loss=1.1570e-01
E20/20 B5400/36000 batch_loss=1.6468e-01
E20/20 B5500/36000 batch_loss=1.2010e-01
E20/20 B5600/36000 batch_loss=1.1525e-01
E20/20 B5700/36000 batch_loss=1.5462e-01
E20/20 B5800/36000 batch_loss=1.1983e-01
E20/20 B5900/36000 batch_loss=9.3531e-02
E20/20 B6000/36000 batch_loss=1.5715e-01
E20/20 B6100/36000 batch_loss=1.7132e-01
E20/20 B6200/36000 batch_loss=1.2176e-01
E20/20 B6300/36000 batch_loss=1.6609e-01
E20/20 B6400/36000 batch_loss=1.1448e-01
E20/20 B6500/36000 batch_loss=1.6354e-01
E20/20 B6600/36000 batch_loss=1.1752e-01
E20/20 B6700/36000 batch_loss=1.0154e-01
E20/20 B6800/36000 batch_loss=1.0169e-01
E20/20 B6900/36000 batch_loss=1.6210e-01
E20/20 B7000/36000 batch_loss=1.4241e-01
E20/20 B7100/36000 batch_loss=1.5825e-01
E20/20 B7200/36000 batch_loss=1.6588e-01
E20/20 B7300/36000 batch_loss=1.0016e-01
E20/20 B7400/36000 batch_loss=1.1028e-01
E20/20 B7500/36000 batch_loss=1.5985e-01
E20/20 B7600/36000 batch_loss=1.5935e-01
E20/20 B7700/36000 batch_loss=1.2024e-01
E20/20 B7800/36000 batch_loss=1.5273e-01
E20/20 B7900/36000 batch_loss=1.6946e-01
E20/20 B8000/36000 batch_loss=1.6791e-01
E20/20 B8100/36000 batch_loss=8.6386e-02
E20/20 B8200/36000 batch_loss=1.6537e-01
E20/20 B8300/36000 batch_loss=1.1849e-01
E20/20 B8400/36000 batch_loss=1.6670e-01
E20/20 B8500/36000 batch_loss=1.5975e-01
E20/20 B8600/36000 batch_loss=1.6421e-01
E20/20 B8700/36000 batch_loss=1.6161e-01
E20/20 B8800/36000 batch_loss=1.6413e-01
E20/20 B8900/36000 batch_loss=1.0584e-01
E20/20 B9000/36000 batch_loss=1.7001e-01
E20/20 B9100/36000 batch_loss=1.1841e-01
E20/20 B9200/36000 batch_loss=1.1356e-01
E20/20 B9300/36000 batch_loss=1.1087e-01
E20/20 B9400/36000 batch_loss=1.0777e-01
E20/20 B9500/36000 batch_loss=1.2023e-01
E20/20 B9600/36000 batch_loss=1.6450e-01
E20/20 B9700/36000 batch_loss=1.5241e-01
E20/20 B9800/36000 batch_loss=1.7485e-01
E20/20 B9900/36000 batch_loss=1.5008e-01
E20/20 B10000/36000 batch_loss=1.1817e-01
E20/20 B10100/36000 batch_loss=1.5166e-01
E20/20 B10200/36000 batch_loss=1.1063e-01
E20/20 B10300/36000 batch_loss=9.3354e-02
E20/20 B10400/36000 batch_loss=1.5342e-01
E20/20 B10500/36000 batch_loss=1.0875e-01
E20/20 B10600/36000 batch_loss=1.5617e-01
E20/20 B10700/36000 batch_loss=1.0391e-01
E20/20 B10800/36000 batch_loss=1.4272e-01
E20/20 B10900/36000 batch_loss=1.0497e-01
E20/20 B11000/36000 batch_loss=1.6238e-01
E20/20 B11100/36000 batch_loss=1.0520e-01
E20/20 B11200/36000 batch_loss=1.1458e-01
E20/20 B11300/36000 batch_loss=1.1160e-01
E20/20 B11400/36000 batch_loss=1.1607e-01
E20/20 B11500/36000 batch_loss=1.4818e-01
E20/20 B11600/36000 batch_loss=1.0216e-01
E20/20 B11700/36000 batch_loss=8.9944e-02
E20/20 B11800/36000 batch_loss=1.0415e-01
E20/20 B11900/36000 batch_loss=1.5382e-01
E20/20 B12000/36000 batch_loss=1.8032e-01
E20/20 B12100/36000 batch_loss=1.7340e-01
E20/20 B12200/36000 batch_loss=1.5230e-01
E20/20 B12300/36000 batch_loss=1.7946e-01
E20/20 B12400/36000 batch_loss=1.4847e-01
E20/20 B12500/36000 batch_loss=1.0722e-01
E20/20 B12600/36000 batch_loss=1.6650e-01
E20/20 B12700/36000 batch_loss=1.2636e-01
E20/20 B12800/36000 batch_loss=1.0166e-01
E20/20 B12900/36000 batch_loss=1.1324e-01
E20/20 B13000/36000 batch_loss=1.0665e-01
E20/20 B13100/36000 batch_loss=1.7396e-01
E20/20 B13200/36000 batch_loss=1.1010e-01
E20/20 B13300/36000 batch_loss=1.0993e-01
E20/20 B13400/36000 batch_loss=1.0341e-01
E20/20 B13500/36000 batch_loss=1.0953e-01
E20/20 B13600/36000 batch_loss=1.1205e-01
E20/20 B13700/36000 batch_loss=1.1341e-01
E20/20 B13800/36000 batch_loss=1.5117e-01
E20/20 B13900/36000 batch_loss=1.0787e-01
E20/20 B14000/36000 batch_loss=1.5935e-01
E20/20 B14100/36000 batch_loss=1.5597e-01
E20/20 B14200/36000 batch_loss=1.1702e-01
E20/20 B14300/36000 batch_loss=1.0568e-01
E20/20 B14400/36000 batch_loss=1.2075e-01
E20/20 B14500/36000 batch_loss=1.3658e-01
E20/20 B14600/36000 batch_loss=1.0191e-01
E20/20 B14700/36000 batch_loss=1.6136e-01
E20/20 B14800/36000 batch_loss=1.5639e-01
E20/20 B14900/36000 batch_loss=9.8373e-02
E20/20 B15000/36000 batch_loss=1.2654e-01
E20/20 B15100/36000 batch_loss=1.7487e-01
E20/20 B15200/36000 batch_loss=1.0964e-01
E20/20 B15300/36000 batch_loss=1.5256e-01
E20/20 B15400/36000 batch_loss=1.2834e-01
E20/20 B15500/36000 batch_loss=9.8843e-02
E20/20 B15600/36000 batch_loss=1.3082e-01
E20/20 B15700/36000 batch_loss=1.0080e-01
E20/20 B15800/36000 batch_loss=1.6556e-01
E20/20 B15900/36000 batch_loss=1.4382e-01
E20/20 B16000/36000 batch_loss=1.6752e-01
E20/20 B16100/36000 batch_loss=9.4029e-02
E20/20 B16200/36000 batch_loss=1.0414e-01
E20/20 B16300/36000 batch_loss=1.7601e-01
E20/20 B16400/36000 batch_loss=1.4766e-01
E20/20 B16500/36000 batch_loss=1.6854e-01
E20/20 B16600/36000 batch_loss=1.6231e-01
E20/20 B16700/36000 batch_loss=1.5326e-01
E20/20 B16800/36000 batch_loss=9.6467e-02
E20/20 B16900/36000 batch_loss=1.6528e-01
E20/20 B17000/36000 batch_loss=1.2131e-01
E20/20 B17100/36000 batch_loss=1.1086e-01
E20/20 B17200/36000 batch_loss=1.0315e-01
E20/20 B17300/36000 batch_loss=1.1181e-01
E20/20 B17400/36000 batch_loss=1.0756e-01
E20/20 B17500/36000 batch_loss=1.2071e-01
E20/20 B17600/36000 batch_loss=9.8561e-02
E20/20 B17700/36000 batch_loss=1.1756e-01
E20/20 B17800/36000 batch_loss=1.0999e-01
E20/20 B17900/36000 batch_loss=1.3638e-01
E20/20 B18000/36000 batch_loss=1.5060e-01
E20/20 B18100/36000 batch_loss=1.6714e-01
E20/20 B18200/36000 batch_loss=1.7264e-01
E20/20 B18300/36000 batch_loss=1.0350e-01
E20/20 B18400/36000 batch_loss=1.1256e-01
E20/20 B18500/36000 batch_loss=1.6433e-01
E20/20 B18600/36000 batch_loss=1.0763e-01
E20/20 B18700/36000 batch_loss=1.0284e-01
E20/20 B18800/36000 batch_loss=1.1242e-01
E20/20 B18900/36000 batch_loss=1.4218e-01
E20/20 B19000/36000 batch_loss=1.6263e-01
E20/20 B19100/36000 batch_loss=1.0077e-01
E20/20 B19200/36000 batch_loss=1.2238e-01
E20/20 B19300/36000 batch_loss=1.5370e-01
E20/20 B19400/36000 batch_loss=1.0746e-01
E20/20 B19500/36000 batch_loss=1.2514e-01
E20/20 B19600/36000 batch_loss=1.1287e-01
E20/20 B19700/36000 batch_loss=1.1048e-01
E20/20 B19800/36000 batch_loss=1.1336e-01
E20/20 B19900/36000 batch_loss=9.6434e-02
E20/20 B20000/36000 batch_loss=1.7460e-01
E20/20 B20100/36000 batch_loss=1.0046e-01
E20/20 B20200/36000 batch_loss=1.1162e-01
E20/20 B20300/36000 batch_loss=1.5622e-01
E20/20 B20400/36000 batch_loss=1.5340e-01
E20/20 B20500/36000 batch_loss=1.1898e-01
E20/20 B20600/36000 batch_loss=1.0587e-01
E20/20 B20700/36000 batch_loss=9.3425e-02
E20/20 B20800/36000 batch_loss=1.5272e-01
E20/20 B20900/36000 batch_loss=1.0023e-01
E20/20 B21000/36000 batch_loss=1.5393e-01
E20/20 B21100/36000 batch_loss=1.5760e-01
E20/20 B21200/36000 batch_loss=1.0491e-01
E20/20 B21300/36000 batch_loss=1.1095e-01
E20/20 B21400/36000 batch_loss=1.0680e-01
E20/20 B21500/36000 batch_loss=1.1115e-01
E20/20 B21600/36000 batch_loss=1.6178e-01
E20/20 B21700/36000 batch_loss=1.5561e-01
E20/20 B21800/36000 batch_loss=1.4613e-01
E20/20 B21900/36000 batch_loss=1.2090e-01
E20/20 B22000/36000 batch_loss=1.7817e-01
E20/20 B22100/36000 batch_loss=8.8577e-02
E20/20 B22200/36000 batch_loss=1.2665e-01
E20/20 B22300/36000 batch_loss=1.6199e-01
E20/20 B22400/36000 batch_loss=1.0881e-01
E20/20 B22500/36000 batch_loss=1.1749e-01
E20/20 B22600/36000 batch_loss=1.0136e-01
E20/20 B22700/36000 batch_loss=1.5107e-01
E20/20 B22800/36000 batch_loss=1.2160e-01
E20/20 B22900/36000 batch_loss=1.1253e-01
E20/20 B23000/36000 batch_loss=1.5419e-01
E20/20 B23100/36000 batch_loss=1.0695e-01
E20/20 B23200/36000 batch_loss=1.1726e-01
E20/20 B23300/36000 batch_loss=1.5121e-01
E20/20 B23400/36000 batch_loss=1.1339e-01
E20/20 B23500/36000 batch_loss=1.5915e-01
E20/20 B23600/36000 batch_loss=1.6328e-01
E20/20 B23700/36000 batch_loss=1.8209e-01
E20/20 B23800/36000 batch_loss=1.0862e-01
E20/20 B23900/36000 batch_loss=1.0835e-01
E20/20 B24000/36000 batch_loss=1.0289e-01
E20/20 B24100/36000 batch_loss=9.8376e-02
E20/20 B24200/36000 batch_loss=1.5062e-01
E20/20 B24300/36000 batch_loss=1.0382e-01
E20/20 B24400/36000 batch_loss=1.6205e-01
E20/20 B24500/36000 batch_loss=1.0299e-01
E20/20 B24600/36000 batch_loss=1.2493e-01
E20/20 B24700/36000 batch_loss=9.7292e-02
E20/20 B24800/36000 batch_loss=1.1860e-01
E20/20 B24900/36000 batch_loss=1.0071e-01
E20/20 B25000/36000 batch_loss=1.7792e-01
E20/20 B25100/36000 batch_loss=1.1426e-01
E20/20 B25200/36000 batch_loss=1.0888e-01
E20/20 B25300/36000 batch_loss=1.5760e-01
E20/20 B25400/36000 batch_loss=9.6853e-02
E20/20 B25500/36000 batch_loss=1.1361e-01
E20/20 B25600/36000 batch_loss=1.3853e-01
E20/20 B25700/36000 batch_loss=1.0766e-01
E20/20 B25800/36000 batch_loss=9.5603e-02
E20/20 B25900/36000 batch_loss=1.1231e-01
E20/20 B26000/36000 batch_loss=1.7824e-01
E20/20 B26100/36000 batch_loss=1.5571e-01
E20/20 B26200/36000 batch_loss=1.0439e-01
E20/20 B26300/36000 batch_loss=1.2254e-01
E20/20 B26400/36000 batch_loss=1.1250e-01
E20/20 B26500/36000 batch_loss=1.4857e-01
E20/20 B26600/36000 batch_loss=1.0152e-01
E20/20 B26700/36000 batch_loss=9.4607e-02
E20/20 B26800/36000 batch_loss=1.6638e-01
E20/20 B26900/36000 batch_loss=1.1846e-01
E20/20 B27000/36000 batch_loss=1.5322e-01
E20/20 B27100/36000 batch_loss=1.4752e-01
E20/20 B27200/36000 batch_loss=1.0103e-01
E20/20 B27300/36000 batch_loss=1.6567e-01
E20/20 B27400/36000 batch_loss=1.4622e-01
E20/20 B27500/36000 batch_loss=1.0566e-01
E20/20 B27600/36000 batch_loss=1.4948e-01
E20/20 B27700/36000 batch_loss=1.1095e-01
E20/20 B27800/36000 batch_loss=1.2200e-01
E20/20 B27900/36000 batch_loss=1.4556e-01
E20/20 B28000/36000 batch_loss=1.6572e-01
E20/20 B28100/36000 batch_loss=1.6571e-01
E20/20 B28200/36000 batch_loss=1.5767e-01
E20/20 B28300/36000 batch_loss=1.7686e-01
E20/20 B28400/36000 batch_loss=1.1249e-01
E20/20 B28500/36000 batch_loss=1.5385e-01
E20/20 B28600/36000 batch_loss=1.6227e-01
E20/20 B28700/36000 batch_loss=1.2908e-01
E20/20 B28800/36000 batch_loss=1.6346e-01
E20/20 B28900/36000 batch_loss=1.1643e-01
E20/20 B29000/36000 batch_loss=1.1127e-01
E20/20 B29100/36000 batch_loss=1.5219e-01
E20/20 B29200/36000 batch_loss=1.0442e-01
E20/20 B29300/36000 batch_loss=1.0179e-01
E20/20 B29400/36000 batch_loss=1.7011e-01
E20/20 B29500/36000 batch_loss=1.0500e-01
E20/20 B29600/36000 batch_loss=1.5551e-01
E20/20 B29700/36000 batch_loss=1.1888e-01
E20/20 B29800/36000 batch_loss=1.5947e-01
E20/20 B29900/36000 batch_loss=1.1129e-01
E20/20 B30000/36000 batch_loss=1.1559e-01
E20/20 B30100/36000 batch_loss=1.6067e-01
E20/20 B30200/36000 batch_loss=1.4545e-01
E20/20 B30300/36000 batch_loss=1.7085e-01
E20/20 B30400/36000 batch_loss=1.5223e-01
E20/20 B30500/36000 batch_loss=1.5678e-01
E20/20 B30600/36000 batch_loss=1.1021e-01
E20/20 B30700/36000 batch_loss=1.5445e-01
E20/20 B30800/36000 batch_loss=1.7664e-01
E20/20 B30900/36000 batch_loss=1.0907e-01
E20/20 B31000/36000 batch_loss=1.0361e-01
E20/20 B31100/36000 batch_loss=1.0121e-01
E20/20 B31200/36000 batch_loss=1.6869e-01
E20/20 B31300/36000 batch_loss=1.4966e-01
E20/20 B31400/36000 batch_loss=9.5389e-02
E20/20 B31500/36000 batch_loss=1.5736e-01
E20/20 B31600/36000 batch_loss=1.0138e-01
E20/20 B31700/36000 batch_loss=1.1546e-01
E20/20 B31800/36000 batch_loss=1.5985e-01
E20/20 B31900/36000 batch_loss=1.6479e-01
E20/20 B32000/36000 batch_loss=1.5552e-01
E20/20 B32100/36000 batch_loss=1.1707e-01
E20/20 B32200/36000 batch_loss=1.0348e-01
E20/20 B32300/36000 batch_loss=1.5920e-01
E20/20 B32400/36000 batch_loss=1.4977e-01
E20/20 B32500/36000 batch_loss=1.5472e-01
E20/20 B32600/36000 batch_loss=1.5866e-01
E20/20 B32700/36000 batch_loss=1.1007e-01
E20/20 B32800/36000 batch_loss=1.2498e-01
E20/20 B32900/36000 batch_loss=1.1526e-01
E20/20 B33000/36000 batch_loss=1.5115e-01
E20/20 B33100/36000 batch_loss=1.0500e-01
E20/20 B33200/36000 batch_loss=1.1162e-01
E20/20 B33300/36000 batch_loss=9.8223e-02
E20/20 B33400/36000 batch_loss=1.6477e-01
E20/20 B33500/36000 batch_loss=1.1506e-01
E20/20 B33600/36000 batch_loss=1.1628e-01
E20/20 B33700/36000 batch_loss=1.0014e-01
E20/20 B33800/36000 batch_loss=1.8049e-01
E20/20 B33900/36000 batch_loss=1.1929e-01
E20/20 B34000/36000 batch_loss=1.2907e-01
E20/20 B34100/36000 batch_loss=1.0876e-01
E20/20 B34200/36000 batch_loss=1.7461e-01
E20/20 B34300/36000 batch_loss=1.0046e-01
E20/20 B34400/36000 batch_loss=1.7285e-01
E20/20 B34500/36000 batch_loss=1.6985e-01
E20/20 B34600/36000 batch_loss=1.7748e-01
E20/20 B34700/36000 batch_loss=1.0387e-01
E20/20 B34800/36000 batch_loss=1.1111e-01
E20/20 B34900/36000 batch_loss=1.4990e-01
E20/20 B35000/36000 batch_loss=1.4776e-01
E20/20 B35100/36000 batch_loss=1.6939e-01
E20/20 B35200/36000 batch_loss=1.4242e-01
E20/20 B35300/36000 batch_loss=1.7084e-01
E20/20 B35400/36000 batch_loss=1.0709e-01
E20/20 B35500/36000 batch_loss=1.0487e-01
E20/20 B35600/36000 batch_loss=1.6555e-01
E20/20 B35700/36000 batch_loss=1.5595e-01
E20/20 B35800/36000 batch_loss=1.0880e-01
E20/20 B35900/36000 batch_loss=1.7013e-01
E20/20 B36000/36000 batch_loss=1.0467e-01
2026-07-14 22:33:42,952 | INFO | Saved 10 diagnostic panel(s) under D:\Research\NO-2D-Metamaterials\MODELS\training_runs\NO_I3O5_BCF16_NMAE_HC128_LR2e-03_WD0e+00_L1P1e-08_SS1_G9e-01_ch0u_260711\diagnostics\epoch_020
epoch=20/20 loss=nmae train_nmae=1.342830e-01 val_nmae=2.361689e-01 train_mae=1.278842e-03 val_mae=2.031266e-03 train_mse=2.570405e-05 val_mse=5.115794e-05 lr=2.432e-04 train_sps=1599.1
2026-07-14 22:33:44,138 | INFO | epoch=20/20 loss=nmae train_nmae=1.342830e-01 val_nmae=2.361689e-01 train_mae=1.278842e-03 val_mae=2.031266e-03 train_mse=2.570405e-05 val_mse=5.115794e-05 lr=2.432e-04 train_sps=1599.1
2026-07-14 22:33:44,138 | INFO | epoch=20/20 loss_ch_nmae train=7.623e-03 1.445e-01 1.458e-01 1.881e-01 1.854e-01 val=1.027e-02 2.517e-01 2.645e-01 3.245e-01 3.298e-01
2026-07-14 22:33:44,138 | INFO | epoch=20/20 mae_ch train=4.881e-04 1.330e-03 1.244e-03 1.726e-03 1.607e-03 val=6.422e-04 2.143e-03 2.045e-03 2.743e-03 2.583e-03 mse_ch train=1.114e-05 2.279e-05 2.063e-05 3.977e-05 3.419e-05 val=2.355e-06 5.210e-05 4.897e-05 8.214e-05 7.022e-05
Epoch 20/20 done | loss=nmae train=1.3428e-01 val=2.3617e-01 mae=2.0313e-03 mse=5.1158e-05 lr=2.43e-04
2026-07-14 22:33:44,462 | INFO | Run complete | run_name=NO_I3O5_BCF16_NMAE_HC128_LR2e-03_WD0e+00_L1P1e-08_SS1_G9e-01_ch0u_260711 run_id=NO_I3O5_BCF16_NMAE_HC128_LR2e-03_WD0e+00_L1P1e-08_SS1_G9e-01_ch0u_260711 best_val_loss=2.351107e-01
2026-07-14 22:33:44,463 | INFO | Artifacts saved to: D:\Research\NO-2D-Metamaterials\MODELS\training_runs\NO_I3O5_BCF16_NMAE_HC128_LR2e-03_WD0e+00_L1P1e-08_SS1_G9e-01_ch0u_260711
Run complete. run_name=NO_I3O5_BCF16_NMAE_HC128_LR2e-03_WD0e+00_L1P1e-08_SS1_G9e-01_ch0u_260711 run_id=NO_I3O5_BCF16_NMAE_HC128_LR2e-03_WD0e+00_L1P1e-08_SS1_G9e-01_ch0u_260711 best_val_loss=2.351107e-01
Artifacts saved to: D:\Research\NO-2D-Metamaterials\MODELS\training_runs\NO_I3O5_BCF16_NMAE_HC128_LR2e-03_WD0e+00_L1P1e-08_SS1_G9e-01_ch0u_260711
