2026-07-16 00:47:37,499 | INFO | Perf backends | tf32=True cudnn_benchmark=True matmul_precision=high amp=bf16
2026-07-16 00:47:48,633 | INFO | L1 weight penalty lambda=1.000000e-08 (added to training loss)
2026-07-16 00:47:48,635 | INFO | NMAE epsilon=1.000000e-05
2026-07-16 00:47:48,636 | INFO | Loss logging: active=nmae; every epoch records train/val nmae, MAE, and MSE
2026-07-16 00:47:49,625 | INFO | Resumed full state from D:\Research\NO-2D-Metamaterials\MODELS\training_runs\NO_I3O5_BCF16_NMAE_HC128_LR2e-03_WD0e+00_L1P1e-08_SS1_G9e-01_ch0u_260711\training_state_latest.pt at epoch=25
2026-07-16 00:47:49,629 | INFO | Run started | run_name=NO_I3O5_BCF16_NMAE_HC128_LR2e-03_WD0e+00_L1P1e-08_SS1_G9e-01_ch0u_260711 run_id=NO_I3O5_BCF16_NMAE_HC128_LR2e-03_WD0e+00_L1P1e-08_SS1_G9e-01_ch0u_260711 device=cuda train_samples=18720000 test_samples=3900000 val_index_source=indices_full epoch_range=26..28
2026-07-16 00:47:49,630 | INFO | Fault diagnostics | main_fault_log=D:\Research\NO-2D-Metamaterials\MODELS\training_runs\NO_I3O5_BCF16_NMAE_HC128_LR2e-03_WD0e+00_L1P1e-08_SS1_G9e-01_ch0u_260711\main_process_fault.log
E26/28 B100/36000 batch_loss=9.8140e-02
E26/28 B200/36000 batch_loss=1.4925e-01
E26/28 B300/36000 batch_loss=1.2806e-01
E26/28 B400/36000 batch_loss=1.4610e-01
E26/28 B500/36000 batch_loss=8.8457e-02
E26/28 B600/36000 batch_loss=1.4650e-01
E26/28 B700/36000 batch_loss=9.2642e-02
E26/28 B800/36000 batch_loss=1.0054e-01
E26/28 B900/36000 batch_loss=9.5720e-02
E26/28 B1000/36000 batch_loss=1.1714e-01
E26/28 B1100/36000 batch_loss=1.4763e-01
E26/28 B1200/36000 batch_loss=1.5818e-01
E26/28 B1300/36000 batch_loss=1.3059e-01
E26/28 B1400/36000 batch_loss=1.4196e-01
E26/28 B1500/36000 batch_loss=1.4130e-01
E26/28 B1600/36000 batch_loss=1.4134e-01
E26/28 B1700/36000 batch_loss=1.0112e-01
E26/28 B1800/36000 batch_loss=1.3871e-01
E26/28 B1900/36000 batch_loss=9.0743e-02
E26/28 B2000/36000 batch_loss=1.4647e-01
E26/28 B2100/36000 batch_loss=9.6853e-02
E26/28 B2200/36000 batch_loss=9.5055e-02
E26/28 B2300/36000 batch_loss=7.7442e-02
E26/28 B2400/36000 batch_loss=1.3499e-01
E26/28 B2500/36000 batch_loss=1.3686e-01
E26/28 B2600/36000 batch_loss=8.8269e-02
E26/28 B2700/36000 batch_loss=9.2988e-02
E26/28 B2800/36000 batch_loss=1.1272e-01
E26/28 B2900/36000 batch_loss=1.3916e-01
E26/28 B3000/36000 batch_loss=1.3558e-01
E26/28 B3100/36000 batch_loss=1.0675e-01
E26/28 B3200/36000 batch_loss=1.3864e-01
E26/28 B3300/36000 batch_loss=1.0609e-01
E26/28 B3400/36000 batch_loss=1.1641e-01
E26/28 B3500/36000 batch_loss=1.0032e-01
E26/28 B3600/36000 batch_loss=1.3571e-01
E26/28 B3700/36000 batch_loss=9.5846e-02
E26/28 B3800/36000 batch_loss=1.3633e-01
E26/28 B3900/36000 batch_loss=9.7571e-02
E26/28 B4000/36000 batch_loss=9.4930e-02
E26/28 B4100/36000 batch_loss=1.0903e-01
E26/28 B4200/36000 batch_loss=1.4721e-01
E26/28 B4300/36000 batch_loss=1.3493e-01
E26/28 B4400/36000 batch_loss=1.5695e-01
E26/28 B4500/36000 batch_loss=1.3131e-01
E26/28 B4600/36000 batch_loss=8.7502e-02
E26/28 B4700/36000 batch_loss=1.1078e-01
E26/28 B4800/36000 batch_loss=1.4177e-01
E26/28 B4900/36000 batch_loss=1.3185e-01
E26/28 B5000/36000 batch_loss=1.3319e-01
E26/28 B5100/36000 batch_loss=1.4045e-01
E26/28 B5200/36000 batch_loss=8.7838e-02
E26/28 B5300/36000 batch_loss=9.5496e-02
E26/28 B5400/36000 batch_loss=1.1147e-01
E26/28 B5500/36000 batch_loss=9.4842e-02
E26/28 B5600/36000 batch_loss=1.5438e-01
E26/28 B5700/36000 batch_loss=9.6414e-02
E26/28 B5800/36000 batch_loss=1.0073e-01
E26/28 B5900/36000 batch_loss=1.4460e-01
E26/28 B6000/36000 batch_loss=1.3936e-01
E26/28 B6100/36000 batch_loss=1.3537e-01
E26/28 B6200/36000 batch_loss=1.3341e-01
E26/28 B6300/36000 batch_loss=1.3435e-01
E26/28 B6400/36000 batch_loss=1.3534e-01
E26/28 B6500/36000 batch_loss=1.5691e-01
E26/28 B6600/36000 batch_loss=1.3986e-01
E26/28 B6700/36000 batch_loss=8.6563e-02
E26/28 B6800/36000 batch_loss=8.8213e-02
E26/28 B6900/36000 batch_loss=1.3962e-01
E26/28 B7000/36000 batch_loss=9.2340e-02
E26/28 B7100/36000 batch_loss=1.4541e-01
E26/28 B7200/36000 batch_loss=1.0709e-01
E26/28 B7300/36000 batch_loss=9.0384e-02
E26/28 B7400/36000 batch_loss=1.2996e-01
E26/28 B7500/36000 batch_loss=1.1087e-01
E26/28 B7600/36000 batch_loss=1.0276e-01
E26/28 B7700/36000 batch_loss=1.0070e-01
E26/28 B7800/36000 batch_loss=1.0443e-01
E26/28 B7900/36000 batch_loss=1.3320e-01
E26/28 B8000/36000 batch_loss=1.5277e-01
E26/28 B8100/36000 batch_loss=1.3564e-01
E26/28 B8200/36000 batch_loss=1.5533e-01
E26/28 B8300/36000 batch_loss=1.4789e-01
E26/28 B8400/36000 batch_loss=1.3374e-01
E26/28 B8500/36000 batch_loss=1.0616e-01
E26/28 B8600/36000 batch_loss=8.9764e-02
E26/28 B8700/36000 batch_loss=1.0805e-01
E26/28 B8800/36000 batch_loss=1.4138e-01
E26/28 B8900/36000 batch_loss=1.4301e-01
E26/28 B9000/36000 batch_loss=1.3864e-01
E26/28 B9100/36000 batch_loss=1.1765e-01
E26/28 B9200/36000 batch_loss=1.3560e-01
E26/28 B9300/36000 batch_loss=8.9453e-02
E26/28 B9400/36000 batch_loss=9.6997e-02
E26/28 B9500/36000 batch_loss=8.8565e-02
E26/28 B9600/36000 batch_loss=1.0213e-01
E26/28 B9700/36000 batch_loss=1.3842e-01
E26/28 B9800/36000 batch_loss=1.5073e-01
E26/28 B9900/36000 batch_loss=8.0970e-02
E26/28 B10000/36000 batch_loss=1.0613e-01
E26/28 B10100/36000 batch_loss=8.4754e-02
E26/28 B10200/36000 batch_loss=1.4421e-01
E26/28 B10300/36000 batch_loss=1.4137e-01
E26/28 B10400/36000 batch_loss=1.0857e-01
E26/28 B10500/36000 batch_loss=1.1092e-01
E26/28 B10600/36000 batch_loss=1.4626e-01
E26/28 B10700/36000 batch_loss=1.0311e-01
E26/28 B10800/36000 batch_loss=9.9182e-02
E26/28 B10900/36000 batch_loss=1.6017e-01
E26/28 B11000/36000 batch_loss=1.4207e-01
E26/28 B11100/36000 batch_loss=1.0495e-01
E26/28 B11200/36000 batch_loss=1.0122e-01
E26/28 B11300/36000 batch_loss=9.1386e-02
E26/28 B11400/36000 batch_loss=1.4487e-01
E26/28 B11500/36000 batch_loss=1.2969e-01
E26/28 B11600/36000 batch_loss=9.0542e-02
E26/28 B11700/36000 batch_loss=1.2005e-01
E26/28 B11800/36000 batch_loss=1.3405e-01
E26/28 B11900/36000 batch_loss=1.4922e-01
E26/28 B12000/36000 batch_loss=9.7822e-02
E26/28 B12100/36000 batch_loss=9.0142e-02
E26/28 B12200/36000 batch_loss=8.8064e-02
E26/28 B12300/36000 batch_loss=1.4180e-01
E26/28 B12400/36000 batch_loss=1.3724e-01
E26/28 B12500/36000 batch_loss=1.0251e-01
E26/28 B12600/36000 batch_loss=9.1228e-02
E26/28 B12700/36000 batch_loss=1.3422e-01
E26/28 B12800/36000 batch_loss=1.4464e-01
E26/28 B12900/36000 batch_loss=1.4214e-01
E26/28 B13000/36000 batch_loss=1.3931e-01
E26/28 B13100/36000 batch_loss=1.5171e-01
E26/28 B13200/36000 batch_loss=1.3974e-01
E26/28 B13300/36000 batch_loss=8.6479e-02
E26/28 B13400/36000 batch_loss=8.6651e-02
E26/28 B13500/36000 batch_loss=1.0230e-01
E26/28 B13600/36000 batch_loss=9.9203e-02
E26/28 B13700/36000 batch_loss=9.7288e-02
E26/28 B13800/36000 batch_loss=1.0791e-01
E26/28 B13900/36000 batch_loss=9.0226e-02
E26/28 B14000/36000 batch_loss=1.3111e-01
E26/28 B14100/36000 batch_loss=9.6941e-02
E26/28 B14200/36000 batch_loss=1.1260e-01
E26/28 B14300/36000 batch_loss=9.0547e-02
E26/28 B14400/36000 batch_loss=1.6382e-01
E26/28 B14500/36000 batch_loss=1.3483e-01
E26/28 B14600/36000 batch_loss=1.5027e-01
E26/28 B14700/36000 batch_loss=1.3695e-01
E26/28 B14800/36000 batch_loss=9.3204e-02
E26/28 B14900/36000 batch_loss=9.8602e-02
E26/28 B15000/36000 batch_loss=1.6096e-01
E26/28 B15100/36000 batch_loss=1.3750e-01
E26/28 B15200/36000 batch_loss=9.5989e-02
E26/28 B15300/36000 batch_loss=1.5145e-01
E26/28 B15400/36000 batch_loss=1.0304e-01
E26/28 B15500/36000 batch_loss=1.0891e-01
E26/28 B15600/36000 batch_loss=1.3451e-01
E26/28 B15700/36000 batch_loss=1.0677e-01
E26/28 B15800/36000 batch_loss=1.4425e-01
E26/28 B15900/36000 batch_loss=1.0171e-01
E26/28 B16000/36000 batch_loss=1.2954e-01
E26/28 B16100/36000 batch_loss=9.7116e-02
E26/28 B16200/36000 batch_loss=9.8184e-02
E26/28 B16300/36000 batch_loss=9.5545e-02
E26/28 B16400/36000 batch_loss=1.5038e-01
E26/28 B16500/36000 batch_loss=1.4185e-01
E26/28 B16600/36000 batch_loss=1.5480e-01
E26/28 B16700/36000 batch_loss=1.4423e-01
E26/28 B16800/36000 batch_loss=9.5133e-02
E26/28 B16900/36000 batch_loss=8.8718e-02
E26/28 B17000/36000 batch_loss=8.8241e-02
E26/28 B17100/36000 batch_loss=9.9499e-02
E26/28 B17200/36000 batch_loss=1.4449e-01
E26/28 B17300/36000 batch_loss=8.6333e-02
E26/28 B17400/36000 batch_loss=8.7546e-02
E26/28 B17500/36000 batch_loss=8.8645e-02
E26/28 B17600/36000 batch_loss=1.4078e-01
E26/28 B17700/36000 batch_loss=1.1336e-01
E26/28 B17800/36000 batch_loss=8.4749e-02
E26/28 B17900/36000 batch_loss=1.5019e-01
E26/28 B18000/36000 batch_loss=1.4293e-01
E26/28 B18100/36000 batch_loss=1.4738e-01
E26/28 B18200/36000 batch_loss=1.4671e-01
E26/28 B18300/36000 batch_loss=9.5379e-02
E26/28 B18400/36000 batch_loss=9.7798e-02
E26/28 B18500/36000 batch_loss=1.6648e-01
E26/28 B18600/36000 batch_loss=1.4078e-01
E26/28 B18700/36000 batch_loss=1.3034e-01
E26/28 B18800/36000 batch_loss=1.0473e-01
E26/28 B18900/36000 batch_loss=9.9353e-02
E26/28 B19000/36000 batch_loss=9.8046e-02
E26/28 B19100/36000 batch_loss=9.4951e-02
E26/28 B19200/36000 batch_loss=1.4374e-01
E26/28 B19300/36000 batch_loss=1.0369e-01
E26/28 B19400/36000 batch_loss=9.9038e-02
E26/28 B19500/36000 batch_loss=1.4277e-01
E26/28 B19600/36000 batch_loss=1.4049e-01
E26/28 B19700/36000 batch_loss=9.3134e-02
E26/28 B19800/36000 batch_loss=1.5458e-01
E26/28 B19900/36000 batch_loss=1.4367e-01
E26/28 B20000/36000 batch_loss=9.1230e-02
E26/28 B20100/36000 batch_loss=8.8511e-02
E26/28 B20200/36000 batch_loss=9.6644e-02
E26/28 B20300/36000 batch_loss=9.0330e-02
E26/28 B20400/36000 batch_loss=9.8661e-02
E26/28 B20500/36000 batch_loss=1.0438e-01
E26/28 B20600/36000 batch_loss=1.4639e-01
E26/28 B20700/36000 batch_loss=1.0596e-01
E26/28 B20800/36000 batch_loss=9.2568e-02
E26/28 B20900/36000 batch_loss=1.0596e-01
E26/28 B21000/36000 batch_loss=9.9341e-02
E26/28 B21100/36000 batch_loss=1.0830e-01
E26/28 B21200/36000 batch_loss=9.7350e-02
E26/28 B21300/36000 batch_loss=1.3896e-01
E26/28 B21400/36000 batch_loss=1.0098e-01
E26/28 B21500/36000 batch_loss=1.0132e-01
E26/28 B21600/36000 batch_loss=1.3215e-01
E26/28 B21700/36000 batch_loss=1.0095e-01
E26/28 B21800/36000 batch_loss=9.5698e-02
E26/28 B21900/36000 batch_loss=9.8045e-02
E26/28 B22000/36000 batch_loss=1.3322e-01
E26/28 B22100/36000 batch_loss=8.7122e-02
E26/28 B22200/36000 batch_loss=8.5359e-02
E26/28 B22300/36000 batch_loss=1.0417e-01
E26/28 B22400/36000 batch_loss=1.5229e-01
E26/28 B22500/36000 batch_loss=1.3719e-01
E26/28 B22600/36000 batch_loss=1.0108e-01
E26/28 B22700/36000 batch_loss=7.8571e-02
E26/28 B22800/36000 batch_loss=1.4964e-01
E26/28 B22900/36000 batch_loss=9.0863e-02
E26/28 B23000/36000 batch_loss=1.0030e-01
E26/28 B23100/36000 batch_loss=1.0605e-01
E26/28 B23200/36000 batch_loss=9.1722e-02
E26/28 B23300/36000 batch_loss=1.2606e-01
E26/28 B23400/36000 batch_loss=1.0420e-01
E26/28 B23500/36000 batch_loss=9.6566e-02
E26/28 B23600/36000 batch_loss=9.5748e-02
E26/28 B23700/36000 batch_loss=1.3225e-01
E26/28 B23800/36000 batch_loss=1.0537e-01
E26/28 B23900/36000 batch_loss=9.9522e-02
E26/28 B24000/36000 batch_loss=1.4529e-01
E26/28 B24100/36000 batch_loss=9.1432e-02
E26/28 B24200/36000 batch_loss=9.9114e-02
E26/28 B24300/36000 batch_loss=1.0069e-01
E26/28 B24400/36000 batch_loss=1.5364e-01
E26/28 B24500/36000 batch_loss=1.0588e-01
E26/28 B24600/36000 batch_loss=1.5349e-01
E26/28 B24700/36000 batch_loss=1.4178e-01
E26/28 B24800/36000 batch_loss=9.3346e-02
E26/28 B24900/36000 batch_loss=1.3918e-01
E26/28 B25000/36000 batch_loss=1.0577e-01
E26/28 B25100/36000 batch_loss=1.4921e-01
E26/28 B25200/36000 batch_loss=1.5147e-01
E26/28 B25300/36000 batch_loss=1.3262e-01
E26/28 B25400/36000 batch_loss=9.7144e-02
E26/28 B25500/36000 batch_loss=1.3325e-01
E26/28 B25600/36000 batch_loss=1.4422e-01
E26/28 B25700/36000 batch_loss=1.4951e-01
E26/28 B25800/36000 batch_loss=1.4128e-01
E26/28 B25900/36000 batch_loss=1.5736e-01
E26/28 B26000/36000 batch_loss=1.6251e-01
E26/28 B26100/36000 batch_loss=9.1301e-02
E26/28 B26200/36000 batch_loss=1.0482e-01
E26/28 B26300/36000 batch_loss=9.4730e-02
E26/28 B26400/36000 batch_loss=9.6327e-02
E26/28 B26500/36000 batch_loss=9.7683e-02
E26/28 B26600/36000 batch_loss=9.7775e-02
E26/28 B26700/36000 batch_loss=1.0416e-01
E26/28 B26800/36000 batch_loss=9.9255e-02
E26/28 B26900/36000 batch_loss=9.3754e-02
E26/28 B27000/36000 batch_loss=1.3114e-01
E26/28 B27100/36000 batch_loss=1.6167e-01
E26/28 B27200/36000 batch_loss=1.0235e-01
E26/28 B27300/36000 batch_loss=1.4138e-01
E26/28 B27400/36000 batch_loss=1.4033e-01
E26/28 B27500/36000 batch_loss=1.3342e-01
E26/28 B27600/36000 batch_loss=1.2686e-01
E26/28 B27700/36000 batch_loss=9.8506e-02
E26/28 B27800/36000 batch_loss=1.4253e-01
E26/28 B27900/36000 batch_loss=1.1412e-01
E26/28 B28000/36000 batch_loss=1.1006e-01
E26/28 B28100/36000 batch_loss=1.4719e-01
E26/28 B28200/36000 batch_loss=9.4226e-02
E26/28 B28300/36000 batch_loss=1.3358e-01
E26/28 B28400/36000 batch_loss=1.0717e-01
E26/28 B28500/36000 batch_loss=1.0038e-01
E26/28 B28600/36000 batch_loss=1.0297e-01
E26/28 B28700/36000 batch_loss=1.3584e-01
E26/28 B28800/36000 batch_loss=1.4693e-01
E26/28 B28900/36000 batch_loss=1.5011e-01
E26/28 B29000/36000 batch_loss=8.9887e-02
E26/28 B29100/36000 batch_loss=1.4795e-01
E26/28 B29200/36000 batch_loss=1.0333e-01
E26/28 B29300/36000 batch_loss=1.4089e-01
E26/28 B29400/36000 batch_loss=1.3954e-01
E26/28 B29500/36000 batch_loss=1.6774e-01
E26/28 B29600/36000 batch_loss=9.8504e-02
E26/28 B29700/36000 batch_loss=1.4535e-01
E26/28 B29800/36000 batch_loss=1.4027e-01
E26/28 B29900/36000 batch_loss=9.5215e-02
E26/28 B30000/36000 batch_loss=1.3253e-01
E26/28 B30100/36000 batch_loss=8.8901e-02
E26/28 B30200/36000 batch_loss=1.5346e-01
E26/28 B30300/36000 batch_loss=1.0988e-01
E26/28 B30400/36000 batch_loss=1.4995e-01
E26/28 B30500/36000 batch_loss=1.4714e-01
E26/28 B30600/36000 batch_loss=1.0728e-01
E26/28 B30700/36000 batch_loss=9.4690e-02
E26/28 B30800/36000 batch_loss=9.7501e-02
E26/28 B30900/36000 batch_loss=1.2872e-01
E26/28 B31000/36000 batch_loss=8.4346e-02
E26/28 B31100/36000 batch_loss=1.4079e-01
E26/28 B31200/36000 batch_loss=9.4466e-02
E26/28 B31300/36000 batch_loss=9.3747e-02
E26/28 B31400/36000 batch_loss=1.0255e-01
E26/28 B31500/36000 batch_loss=1.3551e-01
E26/28 B31600/36000 batch_loss=8.8476e-02
E26/28 B31700/36000 batch_loss=9.6622e-02
E26/28 B31800/36000 batch_loss=1.1174e-01
E26/28 B31900/36000 batch_loss=9.2892e-02
E26/28 B32000/36000 batch_loss=1.7402e-01
E26/28 B32100/36000 batch_loss=1.0000e-01
E26/28 B32200/36000 batch_loss=8.7433e-02
E26/28 B32300/36000 batch_loss=9.5197e-02
E26/28 B32400/36000 batch_loss=1.4171e-01
E26/28 B32500/36000 batch_loss=8.4017e-02
E26/28 B32600/36000 batch_loss=1.0362e-01
E26/28 B32700/36000 batch_loss=1.6043e-01
E26/28 B32800/36000 batch_loss=9.6265e-02
E26/28 B32900/36000 batch_loss=8.4123e-02
E26/28 B33000/36000 batch_loss=1.4378e-01
E26/28 B33100/36000 batch_loss=9.6433e-02
E26/28 B33200/36000 batch_loss=9.7001e-02
E26/28 B33300/36000 batch_loss=1.5469e-01
E26/28 B33400/36000 batch_loss=1.0712e-01
E26/28 B33500/36000 batch_loss=1.0336e-01
E26/28 B33600/36000 batch_loss=1.5154e-01
E26/28 B33700/36000 batch_loss=1.0748e-01
E26/28 B33800/36000 batch_loss=9.7920e-02
E26/28 B33900/36000 batch_loss=9.9835e-02
E26/28 B34000/36000 batch_loss=1.0652e-01
E26/28 B34100/36000 batch_loss=9.6487e-02
E26/28 B34200/36000 batch_loss=1.3358e-01
E26/28 B34300/36000 batch_loss=9.4676e-02
E26/28 B34400/36000 batch_loss=1.4941e-01
E26/28 B34500/36000 batch_loss=9.4405e-02
E26/28 B34600/36000 batch_loss=9.0619e-02
E26/28 B34700/36000 batch_loss=1.1689e-01
E26/28 B34800/36000 batch_loss=1.5193e-01
E26/28 B34900/36000 batch_loss=1.2916e-01
E26/28 B35000/36000 batch_loss=1.0375e-01
E26/28 B35100/36000 batch_loss=9.4218e-02
E26/28 B35200/36000 batch_loss=1.3864e-01
E26/28 B35300/36000 batch_loss=1.4397e-01
E26/28 B35400/36000 batch_loss=1.4704e-01
E26/28 B35500/36000 batch_loss=1.0338e-01
E26/28 B35600/36000 batch_loss=1.0455e-01
E26/28 B35700/36000 batch_loss=9.5160e-02
E26/28 B35800/36000 batch_loss=1.0486e-01
E26/28 B35900/36000 batch_loss=1.0530e-01
E26/28 B36000/36000 batch_loss=1.5074e-01
2026-07-16 04:25:03,434 | INFO | Saved 10 diagnostic panel(s) under D:\Research\NO-2D-Metamaterials\MODELS\training_runs\NO_I3O5_BCF16_NMAE_HC128_LR2e-03_WD0e+00_L1P1e-08_SS1_G9e-01_ch0u_260711\diagnostics\epoch_026
epoch=26/28 loss=nmae train_nmae=1.196599e-01 val_nmae=2.318866e-01 train_mae=1.139821e-03 val_mae=1.969278e-03 train_mse=2.217321e-05 val_mse=5.124760e-05 lr=1.292e-04 train_sps=1538.6
2026-07-16 04:25:04,890 | INFO | epoch=26/28 loss=nmae train_nmae=1.196599e-01 val_nmae=2.318866e-01 train_mae=1.139821e-03 val_mae=1.969278e-03 train_mse=2.217321e-05 val_mse=5.124760e-05 lr=1.292e-04 train_sps=1538.6
2026-07-16 04:25:04,891 | INFO | epoch=26/28 loss_ch_nmae train=6.843e-03 1.299e-01 1.315e-01 1.652e-01 1.650e-01 val=7.950e-03 2.498e-01 2.590e-01 3.214e-01 3.212e-01
2026-07-16 04:25:04,891 | INFO | epoch=26/28 mae_ch train=4.380e-04 1.195e-03 1.121e-03 1.515e-03 1.429e-03 val=4.859e-04 2.123e-03 2.002e-03 2.715e-03 2.521e-03 mse_ch train=1.082e-05 1.957e-05 1.787e-05 3.326e-05 2.934e-05 val=2.266e-06 5.224e-05 4.861e-05 8.272e-05 7.040e-05
