2026-07-27 09:56:46,902 | INFO | Perf backends | tf32=False cudnn_benchmark=False matmul_precision=highest amp=none
2026-07-27 09:56:59,419 | INFO | NMAE epsilon=1.000000e-05
2026-07-27 09:56:59,421 | INFO | Loss logging: active=nmae; every epoch records train/val nmae, MAE, and MSE
2026-07-27 09:57:00,533 | INFO | Resumed full state from D:\Research\NO-2D-Metamaterials\MODELS\training_runs\NO_I4O5_BCF16_NMAE_HC128_LR2e-03_WD0e+00_SS1_G9e-01_ch0u_inconst_260725\training_state_latest.pt at epoch=4
2026-07-27 09:57:00,538 | INFO | Run started | run_name=NO_I4O5_BCF16_NMAE_HC128_LR2e-03_WD0e+00_SS1_G9e-01_ch0u_inconst_260725 run_id=NO_I4O5_BCF16_NMAE_HC128_LR2e-03_WD0e+00_SS1_G9e-01_ch0u_inconst_260725 device=cuda train_samples=18720000 test_samples=3900000 val_index_source=indices_full epoch_range=5..8
2026-07-27 09:57:00,538 | INFO | Fault diagnostics | main_fault_log=D:\Research\NO-2D-Metamaterials\MODELS\training_runs\NO_I4O5_BCF16_NMAE_HC128_LR2e-03_WD0e+00_SS1_G9e-01_ch0u_inconst_260725\main_process_fault.log
E5/8 B100/36000 batch_loss=1.4536e-01
E5/8 B200/36000 batch_loss=2.4771e-01
E5/8 B300/36000 batch_loss=2.4212e-01
E5/8 B400/36000 batch_loss=1.7712e-01
E5/8 B500/36000 batch_loss=1.7159e-01
E5/8 B600/36000 batch_loss=2.3984e-01
E5/8 B700/36000 batch_loss=2.6537e-01
E5/8 B800/36000 batch_loss=1.4214e-01
E5/8 B900/36000 batch_loss=2.6571e-01
E5/8 B1000/36000 batch_loss=1.7719e-01
E5/8 B1100/36000 batch_loss=1.7748e-01
E5/8 B1200/36000 batch_loss=2.4060e-01
E5/8 B1300/36000 batch_loss=1.4784e-01
E5/8 B1400/36000 batch_loss=1.5581e-01
E5/8 B1500/36000 batch_loss=1.7511e-01
E5/8 B1600/36000 batch_loss=2.3836e-01
E5/8 B1700/36000 batch_loss=1.7767e-01
E5/8 B1800/36000 batch_loss=2.2133e-01
E5/8 B1900/36000 batch_loss=2.1549e-01
E5/8 B2000/36000 batch_loss=1.7209e-01
E5/8 B2100/36000 batch_loss=1.7351e-01
E5/8 B2200/36000 batch_loss=1.7791e-01
E5/8 B2300/36000 batch_loss=1.8695e-01
E5/8 B2400/36000 batch_loss=2.4169e-01
E5/8 B2500/36000 batch_loss=1.7556e-01
E5/8 B2600/36000 batch_loss=1.5096e-01
E5/8 B2700/36000 batch_loss=1.7094e-01
E5/8 B2800/36000 batch_loss=2.3263e-01
E5/8 B2900/36000 batch_loss=1.5610e-01
E5/8 B3000/36000 batch_loss=1.4874e-01
E5/8 B3100/36000 batch_loss=1.9556e-01
E5/8 B3200/36000 batch_loss=2.5291e-01
E5/8 B3300/36000 batch_loss=2.6114e-01
E5/8 B3400/36000 batch_loss=2.5286e-01
E5/8 B3500/36000 batch_loss=2.5996e-01
E5/8 B3600/36000 batch_loss=1.4894e-01
E5/8 B3700/36000 batch_loss=2.3096e-01
E5/8 B3800/36000 batch_loss=2.4012e-01
E5/8 B3900/36000 batch_loss=1.4493e-01
E5/8 B4000/36000 batch_loss=2.5457e-01
E5/8 B4100/36000 batch_loss=2.3517e-01
E5/8 B4200/36000 batch_loss=2.0169e-01
E5/8 B4300/36000 batch_loss=2.5574e-01
E5/8 B4400/36000 batch_loss=1.5551e-01
E5/8 B4500/36000 batch_loss=1.7557e-01
E5/8 B4600/36000 batch_loss=2.6462e-01
E5/8 B4700/36000 batch_loss=1.6593e-01
E5/8 B4800/36000 batch_loss=2.5357e-01
E5/8 B4900/36000 batch_loss=1.5791e-01
E5/8 B5000/36000 batch_loss=2.4278e-01
E5/8 B5100/36000 batch_loss=2.5037e-01
E5/8 B5200/36000 batch_loss=2.4758e-01
E5/8 B5300/36000 batch_loss=1.6394e-01
E5/8 B5400/36000 batch_loss=2.2702e-01
E5/8 B5500/36000 batch_loss=1.5786e-01
E5/8 B5600/36000 batch_loss=1.4827e-01
E5/8 B5700/36000 batch_loss=1.6341e-01
E5/8 B5800/36000 batch_loss=1.6581e-01
E5/8 B5900/36000 batch_loss=1.6299e-01
E5/8 B6000/36000 batch_loss=2.5675e-01
E5/8 B6100/36000 batch_loss=1.6383e-01
E5/8 B6200/36000 batch_loss=2.3438e-01
E5/8 B6300/36000 batch_loss=2.3790e-01
E5/8 B6400/36000 batch_loss=2.2269e-01
E5/8 B6500/36000 batch_loss=2.5904e-01
E5/8 B6600/36000 batch_loss=1.5898e-01
E5/8 B6700/36000 batch_loss=2.2312e-01
E5/8 B6800/36000 batch_loss=2.2321e-01
E5/8 B6900/36000 batch_loss=1.7096e-01
E5/8 B7000/36000 batch_loss=2.5052e-01
E5/8 B7100/36000 batch_loss=1.7158e-01
E5/8 B7200/36000 batch_loss=1.6199e-01
E5/8 B7300/36000 batch_loss=2.2793e-01
E5/8 B7400/36000 batch_loss=1.8991e-01
E5/8 B7500/36000 batch_loss=2.5311e-01
E5/8 B7600/36000 batch_loss=1.6511e-01
E5/8 B7700/36000 batch_loss=2.4893e-01
E5/8 B7800/36000 batch_loss=2.4928e-01
E5/8 B7900/36000 batch_loss=1.6430e-01
E5/8 B8000/36000 batch_loss=2.5380e-01
E5/8 B8100/36000 batch_loss=1.7669e-01
E5/8 B8200/36000 batch_loss=1.6553e-01
E5/8 B8300/36000 batch_loss=2.5454e-01
E5/8 B8400/36000 batch_loss=1.6586e-01
E5/8 B8500/36000 batch_loss=1.7297e-01
E5/8 B8600/36000 batch_loss=1.6485e-01
E5/8 B8700/36000 batch_loss=2.2423e-01
E5/8 B8800/36000 batch_loss=2.5399e-01
E5/8 B8900/36000 batch_loss=2.4130e-01
E5/8 B9000/36000 batch_loss=1.8211e-01
E5/8 B9100/36000 batch_loss=2.3149e-01
E5/8 B9200/36000 batch_loss=2.3687e-01
E5/8 B9300/36000 batch_loss=2.3781e-01
E5/8 B9400/36000 batch_loss=2.6432e-01
E5/8 B9500/36000 batch_loss=1.6137e-01
E5/8 B9600/36000 batch_loss=2.4523e-01
E5/8 B9700/36000 batch_loss=1.5287e-01
E5/8 B9800/36000 batch_loss=1.7535e-01
E5/8 B9900/36000 batch_loss=1.4876e-01
E5/8 B10000/36000 batch_loss=1.6944e-01
E5/8 B10100/36000 batch_loss=2.3961e-01
E5/8 B10200/36000 batch_loss=1.7062e-01
E5/8 B10300/36000 batch_loss=1.6228e-01
E5/8 B10400/36000 batch_loss=2.3830e-01
E5/8 B10500/36000 batch_loss=2.5875e-01
E5/8 B10600/36000 batch_loss=1.6464e-01
E5/8 B10700/36000 batch_loss=1.6108e-01
E5/8 B10800/36000 batch_loss=2.5815e-01
E5/8 B10900/36000 batch_loss=1.6325e-01
E5/8 B11000/36000 batch_loss=1.6862e-01
E5/8 B11100/36000 batch_loss=1.6418e-01
E5/8 B11200/36000 batch_loss=1.5705e-01
E5/8 B11300/36000 batch_loss=1.4746e-01
E5/8 B11400/36000 batch_loss=2.5004e-01
E5/8 B11500/36000 batch_loss=1.7055e-01
E5/8 B11600/36000 batch_loss=2.7154e-01
E5/8 B11700/36000 batch_loss=1.7410e-01
E5/8 B11800/36000 batch_loss=2.3719e-01
E5/8 B11900/36000 batch_loss=2.2613e-01
E5/8 B12000/36000 batch_loss=2.3370e-01
E5/8 B12100/36000 batch_loss=2.3710e-01
E5/8 B12200/36000 batch_loss=2.4331e-01
E5/8 B12300/36000 batch_loss=2.5361e-01
E5/8 B12400/36000 batch_loss=1.8533e-01
E5/8 B12500/36000 batch_loss=2.3142e-01
E5/8 B12600/36000 batch_loss=2.5335e-01
E5/8 B12700/36000 batch_loss=1.4922e-01
E5/8 B12800/36000 batch_loss=1.7698e-01
E5/8 B12900/36000 batch_loss=1.7533e-01
E5/8 B13000/36000 batch_loss=1.7083e-01
E5/8 B13100/36000 batch_loss=1.5790e-01
E5/8 B13200/36000 batch_loss=1.9130e-01
E5/8 B13300/36000 batch_loss=1.8071e-01
E5/8 B13400/36000 batch_loss=2.3840e-01
E5/8 B13500/36000 batch_loss=1.6645e-01
E5/8 B13600/36000 batch_loss=2.3653e-01
E5/8 B13700/36000 batch_loss=1.5557e-01
E5/8 B13800/36000 batch_loss=2.5213e-01
E5/8 B13900/36000 batch_loss=1.5802e-01
E5/8 B14000/36000 batch_loss=2.4793e-01
E5/8 B14100/36000 batch_loss=2.7210e-01
E5/8 B14200/36000 batch_loss=1.6039e-01
E5/8 B14300/36000 batch_loss=2.5011e-01
E5/8 B14400/36000 batch_loss=1.6001e-01
E5/8 B14500/36000 batch_loss=1.4661e-01
E5/8 B14600/36000 batch_loss=1.6008e-01
E5/8 B14700/36000 batch_loss=2.2230e-01
E5/8 B14800/36000 batch_loss=1.5928e-01
E5/8 B14900/36000 batch_loss=2.6059e-01
E5/8 B15000/36000 batch_loss=2.3615e-01
E5/8 B15100/36000 batch_loss=1.5517e-01
E5/8 B15200/36000 batch_loss=1.6911e-01
E5/8 B15300/36000 batch_loss=2.4363e-01
E5/8 B15400/36000 batch_loss=2.4430e-01
E5/8 B15500/36000 batch_loss=2.6071e-01
E5/8 B15600/36000 batch_loss=2.5979e-01
E5/8 B15700/36000 batch_loss=2.4171e-01
E5/8 B15800/36000 batch_loss=1.6440e-01
E5/8 B15900/36000 batch_loss=1.6310e-01
E5/8 B16000/36000 batch_loss=1.5566e-01
E5/8 B16100/36000 batch_loss=2.1927e-01
E5/8 B16200/36000 batch_loss=2.4041e-01
E5/8 B16300/36000 batch_loss=2.3808e-01
E5/8 B16400/36000 batch_loss=1.5056e-01
E5/8 B16500/36000 batch_loss=1.8260e-01
E5/8 B16600/36000 batch_loss=2.5078e-01
E5/8 B16700/36000 batch_loss=1.8260e-01
E5/8 B16800/36000 batch_loss=2.3942e-01
E5/8 B16900/36000 batch_loss=2.3938e-01
E5/8 B17000/36000 batch_loss=2.4282e-01
E5/8 B17100/36000 batch_loss=2.3550e-01
E5/8 B17200/36000 batch_loss=2.3581e-01
E5/8 B17300/36000 batch_loss=1.8316e-01
E5/8 B17400/36000 batch_loss=2.3398e-01
E5/8 B17500/36000 batch_loss=2.5128e-01
E5/8 B17600/36000 batch_loss=2.1506e-01
E5/8 B17700/36000 batch_loss=1.6609e-01
E5/8 B17800/36000 batch_loss=1.7343e-01
E5/8 B17900/36000 batch_loss=2.5104e-01
E5/8 B18000/36000 batch_loss=1.5559e-01
E5/8 B18100/36000 batch_loss=2.5550e-01
E5/8 B18200/36000 batch_loss=2.5529e-01
E5/8 B18300/36000 batch_loss=1.5956e-01
E5/8 B18400/36000 batch_loss=1.8895e-01
E5/8 B18500/36000 batch_loss=2.4936e-01
E5/8 B18600/36000 batch_loss=1.4506e-01
E5/8 B18700/36000 batch_loss=2.5316e-01
E5/8 B18800/36000 batch_loss=1.7171e-01
E5/8 B18900/36000 batch_loss=2.5846e-01
E5/8 B19000/36000 batch_loss=1.9343e-01
E5/8 B19100/36000 batch_loss=1.6754e-01
E5/8 B19200/36000 batch_loss=2.3272e-01
E5/8 B19300/36000 batch_loss=2.2238e-01
E5/8 B19400/36000 batch_loss=2.5838e-01
E5/8 B19500/36000 batch_loss=2.4816e-01
E5/8 B19600/36000 batch_loss=1.6670e-01
E5/8 B19700/36000 batch_loss=2.4248e-01
E5/8 B19800/36000 batch_loss=2.5136e-01
E5/8 B19900/36000 batch_loss=2.2770e-01
E5/8 B20000/36000 batch_loss=2.4952e-01
E5/8 B20100/36000 batch_loss=1.5737e-01
E5/8 B20200/36000 batch_loss=1.9310e-01
E5/8 B20300/36000 batch_loss=2.3070e-01
E5/8 B20400/36000 batch_loss=2.4184e-01
E5/8 B20500/36000 batch_loss=2.4406e-01
E5/8 B20600/36000 batch_loss=2.4854e-01
E5/8 B20700/36000 batch_loss=1.5790e-01
E5/8 B20800/36000 batch_loss=2.5011e-01
E5/8 B20900/36000 batch_loss=2.5099e-01
E5/8 B21000/36000 batch_loss=2.4272e-01
E5/8 B21100/36000 batch_loss=1.7182e-01
E5/8 B21200/36000 batch_loss=2.8319e-01
E5/8 B21300/36000 batch_loss=2.5221e-01
E5/8 B21400/36000 batch_loss=1.6170e-01
E5/8 B21500/36000 batch_loss=2.4342e-01
E5/8 B21600/36000 batch_loss=1.5006e-01
E5/8 B21700/36000 batch_loss=1.6158e-01
E5/8 B21800/36000 batch_loss=2.4144e-01
E5/8 B21900/36000 batch_loss=1.7031e-01
E5/8 B22000/36000 batch_loss=2.2242e-01
E5/8 B22100/36000 batch_loss=1.6586e-01
E5/8 B22200/36000 batch_loss=2.6433e-01
E5/8 B22300/36000 batch_loss=1.5948e-01
E5/8 B22400/36000 batch_loss=1.6755e-01
E5/8 B22500/36000 batch_loss=2.4249e-01
E5/8 B22600/36000 batch_loss=2.2632e-01
E5/8 B22700/36000 batch_loss=2.3765e-01
E5/8 B22800/36000 batch_loss=1.6263e-01
E5/8 B22900/36000 batch_loss=1.7478e-01
E5/8 B23000/36000 batch_loss=1.7424e-01
E5/8 B23100/36000 batch_loss=2.5078e-01
E5/8 B23200/36000 batch_loss=2.8743e-01
E5/8 B23300/36000 batch_loss=2.2601e-01
E5/8 B23400/36000 batch_loss=2.3765e-01
E5/8 B23500/36000 batch_loss=2.5900e-01
E5/8 B23600/36000 batch_loss=2.5055e-01
E5/8 B23700/36000 batch_loss=2.4076e-01
E5/8 B23800/36000 batch_loss=1.5315e-01
E5/8 B23900/36000 batch_loss=1.7056e-01
E5/8 B24000/36000 batch_loss=1.6851e-01
E5/8 B24100/36000 batch_loss=1.7313e-01
E5/8 B24200/36000 batch_loss=1.6779e-01
E5/8 B24300/36000 batch_loss=1.7935e-01
E5/8 B24400/36000 batch_loss=1.8103e-01
E5/8 B24500/36000 batch_loss=1.7521e-01
E5/8 B24600/36000 batch_loss=1.8579e-01
E5/8 B24700/36000 batch_loss=1.5592e-01
E5/8 B24800/36000 batch_loss=2.2194e-01
E5/8 B24900/36000 batch_loss=2.3796e-01
E5/8 B25000/36000 batch_loss=1.8266e-01
E5/8 B25100/36000 batch_loss=2.2797e-01
E5/8 B25200/36000 batch_loss=2.6329e-01
E5/8 B25300/36000 batch_loss=1.6079e-01
E5/8 B25400/36000 batch_loss=2.5050e-01
E5/8 B25500/36000 batch_loss=1.9820e-01
E5/8 B25600/36000 batch_loss=1.5579e-01
E5/8 B25700/36000 batch_loss=2.4682e-01
E5/8 B25800/36000 batch_loss=1.6858e-01
E5/8 B25900/36000 batch_loss=1.5429e-01
E5/8 B26000/36000 batch_loss=1.8166e-01
E5/8 B26100/36000 batch_loss=1.7167e-01
E5/8 B26200/36000 batch_loss=2.6767e-01
E5/8 B26300/36000 batch_loss=1.5922e-01
E5/8 B26400/36000 batch_loss=2.4621e-01
E5/8 B26500/36000 batch_loss=2.4205e-01
E5/8 B26600/36000 batch_loss=1.6575e-01
E5/8 B26700/36000 batch_loss=1.5251e-01
E5/8 B26800/36000 batch_loss=2.3006e-01
E5/8 B26900/36000 batch_loss=1.6789e-01
E5/8 B27000/36000 batch_loss=2.4950e-01
E5/8 B27100/36000 batch_loss=1.6982e-01
E5/8 B27200/36000 batch_loss=1.4199e-01
E5/8 B27300/36000 batch_loss=1.8644e-01
E5/8 B27400/36000 batch_loss=2.6912e-01
E5/8 B27500/36000 batch_loss=2.4240e-01
E5/8 B27600/36000 batch_loss=1.4216e-01
E5/8 B27700/36000 batch_loss=2.6008e-01
E5/8 B27800/36000 batch_loss=2.4357e-01
E5/8 B27900/36000 batch_loss=2.5358e-01
E5/8 B28000/36000 batch_loss=2.3361e-01
E5/8 B28100/36000 batch_loss=1.6718e-01
E5/8 B28200/36000 batch_loss=1.4258e-01
E5/8 B28300/36000 batch_loss=2.3691e-01
E5/8 B28400/36000 batch_loss=2.2071e-01
E5/8 B28500/36000 batch_loss=2.7913e-01
E5/8 B28600/36000 batch_loss=2.3987e-01
E5/8 B28700/36000 batch_loss=2.3443e-01
E5/8 B28800/36000 batch_loss=1.7926e-01
E5/8 B28900/36000 batch_loss=1.6357e-01
E5/8 B29000/36000 batch_loss=2.1776e-01
E5/8 B29100/36000 batch_loss=1.6473e-01
E5/8 B29200/36000 batch_loss=1.8133e-01
E5/8 B29300/36000 batch_loss=1.4453e-01
E5/8 B29400/36000 batch_loss=2.1493e-01
E5/8 B29500/36000 batch_loss=2.3792e-01
E5/8 B29600/36000 batch_loss=2.3149e-01
E5/8 B29700/36000 batch_loss=1.5893e-01
E5/8 B29800/36000 batch_loss=2.5959e-01
E5/8 B29900/36000 batch_loss=2.5688e-01
E5/8 B30000/36000 batch_loss=2.5541e-01
E5/8 B30100/36000 batch_loss=2.5896e-01
E5/8 B30200/36000 batch_loss=2.4846e-01
E5/8 B30300/36000 batch_loss=2.4225e-01
E5/8 B30400/36000 batch_loss=2.4653e-01
E5/8 B30500/36000 batch_loss=2.4893e-01
E5/8 B30600/36000 batch_loss=1.5656e-01
E5/8 B30700/36000 batch_loss=2.5351e-01
E5/8 B30800/36000 batch_loss=1.7060e-01
E5/8 B30900/36000 batch_loss=2.4408e-01
E5/8 B31000/36000 batch_loss=2.3057e-01
E5/8 B31100/36000 batch_loss=2.5274e-01
E5/8 B31200/36000 batch_loss=1.5588e-01
E5/8 B31300/36000 batch_loss=1.6540e-01
E5/8 B31400/36000 batch_loss=2.3437e-01
E5/8 B31500/36000 batch_loss=2.1170e-01
E5/8 B31600/36000 batch_loss=1.6290e-01
E5/8 B31700/36000 batch_loss=1.5196e-01
E5/8 B31800/36000 batch_loss=1.6434e-01
E5/8 B31900/36000 batch_loss=2.5019e-01
E5/8 B32000/36000 batch_loss=1.4535e-01
E5/8 B32100/36000 batch_loss=1.4985e-01
E5/8 B32200/36000 batch_loss=2.3747e-01
E5/8 B32300/36000 batch_loss=1.5951e-01
E5/8 B32400/36000 batch_loss=2.3135e-01
E5/8 B32500/36000 batch_loss=2.4358e-01
E5/8 B32600/36000 batch_loss=1.5278e-01
E5/8 B32700/36000 batch_loss=2.6180e-01
E5/8 B32800/36000 batch_loss=2.4142e-01
E5/8 B32900/36000 batch_loss=2.3031e-01
E5/8 B33000/36000 batch_loss=1.4694e-01
E5/8 B33100/36000 batch_loss=1.6049e-01
E5/8 B33200/36000 batch_loss=1.7438e-01
E5/8 B33300/36000 batch_loss=1.6189e-01
E5/8 B33400/36000 batch_loss=1.9383e-01
E5/8 B33500/36000 batch_loss=1.6813e-01
E5/8 B33600/36000 batch_loss=1.5011e-01
E5/8 B33700/36000 batch_loss=2.4541e-01
E5/8 B33800/36000 batch_loss=2.2084e-01
E5/8 B33900/36000 batch_loss=2.4009e-01
E5/8 B34000/36000 batch_loss=2.5991e-01
E5/8 B34100/36000 batch_loss=1.6648e-01
E5/8 B34200/36000 batch_loss=1.7475e-01
E5/8 B34300/36000 batch_loss=1.9233e-01
E5/8 B34400/36000 batch_loss=2.5023e-01
E5/8 B34500/36000 batch_loss=1.4692e-01
E5/8 B34600/36000 batch_loss=2.2361e-01
E5/8 B34700/36000 batch_loss=1.5869e-01
E5/8 B34800/36000 batch_loss=1.9749e-01
E5/8 B34900/36000 batch_loss=1.6473e-01
E5/8 B35000/36000 batch_loss=2.6579e-01
E5/8 B35100/36000 batch_loss=1.5638e-01
E5/8 B35200/36000 batch_loss=1.6532e-01
E5/8 B35300/36000 batch_loss=2.5838e-01
E5/8 B35400/36000 batch_loss=1.4754e-01
E5/8 B35500/36000 batch_loss=2.3216e-01
E5/8 B35600/36000 batch_loss=1.5792e-01
E5/8 B35700/36000 batch_loss=1.7107e-01
E5/8 B35800/36000 batch_loss=2.2399e-01
E5/8 B35900/36000 batch_loss=2.7248e-01
E5/8 B36000/36000 batch_loss=1.5153e-01
2026-07-27 13:25:59,356 | ERROR | Diagnostic panel export failed (training continues)
Traceback (most recent call last):
  File "d:\Research\NO-2D-Metamaterials\train_from_disk.py", line 2541, in main
    paths = save_random_test_diagnostic_panels(
            ^^^^^^^^^^^^^^^^^^^^^^^^^^^^^^^^^^^
  File "C:\ProgramData\anaconda3\envs\NO_2D_Metamaterials\Lib\site-packages\torch\utils\_contextlib.py", line 116, in decorate_context
    return func(*args, **kwargs)
           ^^^^^^^^^^^^^^^^^^^^^
  File "d:\Research\NO-2D-Metamaterials\diagnostic_panels.py", line 202, in save_random_test_diagnostic_panels
    raise ValueError(f"bad input shape at idx={idx}: {tuple(x.shape)}")
ValueError: bad input shape at idx=2575342: (4, 32, 32)
epoch=5/8 loss=nmae train_nmae=2.065539e-01 val_nmae=2.651057e-01 train_mae=1.975602e-03 val_mae=2.270417e-03 train_mse=4.219931e-05 val_mse=5.299301e-05 lr=1.181e-03 train_sps=1603.9
2026-07-27 13:26:00,882 | INFO | epoch=5/8 loss=nmae train_nmae=2.065539e-01 val_nmae=2.651057e-01 train_mae=1.975602e-03 val_mae=2.270417e-03 train_mse=4.219931e-05 val_mse=5.299301e-05 lr=1.181e-03 train_sps=1603.9
2026-07-27 13:26:00,883 | INFO | epoch=5/8 loss_ch_nmae train=1.263e-02 2.246e-01 2.281e-01 2.870e-01 2.804e-01 val=1.016e-02 2.887e-01 3.051e-01 3.617e-01 3.599e-01
2026-07-27 13:26:00,883 | INFO | epoch=5/8 mae_ch train=8.019e-04 2.068e-03 1.947e-03 2.632e-03 2.429e-03 val=6.221e-04 2.461e-03 2.369e-03 3.058e-03 2.842e-03 mse_ch train=1.232e-05 4.064e-05 3.785e-05 6.457e-05 5.561e-05 val=2.380e-06 5.583e-05 5.324e-05 8.145e-05 7.206e-05
Epoch 5/8 done | loss=nmae train=2.0655e-01 val=2.6511e-01 mae=2.2704e-03 mse=5.2993e-05 lr=1.18e-03
E6/8 B100/36000 batch_loss=1.3337e-01
E6/8 B200/36000 batch_loss=1.4507e-01
E6/8 B300/36000 batch_loss=1.5573e-01
E6/8 B400/36000 batch_loss=2.3668e-01
E6/8 B500/36000 batch_loss=2.2520e-01
E6/8 B600/36000 batch_loss=1.4602e-01
E6/8 B700/36000 batch_loss=2.4057e-01
E6/8 B800/36000 batch_loss=1.5551e-01
E6/8 B900/36000 batch_loss=1.4554e-01
E6/8 B1000/36000 batch_loss=1.6582e-01
E6/8 B1100/36000 batch_loss=2.3787e-01
E6/8 B1200/36000 batch_loss=2.4125e-01
E6/8 B1300/36000 batch_loss=2.2373e-01
E6/8 B1400/36000 batch_loss=1.4039e-01
E6/8 B1500/36000 batch_loss=1.5009e-01
E6/8 B1600/36000 batch_loss=2.1714e-01
E6/8 B1700/36000 batch_loss=1.7354e-01
E6/8 B1800/36000 batch_loss=2.3781e-01
E6/8 B1900/36000 batch_loss=2.0742e-01
E6/8 B2000/36000 batch_loss=1.6736e-01
E6/8 B2100/36000 batch_loss=1.5045e-01
E6/8 B2200/36000 batch_loss=1.7033e-01
E6/8 B2300/36000 batch_loss=2.2773e-01
E6/8 B2400/36000 batch_loss=1.5309e-01
E6/8 B2500/36000 batch_loss=2.4308e-01
E6/8 B2600/36000 batch_loss=2.1921e-01
E6/8 B2700/36000 batch_loss=2.1583e-01
E6/8 B2800/36000 batch_loss=1.3997e-01
E6/8 B2900/36000 batch_loss=1.5668e-01
E6/8 B3000/36000 batch_loss=2.6184e-01
E6/8 B3100/36000 batch_loss=1.4891e-01
E6/8 B3200/36000 batch_loss=1.6459e-01
E6/8 B3300/36000 batch_loss=2.2643e-01
E6/8 B3400/36000 batch_loss=2.4496e-01
E6/8 B3500/36000 batch_loss=2.3239e-01
E6/8 B3600/36000 batch_loss=1.5811e-01
E6/8 B3700/36000 batch_loss=1.5644e-01
E6/8 B3800/36000 batch_loss=1.3892e-01
E6/8 B3900/36000 batch_loss=1.5953e-01
E6/8 B4000/36000 batch_loss=1.5629e-01
E6/8 B4100/36000 batch_loss=1.5981e-01
E6/8 B4200/36000 batch_loss=1.6900e-01
E6/8 B4300/36000 batch_loss=2.1959e-01
E6/8 B4400/36000 batch_loss=1.6056e-01
E6/8 B4500/36000 batch_loss=2.3410e-01
E6/8 B4600/36000 batch_loss=2.2912e-01
E6/8 B4700/36000 batch_loss=2.3170e-01
E6/8 B4800/36000 batch_loss=2.3091e-01
E6/8 B4900/36000 batch_loss=2.4388e-01
E6/8 B5000/36000 batch_loss=1.4277e-01
E6/8 B5100/36000 batch_loss=1.5139e-01
E6/8 B5200/36000 batch_loss=2.4674e-01
E6/8 B5300/36000 batch_loss=1.6844e-01
E6/8 B5400/36000 batch_loss=2.4164e-01
E6/8 B5500/36000 batch_loss=2.4519e-01
E6/8 B5600/36000 batch_loss=1.3952e-01
E6/8 B5700/36000 batch_loss=2.3102e-01
E6/8 B5800/36000 batch_loss=1.5159e-01
E6/8 B5900/36000 batch_loss=2.2752e-01
E6/8 B6000/36000 batch_loss=2.3616e-01
E6/8 B6100/36000 batch_loss=1.8657e-01
E6/8 B6200/36000 batch_loss=1.5002e-01
E6/8 B6300/36000 batch_loss=2.3008e-01
E6/8 B6400/36000 batch_loss=2.4705e-01
E6/8 B6500/36000 batch_loss=1.6371e-01
E6/8 B6600/36000 batch_loss=2.3988e-01
E6/8 B6700/36000 batch_loss=1.5919e-01
E6/8 B6800/36000 batch_loss=2.3249e-01
E6/8 B6900/36000 batch_loss=1.5453e-01
E6/8 B7000/36000 batch_loss=1.3707e-01
E6/8 B7100/36000 batch_loss=2.2923e-01
E6/8 B7200/36000 batch_loss=2.2558e-01
E6/8 B7300/36000 batch_loss=2.2613e-01
E6/8 B7400/36000 batch_loss=2.4492e-01
E6/8 B7500/36000 batch_loss=2.5136e-01
E6/8 B7600/36000 batch_loss=1.6338e-01
E6/8 B7700/36000 batch_loss=2.3209e-01
E6/8 B7800/36000 batch_loss=2.3041e-01
E6/8 B7900/36000 batch_loss=1.6422e-01
E6/8 B8000/36000 batch_loss=1.6406e-01
E6/8 B8100/36000 batch_loss=2.2978e-01
E6/8 B8200/36000 batch_loss=1.4528e-01
E6/8 B8300/36000 batch_loss=2.3109e-01
E6/8 B8400/36000 batch_loss=1.5831e-01
E6/8 B8500/36000 batch_loss=2.3400e-01
E6/8 B8600/36000 batch_loss=2.3735e-01
E6/8 B8700/36000 batch_loss=1.5294e-01
E6/8 B8800/36000 batch_loss=1.8345e-01
E6/8 B8900/36000 batch_loss=2.3749e-01
E6/8 B9000/36000 batch_loss=2.1487e-01
E6/8 B9100/36000 batch_loss=2.3454e-01
E6/8 B9200/36000 batch_loss=1.4162e-01
E6/8 B9300/36000 batch_loss=1.7187e-01
E6/8 B9400/36000 batch_loss=1.6560e-01
E6/8 B9500/36000 batch_loss=2.2328e-01
E6/8 B9600/36000 batch_loss=2.3241e-01
E6/8 B9700/36000 batch_loss=2.1910e-01
E6/8 B9800/36000 batch_loss=2.4788e-01
E6/8 B9900/36000 batch_loss=1.6808e-01
E6/8 B10000/36000 batch_loss=1.6668e-01
E6/8 B10100/36000 batch_loss=2.1521e-01
E6/8 B10200/36000 batch_loss=1.6885e-01
E6/8 B10300/36000 batch_loss=1.5752e-01
E6/8 B10400/36000 batch_loss=2.4375e-01
E6/8 B10500/36000 batch_loss=1.5397e-01
E6/8 B10600/36000 batch_loss=1.4618e-01
E6/8 B10700/36000 batch_loss=2.2733e-01
E6/8 B10800/36000 batch_loss=2.3521e-01
E6/8 B10900/36000 batch_loss=1.6136e-01
E6/8 B11000/36000 batch_loss=1.3857e-01
E6/8 B11100/36000 batch_loss=1.6051e-01
E6/8 B11200/36000 batch_loss=2.2178e-01
E6/8 B11300/36000 batch_loss=1.5311e-01
E6/8 B11400/36000 batch_loss=1.6272e-01
E6/8 B11500/36000 batch_loss=2.2682e-01
E6/8 B11600/36000 batch_loss=2.2369e-01
E6/8 B11700/36000 batch_loss=2.4369e-01
E6/8 B11800/36000 batch_loss=1.4848e-01
E6/8 B11900/36000 batch_loss=2.3123e-01
E6/8 B12000/36000 batch_loss=1.6118e-01
E6/8 B12100/36000 batch_loss=2.2293e-01
E6/8 B12200/36000 batch_loss=2.3714e-01
E6/8 B12300/36000 batch_loss=1.5865e-01
E6/8 B12400/36000 batch_loss=1.6843e-01
E6/8 B12500/36000 batch_loss=1.5858e-01
E6/8 B12600/36000 batch_loss=1.6977e-01
E6/8 B12700/36000 batch_loss=1.5284e-01
E6/8 B12800/36000 batch_loss=1.4794e-01
E6/8 B12900/36000 batch_loss=1.7601e-01
E6/8 B13000/36000 batch_loss=1.4382e-01
E6/8 B13100/36000 batch_loss=2.4991e-01
E6/8 B13200/36000 batch_loss=2.1376e-01
E6/8 B13300/36000 batch_loss=2.4939e-01
E6/8 B13400/36000 batch_loss=2.4897e-01
E6/8 B13500/36000 batch_loss=1.5782e-01
E6/8 B13600/36000 batch_loss=2.6714e-01
E6/8 B13700/36000 batch_loss=1.7609e-01
E6/8 B13800/36000 batch_loss=2.3536e-01
E6/8 B13900/36000 batch_loss=1.5169e-01
E6/8 B14000/36000 batch_loss=2.3168e-01
E6/8 B14100/36000 batch_loss=2.4185e-01
E6/8 B14200/36000 batch_loss=2.2994e-01
E6/8 B14300/36000 batch_loss=2.2103e-01
E6/8 B14400/36000 batch_loss=2.2165e-01
E6/8 B14500/36000 batch_loss=1.6139e-01
E6/8 B14600/36000 batch_loss=1.5799e-01
E6/8 B14700/36000 batch_loss=1.4907e-01
E6/8 B14800/36000 batch_loss=2.2716e-01
E6/8 B14900/36000 batch_loss=2.3775e-01
E6/8 B15000/36000 batch_loss=1.5176e-01
E6/8 B15100/36000 batch_loss=1.5464e-01
E6/8 B15200/36000 batch_loss=1.7763e-01
E6/8 B15300/36000 batch_loss=2.2270e-01
E6/8 B15400/36000 batch_loss=2.3752e-01
E6/8 B15500/36000 batch_loss=1.5843e-01
E6/8 B15600/36000 batch_loss=1.5261e-01
E6/8 B15700/36000 batch_loss=1.6078e-01
E6/8 B15800/36000 batch_loss=1.5859e-01
E6/8 B15900/36000 batch_loss=2.5529e-01
E6/8 B16000/36000 batch_loss=2.1973e-01
E6/8 B16100/36000 batch_loss=2.1916e-01
E6/8 B16200/36000 batch_loss=2.2127e-01
E6/8 B16300/36000 batch_loss=2.3366e-01
E6/8 B16400/36000 batch_loss=1.4998e-01
E6/8 B16500/36000 batch_loss=1.5143e-01
E6/8 B16600/36000 batch_loss=2.6312e-01
E6/8 B16700/36000 batch_loss=2.2176e-01
E6/8 B16800/36000 batch_loss=1.6897e-01
E6/8 B16900/36000 batch_loss=2.4236e-01
E6/8 B17000/36000 batch_loss=2.6043e-01
E6/8 B17100/36000 batch_loss=2.3241e-01
E6/8 B17200/36000 batch_loss=1.4940e-01
E6/8 B17300/36000 batch_loss=2.2853e-01
E6/8 B17400/36000 batch_loss=2.3858e-01
E6/8 B17500/36000 batch_loss=1.5577e-01
E6/8 B17600/36000 batch_loss=1.7123e-01
E6/8 B17700/36000 batch_loss=2.3199e-01
E6/8 B17800/36000 batch_loss=1.8094e-01
E6/8 B17900/36000 batch_loss=2.4309e-01
E6/8 B18000/36000 batch_loss=2.1736e-01
E6/8 B18100/36000 batch_loss=2.2856e-01
E6/8 B18200/36000 batch_loss=2.3548e-01
E6/8 B18300/36000 batch_loss=1.4973e-01
E6/8 B18400/36000 batch_loss=1.6781e-01
E6/8 B18500/36000 batch_loss=1.5951e-01
E6/8 B18600/36000 batch_loss=1.6250e-01
E6/8 B18700/36000 batch_loss=2.7021e-01
E6/8 B18800/36000 batch_loss=1.5255e-01
E6/8 B18900/36000 batch_loss=2.3952e-01
E6/8 B19000/36000 batch_loss=1.6053e-01
E6/8 B19100/36000 batch_loss=1.5945e-01
E6/8 B19200/36000 batch_loss=1.4876e-01
E6/8 B19300/36000 batch_loss=1.8592e-01
E6/8 B19400/36000 batch_loss=2.1665e-01
E6/8 B19500/36000 batch_loss=1.7129e-01
E6/8 B19600/36000 batch_loss=2.4251e-01
E6/8 B19700/36000 batch_loss=2.3666e-01
E6/8 B19800/36000 batch_loss=1.7287e-01
E6/8 B19900/36000 batch_loss=2.5204e-01
E6/8 B20000/36000 batch_loss=2.2766e-01
E6/8 B20100/36000 batch_loss=2.3481e-01
E6/8 B20200/36000 batch_loss=2.1835e-01
E6/8 B20300/36000 batch_loss=2.4678e-01
E6/8 B20400/36000 batch_loss=1.5155e-01
E6/8 B20500/36000 batch_loss=1.6300e-01
E6/8 B20600/36000 batch_loss=2.1617e-01
E6/8 B20700/36000 batch_loss=2.2989e-01
E6/8 B20800/36000 batch_loss=2.1670e-01
E6/8 B20900/36000 batch_loss=1.5751e-01
E6/8 B21000/36000 batch_loss=1.6255e-01
E6/8 B21100/36000 batch_loss=1.5363e-01
E6/8 B21200/36000 batch_loss=2.4875e-01
E6/8 B21300/36000 batch_loss=1.6929e-01
E6/8 B21400/36000 batch_loss=1.5066e-01
E6/8 B21500/36000 batch_loss=2.4844e-01
E6/8 B21600/36000 batch_loss=1.6355e-01
E6/8 B21700/36000 batch_loss=2.1454e-01
E6/8 B21800/36000 batch_loss=1.7621e-01
E6/8 B21900/36000 batch_loss=1.3913e-01
E6/8 B22000/36000 batch_loss=1.5477e-01
E6/8 B22100/36000 batch_loss=1.6403e-01
E6/8 B22200/36000 batch_loss=2.2915e-01
E6/8 B22300/36000 batch_loss=1.8187e-01
E6/8 B22400/36000 batch_loss=2.5651e-01
E6/8 B22500/36000 batch_loss=1.6537e-01
E6/8 B22600/36000 batch_loss=1.7202e-01
E6/8 B22700/36000 batch_loss=2.3445e-01
E6/8 B22800/36000 batch_loss=1.8752e-01
E6/8 B22900/36000 batch_loss=1.6583e-01
E6/8 B23000/36000 batch_loss=2.3636e-01
E6/8 B23100/36000 batch_loss=2.3586e-01
E6/8 B23200/36000 batch_loss=1.5190e-01
E6/8 B23300/36000 batch_loss=1.6948e-01
E6/8 B23400/36000 batch_loss=2.4509e-01
E6/8 B23500/36000 batch_loss=1.5152e-01
E6/8 B23600/36000 batch_loss=1.5893e-01
E6/8 B23700/36000 batch_loss=1.6811e-01
E6/8 B23800/36000 batch_loss=1.6319e-01
E6/8 B23900/36000 batch_loss=2.2816e-01
E6/8 B24000/36000 batch_loss=2.1327e-01
E6/8 B24100/36000 batch_loss=1.4832e-01
E6/8 B24200/36000 batch_loss=2.3488e-01
E6/8 B24300/36000 batch_loss=1.3988e-01
E6/8 B24400/36000 batch_loss=1.5621e-01
E6/8 B24500/36000 batch_loss=1.4882e-01
E6/8 B24600/36000 batch_loss=1.7102e-01
E6/8 B24700/36000 batch_loss=2.4014e-01
E6/8 B24800/36000 batch_loss=2.1537e-01
E6/8 B24900/36000 batch_loss=1.6622e-01
E6/8 B25000/36000 batch_loss=2.2885e-01
E6/8 B25100/36000 batch_loss=2.1927e-01
E6/8 B25200/36000 batch_loss=1.5737e-01
E6/8 B25300/36000 batch_loss=1.4919e-01
E6/8 B25400/36000 batch_loss=2.3633e-01
E6/8 B25500/36000 batch_loss=1.9102e-01
E6/8 B25600/36000 batch_loss=1.6960e-01
E6/8 B25700/36000 batch_loss=2.3123e-01
E6/8 B25800/36000 batch_loss=2.4507e-01
E6/8 B25900/36000 batch_loss=2.2046e-01
E6/8 B26000/36000 batch_loss=1.5524e-01
E6/8 B26100/36000 batch_loss=2.3864e-01
E6/8 B26200/36000 batch_loss=1.5032e-01
E6/8 B26300/36000 batch_loss=2.3751e-01
E6/8 B26400/36000 batch_loss=1.3399e-01
E6/8 B26500/36000 batch_loss=2.5281e-01
E6/8 B26600/36000 batch_loss=2.4049e-01
E6/8 B26700/36000 batch_loss=2.4150e-01
E6/8 B26800/36000 batch_loss=1.4519e-01
E6/8 B26900/36000 batch_loss=1.5223e-01
E6/8 B27000/36000 batch_loss=1.6978e-01
E6/8 B27100/36000 batch_loss=2.3227e-01
E6/8 B27200/36000 batch_loss=2.4321e-01
E6/8 B27300/36000 batch_loss=2.1334e-01
E6/8 B27400/36000 batch_loss=1.5990e-01
E6/8 B27500/36000 batch_loss=1.3903e-01
E6/8 B27600/36000 batch_loss=1.7607e-01
E6/8 B27700/36000 batch_loss=2.3503e-01
E6/8 B27800/36000 batch_loss=1.6872e-01
E6/8 B27900/36000 batch_loss=2.1334e-01
E6/8 B28000/36000 batch_loss=1.4992e-01
E6/8 B28100/36000 batch_loss=1.5294e-01
E6/8 B28200/36000 batch_loss=2.4100e-01
E6/8 B28300/36000 batch_loss=1.3215e-01
E6/8 B28400/36000 batch_loss=2.0530e-01
E6/8 B28500/36000 batch_loss=1.6108e-01
E6/8 B28600/36000 batch_loss=1.7412e-01
E6/8 B28700/36000 batch_loss=2.1533e-01
E6/8 B28800/36000 batch_loss=1.7216e-01
E6/8 B28900/36000 batch_loss=2.5438e-01
E6/8 B29000/36000 batch_loss=1.5936e-01
E6/8 B29100/36000 batch_loss=2.2119e-01
E6/8 B29200/36000 batch_loss=2.1997e-01
E6/8 B29300/36000 batch_loss=1.4514e-01
E6/8 B29400/36000 batch_loss=1.5434e-01
E6/8 B29500/36000 batch_loss=1.6071e-01
E6/8 B29600/36000 batch_loss=1.6001e-01
E6/8 B29700/36000 batch_loss=2.5582e-01
E6/8 B29800/36000 batch_loss=1.7781e-01
E6/8 B29900/36000 batch_loss=2.2950e-01
E6/8 B30000/36000 batch_loss=2.6903e-01
E6/8 B30100/36000 batch_loss=2.2373e-01
E6/8 B30200/36000 batch_loss=1.6710e-01
E6/8 B30300/36000 batch_loss=1.6726e-01
E6/8 B30400/36000 batch_loss=1.5482e-01
E6/8 B30500/36000 batch_loss=2.4187e-01
E6/8 B30600/36000 batch_loss=2.1764e-01
E6/8 B30700/36000 batch_loss=2.4287e-01
E6/8 B30800/36000 batch_loss=2.5992e-01
E6/8 B30900/36000 batch_loss=1.6220e-01
E6/8 B31000/36000 batch_loss=2.4893e-01
E6/8 B31100/36000 batch_loss=2.3164e-01
E6/8 B31200/36000 batch_loss=1.6006e-01
E6/8 B31300/36000 batch_loss=1.5253e-01
E6/8 B31400/36000 batch_loss=1.5085e-01
E6/8 B31500/36000 batch_loss=2.3464e-01
E6/8 B31600/36000 batch_loss=2.3370e-01
E6/8 B31700/36000 batch_loss=1.5462e-01
E6/8 B31800/36000 batch_loss=2.2376e-01
E6/8 B31900/36000 batch_loss=2.4416e-01
E6/8 B32000/36000 batch_loss=2.3585e-01
E6/8 B32100/36000 batch_loss=2.4160e-01
E6/8 B32200/36000 batch_loss=2.3616e-01
E6/8 B32300/36000 batch_loss=2.2036e-01
E6/8 B32400/36000 batch_loss=1.2740e-01
E6/8 B32500/36000 batch_loss=1.5842e-01
E6/8 B32600/36000 batch_loss=2.1416e-01
E6/8 B32700/36000 batch_loss=2.4663e-01
E6/8 B32800/36000 batch_loss=2.2941e-01
E6/8 B32900/36000 batch_loss=1.5439e-01
E6/8 B33000/36000 batch_loss=1.4695e-01
E6/8 B33100/36000 batch_loss=2.2371e-01
E6/8 B33200/36000 batch_loss=1.5152e-01
E6/8 B33300/36000 batch_loss=1.4902e-01
E6/8 B33400/36000 batch_loss=2.2854e-01
E6/8 B33500/36000 batch_loss=1.6726e-01
E6/8 B33600/36000 batch_loss=1.5116e-01
E6/8 B33700/36000 batch_loss=2.2337e-01
E6/8 B33800/36000 batch_loss=1.7460e-01
E6/8 B33900/36000 batch_loss=2.3142e-01
E6/8 B34000/36000 batch_loss=2.3598e-01
E6/8 B34100/36000 batch_loss=1.7045e-01
E6/8 B34200/36000 batch_loss=1.3342e-01
E6/8 B34300/36000 batch_loss=1.7282e-01
E6/8 B34400/36000 batch_loss=2.2776e-01
E6/8 B34500/36000 batch_loss=1.6027e-01
E6/8 B34600/36000 batch_loss=2.3133e-01
E6/8 B34700/36000 batch_loss=1.7385e-01
E6/8 B34800/36000 batch_loss=2.3881e-01
E6/8 B34900/36000 batch_loss=2.4282e-01
E6/8 B35000/36000 batch_loss=1.7396e-01
E6/8 B35100/36000 batch_loss=1.5972e-01
E6/8 B35200/36000 batch_loss=1.4780e-01
E6/8 B35300/36000 batch_loss=1.4736e-01
E6/8 B35400/36000 batch_loss=2.0458e-01
E6/8 B35500/36000 batch_loss=1.4483e-01
E6/8 B35600/36000 batch_loss=1.5207e-01
E6/8 B35700/36000 batch_loss=1.5418e-01
E6/8 B35800/36000 batch_loss=1.3568e-01
E6/8 B35900/36000 batch_loss=1.6989e-01
E6/8 B36000/36000 batch_loss=1.6215e-01
2026-07-27 17:00:17,476 | ERROR | Diagnostic panel export failed (training continues)
Traceback (most recent call last):
  File "d:\Research\NO-2D-Metamaterials\train_from_disk.py", line 2541, in main
    paths = save_random_test_diagnostic_panels(
            ^^^^^^^^^^^^^^^^^^^^^^^^^^^^^^^^^^^
  File "C:\ProgramData\anaconda3\envs\NO_2D_Metamaterials\Lib\site-packages\torch\utils\_contextlib.py", line 116, in decorate_context
    return func(*args, **kwargs)
           ^^^^^^^^^^^^^^^^^^^^^
  File "d:\Research\NO-2D-Metamaterials\diagnostic_panels.py", line 202, in save_random_test_diagnostic_panels
    raise ValueError(f"bad input shape at idx={idx}: {tuple(x.shape)}")
ValueError: bad input shape at idx=2093164: (4, 32, 32)
epoch=6/8 loss=nmae train_nmae=1.969287e-01 val_nmae=2.634724e-01 train_mae=1.881553e-03 val_mae=2.286479e-03 train_mse=3.990465e-05 val_mse=5.261224e-05 lr=1.063e-03 train_sps=1560.8
2026-07-27 17:00:18,949 | INFO | epoch=6/8 loss=nmae train_nmae=1.969287e-01 val_nmae=2.634724e-01 train_mae=1.881553e-03 val_mae=2.286479e-03 train_mse=3.990465e-05 val_mse=5.261224e-05 lr=1.063e-03 train_sps=1560.8
2026-07-27 17:00:18,950 | INFO | epoch=6/8 loss_ch_nmae train=1.185e-02 2.133e-01 2.163e-01 2.749e-01 2.683e-01 val=1.284e-02 2.874e-01 3.072e-01 3.552e-01 3.548e-01
2026-07-27 17:00:18,950 | INFO | epoch=6/8 mae_ch train=7.527e-04 1.964e-03 1.846e-03 2.522e-03 2.324e-03 val=8.022e-04 2.447e-03 2.376e-03 3.008e-03 2.800e-03 mse_ch train=1.216e-05 3.800e-05 3.524e-05 6.144e-05 5.268e-05 val=2.590e-06 5.538e-05 5.260e-05 8.114e-05 7.135e-05
Epoch 6/8 done | loss=nmae train=1.9693e-01 val=2.6347e-01 mae=2.2865e-03 mse=5.2612e-05 lr=1.06e-03
E7/8 B100/36000 batch_loss=1.5666e-01
E7/8 B200/36000 batch_loss=1.3747e-01
E7/8 B300/36000 batch_loss=1.3112e-01
E7/8 B400/36000 batch_loss=2.3402e-01
E7/8 B500/36000 batch_loss=1.4168e-01
E7/8 B600/36000 batch_loss=1.4240e-01
E7/8 B700/36000 batch_loss=1.5594e-01
E7/8 B800/36000 batch_loss=1.4786e-01
E7/8 B900/36000 batch_loss=2.0638e-01
E7/8 B1000/36000 batch_loss=2.2775e-01
E7/8 B1100/36000 batch_loss=1.4231e-01
E7/8 B1200/36000 batch_loss=2.3093e-01
E7/8 B1300/36000 batch_loss=2.3661e-01
E7/8 B1400/36000 batch_loss=1.5536e-01
E7/8 B1500/36000 batch_loss=2.1620e-01
E7/8 B1600/36000 batch_loss=2.3917e-01
E7/8 B1700/36000 batch_loss=2.2247e-01
E7/8 B1800/36000 batch_loss=1.4994e-01
E7/8 B1900/36000 batch_loss=1.6133e-01
E7/8 B2000/36000 batch_loss=1.3250e-01
E7/8 B2100/36000 batch_loss=2.1130e-01
E7/8 B2200/36000 batch_loss=2.1858e-01
E7/8 B2300/36000 batch_loss=2.1944e-01
E7/8 B2400/36000 batch_loss=2.3278e-01
E7/8 B2500/36000 batch_loss=2.2683e-01
E7/8 B2600/36000 batch_loss=2.0809e-01
E7/8 B2700/36000 batch_loss=1.4259e-01
E7/8 B2800/36000 batch_loss=1.6433e-01
E7/8 B2900/36000 batch_loss=2.0916e-01
E7/8 B3000/36000 batch_loss=2.3629e-01
E7/8 B3100/36000 batch_loss=2.2692e-01
E7/8 B3200/36000 batch_loss=2.2954e-01
E7/8 B3300/36000 batch_loss=2.2234e-01
E7/8 B3400/36000 batch_loss=2.2856e-01
E7/8 B3500/36000 batch_loss=2.2822e-01
E7/8 B3600/36000 batch_loss=1.3976e-01
E7/8 B3700/36000 batch_loss=1.7121e-01
E7/8 B3800/36000 batch_loss=1.5131e-01
E7/8 B3900/36000 batch_loss=1.4092e-01
E7/8 B4000/36000 batch_loss=1.5357e-01
E7/8 B4100/36000 batch_loss=1.4826e-01
E7/8 B4200/36000 batch_loss=1.4909e-01
E7/8 B4300/36000 batch_loss=2.2873e-01
E7/8 B4400/36000 batch_loss=2.0503e-01
E7/8 B4500/36000 batch_loss=2.2079e-01
E7/8 B4600/36000 batch_loss=2.2146e-01
E7/8 B4700/36000 batch_loss=2.3859e-01
E7/8 B4800/36000 batch_loss=1.4641e-01
E7/8 B4900/36000 batch_loss=2.2593e-01
E7/8 B5000/36000 batch_loss=1.5085e-01
E7/8 B5100/36000 batch_loss=1.5870e-01
E7/8 B5200/36000 batch_loss=1.3435e-01
E7/8 B5300/36000 batch_loss=1.5102e-01
E7/8 B5400/36000 batch_loss=2.1287e-01
E7/8 B5500/36000 batch_loss=2.2744e-01
E7/8 B5600/36000 batch_loss=2.3087e-01
E7/8 B5700/36000 batch_loss=1.4690e-01
E7/8 B5800/36000 batch_loss=1.6651e-01
E7/8 B5900/36000 batch_loss=2.3541e-01
E7/8 B6000/36000 batch_loss=2.5231e-01
E7/8 B6100/36000 batch_loss=1.4514e-01
E7/8 B6200/36000 batch_loss=1.4455e-01
E7/8 B6300/36000 batch_loss=2.2301e-01
E7/8 B6400/36000 batch_loss=1.4684e-01
E7/8 B6500/36000 batch_loss=2.3223e-01
E7/8 B6600/36000 batch_loss=1.5106e-01
E7/8 B6700/36000 batch_loss=1.5496e-01
E7/8 B6800/36000 batch_loss=1.2739e-01
E7/8 B6900/36000 batch_loss=1.3513e-01
E7/8 B7000/36000 batch_loss=2.2202e-01
E7/8 B7100/36000 batch_loss=2.0428e-01
E7/8 B7200/36000 batch_loss=2.3836e-01
E7/8 B7300/36000 batch_loss=2.1934e-01
E7/8 B7400/36000 batch_loss=2.1015e-01
E7/8 B7500/36000 batch_loss=1.5263e-01
E7/8 B7600/36000 batch_loss=2.2801e-01
E7/8 B7700/36000 batch_loss=2.3758e-01
E7/8 B7800/36000 batch_loss=2.0148e-01
E7/8 B7900/36000 batch_loss=1.3854e-01
E7/8 B8000/36000 batch_loss=2.2405e-01
E7/8 B8100/36000 batch_loss=2.0744e-01
E7/8 B8200/36000 batch_loss=2.3306e-01
E7/8 B8300/36000 batch_loss=2.1880e-01
E7/8 B8400/36000 batch_loss=2.2272e-01
E7/8 B8500/36000 batch_loss=2.1778e-01
E7/8 B8600/36000 batch_loss=1.5013e-01
E7/8 B8700/36000 batch_loss=2.3654e-01
E7/8 B8800/36000 batch_loss=1.3356e-01
E7/8 B8900/36000 batch_loss=2.5017e-01
E7/8 B9000/36000 batch_loss=1.5376e-01
E7/8 B9100/36000 batch_loss=2.5599e-01
E7/8 B9200/36000 batch_loss=1.6286e-01
E7/8 B9300/36000 batch_loss=1.4859e-01
E7/8 B9400/36000 batch_loss=1.4329e-01
E7/8 B9500/36000 batch_loss=1.5481e-01
E7/8 B9600/36000 batch_loss=1.3795e-01
E7/8 B9700/36000 batch_loss=1.3805e-01
E7/8 B9800/36000 batch_loss=2.1920e-01
E7/8 B9900/36000 batch_loss=2.1138e-01
E7/8 B10000/36000 batch_loss=1.2778e-01
E7/8 B10100/36000 batch_loss=1.5721e-01
E7/8 B10200/36000 batch_loss=2.1743e-01
E7/8 B10300/36000 batch_loss=2.0331e-01
E7/8 B10400/36000 batch_loss=1.5859e-01
E7/8 B10500/36000 batch_loss=1.4738e-01
E7/8 B10600/36000 batch_loss=2.4532e-01
E7/8 B10700/36000 batch_loss=1.4888e-01
E7/8 B10800/36000 batch_loss=2.2223e-01
E7/8 B10900/36000 batch_loss=1.4690e-01
E7/8 B11000/36000 batch_loss=2.2251e-01
E7/8 B11100/36000 batch_loss=2.3847e-01
E7/8 B11200/36000 batch_loss=1.2257e-01
E7/8 B11300/36000 batch_loss=2.1258e-01
E7/8 B11400/36000 batch_loss=2.2280e-01
E7/8 B11500/36000 batch_loss=1.4677e-01
E7/8 B11600/36000 batch_loss=1.6223e-01
E7/8 B11700/36000 batch_loss=2.1997e-01
E7/8 B11800/36000 batch_loss=2.2003e-01
E7/8 B11900/36000 batch_loss=2.0742e-01
E7/8 B12000/36000 batch_loss=1.5855e-01
E7/8 B12100/36000 batch_loss=1.6490e-01
E7/8 B12200/36000 batch_loss=1.5144e-01
E7/8 B12300/36000 batch_loss=1.6150e-01
E7/8 B12400/36000 batch_loss=2.1935e-01
E7/8 B12500/36000 batch_loss=1.5829e-01
E7/8 B12600/36000 batch_loss=2.3517e-01
E7/8 B12700/36000 batch_loss=1.5524e-01
E7/8 B12800/36000 batch_loss=2.1843e-01
E7/8 B12900/36000 batch_loss=1.4476e-01
E7/8 B13000/36000 batch_loss=2.3913e-01
E7/8 B13100/36000 batch_loss=1.4427e-01
E7/8 B13200/36000 batch_loss=2.4991e-01
E7/8 B13300/36000 batch_loss=1.2579e-01
E7/8 B13400/36000 batch_loss=1.5622e-01
E7/8 B13500/36000 batch_loss=1.5984e-01
E7/8 B13600/36000 batch_loss=1.6083e-01
E7/8 B13700/36000 batch_loss=2.2402e-01
E7/8 B13800/36000 batch_loss=2.1311e-01
E7/8 B13900/36000 batch_loss=1.7662e-01
E7/8 B14000/36000 batch_loss=1.7017e-01
E7/8 B14100/36000 batch_loss=1.3802e-01
E7/8 B14200/36000 batch_loss=2.3147e-01
E7/8 B14300/36000 batch_loss=2.2363e-01
E7/8 B14400/36000 batch_loss=1.3818e-01
E7/8 B14500/36000 batch_loss=2.2515e-01
E7/8 B14600/36000 batch_loss=2.1785e-01
E7/8 B14700/36000 batch_loss=1.4897e-01
E7/8 B14800/36000 batch_loss=2.2904e-01
E7/8 B14900/36000 batch_loss=2.6856e-01
E7/8 B15000/36000 batch_loss=2.3158e-01
E7/8 B15100/36000 batch_loss=2.3451e-01
E7/8 B15200/36000 batch_loss=1.4527e-01
E7/8 B15300/36000 batch_loss=1.5049e-01
E7/8 B15400/36000 batch_loss=2.2456e-01
E7/8 B15500/36000 batch_loss=1.6617e-01
E7/8 B15600/36000 batch_loss=2.2506e-01
E7/8 B15700/36000 batch_loss=1.5200e-01
E7/8 B15800/36000 batch_loss=2.3892e-01
E7/8 B15900/36000 batch_loss=1.4587e-01
E7/8 B16000/36000 batch_loss=2.2584e-01
E7/8 B16100/36000 batch_loss=1.4414e-01
E7/8 B16200/36000 batch_loss=2.1410e-01
E7/8 B16300/36000 batch_loss=2.1939e-01
E7/8 B16400/36000 batch_loss=1.6728e-01
E7/8 B16500/36000 batch_loss=2.2695e-01
E7/8 B16600/36000 batch_loss=1.4394e-01
E7/8 B16700/36000 batch_loss=2.3476e-01
E7/8 B16800/36000 batch_loss=2.1189e-01
E7/8 B16900/36000 batch_loss=1.5537e-01
E7/8 B17000/36000 batch_loss=2.3040e-01
E7/8 B17100/36000 batch_loss=2.4776e-01
E7/8 B17200/36000 batch_loss=1.5602e-01
E7/8 B17300/36000 batch_loss=2.2380e-01
E7/8 B17400/36000 batch_loss=1.5230e-01
E7/8 B17500/36000 batch_loss=2.2189e-01
E7/8 B17600/36000 batch_loss=1.6207e-01
E7/8 B17700/36000 batch_loss=2.2910e-01
E7/8 B17800/36000 batch_loss=1.4107e-01
E7/8 B17900/36000 batch_loss=1.4906e-01
E7/8 B18000/36000 batch_loss=1.7543e-01
E7/8 B18100/36000 batch_loss=1.6170e-01
E7/8 B18200/36000 batch_loss=2.4171e-01
E7/8 B18300/36000 batch_loss=1.7018e-01
E7/8 B18400/36000 batch_loss=2.3009e-01
E7/8 B18500/36000 batch_loss=1.5238e-01
E7/8 B18600/36000 batch_loss=2.1393e-01
E7/8 B18700/36000 batch_loss=2.1107e-01
E7/8 B18800/36000 batch_loss=1.2505e-01
E7/8 B18900/36000 batch_loss=2.2006e-01
E7/8 B19000/36000 batch_loss=2.2257e-01
E7/8 B19100/36000 batch_loss=2.2202e-01
E7/8 B19200/36000 batch_loss=2.0719e-01
E7/8 B19300/36000 batch_loss=1.7849e-01
E7/8 B19400/36000 batch_loss=1.4474e-01
E7/8 B19500/36000 batch_loss=2.5155e-01
E7/8 B19600/36000 batch_loss=1.5277e-01
E7/8 B19700/36000 batch_loss=1.5201e-01
E7/8 B19800/36000 batch_loss=2.3657e-01
E7/8 B19900/36000 batch_loss=1.5287e-01
E7/8 B20000/36000 batch_loss=2.1966e-01
E7/8 B20100/36000 batch_loss=2.4038e-01
E7/8 B20200/36000 batch_loss=1.5681e-01
E7/8 B20300/36000 batch_loss=2.2498e-01
E7/8 B20400/36000 batch_loss=2.3685e-01
E7/8 B20500/36000 batch_loss=2.3064e-01
E7/8 B20600/36000 batch_loss=2.4443e-01
E7/8 B20700/36000 batch_loss=1.5285e-01
E7/8 B20800/36000 batch_loss=1.5176e-01
E7/8 B20900/36000 batch_loss=2.2317e-01
E7/8 B21000/36000 batch_loss=2.1917e-01
E7/8 B21100/36000 batch_loss=2.0458e-01
E7/8 B21200/36000 batch_loss=1.3293e-01
E7/8 B21300/36000 batch_loss=2.3283e-01
E7/8 B21400/36000 batch_loss=2.4343e-01
E7/8 B21500/36000 batch_loss=2.3708e-01
E7/8 B21600/36000 batch_loss=2.4694e-01
E7/8 B21700/36000 batch_loss=1.6494e-01
E7/8 B21800/36000 batch_loss=2.3652e-01
E7/8 B21900/36000 batch_loss=2.2148e-01
E7/8 B22000/36000 batch_loss=2.1620e-01
E7/8 B22100/36000 batch_loss=2.4178e-01
E7/8 B22200/36000 batch_loss=2.1495e-01
E7/8 B22300/36000 batch_loss=2.1209e-01
E7/8 B22400/36000 batch_loss=2.1945e-01
E7/8 B22500/36000 batch_loss=1.6180e-01
E7/8 B22600/36000 batch_loss=2.3203e-01
E7/8 B22700/36000 batch_loss=1.5320e-01
E7/8 B22800/36000 batch_loss=2.2704e-01
E7/8 B22900/36000 batch_loss=2.3325e-01
E7/8 B23000/36000 batch_loss=2.2962e-01
E7/8 B23100/36000 batch_loss=1.5580e-01
E7/8 B23200/36000 batch_loss=2.3846e-01
E7/8 B23300/36000 batch_loss=1.4942e-01
E7/8 B23400/36000 batch_loss=2.1426e-01
E7/8 B23500/36000 batch_loss=1.5653e-01
E7/8 B23600/36000 batch_loss=2.1822e-01
E7/8 B23700/36000 batch_loss=2.2508e-01
E7/8 B23800/36000 batch_loss=2.2007e-01
E7/8 B23900/36000 batch_loss=1.3453e-01
E7/8 B24000/36000 batch_loss=1.3890e-01
E7/8 B24100/36000 batch_loss=1.4968e-01
E7/8 B24200/36000 batch_loss=2.1660e-01
E7/8 B24300/36000 batch_loss=1.6097e-01
E7/8 B24400/36000 batch_loss=2.3012e-01
E7/8 B24500/36000 batch_loss=1.3549e-01
E7/8 B24600/36000 batch_loss=2.3263e-01
E7/8 B24700/36000 batch_loss=1.6832e-01
E7/8 B24800/36000 batch_loss=2.1094e-01
E7/8 B24900/36000 batch_loss=1.3945e-01
E7/8 B25000/36000 batch_loss=1.5046e-01
E7/8 B25100/36000 batch_loss=2.4189e-01
E7/8 B25200/36000 batch_loss=2.3195e-01
E7/8 B25300/36000 batch_loss=1.3449e-01
E7/8 B25400/36000 batch_loss=1.4855e-01
E7/8 B25500/36000 batch_loss=1.6477e-01
E7/8 B25600/36000 batch_loss=1.4612e-01
E7/8 B25700/36000 batch_loss=1.4146e-01
E7/8 B25800/36000 batch_loss=1.7606e-01
E7/8 B25900/36000 batch_loss=1.4660e-01
E7/8 B26000/36000 batch_loss=1.6102e-01
E7/8 B26100/36000 batch_loss=2.2851e-01
E7/8 B26200/36000 batch_loss=2.2470e-01
E7/8 B26300/36000 batch_loss=1.6908e-01
E7/8 B26400/36000 batch_loss=2.4290e-01
E7/8 B26500/36000 batch_loss=2.1866e-01
E7/8 B26600/36000 batch_loss=2.2854e-01
E7/8 B26700/36000 batch_loss=1.3525e-01
E7/8 B26800/36000 batch_loss=2.4838e-01
E7/8 B26900/36000 batch_loss=2.1434e-01
E7/8 B27000/36000 batch_loss=1.3568e-01
E7/8 B27100/36000 batch_loss=1.5473e-01
E7/8 B27200/36000 batch_loss=1.4727e-01
E7/8 B27300/36000 batch_loss=1.5227e-01
E7/8 B27400/36000 batch_loss=2.1799e-01
E7/8 B27500/36000 batch_loss=2.2331e-01
E7/8 B27600/36000 batch_loss=2.1266e-01
E7/8 B27700/36000 batch_loss=1.6070e-01
E7/8 B27800/36000 batch_loss=2.1663e-01
E7/8 B27900/36000 batch_loss=1.4782e-01
E7/8 B28000/36000 batch_loss=1.4628e-01
E7/8 B28100/36000 batch_loss=1.6130e-01
E7/8 B28200/36000 batch_loss=2.0636e-01
E7/8 B28300/36000 batch_loss=2.2998e-01
E7/8 B28400/36000 batch_loss=1.5018e-01
E7/8 B28500/36000 batch_loss=1.4889e-01
E7/8 B28600/36000 batch_loss=2.1505e-01
E7/8 B28700/36000 batch_loss=1.6087e-01
E7/8 B28800/36000 batch_loss=1.6986e-01
E7/8 B28900/36000 batch_loss=1.4123e-01
E7/8 B29000/36000 batch_loss=2.2286e-01
E7/8 B29100/36000 batch_loss=1.6036e-01
E7/8 B29200/36000 batch_loss=2.3672e-01
E7/8 B29300/36000 batch_loss=2.5562e-01
E7/8 B29400/36000 batch_loss=2.2607e-01
E7/8 B29500/36000 batch_loss=1.4994e-01
E7/8 B29600/36000 batch_loss=2.5669e-01
E7/8 B29700/36000 batch_loss=2.2454e-01
E7/8 B29800/36000 batch_loss=1.5219e-01
E7/8 B29900/36000 batch_loss=2.2691e-01
E7/8 B30000/36000 batch_loss=1.4956e-01
E7/8 B30100/36000 batch_loss=2.2009e-01
E7/8 B30200/36000 batch_loss=1.5226e-01
E7/8 B30300/36000 batch_loss=2.4021e-01
E7/8 B30400/36000 batch_loss=1.4985e-01
E7/8 B30500/36000 batch_loss=2.3568e-01
E7/8 B30600/36000 batch_loss=1.4932e-01
E7/8 B30700/36000 batch_loss=2.2406e-01
E7/8 B30800/36000 batch_loss=1.6587e-01
E7/8 B30900/36000 batch_loss=2.4113e-01
E7/8 B31000/36000 batch_loss=1.4403e-01
E7/8 B31100/36000 batch_loss=1.3973e-01
E7/8 B31200/36000 batch_loss=2.4861e-01
E7/8 B31300/36000 batch_loss=2.3988e-01
E7/8 B31400/36000 batch_loss=2.3652e-01
E7/8 B31500/36000 batch_loss=1.7105e-01
E7/8 B31600/36000 batch_loss=1.7043e-01
E7/8 B31700/36000 batch_loss=2.2543e-01
E7/8 B31800/36000 batch_loss=2.4990e-01
E7/8 B31900/36000 batch_loss=2.0413e-01
E7/8 B32000/36000 batch_loss=1.7282e-01
E7/8 B32100/36000 batch_loss=1.4180e-01
E7/8 B32200/36000 batch_loss=2.2484e-01
E7/8 B32300/36000 batch_loss=2.2860e-01
E7/8 B32400/36000 batch_loss=2.1259e-01
E7/8 B32500/36000 batch_loss=1.4703e-01
E7/8 B32600/36000 batch_loss=2.2840e-01
E7/8 B32700/36000 batch_loss=1.5977e-01
E7/8 B32800/36000 batch_loss=2.1273e-01
E7/8 B32900/36000 batch_loss=1.5544e-01
E7/8 B33000/36000 batch_loss=1.5300e-01
E7/8 B33100/36000 batch_loss=1.6419e-01
E7/8 B33200/36000 batch_loss=2.3056e-01
E7/8 B33300/36000 batch_loss=2.1319e-01
E7/8 B33400/36000 batch_loss=1.5894e-01
E7/8 B33500/36000 batch_loss=2.2807e-01
E7/8 B33600/36000 batch_loss=2.1785e-01
E7/8 B33700/36000 batch_loss=2.0898e-01
E7/8 B33800/36000 batch_loss=2.2438e-01
E7/8 B33900/36000 batch_loss=2.4389e-01
E7/8 B34000/36000 batch_loss=1.5004e-01
E7/8 B34100/36000 batch_loss=1.4375e-01
E7/8 B34200/36000 batch_loss=1.5542e-01
E7/8 B34300/36000 batch_loss=1.4479e-01
E7/8 B34400/36000 batch_loss=2.2468e-01
E7/8 B34500/36000 batch_loss=1.5199e-01
E7/8 B34600/36000 batch_loss=1.7772e-01
E7/8 B34700/36000 batch_loss=2.4624e-01
E7/8 B34800/36000 batch_loss=1.6242e-01
E7/8 B34900/36000 batch_loss=2.2785e-01
E7/8 B35000/36000 batch_loss=1.3383e-01
E7/8 B35100/36000 batch_loss=1.5443e-01
E7/8 B35200/36000 batch_loss=1.3723e-01
E7/8 B35300/36000 batch_loss=2.2722e-01
E7/8 B35400/36000 batch_loss=2.0700e-01
E7/8 B35500/36000 batch_loss=1.4380e-01
E7/8 B35600/36000 batch_loss=1.4543e-01
E7/8 B35700/36000 batch_loss=2.0148e-01
E7/8 B35800/36000 batch_loss=2.3164e-01
E7/8 B35900/36000 batch_loss=2.4564e-01
E7/8 B36000/36000 batch_loss=2.1321e-01
2026-07-27 20:35:40,395 | ERROR | Diagnostic panel export failed (training continues)
Traceback (most recent call last):
  File "d:\Research\NO-2D-Metamaterials\train_from_disk.py", line 2541, in main
    paths = save_random_test_diagnostic_panels(
            ^^^^^^^^^^^^^^^^^^^^^^^^^^^^^^^^^^^
  File "C:\ProgramData\anaconda3\envs\NO_2D_Metamaterials\Lib\site-packages\torch\utils\_contextlib.py", line 116, in decorate_context
    return func(*args, **kwargs)
           ^^^^^^^^^^^^^^^^^^^^^
  File "d:\Research\NO-2D-Metamaterials\diagnostic_panels.py", line 202, in save_random_test_diagnostic_panels
    raise ValueError(f"bad input shape at idx={idx}: {tuple(x.shape)}")
ValueError: bad input shape at idx=3246622: (4, 32, 32)
epoch=7/8 loss=nmae train_nmae=1.887728e-01 val_nmae=2.595445e-01 train_mae=1.800071e-03 val_mae=2.251142e-03 train_mse=3.797947e-05 val_mse=5.256484e-05 lr=9.566e-04 train_sps=1552.4
2026-07-27 20:35:41,847 | INFO | epoch=7/8 loss=nmae train_nmae=1.887728e-01 val_nmae=2.595445e-01 train_mae=1.800071e-03 val_mae=2.251142e-03 train_mse=3.797947e-05 val_mse=5.256484e-05 lr=9.566e-04 train_sps=1552.4
2026-07-27 20:35:41,847 | INFO | epoch=7/8 loss_ch_nmae train=1.103e-02 2.040e-01 2.064e-01 2.646e-01 2.578e-01 val=1.260e-02 2.823e-01 2.945e-01 3.546e-01 3.537e-01
2026-07-27 20:35:41,847 | INFO | epoch=7/8 mae_ch train=7.006e-04 1.878e-03 1.761e-03 2.427e-03 2.233e-03 val=7.689e-04 2.408e-03 2.289e-03 2.999e-03 2.791e-03 mse_ch train=1.200e-05 3.583e-05 3.309e-05 5.875e-05 5.023e-05 val=2.758e-06 5.523e-05 5.256e-05 8.111e-05 7.117e-05
Epoch 7/8 done | loss=nmae train=1.8877e-01 val=2.5954e-01 mae=2.2511e-03 mse=5.2565e-05 lr=9.57e-04
E8/8 B100/36000 batch_loss=1.4609e-01
E8/8 B200/36000 batch_loss=2.1318e-01
E8/8 B300/36000 batch_loss=2.0337e-01
E8/8 B400/36000 batch_loss=2.0940e-01
E8/8 B500/36000 batch_loss=2.3152e-01
E8/8 B600/36000 batch_loss=2.0629e-01
E8/8 B700/36000 batch_loss=1.1209e-01
E8/8 B800/36000 batch_loss=2.1908e-01
E8/8 B900/36000 batch_loss=2.3142e-01
E8/8 B1000/36000 batch_loss=1.3834e-01
E8/8 B1100/36000 batch_loss=2.2947e-01
E8/8 B1200/36000 batch_loss=2.1111e-01
E8/8 B1300/36000 batch_loss=2.0842e-01
E8/8 B1400/36000 batch_loss=2.1536e-01
E8/8 B1500/36000 batch_loss=1.5644e-01
E8/8 B1600/36000 batch_loss=2.0229e-01
E8/8 B1700/36000 batch_loss=1.9787e-01
E8/8 B1800/36000 batch_loss=2.3350e-01
E8/8 B1900/36000 batch_loss=2.2779e-01
E8/8 B2000/36000 batch_loss=1.4961e-01
E8/8 B2100/36000 batch_loss=2.4290e-01
E8/8 B2200/36000 batch_loss=1.3342e-01
E8/8 B2300/36000 batch_loss=2.2033e-01
E8/8 B2400/36000 batch_loss=2.1858e-01
E8/8 B2500/36000 batch_loss=1.3959e-01
E8/8 B2600/36000 batch_loss=2.2588e-01
E8/8 B2700/36000 batch_loss=2.0436e-01
E8/8 B2800/36000 batch_loss=2.2017e-01
E8/8 B2900/36000 batch_loss=1.4567e-01
E8/8 B3000/36000 batch_loss=1.6120e-01
E8/8 B3100/36000 batch_loss=1.9587e-01
E8/8 B3200/36000 batch_loss=2.2877e-01
E8/8 B3300/36000 batch_loss=1.4576e-01
E8/8 B3400/36000 batch_loss=2.1367e-01
E8/8 B3500/36000 batch_loss=2.1165e-01
E8/8 B3600/36000 batch_loss=2.1971e-01
E8/8 B3700/36000 batch_loss=1.4021e-01
E8/8 B3800/36000 batch_loss=2.2460e-01
E8/8 B3900/36000 batch_loss=2.0897e-01
E8/8 B4000/36000 batch_loss=2.1691e-01
E8/8 B4100/36000 batch_loss=1.3974e-01
E8/8 B4200/36000 batch_loss=2.1923e-01
E8/8 B4300/36000 batch_loss=1.4092e-01
E8/8 B4400/36000 batch_loss=2.0487e-01
E8/8 B4500/36000 batch_loss=2.1543e-01
E8/8 B4600/36000 batch_loss=2.4250e-01
E8/8 B4700/36000 batch_loss=2.3810e-01
E8/8 B4800/36000 batch_loss=1.4696e-01
E8/8 B4900/36000 batch_loss=2.2798e-01
E8/8 B5000/36000 batch_loss=2.3209e-01
E8/8 B5100/36000 batch_loss=2.1571e-01
E8/8 B5200/36000 batch_loss=1.2852e-01
E8/8 B5300/36000 batch_loss=1.3659e-01
E8/8 B5400/36000 batch_loss=1.9707e-01
E8/8 B5500/36000 batch_loss=2.1255e-01
E8/8 B5600/36000 batch_loss=2.2038e-01
E8/8 B5700/36000 batch_loss=1.5669e-01
E8/8 B5800/36000 batch_loss=1.2781e-01
E8/8 B5900/36000 batch_loss=1.4178e-01
E8/8 B6000/36000 batch_loss=2.3806e-01
E8/8 B6100/36000 batch_loss=1.9846e-01
E8/8 B6200/36000 batch_loss=1.4227e-01
E8/8 B6300/36000 batch_loss=2.2007e-01
E8/8 B6400/36000 batch_loss=1.8776e-01
E8/8 B6500/36000 batch_loss=2.2639e-01
E8/8 B6600/36000 batch_loss=1.9568e-01
E8/8 B6700/36000 batch_loss=1.3524e-01
E8/8 B6800/36000 batch_loss=1.9852e-01
E8/8 B6900/36000 batch_loss=1.3011e-01
E8/8 B7000/36000 batch_loss=1.4240e-01
E8/8 B7100/36000 batch_loss=1.6860e-01
E8/8 B7200/36000 batch_loss=2.2525e-01
E8/8 B7300/36000 batch_loss=1.5993e-01
E8/8 B7400/36000 batch_loss=1.2847e-01
E8/8 B7500/36000 batch_loss=2.1288e-01
E8/8 B7600/36000 batch_loss=1.4008e-01
E8/8 B7700/36000 batch_loss=2.1113e-01
E8/8 B7800/36000 batch_loss=2.0546e-01
E8/8 B7900/36000 batch_loss=2.1480e-01
E8/8 B8000/36000 batch_loss=2.4171e-01
E8/8 B8100/36000 batch_loss=1.5204e-01
E8/8 B8200/36000 batch_loss=2.1267e-01
E8/8 B8300/36000 batch_loss=1.4348e-01
E8/8 B8400/36000 batch_loss=2.3548e-01
E8/8 B8500/36000 batch_loss=2.1380e-01
E8/8 B8600/36000 batch_loss=2.2810e-01
E8/8 B8700/36000 batch_loss=1.3570e-01
E8/8 B8800/36000 batch_loss=1.3732e-01
E8/8 B8900/36000 batch_loss=1.3702e-01
E8/8 B9000/36000 batch_loss=2.1034e-01
E8/8 B9100/36000 batch_loss=1.1983e-01
E8/8 B9200/36000 batch_loss=1.5105e-01
E8/8 B9300/36000 batch_loss=2.2950e-01
E8/8 B9400/36000 batch_loss=2.2476e-01
E8/8 B9500/36000 batch_loss=2.0448e-01
E8/8 B9600/36000 batch_loss=1.3439e-01
E8/8 B9700/36000 batch_loss=2.2455e-01
E8/8 B9800/36000 batch_loss=1.9980e-01
E8/8 B9900/36000 batch_loss=2.2550e-01
E8/8 B10000/36000 batch_loss=2.1299e-01
E8/8 B10100/36000 batch_loss=2.1285e-01
E8/8 B10200/36000 batch_loss=1.3045e-01
E8/8 B10300/36000 batch_loss=2.2441e-01
E8/8 B10400/36000 batch_loss=1.3621e-01
E8/8 B10500/36000 batch_loss=2.3859e-01
E8/8 B10600/36000 batch_loss=2.0562e-01
E8/8 B10700/36000 batch_loss=1.6117e-01
E8/8 B10800/36000 batch_loss=2.2227e-01
E8/8 B10900/36000 batch_loss=1.3938e-01
E8/8 B11000/36000 batch_loss=2.0945e-01
E8/8 B11100/36000 batch_loss=2.1752e-01
E8/8 B11200/36000 batch_loss=2.2940e-01
E8/8 B11300/36000 batch_loss=1.4579e-01
E8/8 B11400/36000 batch_loss=1.5942e-01
E8/8 B11500/36000 batch_loss=1.5468e-01
E8/8 B11600/36000 batch_loss=2.2786e-01
E8/8 B11700/36000 batch_loss=2.1354e-01
E8/8 B11800/36000 batch_loss=1.5967e-01
E8/8 B11900/36000 batch_loss=2.1983e-01
E8/8 B12000/36000 batch_loss=1.4367e-01
E8/8 B12100/36000 batch_loss=1.9871e-01
E8/8 B12200/36000 batch_loss=2.1486e-01
E8/8 B12300/36000 batch_loss=2.4031e-01
E8/8 B12400/36000 batch_loss=1.5249e-01
E8/8 B12500/36000 batch_loss=2.3499e-01
E8/8 B12600/36000 batch_loss=1.3878e-01
E8/8 B12700/36000 batch_loss=1.9572e-01
E8/8 B12800/36000 batch_loss=1.5399e-01
E8/8 B12900/36000 batch_loss=1.3597e-01
E8/8 B13000/36000 batch_loss=1.2996e-01
E8/8 B13100/36000 batch_loss=1.9814e-01
E8/8 B13200/36000 batch_loss=2.2872e-01
E8/8 B13300/36000 batch_loss=1.9980e-01
E8/8 B13400/36000 batch_loss=2.1144e-01
E8/8 B13500/36000 batch_loss=1.4814e-01
E8/8 B13600/36000 batch_loss=2.3014e-01
E8/8 B13700/36000 batch_loss=1.4266e-01
E8/8 B13800/36000 batch_loss=1.5725e-01
E8/8 B13900/36000 batch_loss=2.1145e-01
E8/8 B14000/36000 batch_loss=2.1881e-01
E8/8 B14100/36000 batch_loss=1.5282e-01
E8/8 B14200/36000 batch_loss=1.5003e-01
E8/8 B14300/36000 batch_loss=1.4642e-01
E8/8 B14400/36000 batch_loss=1.3260e-01
E8/8 B14500/36000 batch_loss=1.4081e-01
E8/8 B14600/36000 batch_loss=2.2660e-01
E8/8 B14700/36000 batch_loss=1.5087e-01
E8/8 B14800/36000 batch_loss=2.2497e-01
E8/8 B14900/36000 batch_loss=1.5105e-01
E8/8 B15000/36000 batch_loss=2.4112e-01
E8/8 B15100/36000 batch_loss=2.2288e-01
E8/8 B15200/36000 batch_loss=2.1263e-01
E8/8 B15300/36000 batch_loss=1.9866e-01
E8/8 B15400/36000 batch_loss=2.1398e-01
E8/8 B15500/36000 batch_loss=2.1980e-01
E8/8 B15600/36000 batch_loss=2.0797e-01
E8/8 B15700/36000 batch_loss=2.4432e-01
E8/8 B15800/36000 batch_loss=2.1615e-01
E8/8 B15900/36000 batch_loss=2.1465e-01
E8/8 B16000/36000 batch_loss=1.3681e-01
E8/8 B16100/36000 batch_loss=1.4681e-01
E8/8 B16200/36000 batch_loss=1.3922e-01
E8/8 B16300/36000 batch_loss=2.1453e-01
E8/8 B16400/36000 batch_loss=2.1352e-01
E8/8 B16500/36000 batch_loss=2.1019e-01
E8/8 B16600/36000 batch_loss=2.4965e-01
E8/8 B16700/36000 batch_loss=1.5127e-01
E8/8 B16800/36000 batch_loss=2.0130e-01
E8/8 B16900/36000 batch_loss=1.5644e-01
E8/8 B17000/36000 batch_loss=1.9998e-01
E8/8 B17100/36000 batch_loss=1.5561e-01
E8/8 B17200/36000 batch_loss=1.3966e-01
E8/8 B17300/36000 batch_loss=1.4166e-01
E8/8 B17400/36000 batch_loss=2.2180e-01
E8/8 B17500/36000 batch_loss=2.5526e-01
E8/8 B17600/36000 batch_loss=1.2550e-01
E8/8 B17700/36000 batch_loss=1.5306e-01
E8/8 B17800/36000 batch_loss=1.5295e-01
E8/8 B17900/36000 batch_loss=2.2932e-01
E8/8 B18000/36000 batch_loss=2.0725e-01
E8/8 B18100/36000 batch_loss=2.3015e-01
E8/8 B18200/36000 batch_loss=2.1709e-01
E8/8 B18300/36000 batch_loss=1.3634e-01
E8/8 B18400/36000 batch_loss=1.5226e-01
E8/8 B18500/36000 batch_loss=1.4627e-01
E8/8 B18600/36000 batch_loss=2.2355e-01
E8/8 B18700/36000 batch_loss=1.9343e-01
E8/8 B18800/36000 batch_loss=1.4713e-01
E8/8 B18900/36000 batch_loss=1.5754e-01
E8/8 B19000/36000 batch_loss=1.4743e-01
E8/8 B19100/36000 batch_loss=2.5325e-01
E8/8 B19200/36000 batch_loss=2.2305e-01
E8/8 B19300/36000 batch_loss=2.3736e-01
E8/8 B19400/36000 batch_loss=1.4862e-01
E8/8 B19500/36000 batch_loss=2.0865e-01
E8/8 B19600/36000 batch_loss=1.5689e-01
E8/8 B19700/36000 batch_loss=2.2250e-01
E8/8 B19800/36000 batch_loss=1.4493e-01
E8/8 B19900/36000 batch_loss=1.6559e-01
E8/8 B20000/36000 batch_loss=1.4027e-01
E8/8 B20100/36000 batch_loss=2.1063e-01
E8/8 B20200/36000 batch_loss=1.4664e-01
E8/8 B20300/36000 batch_loss=2.1932e-01
E8/8 B20400/36000 batch_loss=1.4976e-01
E8/8 B20500/36000 batch_loss=1.4779e-01
E8/8 B20600/36000 batch_loss=1.4889e-01
E8/8 B20700/36000 batch_loss=2.0980e-01
E8/8 B20800/36000 batch_loss=2.4160e-01
E8/8 B20900/36000 batch_loss=1.4769e-01
E8/8 B21000/36000 batch_loss=1.5869e-01
E8/8 B21100/36000 batch_loss=1.3437e-01
E8/8 B21200/36000 batch_loss=1.5375e-01
E8/8 B21300/36000 batch_loss=1.3963e-01
E8/8 B21400/36000 batch_loss=1.3777e-01
E8/8 B21500/36000 batch_loss=2.2996e-01
E8/8 B21600/36000 batch_loss=1.4620e-01
E8/8 B21700/36000 batch_loss=1.2161e-01
E8/8 B21800/36000 batch_loss=1.4601e-01
E8/8 B21900/36000 batch_loss=2.3067e-01
E8/8 B22000/36000 batch_loss=1.4962e-01
E8/8 B22100/36000 batch_loss=1.2851e-01
E8/8 B22200/36000 batch_loss=2.2190e-01
E8/8 B22300/36000 batch_loss=1.3929e-01
E8/8 B22400/36000 batch_loss=2.2475e-01
E8/8 B22500/36000 batch_loss=1.4620e-01
E8/8 B22600/36000 batch_loss=2.1081e-01
E8/8 B22700/36000 batch_loss=2.2831e-01
E8/8 B22800/36000 batch_loss=1.3310e-01
E8/8 B22900/36000 batch_loss=1.5146e-01
E8/8 B23000/36000 batch_loss=2.2174e-01
E8/8 B23100/36000 batch_loss=2.2027e-01
E8/8 B23200/36000 batch_loss=2.0409e-01
E8/8 B23300/36000 batch_loss=2.0918e-01
E8/8 B23400/36000 batch_loss=2.2173e-01
E8/8 B23500/36000 batch_loss=2.4363e-01
E8/8 B23600/36000 batch_loss=2.1980e-01
E8/8 B23700/36000 batch_loss=1.9681e-01
E8/8 B23800/36000 batch_loss=2.4297e-01
E8/8 B23900/36000 batch_loss=2.0572e-01
E8/8 B24000/36000 batch_loss=1.4649e-01
E8/8 B24100/36000 batch_loss=2.1303e-01
E8/8 B24200/36000 batch_loss=2.2693e-01
E8/8 B24300/36000 batch_loss=1.4442e-01
E8/8 B24400/36000 batch_loss=2.1132e-01
E8/8 B24500/36000 batch_loss=2.2126e-01
E8/8 B24600/36000 batch_loss=2.2207e-01
E8/8 B24700/36000 batch_loss=2.3516e-01
E8/8 B24800/36000 batch_loss=2.0805e-01
E8/8 B24900/36000 batch_loss=2.1617e-01
E8/8 B25000/36000 batch_loss=2.1991e-01
E8/8 B25100/36000 batch_loss=1.6073e-01
E8/8 B25200/36000 batch_loss=1.5691e-01
E8/8 B25300/36000 batch_loss=2.1561e-01
E8/8 B25400/36000 batch_loss=2.0865e-01
E8/8 B25500/36000 batch_loss=2.1145e-01
E8/8 B25600/36000 batch_loss=2.0739e-01
E8/8 B25700/36000 batch_loss=1.3855e-01
E8/8 B25800/36000 batch_loss=2.1373e-01
E8/8 B25900/36000 batch_loss=1.4567e-01
E8/8 B26000/36000 batch_loss=1.3601e-01
E8/8 B26100/36000 batch_loss=1.4183e-01
E8/8 B26200/36000 batch_loss=2.2980e-01
E8/8 B26300/36000 batch_loss=1.9479e-01
E8/8 B26400/36000 batch_loss=1.4296e-01
E8/8 B26500/36000 batch_loss=1.4011e-01
E8/8 B26600/36000 batch_loss=1.5012e-01
E8/8 B26700/36000 batch_loss=2.3378e-01
E8/8 B26800/36000 batch_loss=2.2260e-01
E8/8 B26900/36000 batch_loss=2.1180e-01
E8/8 B27000/36000 batch_loss=1.2917e-01
E8/8 B27100/36000 batch_loss=2.1786e-01
E8/8 B27200/36000 batch_loss=2.2725e-01
E8/8 B27300/36000 batch_loss=2.2119e-01
E8/8 B27400/36000 batch_loss=2.2349e-01
E8/8 B27500/36000 batch_loss=1.9652e-01
E8/8 B27600/36000 batch_loss=2.1367e-01
E8/8 B27700/36000 batch_loss=1.5063e-01
E8/8 B27800/36000 batch_loss=2.2302e-01
E8/8 B27900/36000 batch_loss=1.6322e-01
E8/8 B28000/36000 batch_loss=2.1902e-01
E8/8 B28100/36000 batch_loss=2.1246e-01
E8/8 B28200/36000 batch_loss=2.1898e-01
E8/8 B28300/36000 batch_loss=1.4082e-01
E8/8 B28400/36000 batch_loss=2.0712e-01
E8/8 B28500/36000 batch_loss=2.2913e-01
E8/8 B28600/36000 batch_loss=1.5798e-01
E8/8 B28700/36000 batch_loss=1.4938e-01
E8/8 B28800/36000 batch_loss=1.5350e-01
E8/8 B28900/36000 batch_loss=1.4997e-01
E8/8 B29000/36000 batch_loss=1.4392e-01
E8/8 B29100/36000 batch_loss=1.3996e-01
E8/8 B29200/36000 batch_loss=2.1885e-01
E8/8 B29300/36000 batch_loss=1.4757e-01
E8/8 B29400/36000 batch_loss=2.1250e-01
E8/8 B29500/36000 batch_loss=1.6217e-01
E8/8 B29600/36000 batch_loss=1.4267e-01
E8/8 B29700/36000 batch_loss=1.5988e-01
E8/8 B29800/36000 batch_loss=1.4222e-01
E8/8 B29900/36000 batch_loss=2.4553e-01
E8/8 B30000/36000 batch_loss=1.4433e-01
E8/8 B30100/36000 batch_loss=1.4357e-01
E8/8 B30200/36000 batch_loss=1.4256e-01
E8/8 B30300/36000 batch_loss=1.4834e-01
E8/8 B30400/36000 batch_loss=1.3766e-01
E8/8 B30500/36000 batch_loss=1.4932e-01
E8/8 B30600/36000 batch_loss=1.3928e-01
E8/8 B30700/36000 batch_loss=1.3997e-01
E8/8 B30800/36000 batch_loss=1.4019e-01
E8/8 B30900/36000 batch_loss=2.3647e-01
E8/8 B31000/36000 batch_loss=1.4305e-01
E8/8 B31100/36000 batch_loss=2.1649e-01
E8/8 B31200/36000 batch_loss=1.5380e-01
E8/8 B31300/36000 batch_loss=1.4056e-01
E8/8 B31400/36000 batch_loss=1.2911e-01
E8/8 B31500/36000 batch_loss=2.0755e-01
E8/8 B31600/36000 batch_loss=1.3872e-01
E8/8 B31700/36000 batch_loss=2.0986e-01
E8/8 B31800/36000 batch_loss=1.5099e-01
E8/8 B31900/36000 batch_loss=1.4982e-01
E8/8 B32000/36000 batch_loss=2.2420e-01
E8/8 B32100/36000 batch_loss=1.2858e-01
E8/8 B32200/36000 batch_loss=1.4001e-01
E8/8 B32300/36000 batch_loss=1.5267e-01
E8/8 B32400/36000 batch_loss=2.1736e-01
E8/8 B32500/36000 batch_loss=1.4769e-01
E8/8 B32600/36000 batch_loss=1.4145e-01
E8/8 B32700/36000 batch_loss=1.3576e-01
E8/8 B32800/36000 batch_loss=2.1773e-01
E8/8 B32900/36000 batch_loss=2.2445e-01
E8/8 B33000/36000 batch_loss=2.1182e-01
E8/8 B33100/36000 batch_loss=1.3143e-01
E8/8 B33200/36000 batch_loss=2.1857e-01
E8/8 B33300/36000 batch_loss=2.0213e-01
E8/8 B33400/36000 batch_loss=1.4366e-01
E8/8 B33500/36000 batch_loss=2.4156e-01
E8/8 B33600/36000 batch_loss=1.2159e-01
E8/8 B33700/36000 batch_loss=1.9851e-01
E8/8 B33800/36000 batch_loss=1.5908e-01
E8/8 B33900/36000 batch_loss=2.1083e-01
E8/8 B34000/36000 batch_loss=2.1160e-01
E8/8 B34100/36000 batch_loss=2.1816e-01
E8/8 B34200/36000 batch_loss=2.0109e-01
E8/8 B34300/36000 batch_loss=1.4435e-01
E8/8 B34400/36000 batch_loss=2.3537e-01
E8/8 B34500/36000 batch_loss=1.6008e-01
E8/8 B34600/36000 batch_loss=2.0909e-01
E8/8 B34700/36000 batch_loss=1.8321e-01
E8/8 B34800/36000 batch_loss=1.3675e-01
E8/8 B34900/36000 batch_loss=1.7141e-01
E8/8 B35000/36000 batch_loss=2.1809e-01
E8/8 B35100/36000 batch_loss=2.0923e-01
E8/8 B35200/36000 batch_loss=1.2682e-01
E8/8 B35300/36000 batch_loss=2.2346e-01
E8/8 B35400/36000 batch_loss=1.9654e-01
E8/8 B35500/36000 batch_loss=2.3323e-01
E8/8 B35600/36000 batch_loss=2.1591e-01
E8/8 B35700/36000 batch_loss=2.0694e-01
E8/8 B35800/36000 batch_loss=1.6021e-01
E8/8 B35900/36000 batch_loss=2.0837e-01
E8/8 B36000/36000 batch_loss=1.6465e-01
2026-07-28 00:11:10,625 | ERROR | Diagnostic panel export failed (training continues)
Traceback (most recent call last):
  File "d:\Research\NO-2D-Metamaterials\train_from_disk.py", line 2541, in main
    paths = save_random_test_diagnostic_panels(
            ^^^^^^^^^^^^^^^^^^^^^^^^^^^^^^^^^^^
  File "C:\ProgramData\anaconda3\envs\NO_2D_Metamaterials\Lib\site-packages\torch\utils\_contextlib.py", line 116, in decorate_context
    return func(*args, **kwargs)
           ^^^^^^^^^^^^^^^^^^^^^
  File "d:\Research\NO-2D-Metamaterials\diagnostic_panels.py", line 202, in save_random_test_diagnostic_panels
    raise ValueError(f"bad input shape at idx={idx}: {tuple(x.shape)}")
ValueError: bad input shape at idx=3084757: (4, 32, 32)
epoch=8/8 loss=nmae train_nmae=1.817289e-01 val_nmae=2.580756e-01 train_mae=1.730857e-03 val_mae=2.225692e-03 train_mse=3.629826e-05 val_mse=5.279310e-05 lr=8.609e-04 train_sps=1552.6
2026-07-28 00:11:12,131 | INFO | epoch=8/8 loss=nmae train_nmae=1.817289e-01 val_nmae=2.580756e-01 train_mae=1.730857e-03 val_mae=2.225692e-03 train_mse=3.629826e-05 val_mse=5.279310e-05 lr=8.609e-04 train_sps=1552.6
2026-07-28 00:11:12,131 | INFO | epoch=8/8 loss_ch_nmae train=1.044e-02 1.960e-01 1.982e-01 2.554e-01 2.487e-01 val=1.157e-02 2.813e-01 2.919e-01 3.505e-01 3.551e-01
2026-07-28 00:11:12,132 | INFO | epoch=8/8 mae_ch train=6.625e-04 1.804e-03 1.691e-03 2.343e-03 2.154e-03 val=7.035e-04 2.396e-03 2.268e-03 2.967e-03 2.795e-03 mse_ch train=1.188e-05 3.399e-05 3.131e-05 5.626e-05 4.805e-05 val=2.588e-06 5.522e-05 5.269e-05 8.154e-05 7.193e-05
Epoch 8/8 done | loss=nmae train=1.8173e-01 val=2.5808e-01 mae=2.2257e-03 mse=5.2793e-05 lr=8.61e-04
2026-07-28 00:11:12,420 | INFO | Run complete | run_name=NO_I4O5_BCF16_NMAE_HC128_LR2e-03_WD0e+00_SS1_G9e-01_ch0u_inconst_260725 run_id=NO_I4O5_BCF16_NMAE_HC128_LR2e-03_WD0e+00_SS1_G9e-01_ch0u_inconst_260725 best_val_loss=2.580756e-01
2026-07-28 00:11:12,420 | INFO | Artifacts saved to: D:\Research\NO-2D-Metamaterials\MODELS\training_runs\NO_I4O5_BCF16_NMAE_HC128_LR2e-03_WD0e+00_SS1_G9e-01_ch0u_inconst_260725
Run complete. run_name=NO_I4O5_BCF16_NMAE_HC128_LR2e-03_WD0e+00_SS1_G9e-01_ch0u_inconst_260725 run_id=NO_I4O5_BCF16_NMAE_HC128_LR2e-03_WD0e+00_SS1_G9e-01_ch0u_inconst_260725 best_val_loss=2.580756e-01
Artifacts saved to: D:\Research\NO-2D-Metamaterials\MODELS\training_runs\NO_I4O5_BCF16_NMAE_HC128_LR2e-03_WD0e+00_SS1_G9e-01_ch0u_inconst_260725
