2026-07-15 02:24:09,400 | INFO | Perf backends | tf32=True cudnn_benchmark=True matmul_precision=high amp=bf16
2026-07-15 02:24:20,598 | INFO | L1 weight penalty lambda=1.000000e-08 (added to training loss)
2026-07-15 02:24:20,599 | INFO | NMAE epsilon=1.000000e-05
2026-07-15 02:24:20,599 | INFO | Loss logging: active=nmae; every epoch records train/val nmae, MAE, and MSE
2026-07-15 02:24:21,591 | INFO | Resumed full state from D:\Research\NO-2D-Metamaterials\MODELS\training_runs\NO_I3O5_BCF16_NMAE_HC128_LR2e-03_WD0e+00_L1P1e-08_SS1_G9e-01_ch0u_260711\training_state_latest.pt at epoch=20
2026-07-15 02:24:21,596 | INFO | Run started | run_name=NO_I3O5_BCF16_NMAE_HC128_LR2e-03_WD0e+00_L1P1e-08_SS1_G9e-01_ch0u_260711 run_id=NO_I3O5_BCF16_NMAE_HC128_LR2e-03_WD0e+00_L1P1e-08_SS1_G9e-01_ch0u_260711 device=cuda train_samples=18720000 test_samples=3900000 val_index_source=indices_full epoch_range=21..24
2026-07-15 02:24:21,597 | INFO | Fault diagnostics | main_fault_log=D:\Research\NO-2D-Metamaterials\MODELS\training_runs\NO_I3O5_BCF16_NMAE_HC128_LR2e-03_WD0e+00_L1P1e-08_SS1_G9e-01_ch0u_260711\main_process_fault.log
E21/24 B100/36000 batch_loss=1.0773e-01
E21/24 B200/36000 batch_loss=1.1626e-01
E21/24 B300/36000 batch_loss=1.5356e-01
E21/24 B400/36000 batch_loss=1.0302e-01
E21/24 B500/36000 batch_loss=1.6194e-01
E21/24 B600/36000 batch_loss=1.0580e-01
E21/24 B700/36000 batch_loss=1.4963e-01
E21/24 B800/36000 batch_loss=1.5680e-01
E21/24 B900/36000 batch_loss=1.5258e-01
E21/24 B1000/36000 batch_loss=1.0456e-01
E21/24 B1100/36000 batch_loss=1.5625e-01
E21/24 B1200/36000 batch_loss=9.2943e-02
E21/24 B1300/36000 batch_loss=1.1351e-01
E21/24 B1400/36000 batch_loss=1.6317e-01
E21/24 B1500/36000 batch_loss=1.6116e-01
E21/24 B1600/36000 batch_loss=1.5233e-01
E21/24 B1700/36000 batch_loss=1.0137e-01
E21/24 B1800/36000 batch_loss=1.5493e-01
E21/24 B1900/36000 batch_loss=1.4847e-01
E21/24 B2000/36000 batch_loss=9.8543e-02
E21/24 B2100/36000 batch_loss=1.5714e-01
E21/24 B2200/36000 batch_loss=1.0027e-01
E21/24 B2300/36000 batch_loss=1.0711e-01
E21/24 B2400/36000 batch_loss=1.0674e-01
E21/24 B2500/36000 batch_loss=1.6714e-01
E21/24 B2600/36000 batch_loss=1.4388e-01
E21/24 B2700/36000 batch_loss=1.4883e-01
E21/24 B2800/36000 batch_loss=1.0634e-01
E21/24 B2900/36000 batch_loss=1.6385e-01
E21/24 B3000/36000 batch_loss=1.3651e-01
E21/24 B3100/36000 batch_loss=1.2398e-01
E21/24 B3200/36000 batch_loss=9.4265e-02
E21/24 B3300/36000 batch_loss=1.4975e-01
E21/24 B3400/36000 batch_loss=1.3988e-01
E21/24 B3500/36000 batch_loss=1.5356e-01
E21/24 B3600/36000 batch_loss=1.6069e-01
E21/24 B3700/36000 batch_loss=1.7458e-01
E21/24 B3800/36000 batch_loss=1.0370e-01
E21/24 B3900/36000 batch_loss=1.0007e-01
E21/24 B4000/36000 batch_loss=1.4321e-01
E21/24 B4100/36000 batch_loss=1.0624e-01
E21/24 B4200/36000 batch_loss=8.7933e-02
E21/24 B4300/36000 batch_loss=1.5525e-01
E21/24 B4400/36000 batch_loss=1.0694e-01
E21/24 B4500/36000 batch_loss=1.6127e-01
E21/24 B4600/36000 batch_loss=9.0224e-02
E21/24 B4700/36000 batch_loss=1.5010e-01
E21/24 B4800/36000 batch_loss=1.0645e-01
E21/24 B4900/36000 batch_loss=1.4707e-01
E21/24 B5000/36000 batch_loss=9.3663e-02
E21/24 B5100/36000 batch_loss=9.8616e-02
E21/24 B5200/36000 batch_loss=1.4542e-01
E21/24 B5300/36000 batch_loss=1.1540e-01
E21/24 B5400/36000 batch_loss=9.2448e-02
E21/24 B5500/36000 batch_loss=1.5723e-01
E21/24 B5600/36000 batch_loss=1.4377e-01
E21/24 B5700/36000 batch_loss=1.4724e-01
E21/24 B5800/36000 batch_loss=1.0185e-01
E21/24 B5900/36000 batch_loss=1.4192e-01
E21/24 B6000/36000 batch_loss=1.0910e-01
E21/24 B6100/36000 batch_loss=1.0543e-01
E21/24 B6200/36000 batch_loss=1.0030e-01
E21/24 B6300/36000 batch_loss=1.6194e-01
E21/24 B6400/36000 batch_loss=1.5467e-01
E21/24 B6500/36000 batch_loss=1.5538e-01
E21/24 B6600/36000 batch_loss=1.0913e-01
E21/24 B6700/36000 batch_loss=1.6359e-01
E21/24 B6800/36000 batch_loss=1.6924e-01
E21/24 B6900/36000 batch_loss=1.5698e-01
E21/24 B7000/36000 batch_loss=1.5812e-01
E21/24 B7100/36000 batch_loss=1.1882e-01
E21/24 B7200/36000 batch_loss=1.4935e-01
E21/24 B7300/36000 batch_loss=1.5384e-01
E21/24 B7400/36000 batch_loss=9.8705e-02
E21/24 B7500/36000 batch_loss=1.0198e-01
E21/24 B7600/36000 batch_loss=1.0200e-01
E21/24 B7700/36000 batch_loss=9.3236e-02
E21/24 B7800/36000 batch_loss=1.1869e-01
E21/24 B7900/36000 batch_loss=1.4624e-01
E21/24 B8000/36000 batch_loss=1.6131e-01
E21/24 B8100/36000 batch_loss=1.5111e-01
E21/24 B8200/36000 batch_loss=1.4999e-01
E21/24 B8300/36000 batch_loss=9.5155e-02
E21/24 B8400/36000 batch_loss=1.1653e-01
E21/24 B8500/36000 batch_loss=1.0372e-01
E21/24 B8600/36000 batch_loss=1.3559e-01
E21/24 B8700/36000 batch_loss=1.1237e-01
E21/24 B8800/36000 batch_loss=9.7057e-02
E21/24 B8900/36000 batch_loss=1.3528e-01
E21/24 B9000/36000 batch_loss=1.6853e-01
E21/24 B9100/36000 batch_loss=1.6110e-01
E21/24 B9200/36000 batch_loss=1.7599e-01
E21/24 B9300/36000 batch_loss=1.6372e-01
E21/24 B9400/36000 batch_loss=1.0006e-01
E21/24 B9500/36000 batch_loss=1.6319e-01
E21/24 B9600/36000 batch_loss=1.5231e-01
E21/24 B9700/36000 batch_loss=1.6962e-01
E21/24 B9800/36000 batch_loss=1.4979e-01
E21/24 B9900/36000 batch_loss=1.4032e-01
E21/24 B10000/36000 batch_loss=1.3938e-01
E21/24 B10100/36000 batch_loss=1.0912e-01
E21/24 B10200/36000 batch_loss=1.0335e-01
E21/24 B10300/36000 batch_loss=1.5922e-01
E21/24 B10400/36000 batch_loss=1.0217e-01
E21/24 B10500/36000 batch_loss=1.4831e-01
E21/24 B10600/36000 batch_loss=1.2781e-01
E21/24 B10700/36000 batch_loss=1.4987e-01
E21/24 B10800/36000 batch_loss=1.1948e-01
E21/24 B10900/36000 batch_loss=1.6049e-01
E21/24 B11000/36000 batch_loss=1.2065e-01
E21/24 B11100/36000 batch_loss=1.5502e-01
E21/24 B11200/36000 batch_loss=9.6897e-02
E21/24 B11300/36000 batch_loss=1.1064e-01
E21/24 B11400/36000 batch_loss=1.5050e-01
E21/24 B11500/36000 batch_loss=1.5277e-01
E21/24 B11600/36000 batch_loss=9.7093e-02
E21/24 B11700/36000 batch_loss=1.5881e-01
E21/24 B11800/36000 batch_loss=1.5481e-01
E21/24 B11900/36000 batch_loss=1.6527e-01
E21/24 B12000/36000 batch_loss=1.3820e-01
E21/24 B12100/36000 batch_loss=1.6358e-01
E21/24 B12200/36000 batch_loss=1.5533e-01
E21/24 B12300/36000 batch_loss=1.5532e-01
E21/24 B12400/36000 batch_loss=1.4140e-01
E21/24 B12500/36000 batch_loss=1.5871e-01
E21/24 B12600/36000 batch_loss=9.2181e-02
E21/24 B12700/36000 batch_loss=1.0599e-01
E21/24 B12800/36000 batch_loss=1.6302e-01
E21/24 B12900/36000 batch_loss=1.6536e-01
E21/24 B13000/36000 batch_loss=1.3836e-01
E21/24 B13100/36000 batch_loss=1.4583e-01
E21/24 B13200/36000 batch_loss=1.6429e-01
E21/24 B13300/36000 batch_loss=1.1311e-01
E21/24 B13400/36000 batch_loss=1.1823e-01
E21/24 B13500/36000 batch_loss=1.1152e-01
E21/24 B13600/36000 batch_loss=1.1002e-01
E21/24 B13700/36000 batch_loss=1.4580e-01
E21/24 B13800/36000 batch_loss=1.7156e-01
E21/24 B13900/36000 batch_loss=1.1523e-01
E21/24 B14000/36000 batch_loss=1.5683e-01
E21/24 B14100/36000 batch_loss=1.3916e-01
E21/24 B14200/36000 batch_loss=9.6287e-02
E21/24 B14300/36000 batch_loss=1.1171e-01
E21/24 B14400/36000 batch_loss=9.6733e-02
E21/24 B14500/36000 batch_loss=1.0903e-01
E21/24 B14600/36000 batch_loss=1.0862e-01
E21/24 B14700/36000 batch_loss=9.7959e-02
E21/24 B14800/36000 batch_loss=1.0689e-01
E21/24 B14900/36000 batch_loss=1.0379e-01
E21/24 B15000/36000 batch_loss=9.9080e-02
E21/24 B15100/36000 batch_loss=1.0550e-01
E21/24 B15200/36000 batch_loss=1.4899e-01
E21/24 B15300/36000 batch_loss=9.4399e-02
E21/24 B15400/36000 batch_loss=9.6750e-02
E21/24 B15500/36000 batch_loss=1.5566e-01
E21/24 B15600/36000 batch_loss=1.4950e-01
E21/24 B15700/36000 batch_loss=1.4869e-01
E21/24 B15800/36000 batch_loss=1.5391e-01
E21/24 B15900/36000 batch_loss=1.1938e-01
E21/24 B16000/36000 batch_loss=1.6322e-01
E21/24 B16100/36000 batch_loss=1.5140e-01
E21/24 B16200/36000 batch_loss=9.6444e-02
E21/24 B16300/36000 batch_loss=1.0799e-01
E21/24 B16400/36000 batch_loss=1.4675e-01
E21/24 B16500/36000 batch_loss=1.0544e-01
E21/24 B16600/36000 batch_loss=1.0740e-01
E21/24 B16700/36000 batch_loss=1.6249e-01
E21/24 B16800/36000 batch_loss=8.5991e-02
E21/24 B16900/36000 batch_loss=1.5439e-01
E21/24 B17000/36000 batch_loss=1.1335e-01
E21/24 B17100/36000 batch_loss=1.4413e-01
E21/24 B17200/36000 batch_loss=1.0796e-01
E21/24 B17300/36000 batch_loss=1.0673e-01
E21/24 B17400/36000 batch_loss=1.6544e-01
E21/24 B17500/36000 batch_loss=1.5846e-01
E21/24 B17600/36000 batch_loss=1.6745e-01
E21/24 B17700/36000 batch_loss=9.8378e-02
E21/24 B17800/36000 batch_loss=1.4466e-01
E21/24 B17900/36000 batch_loss=1.0603e-01
E21/24 B18000/36000 batch_loss=1.4261e-01
E21/24 B18100/36000 batch_loss=1.7271e-01
E21/24 B18200/36000 batch_loss=1.5828e-01
E21/24 B18300/36000 batch_loss=1.0406e-01
E21/24 B18400/36000 batch_loss=1.5117e-01
E21/24 B18500/36000 batch_loss=1.6673e-01
E21/24 B18600/36000 batch_loss=1.0337e-01
E21/24 B18700/36000 batch_loss=1.0039e-01
E21/24 B18800/36000 batch_loss=1.3241e-01
E21/24 B18900/36000 batch_loss=1.5273e-01
E21/24 B19000/36000 batch_loss=1.0702e-01
E21/24 B19100/36000 batch_loss=1.0304e-01
E21/24 B19200/36000 batch_loss=1.0050e-01
E21/24 B19300/36000 batch_loss=1.1359e-01
E21/24 B19400/36000 batch_loss=1.1173e-01
E21/24 B19500/36000 batch_loss=1.5632e-01
E21/24 B19600/36000 batch_loss=1.0292e-01
E21/24 B19700/36000 batch_loss=1.6907e-01
E21/24 B19800/36000 batch_loss=1.0465e-01
E21/24 B19900/36000 batch_loss=9.6772e-02
E21/24 B20000/36000 batch_loss=9.4491e-02
E21/24 B20100/36000 batch_loss=1.6187e-01
E21/24 B20200/36000 batch_loss=1.5915e-01
E21/24 B20300/36000 batch_loss=1.0774e-01
E21/24 B20400/36000 batch_loss=1.0259e-01
E21/24 B20500/36000 batch_loss=9.4723e-02
E21/24 B20600/36000 batch_loss=1.7331e-01
E21/24 B20700/36000 batch_loss=1.0872e-01
E21/24 B20800/36000 batch_loss=1.1155e-01
E21/24 B20900/36000 batch_loss=8.2275e-02
E21/24 B21000/36000 batch_loss=1.4841e-01
E21/24 B21100/36000 batch_loss=1.5472e-01
E21/24 B21200/36000 batch_loss=1.1068e-01
E21/24 B21300/36000 batch_loss=1.5480e-01
E21/24 B21400/36000 batch_loss=1.7503e-01
E21/24 B21500/36000 batch_loss=1.2445e-01
E21/24 B21600/36000 batch_loss=1.7750e-01
E21/24 B21700/36000 batch_loss=1.6357e-01
E21/24 B21800/36000 batch_loss=9.7685e-02
E21/24 B21900/36000 batch_loss=1.0711e-01
E21/24 B22000/36000 batch_loss=1.2873e-01
E21/24 B22100/36000 batch_loss=1.1481e-01
E21/24 B22200/36000 batch_loss=1.2127e-01
E21/24 B22300/36000 batch_loss=1.6201e-01
E21/24 B22400/36000 batch_loss=1.5531e-01
E21/24 B22500/36000 batch_loss=1.1264e-01
E21/24 B22600/36000 batch_loss=1.6071e-01
E21/24 B22700/36000 batch_loss=1.0648e-01
E21/24 B22800/36000 batch_loss=1.7375e-01
E21/24 B22900/36000 batch_loss=1.0445e-01
E21/24 B23000/36000 batch_loss=1.4971e-01
E21/24 B23100/36000 batch_loss=1.5334e-01
E21/24 B23200/36000 batch_loss=1.6978e-01
E21/24 B23300/36000 batch_loss=1.1027e-01
E21/24 B23400/36000 batch_loss=1.1098e-01
E21/24 B23500/36000 batch_loss=1.6108e-01
E21/24 B23600/36000 batch_loss=1.3989e-01
E21/24 B23700/36000 batch_loss=1.0932e-01
E21/24 B23800/36000 batch_loss=1.5200e-01
E21/24 B23900/36000 batch_loss=1.1361e-01
E21/24 B24000/36000 batch_loss=1.6697e-01
E21/24 B24100/36000 batch_loss=1.4229e-01
E21/24 B24200/36000 batch_loss=1.5614e-01
E21/24 B24300/36000 batch_loss=1.1930e-01
E21/24 B24400/36000 batch_loss=1.5159e-01
E21/24 B24500/36000 batch_loss=1.1304e-01
E21/24 B24600/36000 batch_loss=9.2580e-02
E21/24 B24700/36000 batch_loss=1.0911e-01
E21/24 B24800/36000 batch_loss=1.6667e-01
E21/24 B24900/36000 batch_loss=1.3935e-01
E21/24 B25000/36000 batch_loss=1.1393e-01
E21/24 B25100/36000 batch_loss=1.7614e-01
E21/24 B25200/36000 batch_loss=9.3412e-02
E21/24 B25300/36000 batch_loss=1.4740e-01
E21/24 B25400/36000 batch_loss=1.4404e-01
E21/24 B25500/36000 batch_loss=1.6598e-01
E21/24 B25600/36000 batch_loss=1.4222e-01
E21/24 B25700/36000 batch_loss=1.0997e-01
E21/24 B25800/36000 batch_loss=8.6489e-02
E21/24 B25900/36000 batch_loss=1.5351e-01
E21/24 B26000/36000 batch_loss=1.4497e-01
E21/24 B26100/36000 batch_loss=1.6150e-01
E21/24 B26200/36000 batch_loss=1.0838e-01
E21/24 B26300/36000 batch_loss=9.6482e-02
E21/24 B26400/36000 batch_loss=9.2695e-02
E21/24 B26500/36000 batch_loss=9.2806e-02
E21/24 B26600/36000 batch_loss=1.0419e-01
E21/24 B26700/36000 batch_loss=1.6720e-01
E21/24 B26800/36000 batch_loss=1.5499e-01
E21/24 B26900/36000 batch_loss=1.1655e-01
E21/24 B27000/36000 batch_loss=1.5938e-01
E21/24 B27100/36000 batch_loss=1.5534e-01
E21/24 B27200/36000 batch_loss=1.5957e-01
E21/24 B27300/36000 batch_loss=1.7160e-01
E21/24 B27400/36000 batch_loss=1.5446e-01
E21/24 B27500/36000 batch_loss=1.3503e-01
E21/24 B27600/36000 batch_loss=1.6821e-01
E21/24 B27700/36000 batch_loss=1.5434e-01
E21/24 B27800/36000 batch_loss=9.6824e-02
E21/24 B27900/36000 batch_loss=1.5630e-01
E21/24 B28000/36000 batch_loss=1.4344e-01
E21/24 B28100/36000 batch_loss=1.1223e-01
E21/24 B28200/36000 batch_loss=1.0743e-01
E21/24 B28300/36000 batch_loss=1.5937e-01
E21/24 B28400/36000 batch_loss=1.1005e-01
E21/24 B28500/36000 batch_loss=1.5779e-01
E21/24 B28600/36000 batch_loss=1.5274e-01
E21/24 B28700/36000 batch_loss=1.5600e-01
E21/24 B28800/36000 batch_loss=1.0835e-01
E21/24 B28900/36000 batch_loss=1.4698e-01
E21/24 B29000/36000 batch_loss=1.1877e-01
E21/24 B29100/36000 batch_loss=1.0907e-01
E21/24 B29200/36000 batch_loss=1.5268e-01
E21/24 B29300/36000 batch_loss=1.1452e-01
E21/24 B29400/36000 batch_loss=1.4159e-01
E21/24 B29500/36000 batch_loss=1.0799e-01
E21/24 B29600/36000 batch_loss=1.1875e-01
E21/24 B29700/36000 batch_loss=1.5745e-01
E21/24 B29800/36000 batch_loss=1.2068e-01
E21/24 B29900/36000 batch_loss=1.1044e-01
E21/24 B30000/36000 batch_loss=1.0558e-01
E21/24 B30100/36000 batch_loss=1.5855e-01
E21/24 B30200/36000 batch_loss=1.0970e-01
E21/24 B30300/36000 batch_loss=1.0338e-01
E21/24 B30400/36000 batch_loss=1.1409e-01
E21/24 B30500/36000 batch_loss=9.3572e-02
E21/24 B30600/36000 batch_loss=1.6108e-01
E21/24 B30700/36000 batch_loss=1.6247e-01
E21/24 B30800/36000 batch_loss=1.8137e-01
E21/24 B30900/36000 batch_loss=1.7062e-01
E21/24 B31000/36000 batch_loss=1.7162e-01
E21/24 B31100/36000 batch_loss=9.2576e-02
E21/24 B31200/36000 batch_loss=1.6704e-01
E21/24 B31300/36000 batch_loss=1.1018e-01
E21/24 B31400/36000 batch_loss=1.0425e-01
E21/24 B31500/36000 batch_loss=1.5219e-01
E21/24 B31600/36000 batch_loss=1.0909e-01
E21/24 B31700/36000 batch_loss=1.1733e-01
E21/24 B31800/36000 batch_loss=1.6156e-01
E21/24 B31900/36000 batch_loss=1.0767e-01
E21/24 B32000/36000 batch_loss=1.5878e-01
E21/24 B32100/36000 batch_loss=1.5296e-01
E21/24 B32200/36000 batch_loss=1.6124e-01
E21/24 B32300/36000 batch_loss=1.2108e-01
E21/24 B32400/36000 batch_loss=1.7911e-01
E21/24 B32500/36000 batch_loss=1.5628e-01
E21/24 B32600/36000 batch_loss=1.7363e-01
E21/24 B32700/36000 batch_loss=1.0671e-01
E21/24 B32800/36000 batch_loss=1.6384e-01
E21/24 B32900/36000 batch_loss=1.5593e-01
E21/24 B33000/36000 batch_loss=1.1375e-01
E21/24 B33100/36000 batch_loss=9.8964e-02
E21/24 B33200/36000 batch_loss=9.8939e-02
E21/24 B33300/36000 batch_loss=1.0385e-01
E21/24 B33400/36000 batch_loss=1.1197e-01
E21/24 B33500/36000 batch_loss=1.1597e-01
E21/24 B33600/36000 batch_loss=1.0551e-01
E21/24 B33700/36000 batch_loss=1.1997e-01
E21/24 B33800/36000 batch_loss=1.5580e-01
E21/24 B33900/36000 batch_loss=9.7084e-02
E21/24 B34000/36000 batch_loss=9.5903e-02
E21/24 B34100/36000 batch_loss=1.5047e-01
E21/24 B34200/36000 batch_loss=1.0274e-01
E21/24 B34300/36000 batch_loss=1.7822e-01
E21/24 B34400/36000 batch_loss=1.0156e-01
E21/24 B34500/36000 batch_loss=1.1282e-01
E21/24 B34600/36000 batch_loss=1.1913e-01
E21/24 B34700/36000 batch_loss=1.6191e-01
E21/24 B34800/36000 batch_loss=1.4217e-01
E21/24 B34900/36000 batch_loss=1.0239e-01
E21/24 B35000/36000 batch_loss=1.0251e-01
E21/24 B35100/36000 batch_loss=1.1485e-01
E21/24 B35200/36000 batch_loss=1.7391e-01
E21/24 B35300/36000 batch_loss=1.0530e-01
E21/24 B35400/36000 batch_loss=1.7239e-01
E21/24 B35500/36000 batch_loss=1.1362e-01
E21/24 B35600/36000 batch_loss=1.1398e-01
E21/24 B35700/36000 batch_loss=1.0611e-01
E21/24 B35800/36000 batch_loss=1.0168e-01
E21/24 B35900/36000 batch_loss=1.6138e-01
E21/24 B36000/36000 batch_loss=1.5853e-01
2026-07-15 06:08:34,170 | INFO | Saved 10 diagnostic panel(s) under D:\Research\NO-2D-Metamaterials\MODELS\training_runs\NO_I3O5_BCF16_NMAE_HC128_LR2e-03_WD0e+00_L1P1e-08_SS1_G9e-01_ch0u_260711\diagnostics\epoch_021
epoch=21/24 loss=nmae train_nmae=1.314486e-01 val_nmae=2.339049e-01 train_mae=1.251365e-03 val_mae=1.983464e-03 train_mse=2.501634e-05 val_mse=5.106796e-05 lr=2.188e-04 train_sps=1490.9
2026-07-15 06:08:35,727 | INFO | epoch=21/24 loss=nmae train_nmae=1.314486e-01 val_nmae=2.339049e-01 train_mae=1.251365e-03 val_mae=1.983464e-03 train_mse=2.501634e-05 val_mse=5.106796e-05 lr=2.188e-04 train_sps=1490.9
2026-07-15 06:08:35,728 | INFO | epoch=21/24 loss_ch_nmae train=7.423e-03 1.415e-01 1.431e-01 1.837e-01 1.816e-01 val=7.729e-03 2.546e-01 2.615e-01 3.232e-01 3.224e-01
2026-07-15 06:08:35,728 | INFO | epoch=21/24 mae_ch train=4.753e-04 1.302e-03 1.220e-03 1.685e-03 1.574e-03 val=4.712e-04 2.159e-03 2.023e-03 2.731e-03 2.533e-03 mse_ch train=1.108e-05 2.215e-05 2.007e-05 3.852e-05 3.326e-05 val=2.227e-06 5.216e-05 4.881e-05 8.204e-05 7.011e-05
Epoch 21/24 done | loss=nmae train=1.3145e-01 val=2.3390e-01 mae=1.9835e-03 mse=5.1068e-05 lr=2.19e-04
E22/24 B100/36000 batch_loss=1.5276e-01
E22/24 B200/36000 batch_loss=1.5462e-01
E22/24 B300/36000 batch_loss=1.5248e-01
E22/24 B400/36000 batch_loss=1.4885e-01
E22/24 B500/36000 batch_loss=1.4137e-01
E22/24 B600/36000 batch_loss=1.3917e-01
E22/24 B700/36000 batch_loss=1.0732e-01
E22/24 B800/36000 batch_loss=1.0838e-01
E22/24 B900/36000 batch_loss=1.2402e-01
E22/24 B1000/36000 batch_loss=1.6117e-01
E22/24 B1100/36000 batch_loss=1.4380e-01
E22/24 B1200/36000 batch_loss=1.6062e-01
E22/24 B1300/36000 batch_loss=1.5971e-01
E22/24 B1400/36000 batch_loss=1.0153e-01
E22/24 B1500/36000 batch_loss=1.1581e-01
E22/24 B1600/36000 batch_loss=1.0302e-01
E22/24 B1700/36000 batch_loss=1.5093e-01
E22/24 B1800/36000 batch_loss=1.3752e-01
E22/24 B1900/36000 batch_loss=1.1185e-01
E22/24 B2000/36000 batch_loss=9.6136e-02
E22/24 B2100/36000 batch_loss=1.0843e-01
E22/24 B2200/36000 batch_loss=1.6062e-01
E22/24 B2300/36000 batch_loss=1.0770e-01
E22/24 B2400/36000 batch_loss=1.4375e-01
E22/24 B2500/36000 batch_loss=1.5958e-01
E22/24 B2600/36000 batch_loss=1.5151e-01
E22/24 B2700/36000 batch_loss=1.5005e-01
E22/24 B2800/36000 batch_loss=1.6409e-01
E22/24 B2900/36000 batch_loss=9.6266e-02
E22/24 B3000/36000 batch_loss=1.4936e-01
E22/24 B3100/36000 batch_loss=1.4505e-01
E22/24 B3200/36000 batch_loss=1.4782e-01
E22/24 B3300/36000 batch_loss=1.2855e-01
E22/24 B3400/36000 batch_loss=1.1362e-01
E22/24 B3500/36000 batch_loss=1.5042e-01
E22/24 B3600/36000 batch_loss=1.0345e-01
E22/24 B3700/36000 batch_loss=1.4901e-01
E22/24 B3800/36000 batch_loss=1.1229e-01
E22/24 B3900/36000 batch_loss=9.9688e-02
E22/24 B4000/36000 batch_loss=1.0548e-01
E22/24 B4100/36000 batch_loss=9.9869e-02
E22/24 B4200/36000 batch_loss=1.3840e-01
E22/24 B4300/36000 batch_loss=9.9786e-02
E22/24 B4400/36000 batch_loss=1.6373e-01
E22/24 B4500/36000 batch_loss=1.5087e-01
E22/24 B4600/36000 batch_loss=1.5398e-01
E22/24 B4700/36000 batch_loss=8.6633e-02
E22/24 B4800/36000 batch_loss=1.3967e-01
E22/24 B4900/36000 batch_loss=1.0660e-01
E22/24 B5000/36000 batch_loss=1.4985e-01
E22/24 B5100/36000 batch_loss=1.4152e-01
E22/24 B5200/36000 batch_loss=1.0861e-01
E22/24 B5300/36000 batch_loss=1.5253e-01
E22/24 B5400/36000 batch_loss=1.3773e-01
E22/24 B5500/36000 batch_loss=1.5053e-01
E22/24 B5600/36000 batch_loss=1.0309e-01
E22/24 B5700/36000 batch_loss=1.3320e-01
E22/24 B5800/36000 batch_loss=1.5665e-01
E22/24 B5900/36000 batch_loss=1.1482e-01
E22/24 B6000/36000 batch_loss=1.0235e-01
E22/24 B6100/36000 batch_loss=1.0137e-01
E22/24 B6200/36000 batch_loss=1.0018e-01
E22/24 B6300/36000 batch_loss=1.6273e-01
E22/24 B6400/36000 batch_loss=1.4587e-01
E22/24 B6500/36000 batch_loss=1.4624e-01
E22/24 B6600/36000 batch_loss=1.5667e-01
E22/24 B6700/36000 batch_loss=1.4124e-01
E22/24 B6800/36000 batch_loss=1.0993e-01
E22/24 B6900/36000 batch_loss=1.4193e-01
E22/24 B7000/36000 batch_loss=1.3968e-01
E22/24 B7100/36000 batch_loss=1.4951e-01
E22/24 B7200/36000 batch_loss=1.1012e-01
E22/24 B7300/36000 batch_loss=1.1491e-01
E22/24 B7400/36000 batch_loss=1.5590e-01
E22/24 B7500/36000 batch_loss=1.1139e-01
E22/24 B7600/36000 batch_loss=9.9903e-02
E22/24 B7700/36000 batch_loss=1.0168e-01
E22/24 B7800/36000 batch_loss=1.1662e-01
E22/24 B7900/36000 batch_loss=1.6291e-01
E22/24 B8000/36000 batch_loss=1.0542e-01
E22/24 B8100/36000 batch_loss=8.6660e-02
E22/24 B8200/36000 batch_loss=9.5942e-02
E22/24 B8300/36000 batch_loss=1.3979e-01
E22/24 B8400/36000 batch_loss=1.3839e-01
E22/24 B8500/36000 batch_loss=1.5880e-01
E22/24 B8600/36000 batch_loss=1.6896e-01
E22/24 B8700/36000 batch_loss=1.5315e-01
E22/24 B8800/36000 batch_loss=1.0809e-01
E22/24 B8900/36000 batch_loss=1.3215e-01
E22/24 B9000/36000 batch_loss=1.4775e-01
E22/24 B9100/36000 batch_loss=1.4557e-01
E22/24 B9200/36000 batch_loss=1.4957e-01
E22/24 B9300/36000 batch_loss=1.1178e-01
E22/24 B9400/36000 batch_loss=1.6481e-01
E22/24 B9500/36000 batch_loss=1.0891e-01
E22/24 B9600/36000 batch_loss=9.5519e-02
E22/24 B9700/36000 batch_loss=1.4319e-01
E22/24 B9800/36000 batch_loss=9.9539e-02
E22/24 B9900/36000 batch_loss=1.5386e-01
E22/24 B10000/36000 batch_loss=1.1203e-01
E22/24 B10100/36000 batch_loss=9.5513e-02
E22/24 B10200/36000 batch_loss=1.4780e-01
E22/24 B10300/36000 batch_loss=1.5703e-01
E22/24 B10400/36000 batch_loss=1.5507e-01
E22/24 B10500/36000 batch_loss=1.1356e-01
E22/24 B10600/36000 batch_loss=1.0485e-01
E22/24 B10700/36000 batch_loss=1.3587e-01
E22/24 B10800/36000 batch_loss=9.2656e-02
E22/24 B10900/36000 batch_loss=1.1074e-01
E22/24 B11000/36000 batch_loss=1.0177e-01
E22/24 B11100/36000 batch_loss=1.0033e-01
E22/24 B11200/36000 batch_loss=1.5166e-01
E22/24 B11300/36000 batch_loss=1.0277e-01
E22/24 B11400/36000 batch_loss=1.3739e-01
E22/24 B11500/36000 batch_loss=9.7881e-02
E22/24 B11600/36000 batch_loss=1.6071e-01
E22/24 B11700/36000 batch_loss=1.4510e-01
E22/24 B11800/36000 batch_loss=1.0321e-01
E22/24 B11900/36000 batch_loss=1.5761e-01
E22/24 B12000/36000 batch_loss=1.5388e-01
E22/24 B12100/36000 batch_loss=1.4599e-01
E22/24 B12200/36000 batch_loss=1.1906e-01
E22/24 B12300/36000 batch_loss=1.0294e-01
E22/24 B12400/36000 batch_loss=1.0349e-01
E22/24 B12500/36000 batch_loss=1.0096e-01
E22/24 B12600/36000 batch_loss=1.5680e-01
E22/24 B12700/36000 batch_loss=1.4157e-01
E22/24 B12800/36000 batch_loss=9.6981e-02
E22/24 B12900/36000 batch_loss=1.5256e-01
E22/24 B13000/36000 batch_loss=9.3435e-02
E22/24 B13100/36000 batch_loss=1.5542e-01
E22/24 B13200/36000 batch_loss=1.0711e-01
E22/24 B13300/36000 batch_loss=1.0039e-01
E22/24 B13400/36000 batch_loss=1.5788e-01
E22/24 B13500/36000 batch_loss=1.0540e-01
E22/24 B13600/36000 batch_loss=9.7418e-02
E22/24 B13700/36000 batch_loss=8.9147e-02
E22/24 B13800/36000 batch_loss=1.6711e-01
E22/24 B13900/36000 batch_loss=1.1102e-01
E22/24 B14000/36000 batch_loss=1.4604e-01
E22/24 B14100/36000 batch_loss=1.6617e-01
E22/24 B14200/36000 batch_loss=9.2282e-02
E22/24 B14300/36000 batch_loss=1.1211e-01
E22/24 B14400/36000 batch_loss=1.5151e-01
E22/24 B14500/36000 batch_loss=1.2641e-01
E22/24 B14600/36000 batch_loss=1.5152e-01
E22/24 B14700/36000 batch_loss=1.6681e-01
E22/24 B14800/36000 batch_loss=1.0452e-01
E22/24 B14900/36000 batch_loss=1.5976e-01
E22/24 B15000/36000 batch_loss=9.7951e-02
E22/24 B15100/36000 batch_loss=1.1325e-01
E22/24 B15200/36000 batch_loss=1.4902e-01
E22/24 B15300/36000 batch_loss=1.5527e-01
E22/24 B15400/36000 batch_loss=1.5366e-01
E22/24 B15500/36000 batch_loss=1.1167e-01
E22/24 B15600/36000 batch_loss=1.4547e-01
E22/24 B15700/36000 batch_loss=1.1881e-01
E22/24 B15800/36000 batch_loss=1.1142e-01
E22/24 B15900/36000 batch_loss=1.1446e-01
E22/24 B16000/36000 batch_loss=1.1891e-01
E22/24 B16100/36000 batch_loss=1.6648e-01
E22/24 B16200/36000 batch_loss=1.1619e-01
E22/24 B16300/36000 batch_loss=8.6227e-02
E22/24 B16400/36000 batch_loss=9.9255e-02
E22/24 B16500/36000 batch_loss=1.0245e-01
E22/24 B16600/36000 batch_loss=1.5077e-01
E22/24 B16700/36000 batch_loss=9.0251e-02
E22/24 B16800/36000 batch_loss=1.6296e-01
E22/24 B16900/36000 batch_loss=1.5345e-01
E22/24 B17000/36000 batch_loss=1.4929e-01
E22/24 B17100/36000 batch_loss=1.0820e-01
E22/24 B17200/36000 batch_loss=1.4851e-01
E22/24 B17300/36000 batch_loss=1.5827e-01
E22/24 B17400/36000 batch_loss=1.3889e-01
E22/24 B17500/36000 batch_loss=1.4540e-01
E22/24 B17600/36000 batch_loss=1.6212e-01
E22/24 B17700/36000 batch_loss=1.0881e-01
E22/24 B17800/36000 batch_loss=1.0269e-01
E22/24 B17900/36000 batch_loss=1.6429e-01
E22/24 B18000/36000 batch_loss=1.4191e-01
E22/24 B18100/36000 batch_loss=1.1067e-01
E22/24 B18200/36000 batch_loss=9.2560e-02
E22/24 B18300/36000 batch_loss=1.0609e-01
E22/24 B18400/36000 batch_loss=1.4733e-01
E22/24 B18500/36000 batch_loss=9.3512e-02
E22/24 B18600/36000 batch_loss=1.4777e-01
E22/24 B18700/36000 batch_loss=1.4788e-01
E22/24 B18800/36000 batch_loss=1.5053e-01
E22/24 B18900/36000 batch_loss=1.4489e-01
E22/24 B19000/36000 batch_loss=1.6453e-01
E22/24 B19100/36000 batch_loss=1.5529e-01
E22/24 B19200/36000 batch_loss=1.3594e-01
E22/24 B19300/36000 batch_loss=1.0492e-01
E22/24 B19400/36000 batch_loss=1.2028e-01
E22/24 B19500/36000 batch_loss=1.5487e-01
E22/24 B19600/36000 batch_loss=9.3928e-02
E22/24 B19700/36000 batch_loss=1.4122e-01
E22/24 B19800/36000 batch_loss=1.5911e-01
E22/24 B19900/36000 batch_loss=1.0769e-01
E22/24 B20000/36000 batch_loss=1.2353e-01
E22/24 B20100/36000 batch_loss=1.5375e-01
E22/24 B20200/36000 batch_loss=1.0212e-01
E22/24 B20300/36000 batch_loss=9.7845e-02
E22/24 B20400/36000 batch_loss=1.5797e-01
E22/24 B20500/36000 batch_loss=9.8002e-02
E22/24 B20600/36000 batch_loss=1.5349e-01
E22/24 B20700/36000 batch_loss=1.5265e-01
E22/24 B20800/36000 batch_loss=1.0755e-01
E22/24 B20900/36000 batch_loss=8.9414e-02
E22/24 B21000/36000 batch_loss=1.1861e-01
E22/24 B21100/36000 batch_loss=1.6279e-01
E22/24 B21200/36000 batch_loss=1.2035e-01
E22/24 B21300/36000 batch_loss=1.0185e-01
E22/24 B21400/36000 batch_loss=1.0331e-01
E22/24 B21500/36000 batch_loss=1.1562e-01
E22/24 B21600/36000 batch_loss=1.4368e-01
E22/24 B21700/36000 batch_loss=1.4953e-01
E22/24 B21800/36000 batch_loss=1.0218e-01
E22/24 B21900/36000 batch_loss=8.5453e-02
E22/24 B22000/36000 batch_loss=1.5835e-01
E22/24 B22100/36000 batch_loss=1.0783e-01
E22/24 B22200/36000 batch_loss=1.5679e-01
E22/24 B22300/36000 batch_loss=1.4647e-01
E22/24 B22400/36000 batch_loss=1.5044e-01
E22/24 B22500/36000 batch_loss=1.4485e-01
E22/24 B22600/36000 batch_loss=9.8594e-02
E22/24 B22700/36000 batch_loss=1.5372e-01
E22/24 B22800/36000 batch_loss=1.5393e-01
E22/24 B22900/36000 batch_loss=9.5917e-02
E22/24 B23000/36000 batch_loss=1.3590e-01
E22/24 B23100/36000 batch_loss=1.0391e-01
E22/24 B23200/36000 batch_loss=1.5480e-01
E22/24 B23300/36000 batch_loss=1.0831e-01
E22/24 B23400/36000 batch_loss=1.4341e-01
E22/24 B23500/36000 batch_loss=1.3696e-01
E22/24 B23600/36000 batch_loss=1.4494e-01
E22/24 B23700/36000 batch_loss=1.0328e-01
E22/24 B23800/36000 batch_loss=1.5241e-01
E22/24 B23900/36000 batch_loss=1.6175e-01
E22/24 B24000/36000 batch_loss=1.5091e-01
E22/24 B24100/36000 batch_loss=1.1130e-01
E22/24 B24200/36000 batch_loss=1.5981e-01
E22/24 B24300/36000 batch_loss=1.0296e-01
E22/24 B24400/36000 batch_loss=1.5671e-01
E22/24 B24500/36000 batch_loss=1.5216e-01
E22/24 B24600/36000 batch_loss=1.5175e-01
E22/24 B24700/36000 batch_loss=1.5409e-01
E22/24 B24800/36000 batch_loss=1.6001e-01
E22/24 B24900/36000 batch_loss=1.5732e-01
E22/24 B25000/36000 batch_loss=1.1272e-01
E22/24 B25100/36000 batch_loss=1.0188e-01
E22/24 B25200/36000 batch_loss=1.6439e-01
E22/24 B25300/36000 batch_loss=9.7382e-02
E22/24 B25400/36000 batch_loss=1.5452e-01
E22/24 B25500/36000 batch_loss=9.4787e-02
E22/24 B25600/36000 batch_loss=1.5080e-01
E22/24 B25700/36000 batch_loss=1.1811e-01
E22/24 B25800/36000 batch_loss=1.0097e-01
E22/24 B25900/36000 batch_loss=1.5115e-01
E22/24 B26000/36000 batch_loss=1.5719e-01
E22/24 B26100/36000 batch_loss=9.6404e-02
E22/24 B26200/36000 batch_loss=1.5983e-01
E22/24 B26300/36000 batch_loss=1.1691e-01
E22/24 B26400/36000 batch_loss=9.5655e-02
E22/24 B26500/36000 batch_loss=1.5636e-01
E22/24 B26600/36000 batch_loss=1.1291e-01
E22/24 B26700/36000 batch_loss=1.5833e-01
E22/24 B26800/36000 batch_loss=1.0968e-01
E22/24 B26900/36000 batch_loss=1.4747e-01
E22/24 B27000/36000 batch_loss=1.0978e-01
E22/24 B27100/36000 batch_loss=1.0796e-01
E22/24 B27200/36000 batch_loss=1.5403e-01
E22/24 B27300/36000 batch_loss=9.4002e-02
E22/24 B27400/36000 batch_loss=1.4717e-01
E22/24 B27500/36000 batch_loss=1.1209e-01
E22/24 B27600/36000 batch_loss=1.0081e-01
E22/24 B27700/36000 batch_loss=1.1503e-01
E22/24 B27800/36000 batch_loss=1.0539e-01
E22/24 B27900/36000 batch_loss=1.1407e-01
E22/24 B28000/36000 batch_loss=1.0681e-01
E22/24 B28100/36000 batch_loss=1.4045e-01
E22/24 B28200/36000 batch_loss=1.4023e-01
E22/24 B28300/36000 batch_loss=1.4886e-01
E22/24 B28400/36000 batch_loss=1.1225e-01
E22/24 B28500/36000 batch_loss=1.5004e-01
E22/24 B28600/36000 batch_loss=1.0141e-01
E22/24 B28700/36000 batch_loss=1.0965e-01
E22/24 B28800/36000 batch_loss=9.3594e-02
E22/24 B28900/36000 batch_loss=1.4044e-01
E22/24 B29000/36000 batch_loss=1.0803e-01
E22/24 B29100/36000 batch_loss=1.0661e-01
E22/24 B29200/36000 batch_loss=1.5687e-01
E22/24 B29300/36000 batch_loss=1.5061e-01
E22/24 B29400/36000 batch_loss=1.1202e-01
E22/24 B29500/36000 batch_loss=9.7312e-02
E22/24 B29600/36000 batch_loss=1.6023e-01
E22/24 B29700/36000 batch_loss=1.0281e-01
E22/24 B29800/36000 batch_loss=9.4658e-02
E22/24 B29900/36000 batch_loss=1.0697e-01
E22/24 B30000/36000 batch_loss=1.6154e-01
E22/24 B30100/36000 batch_loss=1.0827e-01
E22/24 B30200/36000 batch_loss=1.4283e-01
E22/24 B30300/36000 batch_loss=1.1775e-01
E22/24 B30400/36000 batch_loss=1.1027e-01
E22/24 B30500/36000 batch_loss=1.5670e-01
E22/24 B30600/36000 batch_loss=1.1040e-01
E22/24 B30700/36000 batch_loss=1.1284e-01
E22/24 B30800/36000 batch_loss=1.4673e-01
E22/24 B30900/36000 batch_loss=1.6377e-01
E22/24 B31000/36000 batch_loss=1.4260e-01
E22/24 B31100/36000 batch_loss=1.0795e-01
E22/24 B31200/36000 batch_loss=1.4421e-01
E22/24 B31300/36000 batch_loss=1.1252e-01
E22/24 B31400/36000 batch_loss=1.4946e-01
E22/24 B31500/36000 batch_loss=1.5267e-01
E22/24 B31600/36000 batch_loss=1.7297e-01
E22/24 B31700/36000 batch_loss=1.0584e-01
E22/24 B31800/36000 batch_loss=1.5621e-01
E22/24 B31900/36000 batch_loss=1.6578e-01
E22/24 B32000/36000 batch_loss=9.8100e-02
E22/24 B32100/36000 batch_loss=1.0996e-01
E22/24 B32200/36000 batch_loss=1.4848e-01
E22/24 B32300/36000 batch_loss=1.0596e-01
E22/24 B32400/36000 batch_loss=1.4023e-01
E22/24 B32500/36000 batch_loss=1.6412e-01
E22/24 B32600/36000 batch_loss=1.5774e-01
E22/24 B32700/36000 batch_loss=1.1581e-01
E22/24 B32800/36000 batch_loss=1.5164e-01
E22/24 B32900/36000 batch_loss=1.5110e-01
E22/24 B33000/36000 batch_loss=1.5148e-01
E22/24 B33100/36000 batch_loss=1.4673e-01
E22/24 B33200/36000 batch_loss=1.1223e-01
E22/24 B33300/36000 batch_loss=1.3266e-01
E22/24 B33400/36000 batch_loss=1.4087e-01
E22/24 B33500/36000 batch_loss=1.0582e-01
E22/24 B33600/36000 batch_loss=1.0885e-01
E22/24 B33700/36000 batch_loss=1.0834e-01
E22/24 B33800/36000 batch_loss=1.5302e-01
E22/24 B33900/36000 batch_loss=1.1892e-01
E22/24 B34000/36000 batch_loss=1.1843e-01
E22/24 B34100/36000 batch_loss=1.0552e-01
E22/24 B34200/36000 batch_loss=1.1534e-01
E22/24 B34300/36000 batch_loss=1.0621e-01
E22/24 B34400/36000 batch_loss=1.5857e-01
E22/24 B34500/36000 batch_loss=1.1911e-01
E22/24 B34600/36000 batch_loss=1.5638e-01
E22/24 B34700/36000 batch_loss=9.1427e-02
E22/24 B34800/36000 batch_loss=1.5333e-01
E22/24 B34900/36000 batch_loss=1.0885e-01
E22/24 B35000/36000 batch_loss=1.6204e-01
E22/24 B35100/36000 batch_loss=1.3576e-01
E22/24 B35200/36000 batch_loss=1.7505e-01
E22/24 B35300/36000 batch_loss=1.6660e-01
E22/24 B35400/36000 batch_loss=1.1549e-01
E22/24 B35500/36000 batch_loss=1.5044e-01
E22/24 B35600/36000 batch_loss=1.5189e-01
E22/24 B35700/36000 batch_loss=1.5665e-01
E22/24 B35800/36000 batch_loss=1.0259e-01
E22/24 B35900/36000 batch_loss=1.1677e-01
E22/24 B36000/36000 batch_loss=1.0898e-01
2026-07-15 09:43:10,953 | INFO | Saved 10 diagnostic panel(s) under D:\Research\NO-2D-Metamaterials\MODELS\training_runs\NO_I3O5_BCF16_NMAE_HC128_LR2e-03_WD0e+00_L1P1e-08_SS1_G9e-01_ch0u_260711\diagnostics\epoch_022
epoch=22/24 loss=nmae train_nmae=1.287154e-01 val_nmae=2.332461e-01 train_mae=1.226143e-03 val_mae=1.983364e-03 train_mse=2.436453e-05 val_mse=5.098408e-05 lr=1.970e-04 train_sps=1554.7
2026-07-15 09:43:12,600 | INFO | epoch=22/24 loss=nmae train_nmae=1.287154e-01 val_nmae=2.332461e-01 train_mae=1.226143e-03 val_mae=1.983364e-03 train_mse=2.436453e-05 val_mse=5.098408e-05 lr=1.970e-04 train_sps=1554.7
2026-07-15 09:43:12,600 | INFO | epoch=22/24 loss_ch_nmae train=7.344e-03 1.388e-01 1.402e-01 1.795e-01 1.777e-01 val=8.282e-03 2.501e-01 2.609e-01 3.225e-01 3.244e-01
2026-07-15 09:43:12,601 | INFO | epoch=22/24 mae_ch train=4.703e-04 1.278e-03 1.196e-03 1.647e-03 1.540e-03 val=5.050e-04 2.128e-03 2.017e-03 2.724e-03 2.543e-03 mse_ch train=1.103e-05 2.154e-05 1.955e-05 3.735e-05 3.236e-05 val=2.314e-06 5.206e-05 4.864e-05 8.183e-05 7.008e-05
Epoch 22/24 done | loss=nmae train=1.2872e-01 val=2.3325e-01 mae=1.9834e-03 mse=5.0984e-05 lr=1.97e-04
E23/24 B100/36000 batch_loss=1.5137e-01
E23/24 B200/36000 batch_loss=1.6085e-01
E23/24 B300/36000 batch_loss=1.5267e-01
E23/24 B400/36000 batch_loss=1.4194e-01
E23/24 B500/36000 batch_loss=1.2976e-01
E23/24 B600/36000 batch_loss=1.0707e-01
E23/24 B700/36000 batch_loss=8.8829e-02
E23/24 B800/36000 batch_loss=1.5750e-01
E23/24 B900/36000 batch_loss=9.4260e-02
E23/24 B1000/36000 batch_loss=1.5424e-01
E23/24 B1100/36000 batch_loss=1.6549e-01
E23/24 B1200/36000 batch_loss=9.2849e-02
E23/24 B1300/36000 batch_loss=1.5752e-01
E23/24 B1400/36000 batch_loss=1.6191e-01
E23/24 B1500/36000 batch_loss=1.4404e-01
E23/24 B1600/36000 batch_loss=1.4504e-01
E23/24 B1700/36000 batch_loss=9.5055e-02
E23/24 B1800/36000 batch_loss=9.8832e-02
E23/24 B1900/36000 batch_loss=1.4573e-01
E23/24 B2000/36000 batch_loss=1.0733e-01
E23/24 B2100/36000 batch_loss=9.9254e-02
E23/24 B2200/36000 batch_loss=1.5993e-01
E23/24 B2300/36000 batch_loss=1.0258e-01
E23/24 B2400/36000 batch_loss=1.6816e-01
E23/24 B2500/36000 batch_loss=9.0767e-02
E23/24 B2600/36000 batch_loss=9.9634e-02
E23/24 B2700/36000 batch_loss=1.1568e-01
E23/24 B2800/36000 batch_loss=1.0825e-01
E23/24 B2900/36000 batch_loss=1.5324e-01
E23/24 B3000/36000 batch_loss=1.0004e-01
E23/24 B3100/36000 batch_loss=9.4725e-02
E23/24 B3200/36000 batch_loss=1.1059e-01
E23/24 B3300/36000 batch_loss=1.4187e-01
E23/24 B3400/36000 batch_loss=1.4787e-01
E23/24 B3500/36000 batch_loss=8.6359e-02
E23/24 B3600/36000 batch_loss=1.5488e-01
E23/24 B3700/36000 batch_loss=8.5769e-02
E23/24 B3800/36000 batch_loss=1.1212e-01
E23/24 B3900/36000 batch_loss=1.0915e-01
E23/24 B4000/36000 batch_loss=1.0245e-01
E23/24 B4100/36000 batch_loss=1.4655e-01
E23/24 B4200/36000 batch_loss=1.5566e-01
E23/24 B4300/36000 batch_loss=1.1207e-01
E23/24 B4400/36000 batch_loss=1.4478e-01
E23/24 B4500/36000 batch_loss=1.0038e-01
E23/24 B4600/36000 batch_loss=1.1376e-01
E23/24 B4700/36000 batch_loss=1.5434e-01
E23/24 B4800/36000 batch_loss=1.5947e-01
E23/24 B4900/36000 batch_loss=1.0535e-01
E23/24 B5000/36000 batch_loss=1.4104e-01
E23/24 B5100/36000 batch_loss=1.0587e-01
E23/24 B5200/36000 batch_loss=1.0441e-01
E23/24 B5300/36000 batch_loss=8.8001e-02
E23/24 B5400/36000 batch_loss=1.4935e-01
E23/24 B5500/36000 batch_loss=1.4912e-01
E23/24 B5600/36000 batch_loss=1.0165e-01
E23/24 B5700/36000 batch_loss=1.6039e-01
E23/24 B5800/36000 batch_loss=1.0429e-01
E23/24 B5900/36000 batch_loss=8.3737e-02
E23/24 B6000/36000 batch_loss=1.0543e-01
E23/24 B6100/36000 batch_loss=1.5876e-01
E23/24 B6200/36000 batch_loss=1.2144e-01
E23/24 B6300/36000 batch_loss=1.6492e-01
E23/24 B6400/36000 batch_loss=1.0390e-01
E23/24 B6500/36000 batch_loss=1.5610e-01
E23/24 B6600/36000 batch_loss=1.2180e-01
E23/24 B6700/36000 batch_loss=9.1164e-02
E23/24 B6800/36000 batch_loss=1.0747e-01
E23/24 B6900/36000 batch_loss=9.8267e-02
E23/24 B7000/36000 batch_loss=8.6330e-02
E23/24 B7100/36000 batch_loss=1.5075e-01
E23/24 B7200/36000 batch_loss=1.4225e-01
E23/24 B7300/36000 batch_loss=1.1014e-01
E23/24 B7400/36000 batch_loss=1.1156e-01
E23/24 B7500/36000 batch_loss=1.0928e-01
E23/24 B7600/36000 batch_loss=1.4386e-01
E23/24 B7700/36000 batch_loss=1.0900e-01
E23/24 B7800/36000 batch_loss=9.0567e-02
E23/24 B7900/36000 batch_loss=1.4064e-01
E23/24 B8000/36000 batch_loss=1.4678e-01
E23/24 B8100/36000 batch_loss=1.5698e-01
E23/24 B8200/36000 batch_loss=1.3959e-01
E23/24 B8300/36000 batch_loss=1.5149e-01
E23/24 B8400/36000 batch_loss=9.2379e-02
E23/24 B8500/36000 batch_loss=1.4865e-01
E23/24 B8600/36000 batch_loss=1.4896e-01
E23/24 B8700/36000 batch_loss=1.5559e-01
E23/24 B8800/36000 batch_loss=1.0033e-01
E23/24 B8900/36000 batch_loss=1.5264e-01
E23/24 B9000/36000 batch_loss=1.5947e-01
E23/24 B9100/36000 batch_loss=1.5393e-01
E23/24 B9200/36000 batch_loss=1.0881e-01
E23/24 B9300/36000 batch_loss=1.3891e-01
E23/24 B9400/36000 batch_loss=1.0198e-01
E23/24 B9500/36000 batch_loss=1.0106e-01
E23/24 B9600/36000 batch_loss=1.0811e-01
E23/24 B9700/36000 batch_loss=1.0158e-01
E23/24 B9800/36000 batch_loss=1.5646e-01
E23/24 B9900/36000 batch_loss=1.0220e-01
E23/24 B10000/36000 batch_loss=1.5307e-01
E23/24 B10100/36000 batch_loss=1.0451e-01
E23/24 B10200/36000 batch_loss=1.3795e-01
E23/24 B10300/36000 batch_loss=1.0635e-01
E23/24 B10400/36000 batch_loss=1.0864e-01
E23/24 B10500/36000 batch_loss=9.7889e-02
E23/24 B10600/36000 batch_loss=9.7043e-02
E23/24 B10700/36000 batch_loss=1.5660e-01
E23/24 B10800/36000 batch_loss=1.4960e-01
E23/24 B10900/36000 batch_loss=1.0518e-01
E23/24 B11000/36000 batch_loss=1.5106e-01
E23/24 B11100/36000 batch_loss=1.4604e-01
E23/24 B11200/36000 batch_loss=1.5089e-01
E23/24 B11300/36000 batch_loss=1.3081e-01
E23/24 B11400/36000 batch_loss=1.7431e-01
E23/24 B11500/36000 batch_loss=1.4067e-01
E23/24 B11600/36000 batch_loss=1.5343e-01
E23/24 B11700/36000 batch_loss=1.1296e-01
E23/24 B11800/36000 batch_loss=1.4227e-01
E23/24 B11900/36000 batch_loss=9.3165e-02
E23/24 B12000/36000 batch_loss=8.7253e-02
E23/24 B12100/36000 batch_loss=1.4185e-01
E23/24 B12200/36000 batch_loss=1.5361e-01
E23/24 B12300/36000 batch_loss=1.4309e-01
E23/24 B12400/36000 batch_loss=1.4505e-01
E23/24 B12500/36000 batch_loss=1.0851e-01
E23/24 B12600/36000 batch_loss=1.0570e-01
E23/24 B12700/36000 batch_loss=1.4415e-01
E23/24 B12800/36000 batch_loss=1.0182e-01
E23/24 B12900/36000 batch_loss=1.4572e-01
E23/24 B13000/36000 batch_loss=1.3636e-01
E23/24 B13100/36000 batch_loss=1.3717e-01
E23/24 B13200/36000 batch_loss=1.1034e-01
E23/24 B13300/36000 batch_loss=1.4038e-01
E23/24 B13400/36000 batch_loss=1.4370e-01
E23/24 B13500/36000 batch_loss=8.7897e-02
E23/24 B13600/36000 batch_loss=1.0062e-01
E23/24 B13700/36000 batch_loss=1.3653e-01
E23/24 B13800/36000 batch_loss=1.5985e-01
E23/24 B13900/36000 batch_loss=1.4729e-01
E23/24 B14000/36000 batch_loss=8.9906e-02
E23/24 B14100/36000 batch_loss=1.4454e-01
E23/24 B14200/36000 batch_loss=1.0115e-01
E23/24 B14300/36000 batch_loss=1.0744e-01
E23/24 B14400/36000 batch_loss=9.9017e-02
E23/24 B14500/36000 batch_loss=1.6351e-01
E23/24 B14600/36000 batch_loss=9.8508e-02
E23/24 B14700/36000 batch_loss=1.0055e-01
E23/24 B14800/36000 batch_loss=1.5460e-01
E23/24 B14900/36000 batch_loss=1.1095e-01
E23/24 B15000/36000 batch_loss=9.5507e-02
E23/24 B15100/36000 batch_loss=1.4372e-01
E23/24 B15200/36000 batch_loss=9.2927e-02
E23/24 B15300/36000 batch_loss=1.6022e-01
E23/24 B15400/36000 batch_loss=1.6220e-01
E23/24 B15500/36000 batch_loss=1.4552e-01
E23/24 B15600/36000 batch_loss=1.4869e-01
E23/24 B15700/36000 batch_loss=1.0586e-01
E23/24 B15800/36000 batch_loss=1.5635e-01
E23/24 B15900/36000 batch_loss=9.5997e-02
E23/24 B16000/36000 batch_loss=1.0820e-01
E23/24 B16100/36000 batch_loss=1.0424e-01
E23/24 B16200/36000 batch_loss=1.0218e-01
E23/24 B16300/36000 batch_loss=1.4829e-01
E23/24 B16400/36000 batch_loss=9.4256e-02
E23/24 B16500/36000 batch_loss=1.4161e-01
E23/24 B16600/36000 batch_loss=1.4106e-01
E23/24 B16700/36000 batch_loss=1.0059e-01
E23/24 B16800/36000 batch_loss=1.0838e-01
E23/24 B16900/36000 batch_loss=1.4821e-01
E23/24 B17000/36000 batch_loss=8.9205e-02
E23/24 B17100/36000 batch_loss=1.0337e-01
E23/24 B17200/36000 batch_loss=1.1790e-01
E23/24 B17300/36000 batch_loss=1.5708e-01
E23/24 B17400/36000 batch_loss=1.1874e-01
E23/24 B17500/36000 batch_loss=1.2649e-01
E23/24 B17600/36000 batch_loss=1.0075e-01
E23/24 B17700/36000 batch_loss=1.3638e-01
E23/24 B17800/36000 batch_loss=1.5346e-01
E23/24 B17900/36000 batch_loss=1.1736e-01
E23/24 B18000/36000 batch_loss=1.0413e-01
E23/24 B18100/36000 batch_loss=1.0447e-01
E23/24 B18200/36000 batch_loss=1.5275e-01
E23/24 B18300/36000 batch_loss=1.5397e-01
E23/24 B18400/36000 batch_loss=1.0951e-01
E23/24 B18500/36000 batch_loss=1.6313e-01
E23/24 B18600/36000 batch_loss=1.5411e-01
E23/24 B18700/36000 batch_loss=1.0669e-01
E23/24 B18800/36000 batch_loss=1.6657e-01
E23/24 B18900/36000 batch_loss=1.5511e-01
E23/24 B19000/36000 batch_loss=1.0874e-01
E23/24 B19100/36000 batch_loss=1.5049e-01
E23/24 B19200/36000 batch_loss=1.3618e-01
E23/24 B19300/36000 batch_loss=1.4614e-01
E23/24 B19400/36000 batch_loss=1.4250e-01
E23/24 B19500/36000 batch_loss=1.5696e-01
E23/24 B19600/36000 batch_loss=1.4046e-01
E23/24 B19700/36000 batch_loss=1.1150e-01
E23/24 B19800/36000 batch_loss=1.0743e-01
E23/24 B19900/36000 batch_loss=1.5185e-01
E23/24 B20000/36000 batch_loss=1.0011e-01
E23/24 B20100/36000 batch_loss=1.4901e-01
E23/24 B20200/36000 batch_loss=1.0467e-01
E23/24 B20300/36000 batch_loss=1.5122e-01
E23/24 B20400/36000 batch_loss=1.6340e-01
E23/24 B20500/36000 batch_loss=1.6285e-01
E23/24 B20600/36000 batch_loss=1.5196e-01
E23/24 B20700/36000 batch_loss=1.5021e-01
E23/24 B20800/36000 batch_loss=1.4423e-01
E23/24 B20900/36000 batch_loss=1.0271e-01
E23/24 B21000/36000 batch_loss=1.0111e-01
E23/24 B21100/36000 batch_loss=1.5355e-01
E23/24 B21200/36000 batch_loss=1.5273e-01
E23/24 B21300/36000 batch_loss=1.5118e-01
E23/24 B21400/36000 batch_loss=9.2914e-02
E23/24 B21500/36000 batch_loss=1.4720e-01
E23/24 B21600/36000 batch_loss=1.4934e-01
E23/24 B21700/36000 batch_loss=1.5142e-01
E23/24 B21800/36000 batch_loss=1.0214e-01
E23/24 B21900/36000 batch_loss=1.5042e-01
E23/24 B22000/36000 batch_loss=1.5353e-01
E23/24 B22100/36000 batch_loss=1.6375e-01
E23/24 B22200/36000 batch_loss=1.6032e-01
E23/24 B22300/36000 batch_loss=1.1303e-01
E23/24 B22400/36000 batch_loss=1.3944e-01
E23/24 B22500/36000 batch_loss=1.3448e-01
E23/24 B22600/36000 batch_loss=9.2733e-02
E23/24 B22700/36000 batch_loss=9.6005e-02
E23/24 B22800/36000 batch_loss=1.6623e-01
E23/24 B22900/36000 batch_loss=1.5869e-01
E23/24 B23000/36000 batch_loss=1.0082e-01
E23/24 B23100/36000 batch_loss=1.4136e-01
E23/24 B23200/36000 batch_loss=1.3622e-01
E23/24 B23300/36000 batch_loss=1.4245e-01
E23/24 B23400/36000 batch_loss=1.5565e-01
E23/24 B23500/36000 batch_loss=1.0901e-01
E23/24 B23600/36000 batch_loss=1.5993e-01
E23/24 B23700/36000 batch_loss=1.1175e-01
E23/24 B23800/36000 batch_loss=1.0112e-01
E23/24 B23900/36000 batch_loss=1.0083e-01
E23/24 B24000/36000 batch_loss=1.4780e-01
E23/24 B24100/36000 batch_loss=1.1421e-01
E23/24 B24200/36000 batch_loss=1.5365e-01
E23/24 B24300/36000 batch_loss=1.5287e-01
E23/24 B24400/36000 batch_loss=1.1518e-01
E23/24 B24500/36000 batch_loss=9.7673e-02
E23/24 B24600/36000 batch_loss=9.8564e-02
E23/24 B24700/36000 batch_loss=1.2048e-01
E23/24 B24800/36000 batch_loss=1.3995e-01
E23/24 B24900/36000 batch_loss=1.0771e-01
E23/24 B25000/36000 batch_loss=1.6228e-01
E23/24 B25100/36000 batch_loss=1.1354e-01
E23/24 B25200/36000 batch_loss=1.4668e-01
E23/24 B25300/36000 batch_loss=1.0856e-01
E23/24 B25400/36000 batch_loss=1.0635e-01
E23/24 B25500/36000 batch_loss=1.5103e-01
E23/24 B25600/36000 batch_loss=9.9527e-02
E23/24 B25700/36000 batch_loss=1.1108e-01
E23/24 B25800/36000 batch_loss=1.4849e-01
E23/24 B25900/36000 batch_loss=1.4719e-01
E23/24 B26000/36000 batch_loss=1.0593e-01
E23/24 B26100/36000 batch_loss=1.5274e-01
E23/24 B26200/36000 batch_loss=1.0538e-01
E23/24 B26300/36000 batch_loss=9.8788e-02
E23/24 B26400/36000 batch_loss=1.5654e-01
E23/24 B26500/36000 batch_loss=1.4255e-01
E23/24 B26600/36000 batch_loss=8.8746e-02
E23/24 B26700/36000 batch_loss=9.3345e-02
E23/24 B26800/36000 batch_loss=1.4112e-01
E23/24 B26900/36000 batch_loss=1.4242e-01
E23/24 B27000/36000 batch_loss=1.0641e-01
E23/24 B27100/36000 batch_loss=1.5117e-01
E23/24 B27200/36000 batch_loss=1.5667e-01
E23/24 B27300/36000 batch_loss=1.5087e-01
E23/24 B27400/36000 batch_loss=1.4183e-01
E23/24 B27500/36000 batch_loss=1.5642e-01
E23/24 B27600/36000 batch_loss=9.6689e-02
E23/24 B27700/36000 batch_loss=1.4588e-01
E23/24 B27800/36000 batch_loss=1.4534e-01
E23/24 B27900/36000 batch_loss=1.3222e-01
E23/24 B28000/36000 batch_loss=1.0304e-01
E23/24 B28100/36000 batch_loss=1.0342e-01
E23/24 B28200/36000 batch_loss=1.1532e-01
E23/24 B28300/36000 batch_loss=8.9256e-02
E23/24 B28400/36000 batch_loss=1.0093e-01
E23/24 B28500/36000 batch_loss=1.3942e-01
E23/24 B28600/36000 batch_loss=1.5565e-01
E23/24 B28700/36000 batch_loss=1.4834e-01
E23/24 B28800/36000 batch_loss=9.7532e-02
E23/24 B28900/36000 batch_loss=1.0696e-01
E23/24 B29000/36000 batch_loss=1.1537e-01
E23/24 B29100/36000 batch_loss=9.2676e-02
E23/24 B29200/36000 batch_loss=1.2092e-01
E23/24 B29300/36000 batch_loss=1.3529e-01
E23/24 B29400/36000 batch_loss=1.4699e-01
E23/24 B29500/36000 batch_loss=9.2405e-02
E23/24 B29600/36000 batch_loss=1.0106e-01
E23/24 B29700/36000 batch_loss=1.0862e-01
E23/24 B29800/36000 batch_loss=1.4193e-01
E23/24 B29900/36000 batch_loss=1.4477e-01
E23/24 B30000/36000 batch_loss=1.0011e-01
E23/24 B30100/36000 batch_loss=1.0067e-01
E23/24 B30200/36000 batch_loss=9.9911e-02
E23/24 B30300/36000 batch_loss=1.0548e-01
E23/24 B30400/36000 batch_loss=1.0583e-01
E23/24 B30500/36000 batch_loss=1.0582e-01
E23/24 B30600/36000 batch_loss=1.0557e-01
E23/24 B30700/36000 batch_loss=1.4616e-01
E23/24 B30800/36000 batch_loss=1.1175e-01
E23/24 B30900/36000 batch_loss=1.4666e-01
E23/24 B31000/36000 batch_loss=1.0329e-01
E23/24 B31100/36000 batch_loss=9.7229e-02
E23/24 B31200/36000 batch_loss=1.1089e-01
E23/24 B31300/36000 batch_loss=1.0392e-01
E23/24 B31400/36000 batch_loss=1.3521e-01
E23/24 B31500/36000 batch_loss=1.1010e-01
E23/24 B31600/36000 batch_loss=1.0006e-01
E23/24 B31700/36000 batch_loss=1.5229e-01
E23/24 B31800/36000 batch_loss=9.7756e-02
E23/24 B31900/36000 batch_loss=9.9714e-02
E23/24 B32000/36000 batch_loss=1.5761e-01
E23/24 B32100/36000 batch_loss=9.5304e-02
E23/24 B32200/36000 batch_loss=1.4515e-01
E23/24 B32300/36000 batch_loss=8.8788e-02
E23/24 B32400/36000 batch_loss=9.3729e-02
E23/24 B32500/36000 batch_loss=1.0756e-01
E23/24 B32600/36000 batch_loss=1.6191e-01
E23/24 B32700/36000 batch_loss=1.5045e-01
E23/24 B32800/36000 batch_loss=1.4317e-01
E23/24 B32900/36000 batch_loss=9.4490e-02
E23/24 B33000/36000 batch_loss=1.1626e-01
E23/24 B33100/36000 batch_loss=1.4885e-01
E23/24 B33200/36000 batch_loss=9.5877e-02
E23/24 B33300/36000 batch_loss=9.6772e-02
E23/24 B33400/36000 batch_loss=1.4301e-01
E23/24 B33500/36000 batch_loss=9.7380e-02
E23/24 B33600/36000 batch_loss=1.0577e-01
E23/24 B33700/36000 batch_loss=1.5613e-01
E23/24 B33800/36000 batch_loss=1.1482e-01
E23/24 B33900/36000 batch_loss=1.5166e-01
E23/24 B34000/36000 batch_loss=1.5298e-01
E23/24 B34100/36000 batch_loss=1.5500e-01
E23/24 B34200/36000 batch_loss=1.1502e-01
E23/24 B34300/36000 batch_loss=1.6161e-01
E23/24 B34400/36000 batch_loss=1.4312e-01
E23/24 B34500/36000 batch_loss=1.3881e-01
E23/24 B34600/36000 batch_loss=1.4056e-01
E23/24 B34700/36000 batch_loss=1.5240e-01
E23/24 B34800/36000 batch_loss=1.0086e-01
E23/24 B34900/36000 batch_loss=1.4907e-01
E23/24 B35000/36000 batch_loss=1.4347e-01
E23/24 B35100/36000 batch_loss=1.4402e-01
E23/24 B35200/36000 batch_loss=1.6398e-01
E23/24 B35300/36000 batch_loss=1.3504e-01
E23/24 B35400/36000 batch_loss=1.1096e-01
E23/24 B35500/36000 batch_loss=1.1168e-01
E23/24 B35600/36000 batch_loss=9.6612e-02
E23/24 B35700/36000 batch_loss=9.9238e-02
E23/24 B35800/36000 batch_loss=1.4429e-01
E23/24 B35900/36000 batch_loss=9.9051e-02
E23/24 B36000/36000 batch_loss=1.0574e-01
2026-07-15 13:15:18,938 | INFO | Saved 10 diagnostic panel(s) under D:\Research\NO-2D-Metamaterials\MODELS\training_runs\NO_I3O5_BCF16_NMAE_HC128_LR2e-03_WD0e+00_L1P1e-08_SS1_G9e-01_ch0u_260711\diagnostics\epoch_023
epoch=23/24 loss=nmae train_nmae=1.262202e-01 val_nmae=2.330229e-01 train_mae=1.204837e-03 val_mae=1.979509e-03 train_mse=2.375896e-05 val_mse=5.097225e-05 lr=1.773e-04 train_sps=1574.9
2026-07-15 13:15:20,332 | INFO | epoch=23/24 loss=nmae train_nmae=1.262202e-01 val_nmae=2.330229e-01 train_mae=1.204837e-03 val_mae=1.979509e-03 train_mse=2.375896e-05 val_mse=5.097225e-05 lr=1.773e-04 train_sps=1574.9
2026-07-15 13:15:20,332 | INFO | epoch=23/24 loss_ch_nmae train=7.422e-03 1.362e-01 1.376e-01 1.756e-01 1.743e-01 val=7.960e-03 2.502e-01 2.607e-01 3.223e-01 3.240e-01
2026-07-15 13:15:20,332 | INFO | epoch=23/24 mae_ch train=4.756e-04 1.254e-03 1.174e-03 1.611e-03 1.510e-03 val=4.869e-04 2.129e-03 2.016e-03 2.723e-03 2.543e-03 mse_ch train=1.099e-05 2.097e-05 1.906e-05 3.623e-05 3.154e-05 val=2.249e-06 5.191e-05 4.870e-05 8.189e-05 7.011e-05
Epoch 23/24 done | loss=nmae train=1.2622e-01 val=2.3302e-01 mae=1.9795e-03 mse=5.0972e-05 lr=1.77e-04
E24/24 B100/36000 batch_loss=1.3992e-01
E24/24 B200/36000 batch_loss=1.5890e-01
E24/24 B300/36000 batch_loss=1.5416e-01
E24/24 B400/36000 batch_loss=1.5047e-01
E24/24 B500/36000 batch_loss=1.0184e-01
E24/24 B600/36000 batch_loss=1.4776e-01
E24/24 B700/36000 batch_loss=1.0154e-01
E24/24 B800/36000 batch_loss=1.0839e-01
E24/24 B900/36000 batch_loss=1.4737e-01
E24/24 B1000/36000 batch_loss=9.5863e-02
E24/24 B1100/36000 batch_loss=1.3088e-01
E24/24 B1200/36000 batch_loss=1.4962e-01
E24/24 B1300/36000 batch_loss=1.3300e-01
E24/24 B1400/36000 batch_loss=1.3809e-01
E24/24 B1500/36000 batch_loss=1.3635e-01
E24/24 B1600/36000 batch_loss=1.4435e-01
E24/24 B1700/36000 batch_loss=1.5233e-01
E24/24 B1800/36000 batch_loss=1.0452e-01
E24/24 B1900/36000 batch_loss=1.3864e-01
E24/24 B2000/36000 batch_loss=1.5716e-01
E24/24 B2100/36000 batch_loss=8.8594e-02
E24/24 B2200/36000 batch_loss=1.4824e-01
E24/24 B2300/36000 batch_loss=1.3181e-01
E24/24 B2400/36000 batch_loss=1.5522e-01
E24/24 B2500/36000 batch_loss=1.0497e-01
E24/24 B2600/36000 batch_loss=1.5402e-01
E24/24 B2700/36000 batch_loss=1.2671e-01
E24/24 B2800/36000 batch_loss=9.9907e-02
E24/24 B2900/36000 batch_loss=1.6035e-01
E24/24 B3000/36000 batch_loss=1.5999e-01
E24/24 B3100/36000 batch_loss=1.3897e-01
E24/24 B3200/36000 batch_loss=9.0592e-02
E24/24 B3300/36000 batch_loss=1.0096e-01
E24/24 B3400/36000 batch_loss=1.4158e-01
E24/24 B3500/36000 batch_loss=1.0976e-01
E24/24 B3600/36000 batch_loss=1.0823e-01
E24/24 B3700/36000 batch_loss=1.4534e-01
E24/24 B3800/36000 batch_loss=7.8536e-02
E24/24 B3900/36000 batch_loss=9.6899e-02
E24/24 B4000/36000 batch_loss=8.5604e-02
E24/24 B4100/36000 batch_loss=1.5576e-01
E24/24 B4200/36000 batch_loss=9.2990e-02
E24/24 B4300/36000 batch_loss=9.5167e-02
E24/24 B4400/36000 batch_loss=1.1333e-01
E24/24 B4500/36000 batch_loss=1.4065e-01
E24/24 B4600/36000 batch_loss=8.9364e-02
E24/24 B4700/36000 batch_loss=1.5183e-01
E24/24 B4800/36000 batch_loss=1.1036e-01
E24/24 B4900/36000 batch_loss=1.5687e-01
E24/24 B5000/36000 batch_loss=1.0666e-01
E24/24 B5100/36000 batch_loss=1.5028e-01
E24/24 B5200/36000 batch_loss=1.3631e-01
E24/24 B5300/36000 batch_loss=1.4727e-01
E24/24 B5400/36000 batch_loss=1.4118e-01
E24/24 B5500/36000 batch_loss=1.3362e-01
E24/24 B5600/36000 batch_loss=1.1401e-01
E24/24 B5700/36000 batch_loss=1.2228e-01
E24/24 B5800/36000 batch_loss=9.8367e-02
E24/24 B5900/36000 batch_loss=1.0556e-01
E24/24 B6000/36000 batch_loss=8.5707e-02
E24/24 B6100/36000 batch_loss=1.4741e-01
E24/24 B6200/36000 batch_loss=1.5102e-01
E24/24 B6300/36000 batch_loss=1.4456e-01
E24/24 B6400/36000 batch_loss=1.5841e-01
E24/24 B6500/36000 batch_loss=1.5020e-01
E24/24 B6600/36000 batch_loss=1.3565e-01
E24/24 B6700/36000 batch_loss=1.4143e-01
E24/24 B6800/36000 batch_loss=1.5100e-01
E24/24 B6900/36000 batch_loss=1.0425e-01
E24/24 B7000/36000 batch_loss=8.4847e-02
E24/24 B7100/36000 batch_loss=1.1038e-01
E24/24 B7200/36000 batch_loss=1.1809e-01
E24/24 B7300/36000 batch_loss=1.4065e-01
E24/24 B7400/36000 batch_loss=1.3549e-01
E24/24 B7500/36000 batch_loss=1.4825e-01
E24/24 B7600/36000 batch_loss=1.4338e-01
E24/24 B7700/36000 batch_loss=9.4805e-02
E24/24 B7800/36000 batch_loss=1.6000e-01
E24/24 B7900/36000 batch_loss=1.4944e-01
E24/24 B8000/36000 batch_loss=1.1442e-01
E24/24 B8100/36000 batch_loss=9.9126e-02
E24/24 B8200/36000 batch_loss=1.4554e-01
E24/24 B8300/36000 batch_loss=1.1152e-01
E24/24 B8400/36000 batch_loss=1.1059e-01
E24/24 B8500/36000 batch_loss=1.0170e-01
E24/24 B8600/36000 batch_loss=1.1100e-01
E24/24 B8700/36000 batch_loss=1.1074e-01
E24/24 B8800/36000 batch_loss=1.3434e-01
E24/24 B8900/36000 batch_loss=1.4356e-01
E24/24 B9000/36000 batch_loss=9.7469e-02
E24/24 B9100/36000 batch_loss=1.5727e-01
E24/24 B9200/36000 batch_loss=1.5521e-01
E24/24 B9300/36000 batch_loss=1.4921e-01
E24/24 B9400/36000 batch_loss=9.7738e-02
E24/24 B9500/36000 batch_loss=1.3041e-01
E24/24 B9600/36000 batch_loss=1.5548e-01
E24/24 B9700/36000 batch_loss=1.2255e-01
E24/24 B9800/36000 batch_loss=1.5667e-01
E24/24 B9900/36000 batch_loss=1.0186e-01
E24/24 B10000/36000 batch_loss=1.3872e-01
E24/24 B10100/36000 batch_loss=1.0059e-01
E24/24 B10200/36000 batch_loss=1.0021e-01
E24/24 B10300/36000 batch_loss=1.1098e-01
E24/24 B10400/36000 batch_loss=1.0230e-01
E24/24 B10500/36000 batch_loss=1.5417e-01
E24/24 B10600/36000 batch_loss=8.6163e-02
E24/24 B10700/36000 batch_loss=1.0399e-01
E24/24 B10800/36000 batch_loss=1.0695e-01
E24/24 B10900/36000 batch_loss=9.3567e-02
E24/24 B11000/36000 batch_loss=1.4088e-01
E24/24 B11100/36000 batch_loss=1.6315e-01
E24/24 B11200/36000 batch_loss=9.6183e-02
E24/24 B11300/36000 batch_loss=1.0674e-01
E24/24 B11400/36000 batch_loss=1.4696e-01
E24/24 B11500/36000 batch_loss=1.5308e-01
E24/24 B11600/36000 batch_loss=1.4591e-01
E24/24 B11700/36000 batch_loss=1.4885e-01
E24/24 B11800/36000 batch_loss=1.3926e-01
E24/24 B11900/36000 batch_loss=1.0253e-01
E24/24 B12000/36000 batch_loss=1.4434e-01
E24/24 B12100/36000 batch_loss=1.6274e-01
E24/24 B12200/36000 batch_loss=9.6876e-02
E24/24 B12300/36000 batch_loss=1.6377e-01
E24/24 B12400/36000 batch_loss=1.0187e-01
E24/24 B12500/36000 batch_loss=1.7737e-01
E24/24 B12600/36000 batch_loss=1.5130e-01
E24/24 B12700/36000 batch_loss=1.0721e-01
E24/24 B12800/36000 batch_loss=1.5400e-01
E24/24 B12900/36000 batch_loss=9.8915e-02
E24/24 B13000/36000 batch_loss=1.0317e-01
E24/24 B13100/36000 batch_loss=1.0150e-01
E24/24 B13200/36000 batch_loss=1.2023e-01
E24/24 B13300/36000 batch_loss=1.0365e-01
E24/24 B13400/36000 batch_loss=9.5396e-02
E24/24 B13500/36000 batch_loss=1.0514e-01
E24/24 B13600/36000 batch_loss=9.2417e-02
E24/24 B13700/36000 batch_loss=1.0828e-01
E24/24 B13800/36000 batch_loss=1.2901e-01
E24/24 B13900/36000 batch_loss=1.5636e-01
E24/24 B14000/36000 batch_loss=1.4394e-01
E24/24 B14100/36000 batch_loss=1.1151e-01
E24/24 B14200/36000 batch_loss=1.6592e-01
E24/24 B14300/36000 batch_loss=9.0853e-02
E24/24 B14400/36000 batch_loss=9.2126e-02
E24/24 B14500/36000 batch_loss=1.4426e-01
E24/24 B14600/36000 batch_loss=9.4445e-02
E24/24 B14700/36000 batch_loss=8.0707e-02
E24/24 B14800/36000 batch_loss=1.1128e-01
E24/24 B14900/36000 batch_loss=1.5925e-01
E24/24 B15000/36000 batch_loss=1.0042e-01
E24/24 B15100/36000 batch_loss=1.5668e-01
E24/24 B15200/36000 batch_loss=1.4169e-01
E24/24 B15300/36000 batch_loss=9.5886e-02
E24/24 B15400/36000 batch_loss=1.0546e-01
E24/24 B15500/36000 batch_loss=1.1065e-01
E24/24 B15600/36000 batch_loss=1.0493e-01
E24/24 B15700/36000 batch_loss=1.1734e-01
E24/24 B15800/36000 batch_loss=9.3221e-02
E24/24 B15900/36000 batch_loss=1.3473e-01
E24/24 B16000/36000 batch_loss=1.2607e-01
E24/24 B16100/36000 batch_loss=1.0186e-01
E24/24 B16200/36000 batch_loss=8.8190e-02
E24/24 B16300/36000 batch_loss=1.0076e-01
E24/24 B16400/36000 batch_loss=1.3973e-01
E24/24 B16500/36000 batch_loss=1.2791e-01
E24/24 B16600/36000 batch_loss=1.3733e-01
E24/24 B16700/36000 batch_loss=1.4886e-01
E24/24 B16800/36000 batch_loss=9.9969e-02
E24/24 B16900/36000 batch_loss=1.5543e-01
E24/24 B17000/36000 batch_loss=8.9214e-02
E24/24 B17100/36000 batch_loss=9.2341e-02
E24/24 B17200/36000 batch_loss=1.4916e-01
E24/24 B17300/36000 batch_loss=1.0384e-01
E24/24 B17400/36000 batch_loss=9.6438e-02
E24/24 B17500/36000 batch_loss=1.0783e-01
E24/24 B17600/36000 batch_loss=1.5506e-01
E24/24 B17700/36000 batch_loss=8.4945e-02
E24/24 B17800/36000 batch_loss=9.8990e-02
E24/24 B17900/36000 batch_loss=1.0564e-01
E24/24 B18000/36000 batch_loss=1.4752e-01
E24/24 B18100/36000 batch_loss=1.6851e-01
E24/24 B18200/36000 batch_loss=1.4418e-01
E24/24 B18300/36000 batch_loss=1.0554e-01
E24/24 B18400/36000 batch_loss=1.2264e-01
E24/24 B18500/36000 batch_loss=1.0058e-01
E24/24 B18600/36000 batch_loss=1.3985e-01
E24/24 B18700/36000 batch_loss=1.4173e-01
E24/24 B18800/36000 batch_loss=1.1448e-01
E24/24 B18900/36000 batch_loss=1.4821e-01
E24/24 B19000/36000 batch_loss=9.9371e-02
E24/24 B19100/36000 batch_loss=1.0904e-01
E24/24 B19200/36000 batch_loss=1.0149e-01
E24/24 B19300/36000 batch_loss=1.4509e-01
E24/24 B19400/36000 batch_loss=1.0641e-01
E24/24 B19500/36000 batch_loss=1.5396e-01
E24/24 B19600/36000 batch_loss=1.5941e-01
E24/24 B19700/36000 batch_loss=1.4964e-01
E24/24 B19800/36000 batch_loss=1.0304e-01
E24/24 B19900/36000 batch_loss=1.3818e-01
E24/24 B20000/36000 batch_loss=1.0669e-01
E24/24 B20100/36000 batch_loss=1.1612e-01
E24/24 B20200/36000 batch_loss=1.5176e-01
E24/24 B20300/36000 batch_loss=1.3843e-01
E24/24 B20400/36000 batch_loss=1.5373e-01
E24/24 B20500/36000 batch_loss=9.9047e-02
E24/24 B20600/36000 batch_loss=1.5084e-01
E24/24 B20700/36000 batch_loss=1.0751e-01
E24/24 B20800/36000 batch_loss=9.8140e-02
E24/24 B20900/36000 batch_loss=1.4608e-01
E24/24 B21000/36000 batch_loss=1.0160e-01
E24/24 B21100/36000 batch_loss=1.5673e-01
E24/24 B21200/36000 batch_loss=1.3862e-01
E24/24 B21300/36000 batch_loss=1.6502e-01
E24/24 B21400/36000 batch_loss=9.3161e-02
E24/24 B21500/36000 batch_loss=1.5592e-01
E24/24 B21600/36000 batch_loss=1.5003e-01
E24/24 B21700/36000 batch_loss=1.3885e-01
E24/24 B21800/36000 batch_loss=1.4741e-01
E24/24 B21900/36000 batch_loss=1.5383e-01
E24/24 B22000/36000 batch_loss=1.5686e-01
E24/24 B22100/36000 batch_loss=1.4525e-01
E24/24 B22200/36000 batch_loss=1.5531e-01
E24/24 B22300/36000 batch_loss=9.9054e-02
E24/24 B22400/36000 batch_loss=1.0534e-01
E24/24 B22500/36000 batch_loss=1.5193e-01
E24/24 B22600/36000 batch_loss=9.3973e-02
E24/24 B22700/36000 batch_loss=1.0858e-01
E24/24 B22800/36000 batch_loss=9.1572e-02
E24/24 B22900/36000 batch_loss=1.4815e-01
E24/24 B23000/36000 batch_loss=9.8316e-02
E24/24 B23100/36000 batch_loss=1.4805e-01
E24/24 B23200/36000 batch_loss=1.5790e-01
E24/24 B23300/36000 batch_loss=1.3053e-01
E24/24 B23400/36000 batch_loss=1.1090e-01
E24/24 B23500/36000 batch_loss=1.0708e-01
E24/24 B23600/36000 batch_loss=1.0672e-01
E24/24 B23700/36000 batch_loss=1.5876e-01
E24/24 B23800/36000 batch_loss=9.6320e-02
E24/24 B23900/36000 batch_loss=1.1363e-01
E24/24 B24000/36000 batch_loss=1.4887e-01
E24/24 B24100/36000 batch_loss=1.3862e-01
E24/24 B24200/36000 batch_loss=1.0045e-01
E24/24 B24300/36000 batch_loss=1.4136e-01
E24/24 B24400/36000 batch_loss=1.4966e-01
E24/24 B24500/36000 batch_loss=1.5631e-01
E24/24 B24600/36000 batch_loss=9.9063e-02
E24/24 B24700/36000 batch_loss=9.5320e-02
E24/24 B24800/36000 batch_loss=8.8178e-02
E24/24 B24900/36000 batch_loss=9.1632e-02
E24/24 B25000/36000 batch_loss=1.0393e-01
E24/24 B25100/36000 batch_loss=1.0942e-01
E24/24 B25200/36000 batch_loss=8.7460e-02
E24/24 B25300/36000 batch_loss=1.1311e-01
E24/24 B25400/36000 batch_loss=1.0744e-01
E24/24 B25500/36000 batch_loss=1.4385e-01
E24/24 B25600/36000 batch_loss=1.4187e-01
E24/24 B25700/36000 batch_loss=8.9895e-02
E24/24 B25800/36000 batch_loss=1.4331e-01
E24/24 B25900/36000 batch_loss=1.5115e-01
E24/24 B26000/36000 batch_loss=1.0777e-01
E24/24 B26100/36000 batch_loss=1.1162e-01
E24/24 B26200/36000 batch_loss=1.5062e-01
E24/24 B26300/36000 batch_loss=9.7705e-02
E24/24 B26400/36000 batch_loss=1.4785e-01
E24/24 B26500/36000 batch_loss=1.4436e-01
E24/24 B26600/36000 batch_loss=1.5580e-01
E24/24 B26700/36000 batch_loss=1.5908e-01
E24/24 B26800/36000 batch_loss=1.3679e-01
E24/24 B26900/36000 batch_loss=1.5021e-01
E24/24 B27000/36000 batch_loss=9.3686e-02
E24/24 B27100/36000 batch_loss=9.2561e-02
E24/24 B27200/36000 batch_loss=8.9705e-02
E24/24 B27300/36000 batch_loss=1.0453e-01
E24/24 B27400/36000 batch_loss=1.4027e-01
E24/24 B27500/36000 batch_loss=1.5196e-01
E24/24 B27600/36000 batch_loss=1.5495e-01
E24/24 B27700/36000 batch_loss=1.0190e-01
E24/24 B27800/36000 batch_loss=1.5560e-01
E24/24 B27900/36000 batch_loss=1.4203e-01
E24/24 B28000/36000 batch_loss=1.5249e-01
E24/24 B28100/36000 batch_loss=1.4008e-01
E24/24 B28200/36000 batch_loss=1.4687e-01
E24/24 B28300/36000 batch_loss=9.5261e-02
E24/24 B28400/36000 batch_loss=1.0140e-01
E24/24 B28500/36000 batch_loss=9.0677e-02
E24/24 B28600/36000 batch_loss=9.5372e-02
E24/24 B28700/36000 batch_loss=8.8526e-02
E24/24 B28800/36000 batch_loss=1.4758e-01
E24/24 B28900/36000 batch_loss=1.0725e-01
E24/24 B29000/36000 batch_loss=1.3223e-01
E24/24 B29100/36000 batch_loss=9.4152e-02
E24/24 B29200/36000 batch_loss=1.1131e-01
E24/24 B29300/36000 batch_loss=1.0698e-01
E24/24 B29400/36000 batch_loss=9.7603e-02
E24/24 B29500/36000 batch_loss=9.6741e-02
E24/24 B29600/36000 batch_loss=1.4681e-01
E24/24 B29700/36000 batch_loss=1.5854e-01
E24/24 B29800/36000 batch_loss=1.4004e-01
E24/24 B29900/36000 batch_loss=1.3612e-01
E24/24 B30000/36000 batch_loss=1.5596e-01
E24/24 B30100/36000 batch_loss=1.5724e-01
E24/24 B30200/36000 batch_loss=1.0820e-01
E24/24 B30300/36000 batch_loss=9.6862e-02
E24/24 B30400/36000 batch_loss=1.0379e-01
E24/24 B30500/36000 batch_loss=1.0903e-01
E24/24 B30600/36000 batch_loss=1.0436e-01
E24/24 B30700/36000 batch_loss=1.1632e-01
E24/24 B30800/36000 batch_loss=1.0220e-01
E24/24 B30900/36000 batch_loss=1.4090e-01
E24/24 B31000/36000 batch_loss=1.4288e-01
E24/24 B31100/36000 batch_loss=1.0981e-01
E24/24 B31200/36000 batch_loss=1.3886e-01
E24/24 B31300/36000 batch_loss=1.4036e-01
E24/24 B31400/36000 batch_loss=9.7993e-02
E24/24 B31500/36000 batch_loss=1.2318e-01
E24/24 B31600/36000 batch_loss=1.0116e-01
E24/24 B31700/36000 batch_loss=1.3380e-01
E24/24 B31800/36000 batch_loss=9.4575e-02
E24/24 B31900/36000 batch_loss=1.4335e-01
E24/24 B32000/36000 batch_loss=1.2813e-01
E24/24 B32100/36000 batch_loss=1.1163e-01
E24/24 B32200/36000 batch_loss=1.0008e-01
E24/24 B32300/36000 batch_loss=1.4549e-01
E24/24 B32400/36000 batch_loss=1.0700e-01
E24/24 B32500/36000 batch_loss=1.5136e-01
E24/24 B32600/36000 batch_loss=9.5512e-02
E24/24 B32700/36000 batch_loss=1.0560e-01
E24/24 B32800/36000 batch_loss=1.0578e-01
E24/24 B32900/36000 batch_loss=9.7212e-02
E24/24 B33000/36000 batch_loss=1.6161e-01
E24/24 B33100/36000 batch_loss=1.5306e-01
E24/24 B33200/36000 batch_loss=9.5266e-02
E24/24 B33300/36000 batch_loss=1.4955e-01
E24/24 B33400/36000 batch_loss=9.0161e-02
E24/24 B33500/36000 batch_loss=1.4249e-01
E24/24 B33600/36000 batch_loss=1.3231e-01
E24/24 B33700/36000 batch_loss=1.4424e-01
E24/24 B33800/36000 batch_loss=1.4913e-01
E24/24 B33900/36000 batch_loss=1.3491e-01
E24/24 B34000/36000 batch_loss=9.2298e-02
E24/24 B34100/36000 batch_loss=1.0922e-01
E24/24 B34200/36000 batch_loss=1.6203e-01
E24/24 B34300/36000 batch_loss=9.6750e-02
E24/24 B34400/36000 batch_loss=1.1316e-01
E24/24 B34500/36000 batch_loss=1.4741e-01
E24/24 B34600/36000 batch_loss=1.1608e-01
E24/24 B34700/36000 batch_loss=1.3565e-01
E24/24 B34800/36000 batch_loss=1.3760e-01
E24/24 B34900/36000 batch_loss=1.4292e-01
E24/24 B35000/36000 batch_loss=8.4274e-02
E24/24 B35100/36000 batch_loss=1.1131e-01
E24/24 B35200/36000 batch_loss=1.4365e-01
E24/24 B35300/36000 batch_loss=1.4250e-01
E24/24 B35400/36000 batch_loss=1.4076e-01
E24/24 B35500/36000 batch_loss=1.0443e-01
E24/24 B35600/36000 batch_loss=9.7845e-02
E24/24 B35700/36000 batch_loss=1.1808e-01
E24/24 B35800/36000 batch_loss=1.0573e-01
E24/24 B35900/36000 batch_loss=9.4767e-02
E24/24 B36000/36000 batch_loss=1.4928e-01
2026-07-15 16:55:08,064 | INFO | Saved 10 diagnostic panel(s) under D:\Research\NO-2D-Metamaterials\MODELS\training_runs\NO_I3O5_BCF16_NMAE_HC128_LR2e-03_WD0e+00_L1P1e-08_SS1_G9e-01_ch0u_260711\diagnostics\epoch_024
epoch=24/24 loss=nmae train_nmae=1.238288e-01 val_nmae=2.326406e-01 train_mae=1.182241e-03 val_mae=2.021486e-03 train_mse=2.318647e-05 val_mse=5.115747e-05 lr=1.595e-04 train_sps=1516.2
2026-07-15 16:55:09,606 | INFO | epoch=24/24 loss=nmae train_nmae=1.238288e-01 val_nmae=2.326406e-01 train_mae=1.182241e-03 val_mae=2.021486e-03 train_mse=2.318647e-05 val_mse=5.115747e-05 lr=1.595e-04 train_sps=1516.2
2026-07-15 16:55:09,606 | INFO | epoch=24/24 loss_ch_nmae train=7.306e-03 1.339e-01 1.351e-01 1.719e-01 1.708e-01 val=1.157e-02 2.501e-01 2.593e-01 3.215e-01 3.208e-01
2026-07-15 16:55:09,607 | INFO | epoch=24/24 mae_ch train=4.681e-04 1.233e-03 1.152e-03 1.577e-03 1.480e-03 val=7.398e-04 2.128e-03 2.005e-03 2.716e-03 2.519e-03 mse_ch train=1.093e-05 2.047e-05 1.861e-05 3.517e-05 3.075e-05 val=2.442e-06 5.243e-05 4.872e-05 8.221e-05 6.999e-05
Epoch 24/24 done | loss=nmae train=1.2383e-01 val=2.3264e-01 mae=2.0215e-03 mse=5.1157e-05 lr=1.60e-04
2026-07-15 16:55:09,907 | INFO | Run complete | run_name=NO_I3O5_BCF16_NMAE_HC128_LR2e-03_WD0e+00_L1P1e-08_SS1_G9e-01_ch0u_260711 run_id=NO_I3O5_BCF16_NMAE_HC128_LR2e-03_WD0e+00_L1P1e-08_SS1_G9e-01_ch0u_260711 best_val_loss=2.326406e-01
2026-07-15 16:55:09,907 | INFO | Artifacts saved to: D:\Research\NO-2D-Metamaterials\MODELS\training_runs\NO_I3O5_BCF16_NMAE_HC128_LR2e-03_WD0e+00_L1P1e-08_SS1_G9e-01_ch0u_260711
Run complete. run_name=NO_I3O5_BCF16_NMAE_HC128_LR2e-03_WD0e+00_L1P1e-08_SS1_G9e-01_ch0u_260711 run_id=NO_I3O5_BCF16_NMAE_HC128_LR2e-03_WD0e+00_L1P1e-08_SS1_G9e-01_ch0u_260711 best_val_loss=2.326406e-01
Artifacts saved to: D:\Research\NO-2D-Metamaterials\MODELS\training_runs\NO_I3O5_BCF16_NMAE_HC128_LR2e-03_WD0e+00_L1P1e-08_SS1_G9e-01_ch0u_260711
