2026-07-15 21:00:40,471 | INFO | Perf backends | tf32=True cudnn_benchmark=True matmul_precision=high amp=bf16
2026-07-15 21:00:52,351 | INFO | L1 weight penalty lambda=1.000000e-08 (added to training loss)
2026-07-15 21:00:52,353 | INFO | NMAE epsilon=1.000000e-05
2026-07-15 21:00:52,353 | INFO | Loss logging: active=nmae; every epoch records train/val nmae, MAE, and MSE
2026-07-15 21:00:53,463 | INFO | Resumed full state from D:\Research\NO-2D-Metamaterials\MODELS\training_runs\NO_I3O5_BCF16_NMAE_HC128_LR2e-03_WD0e+00_L1P1e-08_SS1_G9e-01_ch0u_260711\training_state_latest.pt at epoch=24
2026-07-15 21:00:53,468 | INFO | Run started | run_name=NO_I3O5_BCF16_NMAE_HC128_LR2e-03_WD0e+00_L1P1e-08_SS1_G9e-01_ch0u_260711 run_id=NO_I3O5_BCF16_NMAE_HC128_LR2e-03_WD0e+00_L1P1e-08_SS1_G9e-01_ch0u_260711 device=cuda train_samples=18720000 test_samples=3900000 val_index_source=indices_full epoch_range=25..25
2026-07-15 21:00:53,468 | INFO | Fault diagnostics | main_fault_log=D:\Research\NO-2D-Metamaterials\MODELS\training_runs\NO_I3O5_BCF16_NMAE_HC128_LR2e-03_WD0e+00_L1P1e-08_SS1_G9e-01_ch0u_260711\main_process_fault.log
E25/25 B100/36000 batch_loss=1.4533e-01
E25/25 B200/36000 batch_loss=9.6294e-02
E25/25 B300/36000 batch_loss=1.6132e-01
E25/25 B400/36000 batch_loss=1.3638e-01
E25/25 B500/36000 batch_loss=1.2516e-01
E25/25 B600/36000 batch_loss=1.2111e-01
E25/25 B700/36000 batch_loss=9.8488e-02
E25/25 B800/36000 batch_loss=9.4307e-02
E25/25 B900/36000 batch_loss=1.0687e-01
E25/25 B1000/36000 batch_loss=1.5297e-01
E25/25 B1100/36000 batch_loss=9.5251e-02
E25/25 B1200/36000 batch_loss=1.3854e-01
E25/25 B1300/36000 batch_loss=1.0509e-01
E25/25 B1400/36000 batch_loss=1.3320e-01
E25/25 B1500/36000 batch_loss=8.8850e-02
E25/25 B1600/36000 batch_loss=1.4910e-01
E25/25 B1700/36000 batch_loss=9.3784e-02
E25/25 B1800/36000 batch_loss=9.1443e-02
E25/25 B1900/36000 batch_loss=1.0005e-01
E25/25 B2000/36000 batch_loss=1.4326e-01
E25/25 B2100/36000 batch_loss=1.3485e-01
E25/25 B2200/36000 batch_loss=1.5462e-01
E25/25 B2300/36000 batch_loss=1.5442e-01
E25/25 B2400/36000 batch_loss=1.2575e-01
E25/25 B2500/36000 batch_loss=1.0005e-01
E25/25 B2600/36000 batch_loss=9.9934e-02
E25/25 B2700/36000 batch_loss=1.0436e-01
E25/25 B2800/36000 batch_loss=1.3204e-01
E25/25 B2900/36000 batch_loss=8.7285e-02
E25/25 B3000/36000 batch_loss=1.0548e-01
E25/25 B3100/36000 batch_loss=1.5912e-01
E25/25 B3200/36000 batch_loss=1.0063e-01
E25/25 B3300/36000 batch_loss=1.0206e-01
E25/25 B3400/36000 batch_loss=1.4636e-01
E25/25 B3500/36000 batch_loss=1.4746e-01
E25/25 B3600/36000 batch_loss=1.0017e-01
E25/25 B3700/36000 batch_loss=9.4540e-02
E25/25 B3800/36000 batch_loss=8.8654e-02
E25/25 B3900/36000 batch_loss=9.7322e-02
E25/25 B4000/36000 batch_loss=1.1496e-01
E25/25 B4100/36000 batch_loss=1.7196e-01
E25/25 B4200/36000 batch_loss=1.3615e-01
E25/25 B4300/36000 batch_loss=9.5249e-02
E25/25 B4400/36000 batch_loss=9.4464e-02
E25/25 B4500/36000 batch_loss=9.6935e-02
E25/25 B4600/36000 batch_loss=9.6128e-02
E25/25 B4700/36000 batch_loss=1.4011e-01
E25/25 B4800/36000 batch_loss=1.0177e-01
E25/25 B4900/36000 batch_loss=1.0098e-01
E25/25 B5000/36000 batch_loss=1.0181e-01
E25/25 B5100/36000 batch_loss=1.4524e-01
E25/25 B5200/36000 batch_loss=1.0633e-01
E25/25 B5300/36000 batch_loss=8.4003e-02
E25/25 B5400/36000 batch_loss=1.4784e-01
E25/25 B5500/36000 batch_loss=8.6929e-02
E25/25 B5600/36000 batch_loss=9.3232e-02
E25/25 B5700/36000 batch_loss=1.3208e-01
E25/25 B5800/36000 batch_loss=1.4965e-01
E25/25 B5900/36000 batch_loss=1.3897e-01
E25/25 B6000/36000 batch_loss=9.7976e-02
E25/25 B6100/36000 batch_loss=8.4066e-02
E25/25 B6200/36000 batch_loss=8.5625e-02
E25/25 B6300/36000 batch_loss=1.3458e-01
E25/25 B6400/36000 batch_loss=1.4038e-01
E25/25 B6500/36000 batch_loss=1.3910e-01
E25/25 B6600/36000 batch_loss=9.5208e-02
E25/25 B6700/36000 batch_loss=1.1502e-01
E25/25 B6800/36000 batch_loss=8.7526e-02
E25/25 B6900/36000 batch_loss=9.1478e-02
E25/25 B7000/36000 batch_loss=1.4196e-01
E25/25 B7100/36000 batch_loss=1.5617e-01
E25/25 B7200/36000 batch_loss=8.5485e-02
E25/25 B7300/36000 batch_loss=1.0703e-01
E25/25 B7400/36000 batch_loss=1.4475e-01
E25/25 B7500/36000 batch_loss=1.2538e-01
E25/25 B7600/36000 batch_loss=1.4413e-01
E25/25 B7700/36000 batch_loss=1.4377e-01
E25/25 B7800/36000 batch_loss=1.4477e-01
E25/25 B7900/36000 batch_loss=1.3055e-01
E25/25 B8000/36000 batch_loss=1.3968e-01
E25/25 B8100/36000 batch_loss=9.9673e-02
E25/25 B8200/36000 batch_loss=1.0807e-01
E25/25 B8300/36000 batch_loss=9.3497e-02
E25/25 B8400/36000 batch_loss=1.3686e-01
E25/25 B8500/36000 batch_loss=1.1020e-01
E25/25 B8600/36000 batch_loss=9.8256e-02
E25/25 B8700/36000 batch_loss=9.8314e-02
E25/25 B8800/36000 batch_loss=1.2925e-01
E25/25 B8900/36000 batch_loss=9.5824e-02
E25/25 B9000/36000 batch_loss=1.5040e-01
E25/25 B9100/36000 batch_loss=1.3776e-01
E25/25 B9200/36000 batch_loss=1.5650e-01
E25/25 B9300/36000 batch_loss=1.0542e-01
E25/25 B9400/36000 batch_loss=9.4541e-02
E25/25 B9500/36000 batch_loss=1.4023e-01
E25/25 B9600/36000 batch_loss=1.0607e-01
E25/25 B9700/36000 batch_loss=1.3435e-01
E25/25 B9800/36000 batch_loss=8.7315e-02
E25/25 B9900/36000 batch_loss=1.4311e-01
E25/25 B10000/36000 batch_loss=1.3567e-01
E25/25 B10100/36000 batch_loss=1.5325e-01
E25/25 B10200/36000 batch_loss=9.1410e-02
E25/25 B10300/36000 batch_loss=1.5173e-01
E25/25 B10400/36000 batch_loss=1.4537e-01
E25/25 B10500/36000 batch_loss=9.5065e-02
E25/25 B10600/36000 batch_loss=1.0028e-01
E25/25 B10700/36000 batch_loss=9.1616e-02
E25/25 B10800/36000 batch_loss=1.4281e-01
E25/25 B10900/36000 batch_loss=9.4534e-02
E25/25 B11000/36000 batch_loss=9.8957e-02
E25/25 B11100/36000 batch_loss=9.7157e-02
E25/25 B11200/36000 batch_loss=1.4336e-01
E25/25 B11300/36000 batch_loss=8.1142e-02
E25/25 B11400/36000 batch_loss=7.9276e-02
E25/25 B11500/36000 batch_loss=1.2800e-01
E25/25 B11600/36000 batch_loss=1.0882e-01
E25/25 B11700/36000 batch_loss=9.9840e-02
E25/25 B11800/36000 batch_loss=1.4574e-01
E25/25 B11900/36000 batch_loss=1.6146e-01
E25/25 B12000/36000 batch_loss=1.3728e-01
E25/25 B12100/36000 batch_loss=1.4879e-01
E25/25 B12200/36000 batch_loss=8.8775e-02
E25/25 B12300/36000 batch_loss=1.3781e-01
E25/25 B12400/36000 batch_loss=1.6028e-01
E25/25 B12500/36000 batch_loss=9.0300e-02
E25/25 B12600/36000 batch_loss=1.4013e-01
E25/25 B12700/36000 batch_loss=1.0652e-01
E25/25 B12800/36000 batch_loss=9.1087e-02
E25/25 B12900/36000 batch_loss=1.3868e-01
E25/25 B13000/36000 batch_loss=1.0075e-01
E25/25 B13100/36000 batch_loss=1.5809e-01
E25/25 B13200/36000 batch_loss=1.4930e-01
E25/25 B13300/36000 batch_loss=1.5556e-01
E25/25 B13400/36000 batch_loss=9.0499e-02
E25/25 B13500/36000 batch_loss=1.3899e-01
E25/25 B13600/36000 batch_loss=1.0207e-01
E25/25 B13700/36000 batch_loss=1.1541e-01
E25/25 B13800/36000 batch_loss=1.4335e-01
E25/25 B13900/36000 batch_loss=1.5180e-01
E25/25 B14000/36000 batch_loss=1.4431e-01
E25/25 B14100/36000 batch_loss=1.5868e-01
E25/25 B14200/36000 batch_loss=1.5024e-01
E25/25 B14300/36000 batch_loss=1.0296e-01
E25/25 B14400/36000 batch_loss=1.4229e-01
E25/25 B14500/36000 batch_loss=1.3060e-01
E25/25 B14600/36000 batch_loss=1.3624e-01
E25/25 B14700/36000 batch_loss=1.5252e-01
E25/25 B14800/36000 batch_loss=8.6953e-02
E25/25 B14900/36000 batch_loss=1.4382e-01
E25/25 B15000/36000 batch_loss=1.0064e-01
E25/25 B15100/36000 batch_loss=1.0296e-01
E25/25 B15200/36000 batch_loss=1.0959e-01
E25/25 B15300/36000 batch_loss=9.0709e-02
E25/25 B15400/36000 batch_loss=1.3125e-01
E25/25 B15500/36000 batch_loss=1.0932e-01
E25/25 B15600/36000 batch_loss=1.4583e-01
E25/25 B15700/36000 batch_loss=1.3862e-01
E25/25 B15800/36000 batch_loss=8.9153e-02
E25/25 B15900/36000 batch_loss=9.0155e-02
E25/25 B16000/36000 batch_loss=1.4897e-01
E25/25 B16100/36000 batch_loss=1.3277e-01
E25/25 B16200/36000 batch_loss=9.9146e-02
E25/25 B16300/36000 batch_loss=1.4810e-01
E25/25 B16400/36000 batch_loss=1.5318e-01
E25/25 B16500/36000 batch_loss=1.5363e-01
E25/25 B16600/36000 batch_loss=9.2083e-02
E25/25 B16700/36000 batch_loss=8.9913e-02
E25/25 B16800/36000 batch_loss=1.4856e-01
E25/25 B16900/36000 batch_loss=1.0214e-01
E25/25 B17000/36000 batch_loss=1.3761e-01
E25/25 B17100/36000 batch_loss=8.5009e-02
E25/25 B17200/36000 batch_loss=1.0098e-01
E25/25 B17300/36000 batch_loss=1.4087e-01
E25/25 B17400/36000 batch_loss=1.0110e-01
E25/25 B17500/36000 batch_loss=7.6710e-02
E25/25 B17600/36000 batch_loss=1.2946e-01
E25/25 B17700/36000 batch_loss=1.5752e-01
E25/25 B17800/36000 batch_loss=1.0691e-01
E25/25 B17900/36000 batch_loss=9.7407e-02
E25/25 B18000/36000 batch_loss=1.4796e-01
E25/25 B18100/36000 batch_loss=9.8371e-02
E25/25 B18200/36000 batch_loss=1.3550e-01
E25/25 B18300/36000 batch_loss=1.4401e-01
E25/25 B18400/36000 batch_loss=9.9620e-02
E25/25 B18500/36000 batch_loss=1.1133e-01
E25/25 B18600/36000 batch_loss=1.4598e-01
E25/25 B18700/36000 batch_loss=1.4694e-01
E25/25 B18800/36000 batch_loss=9.0768e-02
E25/25 B18900/36000 batch_loss=9.3838e-02
E25/25 B19000/36000 batch_loss=1.3040e-01
E25/25 B19100/36000 batch_loss=9.9934e-02
E25/25 B19200/36000 batch_loss=1.0145e-01
E25/25 B19300/36000 batch_loss=9.7803e-02
E25/25 B19400/36000 batch_loss=1.4596e-01
E25/25 B19500/36000 batch_loss=1.0545e-01
E25/25 B19600/36000 batch_loss=9.6029e-02
E25/25 B19700/36000 batch_loss=1.4687e-01
E25/25 B19800/36000 batch_loss=1.3978e-01
E25/25 B19900/36000 batch_loss=1.0700e-01
E25/25 B20000/36000 batch_loss=1.0344e-01
E25/25 B20100/36000 batch_loss=9.7490e-02
E25/25 B20200/36000 batch_loss=1.4209e-01
E25/25 B20300/36000 batch_loss=1.0668e-01
E25/25 B20400/36000 batch_loss=1.0335e-01
E25/25 B20500/36000 batch_loss=9.8998e-02
E25/25 B20600/36000 batch_loss=1.4908e-01
E25/25 B20700/36000 batch_loss=1.5219e-01
E25/25 B20800/36000 batch_loss=1.3860e-01
E25/25 B20900/36000 batch_loss=1.1090e-01
E25/25 B21000/36000 batch_loss=1.4407e-01
E25/25 B21100/36000 batch_loss=9.9824e-02
E25/25 B21200/36000 batch_loss=1.4467e-01
E25/25 B21300/36000 batch_loss=9.9667e-02
E25/25 B21400/36000 batch_loss=8.8226e-02
E25/25 B21500/36000 batch_loss=9.5417e-02
E25/25 B21600/36000 batch_loss=1.5072e-01
E25/25 B21700/36000 batch_loss=9.6186e-02
E25/25 B21800/36000 batch_loss=1.3546e-01
E25/25 B21900/36000 batch_loss=1.1148e-01
E25/25 B22000/36000 batch_loss=1.0576e-01
E25/25 B22100/36000 batch_loss=1.2876e-01
E25/25 B22200/36000 batch_loss=1.0417e-01
E25/25 B22300/36000 batch_loss=1.3891e-01
E25/25 B22400/36000 batch_loss=9.3642e-02
E25/25 B22500/36000 batch_loss=9.7893e-02
E25/25 B22600/36000 batch_loss=1.3664e-01
E25/25 B22700/36000 batch_loss=1.0681e-01
E25/25 B22800/36000 batch_loss=1.4075e-01
E25/25 B22900/36000 batch_loss=1.0442e-01
E25/25 B23000/36000 batch_loss=1.0297e-01
E25/25 B23100/36000 batch_loss=1.0079e-01
E25/25 B23200/36000 batch_loss=9.5865e-02
E25/25 B23300/36000 batch_loss=1.3356e-01
E25/25 B23400/36000 batch_loss=1.3763e-01
E25/25 B23500/36000 batch_loss=1.4347e-01
E25/25 B23600/36000 batch_loss=1.4845e-01
E25/25 B23700/36000 batch_loss=1.3823e-01
E25/25 B23800/36000 batch_loss=1.4621e-01
E25/25 B23900/36000 batch_loss=1.4963e-01
E25/25 B24000/36000 batch_loss=1.4379e-01
E25/25 B24100/36000 batch_loss=1.4316e-01
E25/25 B24200/36000 batch_loss=1.4753e-01
E25/25 B24300/36000 batch_loss=9.2280e-02
E25/25 B24400/36000 batch_loss=1.0146e-01
E25/25 B24500/36000 batch_loss=1.4391e-01
E25/25 B24600/36000 batch_loss=1.1210e-01
E25/25 B24700/36000 batch_loss=9.7588e-02
E25/25 B24800/36000 batch_loss=8.4597e-02
E25/25 B24900/36000 batch_loss=1.4738e-01
E25/25 B25000/36000 batch_loss=9.8459e-02
E25/25 B25100/36000 batch_loss=1.0113e-01
E25/25 B25200/36000 batch_loss=1.4578e-01
E25/25 B25300/36000 batch_loss=1.0533e-01
E25/25 B25400/36000 batch_loss=1.0298e-01
E25/25 B25500/36000 batch_loss=1.4186e-01
E25/25 B25600/36000 batch_loss=9.1505e-02
E25/25 B25700/36000 batch_loss=9.9187e-02
E25/25 B25800/36000 batch_loss=1.3241e-01
E25/25 B25900/36000 batch_loss=9.2945e-02
E25/25 B26000/36000 batch_loss=1.3028e-01
E25/25 B26100/36000 batch_loss=9.5014e-02
E25/25 B26200/36000 batch_loss=8.9244e-02
E25/25 B26300/36000 batch_loss=1.0246e-01
E25/25 B26400/36000 batch_loss=1.5363e-01
E25/25 B26500/36000 batch_loss=1.2578e-01
E25/25 B26600/36000 batch_loss=9.3684e-02
E25/25 B26700/36000 batch_loss=1.0233e-01
E25/25 B26800/36000 batch_loss=1.6820e-01
E25/25 B26900/36000 batch_loss=9.8853e-02
E25/25 B27000/36000 batch_loss=1.6770e-01
E25/25 B27100/36000 batch_loss=1.5290e-01
E25/25 B27200/36000 batch_loss=1.4288e-01
E25/25 B27300/36000 batch_loss=9.9830e-02
E25/25 B27400/36000 batch_loss=1.5420e-01
E25/25 B27500/36000 batch_loss=1.5048e-01
E25/25 B27600/36000 batch_loss=1.0566e-01
E25/25 B27700/36000 batch_loss=1.4413e-01
E25/25 B27800/36000 batch_loss=9.1346e-02
E25/25 B27900/36000 batch_loss=1.4235e-01
E25/25 B28000/36000 batch_loss=1.4226e-01
E25/25 B28100/36000 batch_loss=8.5308e-02
E25/25 B28200/36000 batch_loss=1.4492e-01
E25/25 B28300/36000 batch_loss=1.4762e-01
E25/25 B28400/36000 batch_loss=1.6065e-01
E25/25 B28500/36000 batch_loss=8.8592e-02
E25/25 B28600/36000 batch_loss=1.4823e-01
E25/25 B28700/36000 batch_loss=1.0936e-01
E25/25 B28800/36000 batch_loss=1.3080e-01
E25/25 B28900/36000 batch_loss=1.4005e-01
E25/25 B29000/36000 batch_loss=9.9124e-02
E25/25 B29100/36000 batch_loss=8.7438e-02
E25/25 B29200/36000 batch_loss=1.4902e-01
E25/25 B29300/36000 batch_loss=9.6349e-02
E25/25 B29400/36000 batch_loss=9.7750e-02
E25/25 B29500/36000 batch_loss=1.0138e-01
E25/25 B29600/36000 batch_loss=1.0785e-01
E25/25 B29700/36000 batch_loss=1.0472e-01
E25/25 B29800/36000 batch_loss=1.1065e-01
E25/25 B29900/36000 batch_loss=1.4553e-01
E25/25 B30000/36000 batch_loss=1.0672e-01
E25/25 B30100/36000 batch_loss=1.0730e-01
E25/25 B30200/36000 batch_loss=8.9330e-02
E25/25 B30300/36000 batch_loss=1.4094e-01
E25/25 B30400/36000 batch_loss=1.4092e-01
E25/25 B30500/36000 batch_loss=1.4088e-01
E25/25 B30600/36000 batch_loss=9.6158e-02
E25/25 B30700/36000 batch_loss=9.5163e-02
E25/25 B30800/36000 batch_loss=9.3769e-02
E25/25 B30900/36000 batch_loss=1.0188e-01
E25/25 B31000/36000 batch_loss=1.0344e-01
E25/25 B31100/36000 batch_loss=1.0689e-01
E25/25 B31200/36000 batch_loss=1.1984e-01
E25/25 B31300/36000 batch_loss=1.0057e-01
E25/25 B31400/36000 batch_loss=1.4502e-01
E25/25 B31500/36000 batch_loss=1.3207e-01
E25/25 B31600/36000 batch_loss=1.3998e-01
E25/25 B31700/36000 batch_loss=9.5047e-02
E25/25 B31800/36000 batch_loss=1.0045e-01
E25/25 B31900/36000 batch_loss=8.9218e-02
E25/25 B32000/36000 batch_loss=9.9582e-02
E25/25 B32100/36000 batch_loss=9.5858e-02
E25/25 B32200/36000 batch_loss=1.0125e-01
E25/25 B32300/36000 batch_loss=1.4498e-01
E25/25 B32400/36000 batch_loss=1.5776e-01
E25/25 B32500/36000 batch_loss=1.5251e-01
E25/25 B32600/36000 batch_loss=9.4884e-02
E25/25 B32700/36000 batch_loss=1.4552e-01
E25/25 B32800/36000 batch_loss=9.0884e-02
E25/25 B32900/36000 batch_loss=8.4843e-02
E25/25 B33000/36000 batch_loss=9.7269e-02
E25/25 B33100/36000 batch_loss=1.0469e-01
E25/25 B33200/36000 batch_loss=1.6066e-01
E25/25 B33300/36000 batch_loss=1.3108e-01
E25/25 B33400/36000 batch_loss=9.7034e-02
E25/25 B33500/36000 batch_loss=9.1813e-02
E25/25 B33600/36000 batch_loss=1.3327e-01
E25/25 B33700/36000 batch_loss=1.4633e-01
E25/25 B33800/36000 batch_loss=1.0272e-01
E25/25 B33900/36000 batch_loss=1.5386e-01
E25/25 B34000/36000 batch_loss=1.0187e-01
E25/25 B34100/36000 batch_loss=1.4421e-01
E25/25 B34200/36000 batch_loss=1.4726e-01
E25/25 B34300/36000 batch_loss=9.1599e-02
E25/25 B34400/36000 batch_loss=1.5479e-01
E25/25 B34500/36000 batch_loss=1.1070e-01
E25/25 B34600/36000 batch_loss=1.4459e-01
E25/25 B34700/36000 batch_loss=1.0322e-01
E25/25 B34800/36000 batch_loss=8.7215e-02
E25/25 B34900/36000 batch_loss=1.2216e-01
E25/25 B35000/36000 batch_loss=1.4441e-01
E25/25 B35100/36000 batch_loss=9.6124e-02
E25/25 B35200/36000 batch_loss=1.0303e-01
E25/25 B35300/36000 batch_loss=1.1065e-01
E25/25 B35400/36000 batch_loss=1.0491e-01
E25/25 B35500/36000 batch_loss=1.3435e-01
E25/25 B35600/36000 batch_loss=1.1027e-01
E25/25 B35700/36000 batch_loss=1.6606e-01
E25/25 B35800/36000 batch_loss=1.3787e-01
E25/25 B35900/36000 batch_loss=1.5196e-01
E25/25 B36000/36000 batch_loss=1.3689e-01
2026-07-16 00:46:47,160 | INFO | Saved 10 diagnostic panel(s) under D:\Research\NO-2D-Metamaterials\MODELS\training_runs\NO_I3O5_BCF16_NMAE_HC128_LR2e-03_WD0e+00_L1P1e-08_SS1_G9e-01_ch0u_260711\diagnostics\epoch_025
epoch=25/25 loss=nmae train_nmae=1.216306e-01 val_nmae=2.326983e-01 train_mae=1.157613e-03 val_mae=2.015733e-03 train_mse=2.265330e-05 val_mse=5.122273e-05 lr=1.436e-04 train_sps=1476.2
2026-07-16 00:46:48,502 | INFO | epoch=25/25 loss=nmae train_nmae=1.216306e-01 val_nmae=2.326983e-01 train_mae=1.157613e-03 val_mae=2.015733e-03 train_mse=2.265330e-05 val_mse=5.122273e-05 lr=1.436e-04 train_sps=1476.2
2026-07-16 00:46:48,503 | INFO | epoch=25/25 loss_ch_nmae train=6.863e-03 1.318e-01 1.331e-01 1.684e-01 1.680e-01 val=1.128e-02 2.490e-01 2.593e-01 3.217e-01 3.222e-01
2026-07-16 00:46:48,503 | INFO | epoch=25/25 mae_ch train=4.391e-04 1.213e-03 1.135e-03 1.545e-03 1.456e-03 val=7.110e-04 2.118e-03 2.005e-03 2.716e-03 2.529e-03 mse_ch train=1.085e-05 1.999e-05 1.822e-05 3.418e-05 3.001e-05 val=2.435e-06 5.217e-05 4.872e-05 8.241e-05 7.038e-05
Epoch 25/25 done | loss=nmae train=1.2163e-01 val=2.3270e-01 mae=2.0157e-03 mse=5.1223e-05 lr=1.44e-04
2026-07-16 00:46:48,810 | INFO | Run complete | run_name=NO_I3O5_BCF16_NMAE_HC128_LR2e-03_WD0e+00_L1P1e-08_SS1_G9e-01_ch0u_260711 run_id=NO_I3O5_BCF16_NMAE_HC128_LR2e-03_WD0e+00_L1P1e-08_SS1_G9e-01_ch0u_260711 best_val_loss=2.326406e-01
2026-07-16 00:46:48,811 | INFO | Artifacts saved to: D:\Research\NO-2D-Metamaterials\MODELS\training_runs\NO_I3O5_BCF16_NMAE_HC128_LR2e-03_WD0e+00_L1P1e-08_SS1_G9e-01_ch0u_260711
Run complete. run_name=NO_I3O5_BCF16_NMAE_HC128_LR2e-03_WD0e+00_L1P1e-08_SS1_G9e-01_ch0u_260711 run_id=NO_I3O5_BCF16_NMAE_HC128_LR2e-03_WD0e+00_L1P1e-08_SS1_G9e-01_ch0u_260711 best_val_loss=2.326406e-01
Artifacts saved to: D:\Research\NO-2D-Metamaterials\MODELS\training_runs\NO_I3O5_BCF16_NMAE_HC128_LR2e-03_WD0e+00_L1P1e-08_SS1_G9e-01_ch0u_260711
