2026-07-16 13:50:25,702 | INFO | Perf backends | tf32=True cudnn_benchmark=True matmul_precision=high amp=bf16
2026-07-16 13:50:36,996 | INFO | L1 weight penalty lambda=1.000000e-08 (added to training loss)
2026-07-16 13:50:36,997 | INFO | NMAE epsilon=1.000000e-05
2026-07-16 13:50:36,998 | INFO | Loss logging: active=nmae; every epoch records train/val nmae, MAE, and MSE
2026-07-16 13:50:37,899 | INFO | Resumed full state from D:\Research\NO-2D-Metamaterials\MODELS\training_runs\NO_I3O5_BCF16_NMAE_HC128_LR2e-03_WD0e+00_L1P1e-08_SS1_G9e-01_ch0u_260711\training_state_latest.pt at epoch=26
2026-07-16 13:50:37,903 | INFO | Run started | run_name=NO_I3O5_BCF16_NMAE_HC128_LR2e-03_WD0e+00_L1P1e-08_SS1_G9e-01_ch0u_260711 run_id=NO_I3O5_BCF16_NMAE_HC128_LR2e-03_WD0e+00_L1P1e-08_SS1_G9e-01_ch0u_260711 device=cuda train_samples=18720000 test_samples=3900000 val_index_source=indices_full epoch_range=27..28
2026-07-16 13:50:37,903 | INFO | Fault diagnostics | main_fault_log=D:\Research\NO-2D-Metamaterials\MODELS\training_runs\NO_I3O5_BCF16_NMAE_HC128_LR2e-03_WD0e+00_L1P1e-08_SS1_G9e-01_ch0u_260711\main_process_fault.log
E27/28 B100/36000 batch_loss=1.4532e-01
E27/28 B200/36000 batch_loss=9.8249e-02
E27/28 B300/36000 batch_loss=8.7175e-02
E27/28 B400/36000 batch_loss=9.5953e-02
E27/28 B500/36000 batch_loss=9.6898e-02
E27/28 B600/36000 batch_loss=8.7498e-02
E27/28 B700/36000 batch_loss=1.3041e-01
E27/28 B800/36000 batch_loss=1.4473e-01
E27/28 B900/36000 batch_loss=9.7040e-02
E27/28 B1000/36000 batch_loss=9.3899e-02
E27/28 B1100/36000 batch_loss=1.3545e-01
E27/28 B1200/36000 batch_loss=8.9626e-02
E27/28 B1300/36000 batch_loss=1.3708e-01
E27/28 B1400/36000 batch_loss=1.3408e-01
E27/28 B1500/36000 batch_loss=1.0576e-01
E27/28 B1600/36000 batch_loss=9.2646e-02
E27/28 B1700/36000 batch_loss=8.5633e-02
E27/28 B1800/36000 batch_loss=9.3117e-02
E27/28 B1900/36000 batch_loss=9.8563e-02
E27/28 B2000/36000 batch_loss=9.5902e-02
E27/28 B2100/36000 batch_loss=1.3995e-01
E27/28 B2200/36000 batch_loss=8.8413e-02
E27/28 B2300/36000 batch_loss=1.4099e-01
E27/28 B2400/36000 batch_loss=9.8176e-02
E27/28 B2500/36000 batch_loss=1.3111e-01
E27/28 B2600/36000 batch_loss=1.4069e-01
E27/28 B2700/36000 batch_loss=1.0112e-01
E27/28 B2800/36000 batch_loss=1.3892e-01
E27/28 B2900/36000 batch_loss=9.2184e-02
E27/28 B3000/36000 batch_loss=1.4497e-01
E27/28 B3100/36000 batch_loss=9.7415e-02
E27/28 B3200/36000 batch_loss=1.4557e-01
E27/28 B3300/36000 batch_loss=1.0387e-01
E27/28 B3400/36000 batch_loss=1.5086e-01
E27/28 B3500/36000 batch_loss=1.0310e-01
E27/28 B3600/36000 batch_loss=8.1651e-02
E27/28 B3700/36000 batch_loss=9.5855e-02
E27/28 B3800/36000 batch_loss=1.4977e-01
E27/28 B3900/36000 batch_loss=1.3383e-01
E27/28 B4000/36000 batch_loss=9.1265e-02
E27/28 B4100/36000 batch_loss=1.3262e-01
E27/28 B4200/36000 batch_loss=1.3780e-01
E27/28 B4300/36000 batch_loss=1.4134e-01
E27/28 B4400/36000 batch_loss=1.0308e-01
E27/28 B4500/36000 batch_loss=1.2297e-01
E27/28 B4600/36000 batch_loss=1.5834e-01
E27/28 B4700/36000 batch_loss=8.5735e-02
E27/28 B4800/36000 batch_loss=1.0248e-01
E27/28 B4900/36000 batch_loss=1.1104e-01
E27/28 B5000/36000 batch_loss=9.9022e-02
E27/28 B5100/36000 batch_loss=9.8264e-02
E27/28 B5200/36000 batch_loss=1.0538e-01
E27/28 B5300/36000 batch_loss=9.2787e-02
E27/28 B5400/36000 batch_loss=1.4448e-01
E27/28 B5500/36000 batch_loss=1.4006e-01
E27/28 B5600/36000 batch_loss=1.3569e-01
E27/28 B5700/36000 batch_loss=8.7666e-02
E27/28 B5800/36000 batch_loss=1.0039e-01
E27/28 B5900/36000 batch_loss=9.7105e-02
E27/28 B6000/36000 batch_loss=1.3632e-01
E27/28 B6100/36000 batch_loss=1.2373e-01
E27/28 B6200/36000 batch_loss=9.9163e-02
E27/28 B6300/36000 batch_loss=9.6019e-02
E27/28 B6400/36000 batch_loss=1.5706e-01
E27/28 B6500/36000 batch_loss=1.3202e-01
E27/28 B6600/36000 batch_loss=8.6272e-02
E27/28 B6700/36000 batch_loss=1.3540e-01
E27/28 B6800/36000 batch_loss=9.4783e-02
E27/28 B6900/36000 batch_loss=9.3620e-02
E27/28 B7000/36000 batch_loss=1.4697e-01
E27/28 B7100/36000 batch_loss=1.2676e-01
E27/28 B7200/36000 batch_loss=9.6106e-02
E27/28 B7300/36000 batch_loss=9.2153e-02
E27/28 B7400/36000 batch_loss=1.4035e-01
E27/28 B7500/36000 batch_loss=1.3838e-01
E27/28 B7600/36000 batch_loss=8.7297e-02
E27/28 B7700/36000 batch_loss=1.4852e-01
E27/28 B7800/36000 batch_loss=8.5192e-02
E27/28 B7900/36000 batch_loss=1.4239e-01
E27/28 B8000/36000 batch_loss=1.0519e-01
E27/28 B8100/36000 batch_loss=1.3124e-01
E27/28 B8200/36000 batch_loss=1.0067e-01
E27/28 B8300/36000 batch_loss=1.3325e-01
E27/28 B8400/36000 batch_loss=1.3825e-01
E27/28 B8500/36000 batch_loss=1.4469e-01
E27/28 B8600/36000 batch_loss=1.4309e-01
E27/28 B8700/36000 batch_loss=1.3838e-01
E27/28 B8800/36000 batch_loss=8.7271e-02
E27/28 B8900/36000 batch_loss=1.3373e-01
E27/28 B9000/36000 batch_loss=1.4274e-01
E27/28 B9100/36000 batch_loss=1.4566e-01
E27/28 B9200/36000 batch_loss=1.5523e-01
E27/28 B9300/36000 batch_loss=9.9510e-02
E27/28 B9400/36000 batch_loss=1.0408e-01
E27/28 B9500/36000 batch_loss=1.4502e-01
E27/28 B9600/36000 batch_loss=1.0099e-01
E27/28 B9700/36000 batch_loss=1.0016e-01
E27/28 B9800/36000 batch_loss=1.4714e-01
E27/28 B9900/36000 batch_loss=1.3994e-01
E27/28 B10000/36000 batch_loss=1.0048e-01
E27/28 B10100/36000 batch_loss=8.0125e-02
E27/28 B10200/36000 batch_loss=9.8086e-02
E27/28 B10300/36000 batch_loss=1.4524e-01
E27/28 B10400/36000 batch_loss=1.4466e-01
E27/28 B10500/36000 batch_loss=9.2853e-02
E27/28 B10600/36000 batch_loss=1.4298e-01
E27/28 B10700/36000 batch_loss=9.5979e-02
E27/28 B10800/36000 batch_loss=1.2180e-01
E27/28 B10900/36000 batch_loss=9.0267e-02
E27/28 B11000/36000 batch_loss=9.2496e-02
E27/28 B11100/36000 batch_loss=9.7204e-02
E27/28 B11200/36000 batch_loss=8.7545e-02
E27/28 B11300/36000 batch_loss=8.6437e-02
E27/28 B11400/36000 batch_loss=9.2808e-02
E27/28 B11500/36000 batch_loss=1.5023e-01
E27/28 B11600/36000 batch_loss=1.3499e-01
E27/28 B11700/36000 batch_loss=1.5064e-01
E27/28 B11800/36000 batch_loss=1.2987e-01
E27/28 B11900/36000 batch_loss=1.2343e-01
E27/28 B12000/36000 batch_loss=8.9516e-02
E27/28 B12100/36000 batch_loss=1.3309e-01
E27/28 B12200/36000 batch_loss=8.7985e-02
E27/28 B12300/36000 batch_loss=1.2918e-01
E27/28 B12400/36000 batch_loss=1.3742e-01
E27/28 B12500/36000 batch_loss=1.4777e-01
E27/28 B12600/36000 batch_loss=1.5356e-01
E27/28 B12700/36000 batch_loss=8.5541e-02
E27/28 B12800/36000 batch_loss=1.3180e-01
E27/28 B12900/36000 batch_loss=1.3585e-01
E27/28 B13000/36000 batch_loss=9.2518e-02
E27/28 B13100/36000 batch_loss=1.5767e-01
E27/28 B13200/36000 batch_loss=1.4108e-01
E27/28 B13300/36000 batch_loss=1.0493e-01
E27/28 B13400/36000 batch_loss=1.3546e-01
E27/28 B13500/36000 batch_loss=1.4122e-01
E27/28 B13600/36000 batch_loss=1.4626e-01
E27/28 B13700/36000 batch_loss=8.1816e-02
E27/28 B13800/36000 batch_loss=9.7913e-02
E27/28 B13900/36000 batch_loss=1.4242e-01
E27/28 B14000/36000 batch_loss=9.3178e-02
E27/28 B14100/36000 batch_loss=8.9079e-02
E27/28 B14200/36000 batch_loss=9.5656e-02
E27/28 B14300/36000 batch_loss=1.4435e-01
E27/28 B14400/36000 batch_loss=8.9524e-02
E27/28 B14500/36000 batch_loss=1.3986e-01
E27/28 B14600/36000 batch_loss=1.5308e-01
E27/28 B14700/36000 batch_loss=1.4161e-01
E27/28 B14800/36000 batch_loss=1.3378e-01
E27/28 B14900/36000 batch_loss=1.4148e-01
E27/28 B15000/36000 batch_loss=8.3451e-02
E27/28 B15100/36000 batch_loss=1.4715e-01
E27/28 B15200/36000 batch_loss=8.7955e-02
E27/28 B15300/36000 batch_loss=1.2449e-01
E27/28 B15400/36000 batch_loss=1.5282e-01
E27/28 B15500/36000 batch_loss=1.0688e-01
E27/28 B15600/36000 batch_loss=9.5909e-02
E27/28 B15700/36000 batch_loss=9.5848e-02
E27/28 B15800/36000 batch_loss=1.5159e-01
E27/28 B15900/36000 batch_loss=1.3635e-01
E27/28 B16000/36000 batch_loss=9.1324e-02
E27/28 B16100/36000 batch_loss=1.4364e-01
E27/28 B16200/36000 batch_loss=8.7560e-02
E27/28 B16300/36000 batch_loss=1.0273e-01
E27/28 B16400/36000 batch_loss=9.9548e-02
E27/28 B16500/36000 batch_loss=9.1089e-02
E27/28 B16600/36000 batch_loss=1.0283e-01
E27/28 B16700/36000 batch_loss=1.4204e-01
E27/28 B16800/36000 batch_loss=9.0267e-02
E27/28 B16900/36000 batch_loss=1.0081e-01
E27/28 B17000/36000 batch_loss=1.3716e-01
E27/28 B17100/36000 batch_loss=1.0545e-01
E27/28 B17200/36000 batch_loss=1.3967e-01
E27/28 B17300/36000 batch_loss=1.4278e-01
E27/28 B17400/36000 batch_loss=1.3878e-01
E27/28 B17500/36000 batch_loss=1.3830e-01
E27/28 B17600/36000 batch_loss=1.0231e-01
E27/28 B17700/36000 batch_loss=1.3362e-01
E27/28 B17800/36000 batch_loss=9.6670e-02
E27/28 B17900/36000 batch_loss=1.1251e-01
E27/28 B18000/36000 batch_loss=8.6523e-02
E27/28 B18100/36000 batch_loss=9.5752e-02
E27/28 B18200/36000 batch_loss=9.5036e-02
E27/28 B18300/36000 batch_loss=1.0857e-01
E27/28 B18400/36000 batch_loss=1.1218e-01
E27/28 B18500/36000 batch_loss=1.5276e-01
E27/28 B18600/36000 batch_loss=1.1182e-01
E27/28 B18700/36000 batch_loss=1.3474e-01
E27/28 B18800/36000 batch_loss=8.6704e-02
E27/28 B18900/36000 batch_loss=1.4090e-01
E27/28 B19000/36000 batch_loss=1.4140e-01
E27/28 B19100/36000 batch_loss=9.9669e-02
E27/28 B19200/36000 batch_loss=1.3360e-01
E27/28 B19300/36000 batch_loss=9.2499e-02
E27/28 B19400/36000 batch_loss=1.3112e-01
E27/28 B19500/36000 batch_loss=9.3529e-02
E27/28 B19600/36000 batch_loss=1.4669e-01
E27/28 B19700/36000 batch_loss=9.3974e-02
E27/28 B19800/36000 batch_loss=1.5460e-01
E27/28 B19900/36000 batch_loss=8.7714e-02
E27/28 B20000/36000 batch_loss=8.5453e-02
E27/28 B20100/36000 batch_loss=1.3575e-01
E27/28 B20200/36000 batch_loss=8.9329e-02
E27/28 B20300/36000 batch_loss=7.8355e-02
E27/28 B20400/36000 batch_loss=1.3045e-01
E27/28 B20500/36000 batch_loss=1.3863e-01
E27/28 B20600/36000 batch_loss=9.1711e-02
E27/28 B20700/36000 batch_loss=1.3809e-01
E27/28 B20800/36000 batch_loss=1.3826e-01
E27/28 B20900/36000 batch_loss=8.8154e-02
E27/28 B21000/36000 batch_loss=1.5449e-01
E27/28 B21100/36000 batch_loss=9.9515e-02
E27/28 B21200/36000 batch_loss=1.4715e-01
E27/28 B21300/36000 batch_loss=9.4103e-02
E27/28 B21400/36000 batch_loss=9.9597e-02
E27/28 B21500/36000 batch_loss=9.9868e-02
E27/28 B21600/36000 batch_loss=1.4296e-01
E27/28 B21700/36000 batch_loss=9.9545e-02
E27/28 B21800/36000 batch_loss=1.4679e-01
E27/28 B21900/36000 batch_loss=1.4275e-01
E27/28 B22000/36000 batch_loss=9.2036e-02
E27/28 B22100/36000 batch_loss=1.0076e-01
E27/28 B22200/36000 batch_loss=1.0081e-01
E27/28 B22300/36000 batch_loss=1.3811e-01
E27/28 B22400/36000 batch_loss=9.8160e-02
E27/28 B22500/36000 batch_loss=9.6753e-02
E27/28 B22600/36000 batch_loss=8.9743e-02
E27/28 B22700/36000 batch_loss=9.9115e-02
E27/28 B22800/36000 batch_loss=1.3686e-01
E27/28 B22900/36000 batch_loss=9.9478e-02
E27/28 B23000/36000 batch_loss=1.4852e-01
E27/28 B23100/36000 batch_loss=1.4812e-01
E27/28 B23200/36000 batch_loss=1.4774e-01
E27/28 B23300/36000 batch_loss=1.3752e-01
E27/28 B23400/36000 batch_loss=1.0594e-01
E27/28 B23500/36000 batch_loss=7.9010e-02
E27/28 B23600/36000 batch_loss=1.4618e-01
E27/28 B23700/36000 batch_loss=8.9259e-02
E27/28 B23800/36000 batch_loss=9.2251e-02
E27/28 B23900/36000 batch_loss=1.6738e-01
E27/28 B24000/36000 batch_loss=8.7327e-02
E27/28 B24100/36000 batch_loss=1.4500e-01
E27/28 B24200/36000 batch_loss=1.5568e-01
E27/28 B24300/36000 batch_loss=1.3698e-01
E27/28 B24400/36000 batch_loss=1.5312e-01
E27/28 B24500/36000 batch_loss=1.4242e-01
E27/28 B24600/36000 batch_loss=8.9900e-02
E27/28 B24700/36000 batch_loss=1.5301e-01
E27/28 B24800/36000 batch_loss=1.0143e-01
E27/28 B24900/36000 batch_loss=1.3656e-01
E27/28 B25000/36000 batch_loss=1.4550e-01
E27/28 B25100/36000 batch_loss=1.3164e-01
E27/28 B25200/36000 batch_loss=1.4161e-01
E27/28 B25300/36000 batch_loss=9.3910e-02
E27/28 B25400/36000 batch_loss=9.0699e-02
E27/28 B25500/36000 batch_loss=9.1548e-02
E27/28 B25600/36000 batch_loss=1.4182e-01
E27/28 B25700/36000 batch_loss=1.4492e-01
E27/28 B25800/36000 batch_loss=9.0249e-02
E27/28 B25900/36000 batch_loss=1.3377e-01
E27/28 B26000/36000 batch_loss=8.4931e-02
E27/28 B26100/36000 batch_loss=1.2904e-01
E27/28 B26200/36000 batch_loss=1.3039e-01
E27/28 B26300/36000 batch_loss=1.0928e-01
E27/28 B26400/36000 batch_loss=1.0005e-01
E27/28 B26500/36000 batch_loss=9.2388e-02
E27/28 B26600/36000 batch_loss=1.6163e-01
E27/28 B26700/36000 batch_loss=1.3852e-01
E27/28 B26800/36000 batch_loss=1.5228e-01
E27/28 B26900/36000 batch_loss=9.3083e-02
E27/28 B27000/36000 batch_loss=1.4808e-01
E27/28 B27100/36000 batch_loss=1.5121e-01
E27/28 B27200/36000 batch_loss=1.1558e-01
E27/28 B27300/36000 batch_loss=9.3587e-02
E27/28 B27400/36000 batch_loss=9.4490e-02
E27/28 B27500/36000 batch_loss=1.2807e-01
E27/28 B27600/36000 batch_loss=1.4457e-01
E27/28 B27700/36000 batch_loss=9.5209e-02
E27/28 B27800/36000 batch_loss=1.4747e-01
E27/28 B27900/36000 batch_loss=1.3335e-01
E27/28 B28000/36000 batch_loss=1.3533e-01
E27/28 B28100/36000 batch_loss=8.7806e-02
E27/28 B28200/36000 batch_loss=8.4096e-02
E27/28 B28300/36000 batch_loss=8.4224e-02
E27/28 B28400/36000 batch_loss=1.3995e-01
E27/28 B28500/36000 batch_loss=9.9876e-02
E27/28 B28600/36000 batch_loss=1.0477e-01
E27/28 B28700/36000 batch_loss=1.0055e-01
E27/28 B28800/36000 batch_loss=9.7229e-02
E27/28 B28900/36000 batch_loss=1.3874e-01
E27/28 B29000/36000 batch_loss=1.0669e-01
E27/28 B29100/36000 batch_loss=1.5623e-01
E27/28 B29200/36000 batch_loss=1.0853e-01
E27/28 B29300/36000 batch_loss=1.0495e-01
E27/28 B29400/36000 batch_loss=1.4945e-01
E27/28 B29500/36000 batch_loss=1.3312e-01
E27/28 B29600/36000 batch_loss=1.3288e-01
E27/28 B29700/36000 batch_loss=1.3824e-01
E27/28 B29800/36000 batch_loss=9.3074e-02
E27/28 B29900/36000 batch_loss=1.3645e-01
E27/28 B30000/36000 batch_loss=9.7637e-02
E27/28 B30100/36000 batch_loss=8.2032e-02
E27/28 B30200/36000 batch_loss=1.0359e-01
E27/28 B30300/36000 batch_loss=1.5023e-01
E27/28 B30400/36000 batch_loss=1.4121e-01
E27/28 B30500/36000 batch_loss=9.6627e-02
E27/28 B30600/36000 batch_loss=1.0727e-01
E27/28 B30700/36000 batch_loss=1.4570e-01
E27/28 B30800/36000 batch_loss=1.0156e-01
E27/28 B30900/36000 batch_loss=1.0840e-01
E27/28 B31000/36000 batch_loss=1.4918e-01
E27/28 B31100/36000 batch_loss=9.1177e-02
E27/28 B31200/36000 batch_loss=1.3507e-01
E27/28 B31300/36000 batch_loss=1.4173e-01
E27/28 B31400/36000 batch_loss=1.5848e-01
E27/28 B31500/36000 batch_loss=1.3673e-01
E27/28 B31600/36000 batch_loss=1.0130e-01
E27/28 B31700/36000 batch_loss=1.0729e-01
E27/28 B31800/36000 batch_loss=1.5297e-01
E27/28 B31900/36000 batch_loss=1.4016e-01
E27/28 B32000/36000 batch_loss=9.5137e-02
E27/28 B32100/36000 batch_loss=1.2969e-01
E27/28 B32200/36000 batch_loss=8.6405e-02
E27/28 B32300/36000 batch_loss=9.6499e-02
E27/28 B32400/36000 batch_loss=1.2352e-01
E27/28 B32500/36000 batch_loss=9.3002e-02
E27/28 B32600/36000 batch_loss=1.4383e-01
E27/28 B32700/36000 batch_loss=9.1542e-02
E27/28 B32800/36000 batch_loss=1.4875e-01
E27/28 B32900/36000 batch_loss=8.3394e-02
E27/28 B33000/36000 batch_loss=9.2653e-02
E27/28 B33100/36000 batch_loss=8.4496e-02
E27/28 B33200/36000 batch_loss=8.9656e-02
E27/28 B33300/36000 batch_loss=9.8254e-02
E27/28 B33400/36000 batch_loss=9.3090e-02
E27/28 B33500/36000 batch_loss=1.0376e-01
E27/28 B33600/36000 batch_loss=1.4924e-01
E27/28 B33700/36000 batch_loss=9.5462e-02
E27/28 B33800/36000 batch_loss=1.3948e-01
E27/28 B33900/36000 batch_loss=9.6061e-02
E27/28 B34000/36000 batch_loss=9.5109e-02
E27/28 B34100/36000 batch_loss=9.1549e-02
E27/28 B34200/36000 batch_loss=1.4266e-01
E27/28 B34300/36000 batch_loss=9.4971e-02
E27/28 B34400/36000 batch_loss=1.2876e-01
E27/28 B34500/36000 batch_loss=1.1094e-01
E27/28 B34600/36000 batch_loss=1.5171e-01
E27/28 B34700/36000 batch_loss=1.1864e-01
E27/28 B34800/36000 batch_loss=9.2134e-02
E27/28 B34900/36000 batch_loss=9.8254e-02
E27/28 B35000/36000 batch_loss=1.0475e-01
E27/28 B35100/36000 batch_loss=1.4196e-01
E27/28 B35200/36000 batch_loss=9.3424e-02
E27/28 B35300/36000 batch_loss=9.0564e-02
E27/28 B35400/36000 batch_loss=1.4144e-01
E27/28 B35500/36000 batch_loss=8.2922e-02
E27/28 B35600/36000 batch_loss=1.4391e-01
E27/28 B35700/36000 batch_loss=1.4243e-01
E27/28 B35800/36000 batch_loss=1.4316e-01
E27/28 B35900/36000 batch_loss=1.4240e-01
E27/28 B36000/36000 batch_loss=1.5469e-01
2026-07-16 17:13:53,887 | INFO | Saved 10 diagnostic panel(s) under D:\Research\NO-2D-Metamaterials\MODELS\training_runs\NO_I3O5_BCF16_NMAE_HC128_LR2e-03_WD0e+00_L1P1e-08_SS1_G9e-01_ch0u_260711\diagnostics\epoch_027
epoch=27/28 loss=nmae train_nmae=1.177641e-01 val_nmae=2.323196e-01 train_mae=1.123802e-03 val_mae=1.973493e-03 train_mse=2.171037e-05 val_mse=5.146259e-05 lr=1.163e-04 train_sps=1639.1
2026-07-16 17:13:55,333 | INFO | epoch=27/28 loss=nmae train_nmae=1.177641e-01 val_nmae=2.323196e-01 train_mae=1.123802e-03 val_mae=1.973493e-03 train_mse=2.171037e-05 val_mse=5.146259e-05 lr=1.163e-04 train_sps=1639.1
2026-07-16 17:13:55,334 | INFO | epoch=27/28 loss_ch_nmae train=6.922e-03 1.279e-01 1.298e-01 1.620e-01 1.622e-01 val=7.853e-03 2.499e-01 2.605e-01 3.222e-01 3.212e-01
2026-07-16 17:13:55,334 | INFO | epoch=27/28 mae_ch train=4.433e-04 1.178e-03 1.107e-03 1.486e-03 1.405e-03 val=4.793e-04 2.129e-03 2.015e-03 2.723e-03 2.522e-03 mse_ch train=1.077e-05 1.918e-05 1.756e-05 3.237e-05 2.867e-05 val=2.268e-06 5.246e-05 4.871e-05 8.314e-05 7.074e-05
Epoch 27/28 done | loss=nmae train=1.1776e-01 val=2.3232e-01 mae=1.9735e-03 mse=5.1463e-05 lr=1.16e-04
E28/28 B100/36000 batch_loss=1.0634e-01
E28/28 B200/36000 batch_loss=1.1558e-01
E28/28 B300/36000 batch_loss=1.3583e-01
E28/28 B400/36000 batch_loss=8.4885e-02
E28/28 B500/36000 batch_loss=9.0898e-02
E28/28 B600/36000 batch_loss=9.7797e-02
E28/28 B700/36000 batch_loss=9.0139e-02
E28/28 B800/36000 batch_loss=9.1306e-02
E28/28 B900/36000 batch_loss=8.3652e-02
E28/28 B1000/36000 batch_loss=1.2282e-01
E28/28 B1100/36000 batch_loss=8.1702e-02
E28/28 B1200/36000 batch_loss=1.4472e-01
E28/28 B1300/36000 batch_loss=9.0390e-02
E28/28 B1400/36000 batch_loss=9.7745e-02
E28/28 B1500/36000 batch_loss=9.8556e-02
E28/28 B1600/36000 batch_loss=1.3303e-01
E28/28 B1700/36000 batch_loss=9.0143e-02
E28/28 B1800/36000 batch_loss=1.2675e-01
E28/28 B1900/36000 batch_loss=1.0416e-01
E28/28 B2000/36000 batch_loss=1.3617e-01
E28/28 B2100/36000 batch_loss=8.7098e-02
E28/28 B2200/36000 batch_loss=1.3554e-01
E28/28 B2300/36000 batch_loss=1.3448e-01
E28/28 B2400/36000 batch_loss=9.4119e-02
E28/28 B2500/36000 batch_loss=1.3332e-01
E28/28 B2600/36000 batch_loss=1.4813e-01
E28/28 B2700/36000 batch_loss=1.3020e-01
E28/28 B2800/36000 batch_loss=8.4862e-02
E28/28 B2900/36000 batch_loss=9.1418e-02
E28/28 B3000/36000 batch_loss=1.0218e-01
E28/28 B3100/36000 batch_loss=1.3137e-01
E28/28 B3200/36000 batch_loss=9.8907e-02
E28/28 B3300/36000 batch_loss=1.0874e-01
E28/28 B3400/36000 batch_loss=8.7428e-02
E28/28 B3500/36000 batch_loss=1.2090e-01
E28/28 B3600/36000 batch_loss=1.2582e-01
E28/28 B3700/36000 batch_loss=1.3817e-01
E28/28 B3800/36000 batch_loss=1.4153e-01
E28/28 B3900/36000 batch_loss=1.4394e-01
E28/28 B4000/36000 batch_loss=8.2994e-02
E28/28 B4100/36000 batch_loss=1.3087e-01
E28/28 B4200/36000 batch_loss=9.0091e-02
E28/28 B4300/36000 batch_loss=9.8833e-02
E28/28 B4400/36000 batch_loss=8.5396e-02
E28/28 B4500/36000 batch_loss=8.7655e-02
E28/28 B4600/36000 batch_loss=1.0202e-01
E28/28 B4700/36000 batch_loss=1.6008e-01
E28/28 B4800/36000 batch_loss=9.3101e-02
E28/28 B4900/36000 batch_loss=1.3785e-01
E28/28 B5000/36000 batch_loss=8.3045e-02
E28/28 B5100/36000 batch_loss=9.2333e-02
E28/28 B5200/36000 batch_loss=1.0414e-01
E28/28 B5300/36000 batch_loss=9.1641e-02
E28/28 B5400/36000 batch_loss=1.3832e-01
E28/28 B5500/36000 batch_loss=1.3592e-01
E28/28 B5600/36000 batch_loss=9.4830e-02
E28/28 B5700/36000 batch_loss=1.4774e-01
E28/28 B5800/36000 batch_loss=1.3598e-01
E28/28 B5900/36000 batch_loss=1.3983e-01
E28/28 B6000/36000 batch_loss=1.3221e-01
E28/28 B6100/36000 batch_loss=1.3520e-01
E28/28 B6200/36000 batch_loss=8.0667e-02
E28/28 B6300/36000 batch_loss=1.4004e-01
E28/28 B6400/36000 batch_loss=8.4373e-02
E28/28 B6500/36000 batch_loss=1.0420e-01
E28/28 B6600/36000 batch_loss=1.4620e-01
E28/28 B6700/36000 batch_loss=1.3590e-01
E28/28 B6800/36000 batch_loss=9.9055e-02
E28/28 B6900/36000 batch_loss=1.3580e-01
E28/28 B7000/36000 batch_loss=1.4393e-01
E28/28 B7100/36000 batch_loss=9.1999e-02
E28/28 B7200/36000 batch_loss=1.4848e-01
E28/28 B7300/36000 batch_loss=9.1174e-02
E28/28 B7400/36000 batch_loss=1.4607e-01
E28/28 B7500/36000 batch_loss=8.6850e-02
E28/28 B7600/36000 batch_loss=1.3695e-01
E28/28 B7700/36000 batch_loss=7.5728e-02
E28/28 B7800/36000 batch_loss=1.0094e-01
E28/28 B7900/36000 batch_loss=8.6948e-02
E28/28 B8000/36000 batch_loss=1.4118e-01
E28/28 B8100/36000 batch_loss=9.4363e-02
E28/28 B8200/36000 batch_loss=9.0844e-02
E28/28 B8300/36000 batch_loss=9.9305e-02
E28/28 B8400/36000 batch_loss=1.5584e-01
E28/28 B8500/36000 batch_loss=1.4036e-01
E28/28 B8600/36000 batch_loss=1.2239e-01
E28/28 B8700/36000 batch_loss=9.8754e-02
E28/28 B8800/36000 batch_loss=9.3609e-02
E28/28 B8900/36000 batch_loss=9.2512e-02
E28/28 B9000/36000 batch_loss=9.2180e-02
E28/28 B9100/36000 batch_loss=1.2865e-01
E28/28 B9200/36000 batch_loss=9.9436e-02
E28/28 B9300/36000 batch_loss=1.4631e-01
E28/28 B9400/36000 batch_loss=1.4480e-01
E28/28 B9500/36000 batch_loss=9.7243e-02
E28/28 B9600/36000 batch_loss=1.0039e-01
E28/28 B9700/36000 batch_loss=9.5553e-02
E28/28 B9800/36000 batch_loss=1.2499e-01
E28/28 B9900/36000 batch_loss=1.2733e-01
E28/28 B10000/36000 batch_loss=1.1273e-01
E28/28 B10100/36000 batch_loss=1.0134e-01
E28/28 B10200/36000 batch_loss=8.3859e-02
E28/28 B10300/36000 batch_loss=1.4268e-01
E28/28 B10400/36000 batch_loss=1.4078e-01
E28/28 B10500/36000 batch_loss=1.3564e-01
E28/28 B10600/36000 batch_loss=1.5659e-01
E28/28 B10700/36000 batch_loss=1.4378e-01
E28/28 B10800/36000 batch_loss=1.2662e-01
E28/28 B10900/36000 batch_loss=1.0190e-01
E28/28 B11000/36000 batch_loss=9.8887e-02
E28/28 B11100/36000 batch_loss=8.7586e-02
E28/28 B11200/36000 batch_loss=9.2549e-02
E28/28 B11300/36000 batch_loss=8.5025e-02
E28/28 B11400/36000 batch_loss=9.2889e-02
E28/28 B11500/36000 batch_loss=9.9529e-02
E28/28 B11600/36000 batch_loss=1.3516e-01
E28/28 B11700/36000 batch_loss=9.9243e-02
E28/28 B11800/36000 batch_loss=1.4702e-01
E28/28 B11900/36000 batch_loss=1.2165e-01
E28/28 B12000/36000 batch_loss=8.0495e-02
E28/28 B12100/36000 batch_loss=1.3567e-01
E28/28 B12200/36000 batch_loss=1.5757e-01
E28/28 B12300/36000 batch_loss=8.7126e-02
E28/28 B12400/36000 batch_loss=1.3499e-01
E28/28 B12500/36000 batch_loss=1.1543e-01
E28/28 B12600/36000 batch_loss=1.2125e-01
E28/28 B12700/36000 batch_loss=1.0845e-01
E28/28 B12800/36000 batch_loss=1.2757e-01
E28/28 B12900/36000 batch_loss=1.4221e-01
E28/28 B13000/36000 batch_loss=1.3240e-01
E28/28 B13100/36000 batch_loss=1.0210e-01
E28/28 B13200/36000 batch_loss=1.4383e-01
E28/28 B13300/36000 batch_loss=7.9565e-02
E28/28 B13400/36000 batch_loss=8.6121e-02
E28/28 B13500/36000 batch_loss=1.2033e-01
E28/28 B13600/36000 batch_loss=1.0941e-01
E28/28 B13700/36000 batch_loss=9.5241e-02
E28/28 B13800/36000 batch_loss=1.2141e-01
E28/28 B13900/36000 batch_loss=1.2871e-01
E28/28 B14000/36000 batch_loss=1.4401e-01
E28/28 B14100/36000 batch_loss=1.0033e-01
E28/28 B14200/36000 batch_loss=1.4610e-01
E28/28 B14300/36000 batch_loss=1.0403e-01
E28/28 B14400/36000 batch_loss=1.5011e-01
E28/28 B14500/36000 batch_loss=1.3117e-01
E28/28 B14600/36000 batch_loss=9.9115e-02
E28/28 B14700/36000 batch_loss=1.0056e-01
E28/28 B14800/36000 batch_loss=1.3497e-01
E28/28 B14900/36000 batch_loss=1.0449e-01
E28/28 B15000/36000 batch_loss=1.4092e-01
E28/28 B15100/36000 batch_loss=9.2334e-02
E28/28 B15200/36000 batch_loss=9.6319e-02
E28/28 B15300/36000 batch_loss=1.1313e-01
E28/28 B15400/36000 batch_loss=1.3062e-01
E28/28 B15500/36000 batch_loss=1.2263e-01
E28/28 B15600/36000 batch_loss=1.4311e-01
E28/28 B15700/36000 batch_loss=9.4427e-02
E28/28 B15800/36000 batch_loss=1.1098e-01
E28/28 B15900/36000 batch_loss=1.0464e-01
E28/28 B16000/36000 batch_loss=1.0375e-01
E28/28 B16100/36000 batch_loss=1.5254e-01
E28/28 B16200/36000 batch_loss=9.1096e-02
E28/28 B16300/36000 batch_loss=8.2989e-02
E28/28 B16400/36000 batch_loss=1.3557e-01
E28/28 B16500/36000 batch_loss=9.1464e-02
E28/28 B16600/36000 batch_loss=8.2796e-02
E28/28 B16700/36000 batch_loss=1.0568e-01
E28/28 B16800/36000 batch_loss=1.2872e-01
E28/28 B16900/36000 batch_loss=9.5113e-02
E28/28 B17000/36000 batch_loss=9.2941e-02
E28/28 B17100/36000 batch_loss=9.1052e-02
E28/28 B17200/36000 batch_loss=1.0114e-01
E28/28 B17300/36000 batch_loss=9.7720e-02
E28/28 B17400/36000 batch_loss=1.4212e-01
E28/28 B17500/36000 batch_loss=1.0028e-01
E28/28 B17600/36000 batch_loss=9.6234e-02
E28/28 B17700/36000 batch_loss=1.2524e-01
E28/28 B17800/36000 batch_loss=1.0064e-01
E28/28 B17900/36000 batch_loss=1.0338e-01
E28/28 B18000/36000 batch_loss=9.6507e-02
E28/28 B18100/36000 batch_loss=1.3492e-01
E28/28 B18200/36000 batch_loss=7.8317e-02
E28/28 B18300/36000 batch_loss=1.3460e-01
E28/28 B18400/36000 batch_loss=9.0227e-02
E28/28 B18500/36000 batch_loss=9.0623e-02
E28/28 B18600/36000 batch_loss=9.2935e-02
E28/28 B18700/36000 batch_loss=1.3757e-01
E28/28 B18800/36000 batch_loss=8.9869e-02
E28/28 B18900/36000 batch_loss=1.4621e-01
E28/28 B19000/36000 batch_loss=7.1706e-02
E28/28 B19100/36000 batch_loss=1.4470e-01
E28/28 B19200/36000 batch_loss=8.1651e-02
E28/28 B19300/36000 batch_loss=1.3581e-01
E28/28 B19400/36000 batch_loss=1.3745e-01
E28/28 B19500/36000 batch_loss=8.2107e-02
E28/28 B19600/36000 batch_loss=8.9745e-02
E28/28 B19700/36000 batch_loss=1.4894e-01
E28/28 B19800/36000 batch_loss=8.5611e-02
E28/28 B19900/36000 batch_loss=9.5847e-02
E28/28 B20000/36000 batch_loss=9.7452e-02
E28/28 B20100/36000 batch_loss=1.1167e-01
E28/28 B20200/36000 batch_loss=8.9013e-02
E28/28 B20300/36000 batch_loss=8.1800e-02
E28/28 B20400/36000 batch_loss=8.5533e-02
E28/28 B20500/36000 batch_loss=9.8434e-02
E28/28 B20600/36000 batch_loss=9.9551e-02
E28/28 B20700/36000 batch_loss=9.7509e-02
E28/28 B20800/36000 batch_loss=9.1137e-02
E28/28 B20900/36000 batch_loss=8.2076e-02
E28/28 B21000/36000 batch_loss=1.0080e-01
E28/28 B21100/36000 batch_loss=1.3067e-01
E28/28 B21200/36000 batch_loss=1.4654e-01
E28/28 B21300/36000 batch_loss=1.3956e-01
E28/28 B21400/36000 batch_loss=1.1487e-01
E28/28 B21500/36000 batch_loss=1.4494e-01
E28/28 B21600/36000 batch_loss=9.1758e-02
E28/28 B21700/36000 batch_loss=9.1521e-02
E28/28 B21800/36000 batch_loss=1.3036e-01
E28/28 B21900/36000 batch_loss=8.6178e-02
E28/28 B22000/36000 batch_loss=1.4561e-01
E28/28 B22100/36000 batch_loss=8.8323e-02
E28/28 B22200/36000 batch_loss=1.2554e-01
E28/28 B22300/36000 batch_loss=7.9978e-02
E28/28 B22400/36000 batch_loss=1.5320e-01
E28/28 B22500/36000 batch_loss=9.8200e-02
E28/28 B22600/36000 batch_loss=9.4262e-02
E28/28 B22700/36000 batch_loss=1.3952e-01
E28/28 B22800/36000 batch_loss=9.6893e-02
E28/28 B22900/36000 batch_loss=1.4786e-01
E28/28 B23000/36000 batch_loss=9.2230e-02
E28/28 B23100/36000 batch_loss=8.2910e-02
E28/28 B23200/36000 batch_loss=1.0623e-01
E28/28 B23300/36000 batch_loss=1.2335e-01
E28/28 B23400/36000 batch_loss=1.4367e-01
E28/28 B23500/36000 batch_loss=1.5425e-01
E28/28 B23600/36000 batch_loss=8.6885e-02
E28/28 B23700/36000 batch_loss=8.6762e-02
E28/28 B23800/36000 batch_loss=8.9065e-02
E28/28 B23900/36000 batch_loss=9.0080e-02
E28/28 B24000/36000 batch_loss=9.8706e-02
E28/28 B24100/36000 batch_loss=1.4484e-01
E28/28 B24200/36000 batch_loss=9.3368e-02
E28/28 B24300/36000 batch_loss=1.2985e-01
E28/28 B24400/36000 batch_loss=1.3925e-01
E28/28 B24500/36000 batch_loss=9.8910e-02
E28/28 B24600/36000 batch_loss=9.2537e-02
E28/28 B24700/36000 batch_loss=7.7511e-02
E28/28 B24800/36000 batch_loss=1.2053e-01
E28/28 B24900/36000 batch_loss=1.4257e-01
E28/28 B25000/36000 batch_loss=1.3853e-01
E28/28 B25100/36000 batch_loss=1.0297e-01
E28/28 B25200/36000 batch_loss=1.3935e-01
E28/28 B25300/36000 batch_loss=7.4124e-02
E28/28 B25400/36000 batch_loss=8.9139e-02
E28/28 B25500/36000 batch_loss=9.9630e-02
E28/28 B25600/36000 batch_loss=8.6442e-02
E28/28 B25700/36000 batch_loss=1.4116e-01
E28/28 B25800/36000 batch_loss=9.0869e-02
E28/28 B25900/36000 batch_loss=8.9936e-02
E28/28 B26000/36000 batch_loss=1.4264e-01
E28/28 B26100/36000 batch_loss=1.4306e-01
E28/28 B26200/36000 batch_loss=9.6891e-02
E28/28 B26300/36000 batch_loss=1.4917e-01
E28/28 B26400/36000 batch_loss=9.2345e-02
E28/28 B26500/36000 batch_loss=1.5410e-01
E28/28 B26600/36000 batch_loss=9.7930e-02
E28/28 B26700/36000 batch_loss=1.3174e-01
E28/28 B26800/36000 batch_loss=1.3981e-01
E28/28 B26900/36000 batch_loss=1.1447e-01
E28/28 B27000/36000 batch_loss=8.3866e-02
E28/28 B27100/36000 batch_loss=9.0417e-02
E28/28 B27200/36000 batch_loss=1.2483e-01
E28/28 B27300/36000 batch_loss=9.0021e-02
E28/28 B27400/36000 batch_loss=1.3186e-01
E28/28 B27500/36000 batch_loss=1.3577e-01
E28/28 B27600/36000 batch_loss=1.5484e-01
E28/28 B27700/36000 batch_loss=1.4377e-01
E28/28 B27800/36000 batch_loss=1.0032e-01
E28/28 B27900/36000 batch_loss=1.5062e-01
E28/28 B28000/36000 batch_loss=1.4883e-01
E28/28 B28100/36000 batch_loss=1.2158e-01
E28/28 B28200/36000 batch_loss=1.3006e-01
E28/28 B28300/36000 batch_loss=1.0333e-01
E28/28 B28400/36000 batch_loss=1.4647e-01
E28/28 B28500/36000 batch_loss=1.3587e-01
E28/28 B28600/36000 batch_loss=1.3483e-01
E28/28 B28700/36000 batch_loss=1.2044e-01
E28/28 B28800/36000 batch_loss=1.3473e-01
E28/28 B28900/36000 batch_loss=1.1695e-01
E28/28 B29000/36000 batch_loss=9.2115e-02
E28/28 B29100/36000 batch_loss=1.4825e-01
E28/28 B29200/36000 batch_loss=1.3837e-01
E28/28 B29300/36000 batch_loss=1.0275e-01
E28/28 B29400/36000 batch_loss=9.7702e-02
E28/28 B29500/36000 batch_loss=1.2309e-01
E28/28 B29600/36000 batch_loss=1.2561e-01
E28/28 B29700/36000 batch_loss=1.3935e-01
E28/28 B29800/36000 batch_loss=1.0240e-01
E28/28 B29900/36000 batch_loss=1.3255e-01
E28/28 B30000/36000 batch_loss=1.3357e-01
E28/28 B30100/36000 batch_loss=1.5547e-01
E28/28 B30200/36000 batch_loss=8.7970e-02
E28/28 B30300/36000 batch_loss=8.8701e-02
E28/28 B30400/36000 batch_loss=1.4728e-01
E28/28 B30500/36000 batch_loss=9.9441e-02
E28/28 B30600/36000 batch_loss=9.8123e-02
E28/28 B30700/36000 batch_loss=9.4134e-02
E28/28 B30800/36000 batch_loss=1.2831e-01
E28/28 B30900/36000 batch_loss=1.3989e-01
E28/28 B31000/36000 batch_loss=8.4300e-02
E28/28 B31100/36000 batch_loss=9.2661e-02
E28/28 B31200/36000 batch_loss=7.5851e-02
E28/28 B31300/36000 batch_loss=8.4400e-02
E28/28 B31400/36000 batch_loss=1.0513e-01
E28/28 B31500/36000 batch_loss=7.6399e-02
E28/28 B31600/36000 batch_loss=1.2858e-01
E28/28 B31700/36000 batch_loss=1.0989e-01
E28/28 B31800/36000 batch_loss=8.6754e-02
E28/28 B31900/36000 batch_loss=1.5531e-01
E28/28 B32000/36000 batch_loss=1.5535e-01
E28/28 B32100/36000 batch_loss=8.9338e-02
E28/28 B32200/36000 batch_loss=8.5243e-02
E28/28 B32300/36000 batch_loss=9.6972e-02
E28/28 B32400/36000 batch_loss=1.5179e-01
E28/28 B32500/36000 batch_loss=1.3129e-01
E28/28 B32600/36000 batch_loss=1.3073e-01
E28/28 B32700/36000 batch_loss=1.1176e-01
E28/28 B32800/36000 batch_loss=1.3109e-01
E28/28 B32900/36000 batch_loss=1.0689e-01
E28/28 B33000/36000 batch_loss=1.1855e-01
E28/28 B33100/36000 batch_loss=1.4674e-01
E28/28 B33200/36000 batch_loss=1.2559e-01
E28/28 B33300/36000 batch_loss=1.3820e-01
E28/28 B33400/36000 batch_loss=1.2442e-01
E28/28 B33500/36000 batch_loss=1.3393e-01
E28/28 B33600/36000 batch_loss=1.0106e-01
E28/28 B33700/36000 batch_loss=1.4895e-01
E28/28 B33800/36000 batch_loss=1.0609e-01
E28/28 B33900/36000 batch_loss=9.0284e-02
E28/28 B34000/36000 batch_loss=1.0034e-01
E28/28 B34100/36000 batch_loss=8.9409e-02
E28/28 B34200/36000 batch_loss=1.1965e-01
E28/28 B34300/36000 batch_loss=1.5707e-01
E28/28 B34400/36000 batch_loss=1.5890e-01
E28/28 B34500/36000 batch_loss=9.1160e-02
E28/28 B34600/36000 batch_loss=9.7080e-02
E28/28 B34700/36000 batch_loss=1.4625e-01
E28/28 B34800/36000 batch_loss=1.4247e-01
E28/28 B34900/36000 batch_loss=1.0061e-01
E28/28 B35000/36000 batch_loss=9.3454e-02
E28/28 B35100/36000 batch_loss=1.5664e-01
E28/28 B35200/36000 batch_loss=1.2864e-01
E28/28 B35300/36000 batch_loss=9.4346e-02
E28/28 B35400/36000 batch_loss=9.3308e-02
E28/28 B35500/36000 batch_loss=1.4295e-01
E28/28 B35600/36000 batch_loss=9.7094e-02
E28/28 B35700/36000 batch_loss=1.4191e-01
E28/28 B35800/36000 batch_loss=1.4664e-01
E28/28 B35900/36000 batch_loss=9.9282e-02
E28/28 B36000/36000 batch_loss=9.2062e-02
2026-07-16 20:45:13,695 | INFO | Saved 10 diagnostic panel(s) under D:\Research\NO-2D-Metamaterials\MODELS\training_runs\NO_I3O5_BCF16_NMAE_HC128_LR2e-03_WD0e+00_L1P1e-08_SS1_G9e-01_ch0u_260711\diagnostics\epoch_028
epoch=28/28 loss=nmae train_nmae=1.159756e-01 val_nmae=2.330224e-01 train_mae=1.100128e-03 val_mae=1.975645e-03 train_mse=2.128305e-05 val_mse=5.186887e-05 lr=1.047e-04 train_sps=1575.0
2026-07-16 20:45:15,199 | INFO | epoch=28/28 loss=nmae train_nmae=1.159756e-01 val_nmae=2.330224e-01 train_mae=1.100128e-03 val_mae=1.975645e-03 train_mse=2.128305e-05 val_mse=5.186887e-05 lr=1.047e-04 train_sps=1575.0
2026-07-16 20:45:15,199 | INFO | epoch=28/28 loss_ch_nmae train=6.242e-03 1.262e-01 1.286e-01 1.591e-01 1.597e-01 val=7.728e-03 2.525e-01 2.594e-01 3.220e-01 3.235e-01
2026-07-16 20:45:15,199 | INFO | epoch=28/28 mae_ch train=3.988e-04 1.162e-03 1.097e-03 1.459e-03 1.384e-03 val=4.696e-04 2.147e-03 2.005e-03 2.720e-03 2.537e-03 mse_ch train=1.071e-05 1.881e-05 1.728e-05 3.154e-05 2.808e-05 val=2.292e-06 5.273e-05 4.910e-05 8.372e-05 7.151e-05
Epoch 28/28 done | loss=nmae train=1.1598e-01 val=2.3302e-01 mae=1.9756e-03 mse=5.1869e-05 lr=1.05e-04
2026-07-16 20:45:15,490 | INFO | Run complete | run_name=NO_I3O5_BCF16_NMAE_HC128_LR2e-03_WD0e+00_L1P1e-08_SS1_G9e-01_ch0u_260711 run_id=NO_I3O5_BCF16_NMAE_HC128_LR2e-03_WD0e+00_L1P1e-08_SS1_G9e-01_ch0u_260711 best_val_loss=2.318866e-01
2026-07-16 20:45:15,490 | INFO | Artifacts saved to: D:\Research\NO-2D-Metamaterials\MODELS\training_runs\NO_I3O5_BCF16_NMAE_HC128_LR2e-03_WD0e+00_L1P1e-08_SS1_G9e-01_ch0u_260711
Run complete. run_name=NO_I3O5_BCF16_NMAE_HC128_LR2e-03_WD0e+00_L1P1e-08_SS1_G9e-01_ch0u_260711 run_id=NO_I3O5_BCF16_NMAE_HC128_LR2e-03_WD0e+00_L1P1e-08_SS1_G9e-01_ch0u_260711 best_val_loss=2.318866e-01
Artifacts saved to: D:\Research\NO-2D-Metamaterials\MODELS\training_runs\NO_I3O5_BCF16_NMAE_HC128_LR2e-03_WD0e+00_L1P1e-08_SS1_G9e-01_ch0u_260711
