2026-07-18 09:50:15,156 | INFO | Perf backends | tf32=True cudnn_benchmark=True matmul_precision=high amp=bf16
2026-07-18 09:50:26,211 | INFO | L1 weight penalty lambda=1.000000e-08 (added to training loss)
2026-07-18 09:50:26,213 | INFO | NMSE epsilon=1.000000e-05
2026-07-18 09:50:26,214 | INFO | Loss logging: active=nmse; every epoch records train/val nmse, MAE, and MSE
2026-07-18 09:50:26,875 | INFO | Loaded weights from D:\Research\NO-2D-Metamaterials\MODELS\training_runs\NO_I3O5_BCF16_NMSE_HC128_LR2e-03_WD0e+00_L1P1e-08_SS1_G9e-01_ch0u_260717\NO_I3O5_BCF16_NMSE_HC128_LR2e-03_WD0e+00_L1P1e-08_SS1_G9e-01_ch0u_260717_E3.pth; continuing at epoch=4.
2026-07-18 09:50:26,877 | INFO | Advanced StepLR by 3 completed epochs; lr=1.458e-03 for epoch=4.
2026-07-18 09:50:26,880 | INFO | Run started | run_name=NO_I3O5_BCF16_NMSE_HC128_LR2e-03_WD0e+00_L1P1e-08_SS1_G9e-01_ch0u_260717 run_id=NO_I3O5_BCF16_NMSE_HC128_LR2e-03_WD0e+00_L1P1e-08_SS1_G9e-01_ch0u_260717 device=cuda train_samples=18720000 test_samples=3900000 val_index_source=indices_full epoch_range=4..8
2026-07-18 09:50:26,880 | INFO | Fault diagnostics | main_fault_log=D:\Research\NO-2D-Metamaterials\MODELS\training_runs\NO_I3O5_BCF16_NMSE_HC128_LR2e-03_WD0e+00_L1P1e-08_SS1_G9e-01_ch0u_260717\main_process_fault.log
E4/8 B100/36000 batch_loss=2.5106e-01
E4/8 B200/36000 batch_loss=2.3281e-01
E4/8 B300/36000 batch_loss=2.0982e-01
E4/8 B400/36000 batch_loss=2.0005e-01
E4/8 B500/36000 batch_loss=1.3959e-01
E4/8 B600/36000 batch_loss=1.4615e-01
E4/8 B700/36000 batch_loss=2.2267e-01
E4/8 B800/36000 batch_loss=1.5378e-01
E4/8 B900/36000 batch_loss=2.3722e-01
E4/8 B1000/36000 batch_loss=2.0172e-01
E4/8 B1100/36000 batch_loss=2.1759e-01
E4/8 B1200/36000 batch_loss=1.5687e-01
E4/8 B1300/36000 batch_loss=1.4884e-01
E4/8 B1400/36000 batch_loss=1.4893e-01
E4/8 B1500/36000 batch_loss=2.2644e-01
E4/8 B1600/36000 batch_loss=2.1760e-01
E4/8 B1700/36000 batch_loss=1.4352e-01
E4/8 B1800/36000 batch_loss=2.2126e-01
E4/8 B1900/36000 batch_loss=1.4434e-01
E4/8 B2000/36000 batch_loss=2.1777e-01
E4/8 B2100/36000 batch_loss=1.8753e-01
E4/8 B2200/36000 batch_loss=1.8860e-01
E4/8 B2300/36000 batch_loss=1.9369e-01
E4/8 B2400/36000 batch_loss=2.1341e-01
E4/8 B2500/36000 batch_loss=2.3321e-01
E4/8 B2600/36000 batch_loss=1.7965e-01
E4/8 B2700/36000 batch_loss=1.4070e-01
E4/8 B2800/36000 batch_loss=1.4086e-01
E4/8 B2900/36000 batch_loss=2.1941e-01
E4/8 B3000/36000 batch_loss=1.5750e-01
E4/8 B3100/36000 batch_loss=2.3996e-01
E4/8 B3200/36000 batch_loss=1.5040e-01
E4/8 B3300/36000 batch_loss=2.4918e-01
E4/8 B3400/36000 batch_loss=2.1380e-01
E4/8 B3500/36000 batch_loss=2.4610e-01
E4/8 B3600/36000 batch_loss=1.5479e-01
E4/8 B3700/36000 batch_loss=2.2786e-01
E4/8 B3800/36000 batch_loss=2.1032e-01
E4/8 B3900/36000 batch_loss=2.4525e-01
E4/8 B4000/36000 batch_loss=2.4998e-01
E4/8 B4100/36000 batch_loss=1.3964e-01
E4/8 B4200/36000 batch_loss=2.3497e-01
E4/8 B4300/36000 batch_loss=2.5028e-01
E4/8 B4400/36000 batch_loss=2.1761e-01
E4/8 B4500/36000 batch_loss=1.5302e-01
E4/8 B4600/36000 batch_loss=1.5694e-01
E4/8 B4700/36000 batch_loss=2.3496e-01
E4/8 B4800/36000 batch_loss=1.6545e-01
E4/8 B4900/36000 batch_loss=1.6020e-01
E4/8 B5000/36000 batch_loss=2.3186e-01
E4/8 B5100/36000 batch_loss=1.5331e-01
E4/8 B5200/36000 batch_loss=1.5282e-01
E4/8 B5300/36000 batch_loss=1.3001e-01
E4/8 B5400/36000 batch_loss=2.2255e-01
E4/8 B5500/36000 batch_loss=2.0197e-01
E4/8 B5600/36000 batch_loss=2.1560e-01
E4/8 B5700/36000 batch_loss=2.1838e-01
E4/8 B5800/36000 batch_loss=2.2485e-01
E4/8 B5900/36000 batch_loss=1.6829e-01
E4/8 B6000/36000 batch_loss=1.8883e-01
E4/8 B6100/36000 batch_loss=1.3847e-01
E4/8 B6200/36000 batch_loss=1.4573e-01
E4/8 B6300/36000 batch_loss=1.4482e-01
E4/8 B6400/36000 batch_loss=1.5418e-01
E4/8 B6500/36000 batch_loss=1.6417e-01
E4/8 B6600/36000 batch_loss=1.6180e-01
E4/8 B6700/36000 batch_loss=2.3098e-01
E4/8 B6800/36000 batch_loss=1.4458e-01
E4/8 B6900/36000 batch_loss=1.3920e-01
E4/8 B7000/36000 batch_loss=2.1392e-01
E4/8 B7100/36000 batch_loss=2.2244e-01
E4/8 B7200/36000 batch_loss=2.1872e-01
E4/8 B7300/36000 batch_loss=2.3437e-01
E4/8 B7400/36000 batch_loss=1.5396e-01
E4/8 B7500/36000 batch_loss=2.1105e-01
E4/8 B7600/36000 batch_loss=1.3628e-01
E4/8 B7700/36000 batch_loss=2.0412e-01
E4/8 B7800/36000 batch_loss=1.3283e-01
E4/8 B7900/36000 batch_loss=1.5907e-01
E4/8 B8000/36000 batch_loss=2.3417e-01
E4/8 B8100/36000 batch_loss=2.2111e-01
E4/8 B8200/36000 batch_loss=2.0976e-01
E4/8 B8300/36000 batch_loss=2.3228e-01
E4/8 B8400/36000 batch_loss=1.5672e-01
E4/8 B8500/36000 batch_loss=2.1611e-01
E4/8 B8600/36000 batch_loss=1.2646e-01
E4/8 B8700/36000 batch_loss=2.2365e-01
E4/8 B8800/36000 batch_loss=2.2931e-01
E4/8 B8900/36000 batch_loss=2.1491e-01
E4/8 B9000/36000 batch_loss=2.2704e-01
E4/8 B9100/36000 batch_loss=1.4341e-01
E4/8 B9200/36000 batch_loss=2.2579e-01
E4/8 B9300/36000 batch_loss=2.3870e-01
E4/8 B9400/36000 batch_loss=2.2350e-01
E4/8 B9500/36000 batch_loss=1.4929e-01
E4/8 B9600/36000 batch_loss=1.4381e-01
E4/8 B9700/36000 batch_loss=2.0274e-01
E4/8 B9800/36000 batch_loss=1.6565e-01
E4/8 B9900/36000 batch_loss=2.2404e-01
E4/8 B10000/36000 batch_loss=2.3228e-01
E4/8 B10100/36000 batch_loss=1.4132e-01
E4/8 B10200/36000 batch_loss=1.5683e-01
E4/8 B10300/36000 batch_loss=2.2390e-01
E4/8 B10400/36000 batch_loss=1.5636e-01
E4/8 B10500/36000 batch_loss=2.4020e-01
E4/8 B10600/36000 batch_loss=2.1761e-01
E4/8 B10700/36000 batch_loss=1.4970e-01
E4/8 B10800/36000 batch_loss=2.3088e-01
E4/8 B10900/36000 batch_loss=2.6121e-01
E4/8 B11000/36000 batch_loss=1.4506e-01
E4/8 B11100/36000 batch_loss=1.9688e-01
E4/8 B11200/36000 batch_loss=2.5138e-01
E4/8 B11300/36000 batch_loss=1.4384e-01
E4/8 B11400/36000 batch_loss=2.3922e-01
E4/8 B11500/36000 batch_loss=2.0380e-01
E4/8 B11600/36000 batch_loss=2.4140e-01
E4/8 B11700/36000 batch_loss=1.3689e-01
E4/8 B11800/36000 batch_loss=2.2559e-01
E4/8 B11900/36000 batch_loss=1.5630e-01
E4/8 B12000/36000 batch_loss=1.6547e-01
E4/8 B12100/36000 batch_loss=2.4238e-01
E4/8 B12200/36000 batch_loss=1.6651e-01
E4/8 B12300/36000 batch_loss=1.3948e-01
E4/8 B12400/36000 batch_loss=1.3943e-01
E4/8 B12500/36000 batch_loss=2.2460e-01
E4/8 B12600/36000 batch_loss=2.3618e-01
E4/8 B12700/36000 batch_loss=1.4251e-01
E4/8 B12800/36000 batch_loss=2.0027e-01
E4/8 B12900/36000 batch_loss=1.3927e-01
E4/8 B13000/36000 batch_loss=1.4282e-01
E4/8 B13100/36000 batch_loss=1.6754e-01
E4/8 B13200/36000 batch_loss=1.4163e-01
E4/8 B13300/36000 batch_loss=1.4497e-01
E4/8 B13400/36000 batch_loss=2.0057e-01
E4/8 B13500/36000 batch_loss=2.0700e-01
E4/8 B13600/36000 batch_loss=1.2640e-01
E4/8 B13700/36000 batch_loss=1.5633e-01
E4/8 B13800/36000 batch_loss=2.2904e-01
E4/8 B13900/36000 batch_loss=2.2298e-01
E4/8 B14000/36000 batch_loss=1.5757e-01
E4/8 B14100/36000 batch_loss=1.5594e-01
E4/8 B14200/36000 batch_loss=2.1759e-01
E4/8 B14300/36000 batch_loss=2.3214e-01
E4/8 B14400/36000 batch_loss=2.1967e-01
E4/8 B14500/36000 batch_loss=1.4564e-01
E4/8 B14600/36000 batch_loss=2.1682e-01
E4/8 B14700/36000 batch_loss=2.2560e-01
E4/8 B14800/36000 batch_loss=1.5398e-01
E4/8 B14900/36000 batch_loss=1.3266e-01
E4/8 B15000/36000 batch_loss=2.3330e-01
E4/8 B15100/36000 batch_loss=1.5740e-01
E4/8 B15200/36000 batch_loss=2.3485e-01
E4/8 B15300/36000 batch_loss=1.5490e-01
E4/8 B15400/36000 batch_loss=2.1438e-01
E4/8 B15500/36000 batch_loss=1.6497e-01
E4/8 B15600/36000 batch_loss=1.4345e-01
E4/8 B15700/36000 batch_loss=1.5009e-01
E4/8 B15800/36000 batch_loss=1.3517e-01
E4/8 B15900/36000 batch_loss=1.5343e-01
E4/8 B16000/36000 batch_loss=1.4723e-01
E4/8 B16100/36000 batch_loss=1.4862e-01
E4/8 B16200/36000 batch_loss=1.4040e-01
E4/8 B16300/36000 batch_loss=1.4950e-01
E4/8 B16400/36000 batch_loss=1.5702e-01
E4/8 B16500/36000 batch_loss=1.4490e-01
E4/8 B16600/36000 batch_loss=1.4790e-01
E4/8 B16700/36000 batch_loss=1.4329e-01
E4/8 B16800/36000 batch_loss=1.5748e-01
E4/8 B16900/36000 batch_loss=2.2322e-01
E4/8 B17000/36000 batch_loss=1.4540e-01
E4/8 B17100/36000 batch_loss=2.1513e-01
E4/8 B17200/36000 batch_loss=1.3406e-01
E4/8 B17300/36000 batch_loss=2.4412e-01
E4/8 B17400/36000 batch_loss=1.3766e-01
E4/8 B17500/36000 batch_loss=1.6561e-01
E4/8 B17600/36000 batch_loss=1.1675e-01
E4/8 B17700/36000 batch_loss=2.3299e-01
E4/8 B17800/36000 batch_loss=1.3545e-01
E4/8 B17900/36000 batch_loss=2.1828e-01
E4/8 B18000/36000 batch_loss=1.3670e-01
E4/8 B18100/36000 batch_loss=1.4734e-01
E4/8 B18200/36000 batch_loss=1.3987e-01
E4/8 B18300/36000 batch_loss=2.5402e-01
E4/8 B18400/36000 batch_loss=2.2258e-01
E4/8 B18500/36000 batch_loss=1.4628e-01
E4/8 B18600/36000 batch_loss=1.9292e-01
E4/8 B18700/36000 batch_loss=1.3397e-01
E4/8 B18800/36000 batch_loss=2.6164e-01
E4/8 B18900/36000 batch_loss=2.4579e-01
E4/8 B19000/36000 batch_loss=1.4537e-01
E4/8 B19100/36000 batch_loss=2.4672e-01
E4/8 B19200/36000 batch_loss=2.2937e-01
E4/8 B19300/36000 batch_loss=1.4457e-01
E4/8 B19400/36000 batch_loss=1.5830e-01
E4/8 B19500/36000 batch_loss=2.3473e-01
E4/8 B19600/36000 batch_loss=1.4335e-01
E4/8 B19700/36000 batch_loss=2.3791e-01
E4/8 B19800/36000 batch_loss=1.9360e-01
E4/8 B19900/36000 batch_loss=2.2407e-01
E4/8 B20000/36000 batch_loss=2.1790e-01
E4/8 B20100/36000 batch_loss=2.2387e-01
E4/8 B20200/36000 batch_loss=2.3387e-01
E4/8 B20300/36000 batch_loss=2.0604e-01
E4/8 B20400/36000 batch_loss=1.5143e-01
E4/8 B20500/36000 batch_loss=1.2831e-01
E4/8 B20600/36000 batch_loss=1.2391e-01
E4/8 B20700/36000 batch_loss=1.4586e-01
E4/8 B20800/36000 batch_loss=1.3554e-01
E4/8 B20900/36000 batch_loss=2.3458e-01
E4/8 B21000/36000 batch_loss=1.5900e-01
E4/8 B21100/36000 batch_loss=1.5153e-01
E4/8 B21200/36000 batch_loss=1.5270e-01
E4/8 B21300/36000 batch_loss=1.3303e-01
E4/8 B21400/36000 batch_loss=1.4900e-01
E4/8 B21500/36000 batch_loss=1.4517e-01
E4/8 B21600/36000 batch_loss=2.2805e-01
E4/8 B21700/36000 batch_loss=2.1699e-01
E4/8 B21800/36000 batch_loss=2.2342e-01
E4/8 B21900/36000 batch_loss=1.5516e-01
E4/8 B22000/36000 batch_loss=2.0730e-01
E4/8 B22100/36000 batch_loss=1.4363e-01
E4/8 B22200/36000 batch_loss=2.6757e-01
E4/8 B22300/36000 batch_loss=1.5043e-01
E4/8 B22400/36000 batch_loss=1.3809e-01
E4/8 B22500/36000 batch_loss=2.1741e-01
E4/8 B22600/36000 batch_loss=2.1117e-01
E4/8 B22700/36000 batch_loss=2.0197e-01
E4/8 B22800/36000 batch_loss=2.1560e-01
E4/8 B22900/36000 batch_loss=1.4489e-01
E4/8 B23000/36000 batch_loss=2.2862e-01
E4/8 B23100/36000 batch_loss=1.4048e-01
E4/8 B23200/36000 batch_loss=1.3961e-01
E4/8 B23300/36000 batch_loss=1.3603e-01
E4/8 B23400/36000 batch_loss=2.0771e-01
E4/8 B23500/36000 batch_loss=2.1960e-01
E4/8 B23600/36000 batch_loss=2.5941e-01
E4/8 B23700/36000 batch_loss=1.3611e-01
E4/8 B23800/36000 batch_loss=1.4141e-01
E4/8 B23900/36000 batch_loss=2.0710e-01
E4/8 B24000/36000 batch_loss=1.5070e-01
E4/8 B24100/36000 batch_loss=1.4328e-01
E4/8 B24200/36000 batch_loss=1.3471e-01
E4/8 B24300/36000 batch_loss=1.4900e-01
E4/8 B24400/36000 batch_loss=1.6562e-01
E4/8 B24500/36000 batch_loss=1.2741e-01
E4/8 B24600/36000 batch_loss=1.9882e-01
E4/8 B24700/36000 batch_loss=2.3542e-01
E4/8 B24800/36000 batch_loss=2.1288e-01
E4/8 B24900/36000 batch_loss=2.2258e-01
E4/8 B25000/36000 batch_loss=2.1815e-01
E4/8 B25100/36000 batch_loss=1.5068e-01
E4/8 B25200/36000 batch_loss=1.6796e-01
E4/8 B25300/36000 batch_loss=1.5187e-01
E4/8 B25400/36000 batch_loss=2.2716e-01
E4/8 B25500/36000 batch_loss=1.4543e-01
E4/8 B25600/36000 batch_loss=1.9084e-01
E4/8 B25700/36000 batch_loss=1.3795e-01
E4/8 B25800/36000 batch_loss=2.3558e-01
E4/8 B25900/36000 batch_loss=1.4986e-01
E4/8 B26000/36000 batch_loss=1.1695e-01
E4/8 B26100/36000 batch_loss=1.4027e-01
E4/8 B26200/36000 batch_loss=2.4128e-01
E4/8 B26300/36000 batch_loss=1.3187e-01
E4/8 B26400/36000 batch_loss=1.4719e-01
E4/8 B26500/36000 batch_loss=2.1831e-01
E4/8 B26600/36000 batch_loss=2.4593e-01
E4/8 B26700/36000 batch_loss=2.7238e-01
E4/8 B26800/36000 batch_loss=1.4273e-01
E4/8 B26900/36000 batch_loss=1.4453e-01
E4/8 B27000/36000 batch_loss=1.5622e-01
E4/8 B27100/36000 batch_loss=2.0272e-01
E4/8 B27200/36000 batch_loss=1.3698e-01
E4/8 B27300/36000 batch_loss=2.1797e-01
E4/8 B27400/36000 batch_loss=1.5144e-01
E4/8 B27500/36000 batch_loss=1.4965e-01
E4/8 B27600/36000 batch_loss=2.1604e-01
E4/8 B27700/36000 batch_loss=2.3057e-01
E4/8 B27800/36000 batch_loss=1.7240e-01
E4/8 B27900/36000 batch_loss=2.2963e-01
E4/8 B28000/36000 batch_loss=2.2169e-01
E4/8 B28100/36000 batch_loss=2.0934e-01
E4/8 B28200/36000 batch_loss=2.1391e-01
E4/8 B28300/36000 batch_loss=1.3359e-01
E4/8 B28400/36000 batch_loss=2.2598e-01
E4/8 B28500/36000 batch_loss=1.4945e-01
E4/8 B28600/36000 batch_loss=1.3903e-01
E4/8 B28700/36000 batch_loss=2.1263e-01
E4/8 B28800/36000 batch_loss=1.2837e-01
E4/8 B28900/36000 batch_loss=1.2944e-01
E4/8 B29000/36000 batch_loss=2.2369e-01
E4/8 B29100/36000 batch_loss=2.2017e-01
E4/8 B29200/36000 batch_loss=2.2301e-01
E4/8 B29300/36000 batch_loss=2.1062e-01
E4/8 B29400/36000 batch_loss=1.4379e-01
E4/8 B29500/36000 batch_loss=1.6133e-01
E4/8 B29600/36000 batch_loss=1.3515e-01
E4/8 B29700/36000 batch_loss=1.4568e-01
E4/8 B29800/36000 batch_loss=2.2060e-01
E4/8 B29900/36000 batch_loss=1.4964e-01
E4/8 B30000/36000 batch_loss=1.4333e-01
E4/8 B30100/36000 batch_loss=1.3894e-01
E4/8 B30200/36000 batch_loss=2.3560e-01
E4/8 B30300/36000 batch_loss=1.6014e-01
E4/8 B30400/36000 batch_loss=1.4578e-01
E4/8 B30500/36000 batch_loss=2.0841e-01
E4/8 B30600/36000 batch_loss=1.3788e-01
E4/8 B30700/36000 batch_loss=1.4577e-01
E4/8 B30800/36000 batch_loss=1.6380e-01
E4/8 B30900/36000 batch_loss=2.1558e-01
E4/8 B31000/36000 batch_loss=1.3584e-01
E4/8 B31100/36000 batch_loss=1.6991e-01
E4/8 B31200/36000 batch_loss=1.5599e-01
E4/8 B31300/36000 batch_loss=2.3201e-01
E4/8 B31400/36000 batch_loss=2.1117e-01
E4/8 B31500/36000 batch_loss=2.3191e-01
E4/8 B31600/36000 batch_loss=1.2277e-01
E4/8 B31700/36000 batch_loss=2.1477e-01
E4/8 B31800/36000 batch_loss=2.1091e-01
E4/8 B31900/36000 batch_loss=2.0639e-01
E4/8 B32000/36000 batch_loss=1.4897e-01
E4/8 B32100/36000 batch_loss=2.1966e-01
E4/8 B32200/36000 batch_loss=2.2220e-01
E4/8 B32300/36000 batch_loss=2.4884e-01
E4/8 B32400/36000 batch_loss=2.3226e-01
E4/8 B32500/36000 batch_loss=1.5729e-01
E4/8 B32600/36000 batch_loss=2.2712e-01
E4/8 B32700/36000 batch_loss=1.5214e-01
E4/8 B32800/36000 batch_loss=2.0392e-01
E4/8 B32900/36000 batch_loss=2.2173e-01
E4/8 B33000/36000 batch_loss=2.1513e-01
E4/8 B33100/36000 batch_loss=1.9694e-01
E4/8 B33200/36000 batch_loss=2.3173e-01
E4/8 B33300/36000 batch_loss=1.2780e-01
E4/8 B33400/36000 batch_loss=2.0575e-01
E4/8 B33500/36000 batch_loss=2.1473e-01
E4/8 B33600/36000 batch_loss=1.4964e-01
E4/8 B33700/36000 batch_loss=2.0090e-01
E4/8 B33800/36000 batch_loss=1.4428e-01
E4/8 B33900/36000 batch_loss=1.3399e-01
E4/8 B34000/36000 batch_loss=2.2477e-01
E4/8 B34100/36000 batch_loss=2.2894e-01
E4/8 B34200/36000 batch_loss=1.4826e-01
E4/8 B34300/36000 batch_loss=1.6698e-01
E4/8 B34400/36000 batch_loss=1.2578e-01
E4/8 B34500/36000 batch_loss=1.1800e-01
E4/8 B34600/36000 batch_loss=1.5461e-01
E4/8 B34700/36000 batch_loss=1.3359e-01
E4/8 B34800/36000 batch_loss=1.4751e-01
E4/8 B34900/36000 batch_loss=2.1153e-01
E4/8 B35000/36000 batch_loss=2.2783e-01
E4/8 B35100/36000 batch_loss=1.4076e-01
E4/8 B35200/36000 batch_loss=2.3326e-01
E4/8 B35300/36000 batch_loss=1.9407e-01
E4/8 B35400/36000 batch_loss=1.3682e-01
E4/8 B35500/36000 batch_loss=2.1510e-01
E4/8 B35600/36000 batch_loss=2.4327e-01
E4/8 B35700/36000 batch_loss=2.2114e-01
E4/8 B35800/36000 batch_loss=1.4990e-01
E4/8 B35900/36000 batch_loss=2.0196e-01
E4/8 B36000/36000 batch_loss=2.2592e-01
2026-07-18 13:31:51,795 | INFO | Saved 10 diagnostic panel(s) under D:\Research\NO-2D-Metamaterials\MODELS\training_runs\NO_I3O5_BCF16_NMSE_HC128_LR2e-03_WD0e+00_L1P1e-08_SS1_G9e-01_ch0u_260717\diagnostics\epoch_004
epoch=4/8 loss=nmse train_nmse=1.853802e-01 val_nmse=2.294606e-01 train_mae=3.043881e-03 val_mae=3.288020e-03 train_mse=4.949850e-05 val_mse=6.075660e-05 lr=1.312e-03 train_sps=1507.4
2026-07-18 13:31:53,557 | INFO | epoch=4/8 loss=nmse train_nmse=1.853802e-01 val_nmse=2.294606e-01 train_mae=3.043881e-03 val_mae=3.288020e-03 train_mse=4.949850e-05 val_mse=6.075660e-05 lr=1.312e-03 train_sps=1507.4
2026-07-18 13:31:53,558 | INFO | epoch=4/8 loss_ch_nmse train=2.988e-03 1.834e-01 1.950e-01 2.783e-01 2.672e-01 val=3.980e-03 2.351e-01 2.507e-01 3.310e-01 3.266e-01
2026-07-18 13:31:53,558 | INFO | epoch=4/8 mae_ch train=1.963e-03 3.119e-03 2.975e-03 3.703e-03 3.459e-03 val=1.958e-03 3.526e-03 3.257e-03 3.973e-03 3.726e-03 mse_ch train=1.280e-05 4.932e-05 4.655e-05 7.398e-05 6.485e-05 val=1.323e-05 6.340e-05 5.979e-05 8.842e-05 7.894e-05
Epoch 4/8 done | loss=nmse train=1.8538e-01 val=2.2946e-01 mae=3.2880e-03 mse=6.0757e-05 lr=1.31e-03
E5/8 B100/36000 batch_loss=1.1868e-01
E5/8 B200/36000 batch_loss=1.9452e-01
E5/8 B300/36000 batch_loss=1.8926e-01
E5/8 B400/36000 batch_loss=1.5097e-01
E5/8 B500/36000 batch_loss=1.4988e-01
E5/8 B600/36000 batch_loss=1.9647e-01
E5/8 B700/36000 batch_loss=2.3348e-01
E5/8 B800/36000 batch_loss=1.1663e-01
E5/8 B900/36000 batch_loss=2.3177e-01
E5/8 B1000/36000 batch_loss=1.3808e-01
E5/8 B1100/36000 batch_loss=1.3968e-01
E5/8 B1200/36000 batch_loss=2.0452e-01
E5/8 B1300/36000 batch_loss=1.1726e-01
E5/8 B1400/36000 batch_loss=1.2268e-01
E5/8 B1500/36000 batch_loss=1.3527e-01
E5/8 B1600/36000 batch_loss=1.9966e-01
E5/8 B1700/36000 batch_loss=1.3951e-01
E5/8 B1800/36000 batch_loss=1.8839e-01
E5/8 B1900/36000 batch_loss=1.7355e-01
E5/8 B2000/36000 batch_loss=1.4995e-01
E5/8 B2100/36000 batch_loss=1.2035e-01
E5/8 B2200/36000 batch_loss=1.4113e-01
E5/8 B2300/36000 batch_loss=1.5725e-01
E5/8 B2400/36000 batch_loss=1.8630e-01
E5/8 B2500/36000 batch_loss=1.4126e-01
E5/8 B2600/36000 batch_loss=1.2460e-01
E5/8 B2700/36000 batch_loss=1.3977e-01
E5/8 B2800/36000 batch_loss=1.9097e-01
E5/8 B2900/36000 batch_loss=1.2861e-01
E5/8 B3000/36000 batch_loss=1.1638e-01
E5/8 B3100/36000 batch_loss=1.5130e-01
E5/8 B3200/36000 batch_loss=2.1157e-01
E5/8 B3300/36000 batch_loss=2.2788e-01
E5/8 B3400/36000 batch_loss=2.0419e-01
E5/8 B3500/36000 batch_loss=2.2843e-01
E5/8 B3600/36000 batch_loss=1.2833e-01
E5/8 B3700/36000 batch_loss=1.9954e-01
E5/8 B3800/36000 batch_loss=1.9037e-01
E5/8 B3900/36000 batch_loss=1.1747e-01
E5/8 B4000/36000 batch_loss=1.9781e-01
E5/8 B4100/36000 batch_loss=1.9192e-01
E5/8 B4200/36000 batch_loss=1.6347e-01
E5/8 B4300/36000 batch_loss=2.2734e-01
E5/8 B4400/36000 batch_loss=1.2184e-01
E5/8 B4500/36000 batch_loss=1.5090e-01
E5/8 B4600/36000 batch_loss=2.3111e-01
E5/8 B4700/36000 batch_loss=1.3182e-01
E5/8 B4800/36000 batch_loss=2.0629e-01
E5/8 B4900/36000 batch_loss=1.3004e-01
E5/8 B5000/36000 batch_loss=1.8830e-01
E5/8 B5100/36000 batch_loss=2.0486e-01
E5/8 B5200/36000 batch_loss=1.9392e-01
E5/8 B5300/36000 batch_loss=1.2719e-01
E5/8 B5400/36000 batch_loss=1.8306e-01
E5/8 B5500/36000 batch_loss=1.3584e-01
E5/8 B5600/36000 batch_loss=1.1829e-01
E5/8 B5700/36000 batch_loss=1.2548e-01
E5/8 B5800/36000 batch_loss=1.4108e-01
E5/8 B5900/36000 batch_loss=1.3390e-01
E5/8 B6000/36000 batch_loss=2.1378e-01
E5/8 B6100/36000 batch_loss=1.3722e-01
E5/8 B6200/36000 batch_loss=1.8811e-01
E5/8 B6300/36000 batch_loss=2.0063e-01
E5/8 B6400/36000 batch_loss=1.9060e-01
E5/8 B6500/36000 batch_loss=2.1639e-01
E5/8 B6600/36000 batch_loss=1.3821e-01
E5/8 B6700/36000 batch_loss=1.8423e-01
E5/8 B6800/36000 batch_loss=1.8215e-01
E5/8 B6900/36000 batch_loss=1.4110e-01
E5/8 B7000/36000 batch_loss=2.1256e-01
E5/8 B7100/36000 batch_loss=1.3966e-01
E5/8 B7200/36000 batch_loss=1.2941e-01
E5/8 B7300/36000 batch_loss=1.7971e-01
E5/8 B7400/36000 batch_loss=1.5318e-01
E5/8 B7500/36000 batch_loss=2.0419e-01
E5/8 B7600/36000 batch_loss=1.1836e-01
E5/8 B7700/36000 batch_loss=2.0720e-01
E5/8 B7800/36000 batch_loss=2.0877e-01
E5/8 B7900/36000 batch_loss=1.3196e-01
E5/8 B8000/36000 batch_loss=2.1478e-01
E5/8 B8100/36000 batch_loss=1.5151e-01
E5/8 B8200/36000 batch_loss=1.4326e-01
E5/8 B8300/36000 batch_loss=2.1464e-01
E5/8 B8400/36000 batch_loss=1.3181e-01
E5/8 B8500/36000 batch_loss=1.3479e-01
E5/8 B8600/36000 batch_loss=1.3881e-01
E5/8 B8700/36000 batch_loss=1.8839e-01
E5/8 B8800/36000 batch_loss=1.9831e-01
E5/8 B8900/36000 batch_loss=2.1139e-01
E5/8 B9000/36000 batch_loss=1.3110e-01
E5/8 B9100/36000 batch_loss=1.8946e-01
E5/8 B9200/36000 batch_loss=1.9398e-01
E5/8 B9300/36000 batch_loss=2.0475e-01
E5/8 B9400/36000 batch_loss=2.1929e-01
E5/8 B9500/36000 batch_loss=1.2465e-01
E5/8 B9600/36000 batch_loss=2.0090e-01
E5/8 B9700/36000 batch_loss=1.2370e-01
E5/8 B9800/36000 batch_loss=1.3814e-01
E5/8 B9900/36000 batch_loss=1.1969e-01
E5/8 B10000/36000 batch_loss=1.2938e-01
E5/8 B10100/36000 batch_loss=2.0087e-01
E5/8 B10200/36000 batch_loss=1.5411e-01
E5/8 B10300/36000 batch_loss=1.2939e-01
E5/8 B10400/36000 batch_loss=2.0315e-01
E5/8 B10500/36000 batch_loss=2.1384e-01
E5/8 B10600/36000 batch_loss=1.3510e-01
E5/8 B10700/36000 batch_loss=1.3068e-01
E5/8 B10800/36000 batch_loss=2.1354e-01
E5/8 B10900/36000 batch_loss=1.2116e-01
E5/8 B11000/36000 batch_loss=1.5142e-01
E5/8 B11100/36000 batch_loss=1.4298e-01
E5/8 B11200/36000 batch_loss=1.3587e-01
E5/8 B11300/36000 batch_loss=1.2966e-01
E5/8 B11400/36000 batch_loss=2.2140e-01
E5/8 B11500/36000 batch_loss=1.3046e-01
E5/8 B11600/36000 batch_loss=2.1947e-01
E5/8 B11700/36000 batch_loss=1.4215e-01
E5/8 B11800/36000 batch_loss=2.0553e-01
E5/8 B11900/36000 batch_loss=1.8541e-01
E5/8 B12000/36000 batch_loss=2.0337e-01
E5/8 B12100/36000 batch_loss=1.9977e-01
E5/8 B12200/36000 batch_loss=2.1305e-01
E5/8 B12300/36000 batch_loss=2.1598e-01
E5/8 B12400/36000 batch_loss=1.5754e-01
E5/8 B12500/36000 batch_loss=1.9288e-01
E5/8 B12600/36000 batch_loss=1.9246e-01
E5/8 B12700/36000 batch_loss=1.1545e-01
E5/8 B12800/36000 batch_loss=1.3471e-01
E5/8 B12900/36000 batch_loss=1.4648e-01
E5/8 B13000/36000 batch_loss=1.3564e-01
E5/8 B13100/36000 batch_loss=1.3103e-01
E5/8 B13200/36000 batch_loss=1.4250e-01
E5/8 B13300/36000 batch_loss=1.4977e-01
E5/8 B13400/36000 batch_loss=1.9080e-01
E5/8 B13500/36000 batch_loss=1.3830e-01
E5/8 B13600/36000 batch_loss=1.9750e-01
E5/8 B13700/36000 batch_loss=1.4092e-01
E5/8 B13800/36000 batch_loss=2.1523e-01
E5/8 B13900/36000 batch_loss=1.4403e-01
E5/8 B14000/36000 batch_loss=2.1135e-01
E5/8 B14100/36000 batch_loss=2.1499e-01
E5/8 B14200/36000 batch_loss=1.2293e-01
E5/8 B14300/36000 batch_loss=2.1385e-01
E5/8 B14400/36000 batch_loss=1.1572e-01
E5/8 B14500/36000 batch_loss=1.2155e-01
E5/8 B14600/36000 batch_loss=1.2427e-01
E5/8 B14700/36000 batch_loss=1.8760e-01
E5/8 B14800/36000 batch_loss=1.4488e-01
E5/8 B14900/36000 batch_loss=2.1940e-01
E5/8 B15000/36000 batch_loss=1.7617e-01
E5/8 B15100/36000 batch_loss=1.4121e-01
E5/8 B15200/36000 batch_loss=1.3650e-01
E5/8 B15300/36000 batch_loss=1.9220e-01
E5/8 B15400/36000 batch_loss=1.9836e-01
E5/8 B15500/36000 batch_loss=2.3572e-01
E5/8 B15600/36000 batch_loss=2.2723e-01
E5/8 B15700/36000 batch_loss=2.0516e-01
E5/8 B15800/36000 batch_loss=1.3859e-01
E5/8 B15900/36000 batch_loss=1.2221e-01
E5/8 B16000/36000 batch_loss=1.2039e-01
E5/8 B16100/36000 batch_loss=1.7920e-01
E5/8 B16200/36000 batch_loss=1.9758e-01
E5/8 B16300/36000 batch_loss=1.9177e-01
E5/8 B16400/36000 batch_loss=1.0991e-01
E5/8 B16500/36000 batch_loss=1.4493e-01
E5/8 B16600/36000 batch_loss=2.1626e-01
E5/8 B16700/36000 batch_loss=1.7386e-01
E5/8 B16800/36000 batch_loss=2.0095e-01
E5/8 B16900/36000 batch_loss=1.9407e-01
E5/8 B17000/36000 batch_loss=1.9469e-01
E5/8 B17100/36000 batch_loss=1.9223e-01
E5/8 B17200/36000 batch_loss=2.1206e-01
E5/8 B17300/36000 batch_loss=1.4794e-01
E5/8 B17400/36000 batch_loss=1.9786e-01
E5/8 B17500/36000 batch_loss=2.1577e-01
E5/8 B17600/36000 batch_loss=1.4722e-01
E5/8 B17700/36000 batch_loss=1.1955e-01
E5/8 B17800/36000 batch_loss=1.4820e-01
E5/8 B17900/36000 batch_loss=2.1150e-01
E5/8 B18000/36000 batch_loss=1.2315e-01
E5/8 B18100/36000 batch_loss=2.1584e-01
E5/8 B18200/36000 batch_loss=2.2052e-01
E5/8 B18300/36000 batch_loss=1.3686e-01
E5/8 B18400/36000 batch_loss=1.5516e-01
E5/8 B18500/36000 batch_loss=1.9878e-01
E5/8 B18600/36000 batch_loss=1.3024e-01
E5/8 B18700/36000 batch_loss=2.0269e-01
E5/8 B18800/36000 batch_loss=1.4868e-01
E5/8 B18900/36000 batch_loss=2.1825e-01
E5/8 B19000/36000 batch_loss=1.5181e-01
E5/8 B19100/36000 batch_loss=1.3722e-01
E5/8 B19200/36000 batch_loss=2.0933e-01
E5/8 B19300/36000 batch_loss=1.8157e-01
E5/8 B19400/36000 batch_loss=2.0941e-01
E5/8 B19500/36000 batch_loss=1.9242e-01
E5/8 B19600/36000 batch_loss=1.3915e-01
E5/8 B19700/36000 batch_loss=1.9125e-01
E5/8 B19800/36000 batch_loss=1.9559e-01
E5/8 B19900/36000 batch_loss=1.8295e-01
E5/8 B20000/36000 batch_loss=2.0869e-01
E5/8 B20100/36000 batch_loss=1.2445e-01
E5/8 B20200/36000 batch_loss=1.7502e-01
E5/8 B20300/36000 batch_loss=1.9022e-01
E5/8 B20400/36000 batch_loss=2.0359e-01
E5/8 B20500/36000 batch_loss=1.8833e-01
E5/8 B20600/36000 batch_loss=2.0082e-01
E5/8 B20700/36000 batch_loss=1.2810e-01
E5/8 B20800/36000 batch_loss=1.9969e-01
E5/8 B20900/36000 batch_loss=2.0901e-01
E5/8 B21000/36000 batch_loss=2.0349e-01
E5/8 B21100/36000 batch_loss=1.3363e-01
E5/8 B21200/36000 batch_loss=2.0837e-01
E5/8 B21300/36000 batch_loss=2.2764e-01
E5/8 B21400/36000 batch_loss=1.3753e-01
E5/8 B21500/36000 batch_loss=2.0856e-01
E5/8 B21600/36000 batch_loss=1.2735e-01
E5/8 B21700/36000 batch_loss=1.3606e-01
E5/8 B21800/36000 batch_loss=2.0842e-01
E5/8 B21900/36000 batch_loss=1.4488e-01
E5/8 B22000/36000 batch_loss=1.9250e-01
E5/8 B22100/36000 batch_loss=1.2591e-01
E5/8 B22200/36000 batch_loss=2.2714e-01
E5/8 B22300/36000 batch_loss=1.4231e-01
E5/8 B22400/36000 batch_loss=1.3717e-01
E5/8 B22500/36000 batch_loss=1.9527e-01
E5/8 B22600/36000 batch_loss=1.8612e-01
E5/8 B22700/36000 batch_loss=1.8703e-01
E5/8 B22800/36000 batch_loss=1.3367e-01
E5/8 B22900/36000 batch_loss=1.5675e-01
E5/8 B23000/36000 batch_loss=1.4880e-01
E5/8 B23100/36000 batch_loss=2.0962e-01
E5/8 B23200/36000 batch_loss=2.1557e-01
E5/8 B23300/36000 batch_loss=1.9270e-01
E5/8 B23400/36000 batch_loss=2.0739e-01
E5/8 B23500/36000 batch_loss=2.2240e-01
E5/8 B23600/36000 batch_loss=2.1657e-01
E5/8 B23700/36000 batch_loss=2.0533e-01
E5/8 B23800/36000 batch_loss=1.2323e-01
E5/8 B23900/36000 batch_loss=1.2841e-01
E5/8 B24000/36000 batch_loss=1.4025e-01
E5/8 B24100/36000 batch_loss=1.5748e-01
E5/8 B24200/36000 batch_loss=1.3737e-01
E5/8 B24300/36000 batch_loss=1.4109e-01
E5/8 B24400/36000 batch_loss=1.4632e-01
E5/8 B24500/36000 batch_loss=1.3278e-01
E5/8 B24600/36000 batch_loss=1.3332e-01
E5/8 B24700/36000 batch_loss=1.2720e-01
E5/8 B24800/36000 batch_loss=1.7491e-01
E5/8 B24900/36000 batch_loss=2.0386e-01
E5/8 B25000/36000 batch_loss=1.5531e-01
E5/8 B25100/36000 batch_loss=1.7839e-01
E5/8 B25200/36000 batch_loss=2.0745e-01
E5/8 B25300/36000 batch_loss=1.2988e-01
E5/8 B25400/36000 batch_loss=1.9963e-01
E5/8 B25500/36000 batch_loss=1.6662e-01
E5/8 B25600/36000 batch_loss=1.1974e-01
E5/8 B25700/36000 batch_loss=2.2926e-01
E5/8 B25800/36000 batch_loss=1.4149e-01
E5/8 B25900/36000 batch_loss=1.1696e-01
E5/8 B26000/36000 batch_loss=1.6189e-01
E5/8 B26100/36000 batch_loss=1.4173e-01
E5/8 B26200/36000 batch_loss=2.2169e-01
E5/8 B26300/36000 batch_loss=1.3110e-01
E5/8 B26400/36000 batch_loss=1.9962e-01
E5/8 B26500/36000 batch_loss=2.0188e-01
E5/8 B26600/36000 batch_loss=1.3701e-01
E5/8 B26700/36000 batch_loss=1.3372e-01
E5/8 B26800/36000 batch_loss=2.0288e-01
E5/8 B26900/36000 batch_loss=1.4931e-01
E5/8 B27000/36000 batch_loss=1.9371e-01
E5/8 B27100/36000 batch_loss=1.3546e-01
E5/8 B27200/36000 batch_loss=1.1824e-01
E5/8 B27300/36000 batch_loss=1.5153e-01
E5/8 B27400/36000 batch_loss=2.2259e-01
E5/8 B27500/36000 batch_loss=2.1388e-01
E5/8 B27600/36000 batch_loss=1.1962e-01
E5/8 B27700/36000 batch_loss=2.0731e-01
E5/8 B27800/36000 batch_loss=2.0140e-01
E5/8 B27900/36000 batch_loss=2.1100e-01
E5/8 B28000/36000 batch_loss=1.9268e-01
E5/8 B28100/36000 batch_loss=1.2743e-01
E5/8 B28200/36000 batch_loss=1.0444e-01
E5/8 B28300/36000 batch_loss=1.9519e-01
E5/8 B28400/36000 batch_loss=1.9098e-01
E5/8 B28500/36000 batch_loss=2.1830e-01
E5/8 B28600/36000 batch_loss=1.8744e-01
E5/8 B28700/36000 batch_loss=1.9329e-01
E5/8 B28800/36000 batch_loss=1.6187e-01
E5/8 B28900/36000 batch_loss=1.2787e-01
E5/8 B29000/36000 batch_loss=1.7386e-01
E5/8 B29100/36000 batch_loss=1.2917e-01
E5/8 B29200/36000 batch_loss=1.1576e-01
E5/8 B29300/36000 batch_loss=1.0330e-01
E5/8 B29400/36000 batch_loss=1.5664e-01
E5/8 B29500/36000 batch_loss=1.8530e-01
E5/8 B29600/36000 batch_loss=1.9504e-01
E5/8 B29700/36000 batch_loss=1.3422e-01
E5/8 B29800/36000 batch_loss=2.1966e-01
E5/8 B29900/36000 batch_loss=2.0516e-01
E5/8 B30000/36000 batch_loss=2.1186e-01
E5/8 B30100/36000 batch_loss=2.2594e-01
E5/8 B30200/36000 batch_loss=2.0852e-01
E5/8 B30300/36000 batch_loss=2.1467e-01
E5/8 B30400/36000 batch_loss=2.0448e-01
E5/8 B30500/36000 batch_loss=1.9771e-01
E5/8 B30600/36000 batch_loss=1.2205e-01
E5/8 B30700/36000 batch_loss=1.9989e-01
E5/8 B30800/36000 batch_loss=1.3007e-01
E5/8 B30900/36000 batch_loss=2.1626e-01
E5/8 B31000/36000 batch_loss=1.8872e-01
E5/8 B31100/36000 batch_loss=2.0914e-01
E5/8 B31200/36000 batch_loss=1.2626e-01
E5/8 B31300/36000 batch_loss=1.2667e-01
E5/8 B31400/36000 batch_loss=1.9124e-01
E5/8 B31500/36000 batch_loss=1.4342e-01
E5/8 B31600/36000 batch_loss=1.2912e-01
E5/8 B31700/36000 batch_loss=1.2612e-01
E5/8 B31800/36000 batch_loss=1.2973e-01
E5/8 B31900/36000 batch_loss=1.9064e-01
E5/8 B32000/36000 batch_loss=1.3596e-01
E5/8 B32100/36000 batch_loss=1.3876e-01
E5/8 B32200/36000 batch_loss=1.8861e-01
E5/8 B32300/36000 batch_loss=1.3311e-01
E5/8 B32400/36000 batch_loss=1.9439e-01
E5/8 B32500/36000 batch_loss=1.9084e-01
E5/8 B32600/36000 batch_loss=1.3147e-01
E5/8 B32700/36000 batch_loss=2.2291e-01
E5/8 B32800/36000 batch_loss=1.9829e-01
E5/8 B32900/36000 batch_loss=1.8869e-01
E5/8 B33000/36000 batch_loss=1.4185e-01
E5/8 B33100/36000 batch_loss=1.2924e-01
E5/8 B33200/36000 batch_loss=1.4132e-01
E5/8 B33300/36000 batch_loss=1.3235e-01
E5/8 B33400/36000 batch_loss=1.6840e-01
E5/8 B33500/36000 batch_loss=1.1788e-01
E5/8 B33600/36000 batch_loss=1.1758e-01
E5/8 B33700/36000 batch_loss=2.2424e-01
E5/8 B33800/36000 batch_loss=1.7687e-01
E5/8 B33900/36000 batch_loss=1.9029e-01
E5/8 B34000/36000 batch_loss=2.2192e-01
E5/8 B34100/36000 batch_loss=1.3608e-01
E5/8 B34200/36000 batch_loss=1.3670e-01
E5/8 B34300/36000 batch_loss=1.4395e-01
E5/8 B34400/36000 batch_loss=2.0807e-01
E5/8 B34500/36000 batch_loss=1.1536e-01
E5/8 B34600/36000 batch_loss=1.7482e-01
E5/8 B34700/36000 batch_loss=1.2340e-01
E5/8 B34800/36000 batch_loss=1.2391e-01
E5/8 B34900/36000 batch_loss=1.2897e-01
E5/8 B35000/36000 batch_loss=2.0714e-01
E5/8 B35100/36000 batch_loss=1.2695e-01
E5/8 B35200/36000 batch_loss=1.2183e-01
E5/8 B35300/36000 batch_loss=2.0901e-01
E5/8 B35400/36000 batch_loss=1.0640e-01
E5/8 B35500/36000 batch_loss=1.8229e-01
E5/8 B35600/36000 batch_loss=1.3000e-01
E5/8 B35700/36000 batch_loss=1.6999e-01
E5/8 B35800/36000 batch_loss=1.7991e-01
E5/8 B35900/36000 batch_loss=2.2696e-01
E5/8 B36000/36000 batch_loss=1.3023e-01
2026-07-18 17:13:50,789 | INFO | Saved 10 diagnostic panel(s) under D:\Research\NO-2D-Metamaterials\MODELS\training_runs\NO_I3O5_BCF16_NMSE_HC128_LR2e-03_WD0e+00_L1P1e-08_SS1_G9e-01_ch0u_260717\diagnostics\epoch_005
epoch=5/8 loss=nmse train_nmse=1.703398e-01 val_nmse=2.241731e-01 train_mae=2.880111e-03 val_mae=3.638570e-03 train_mse=4.539385e-05 val_mse=6.182609e-05 lr=1.181e-03 train_sps=1494.5
2026-07-18 17:13:52,929 | INFO | epoch=5/8 loss=nmse train_nmse=1.703398e-01 val_nmse=2.241731e-01 train_mae=2.880111e-03 val_mae=3.638570e-03 train_mse=4.539385e-05 val_mse=6.182609e-05 lr=1.181e-03 train_sps=1494.5
2026-07-18 17:13:52,929 | INFO | epoch=5/8 loss_ch_nmse train=2.647e-03 1.667e-01 1.760e-01 2.591e-01 2.472e-01 val=6.702e-03 2.247e-01 2.433e-01 3.274e-01 3.187e-01
2026-07-18 17:13:52,930 | INFO | epoch=5/8 mae_ch train=1.828e-03 2.948e-03 2.805e-03 3.530e-03 3.289e-03 val=4.390e-03 3.197e-03 3.090e-03 3.957e-03 3.559e-03 mse_ch train=1.124e-05 4.484e-05 4.200e-05 6.890e-05 5.999e-05 val=2.601e-05 6.060e-05 5.804e-05 8.745e-05 7.703e-05
Epoch 5/8 done | loss=nmse train=1.7034e-01 val=2.2417e-01 mae=3.6386e-03 mse=6.1826e-05 lr=1.18e-03
E6/8 B100/36000 batch_loss=1.1748e-01
E6/8 B200/36000 batch_loss=1.1493e-01
E6/8 B300/36000 batch_loss=1.2905e-01
E6/8 B400/36000 batch_loss=1.8272e-01
E6/8 B500/36000 batch_loss=1.8551e-01
E6/8 B600/36000 batch_loss=1.0807e-01
E6/8 B700/36000 batch_loss=1.9844e-01
E6/8 B800/36000 batch_loss=1.2478e-01
E6/8 B900/36000 batch_loss=1.2143e-01
E6/8 B1000/36000 batch_loss=1.2656e-01
E6/8 B1100/36000 batch_loss=1.8380e-01
E6/8 B1200/36000 batch_loss=1.8777e-01
E6/8 B1300/36000 batch_loss=1.8249e-01
E6/8 B1400/36000 batch_loss=1.2578e-01
E6/8 B1500/36000 batch_loss=1.1467e-01
E6/8 B1600/36000 batch_loss=1.6754e-01
E6/8 B1700/36000 batch_loss=1.5564e-01
E6/8 B1800/36000 batch_loss=1.8870e-01
E6/8 B1900/36000 batch_loss=1.6847e-01
E6/8 B2000/36000 batch_loss=1.3905e-01
E6/8 B2100/36000 batch_loss=1.0537e-01
E6/8 B2200/36000 batch_loss=1.4042e-01
E6/8 B2300/36000 batch_loss=1.9112e-01
E6/8 B2400/36000 batch_loss=1.1722e-01
E6/8 B2500/36000 batch_loss=1.7550e-01
E6/8 B2600/36000 batch_loss=1.7042e-01
E6/8 B2700/36000 batch_loss=1.6876e-01
E6/8 B2800/36000 batch_loss=1.1392e-01
E6/8 B2900/36000 batch_loss=1.2586e-01
E6/8 B3000/36000 batch_loss=2.0837e-01
E6/8 B3100/36000 batch_loss=1.2825e-01
E6/8 B3200/36000 batch_loss=1.2802e-01
E6/8 B3300/36000 batch_loss=1.9971e-01
E6/8 B3400/36000 batch_loss=2.0175e-01
E6/8 B3500/36000 batch_loss=1.9034e-01
E6/8 B3600/36000 batch_loss=1.2778e-01
E6/8 B3700/36000 batch_loss=1.2189e-01
E6/8 B3800/36000 batch_loss=1.0464e-01
E6/8 B3900/36000 batch_loss=1.3488e-01
E6/8 B4000/36000 batch_loss=1.1705e-01
E6/8 B4100/36000 batch_loss=1.2740e-01
E6/8 B4200/36000 batch_loss=1.4092e-01
E6/8 B4300/36000 batch_loss=1.7846e-01
E6/8 B4400/36000 batch_loss=1.2648e-01
E6/8 B4500/36000 batch_loss=1.8817e-01
E6/8 B4600/36000 batch_loss=1.8193e-01
E6/8 B4700/36000 batch_loss=1.8051e-01
E6/8 B4800/36000 batch_loss=1.8096e-01
E6/8 B4900/36000 batch_loss=2.0815e-01
E6/8 B5000/36000 batch_loss=1.0279e-01
E6/8 B5100/36000 batch_loss=1.2186e-01
E6/8 B5200/36000 batch_loss=2.3389e-01
E6/8 B5300/36000 batch_loss=1.2211e-01
E6/8 B5400/36000 batch_loss=1.8072e-01
E6/8 B5500/36000 batch_loss=1.9180e-01
E6/8 B5600/36000 batch_loss=1.1341e-01
E6/8 B5700/36000 batch_loss=1.8848e-01
E6/8 B5800/36000 batch_loss=1.3393e-01
E6/8 B5900/36000 batch_loss=1.8002e-01
E6/8 B6000/36000 batch_loss=1.8521e-01
E6/8 B6100/36000 batch_loss=1.4211e-01
E6/8 B6200/36000 batch_loss=1.0818e-01
E6/8 B6300/36000 batch_loss=1.8937e-01
E6/8 B6400/36000 batch_loss=1.9059e-01
E6/8 B6500/36000 batch_loss=1.3388e-01
E6/8 B6600/36000 batch_loss=1.9156e-01
E6/8 B6700/36000 batch_loss=1.1975e-01
E6/8 B6800/36000 batch_loss=1.9110e-01
E6/8 B6900/36000 batch_loss=1.3184e-01
E6/8 B7000/36000 batch_loss=9.8795e-02
E6/8 B7100/36000 batch_loss=1.8655e-01
E6/8 B7200/36000 batch_loss=1.8802e-01
E6/8 B7300/36000 batch_loss=1.7550e-01
E6/8 B7400/36000 batch_loss=1.9112e-01
E6/8 B7500/36000 batch_loss=1.7933e-01
E6/8 B7600/36000 batch_loss=1.3879e-01
E6/8 B7700/36000 batch_loss=1.8135e-01
E6/8 B7800/36000 batch_loss=1.8086e-01
E6/8 B7900/36000 batch_loss=1.2707e-01
E6/8 B8000/36000 batch_loss=1.2285e-01
E6/8 B8100/36000 batch_loss=1.8760e-01
E6/8 B8200/36000 batch_loss=1.2103e-01
E6/8 B8300/36000 batch_loss=1.8539e-01
E6/8 B8400/36000 batch_loss=1.3120e-01
E6/8 B8500/36000 batch_loss=1.7831e-01
E6/8 B8600/36000 batch_loss=1.9010e-01
E6/8 B8700/36000 batch_loss=1.2792e-01
E6/8 B8800/36000 batch_loss=1.3971e-01
E6/8 B8900/36000 batch_loss=1.8298e-01
E6/8 B9000/36000 batch_loss=1.7017e-01
E6/8 B9100/36000 batch_loss=1.9888e-01
E6/8 B9200/36000 batch_loss=1.1783e-01
E6/8 B9300/36000 batch_loss=1.1511e-01
E6/8 B9400/36000 batch_loss=1.3772e-01
E6/8 B9500/36000 batch_loss=1.8768e-01
E6/8 B9600/36000 batch_loss=1.9022e-01
E6/8 B9700/36000 batch_loss=1.8546e-01
E6/8 B9800/36000 batch_loss=2.0232e-01
E6/8 B9900/36000 batch_loss=1.2868e-01
E6/8 B10000/36000 batch_loss=1.2408e-01
E6/8 B10100/36000 batch_loss=1.8219e-01
E6/8 B10200/36000 batch_loss=1.2053e-01
E6/8 B10300/36000 batch_loss=1.3211e-01
E6/8 B10400/36000 batch_loss=1.9391e-01
E6/8 B10500/36000 batch_loss=1.1809e-01
E6/8 B10600/36000 batch_loss=1.0646e-01
E6/8 B10700/36000 batch_loss=1.9153e-01
E6/8 B10800/36000 batch_loss=1.8345e-01
E6/8 B10900/36000 batch_loss=1.4010e-01
E6/8 B11000/36000 batch_loss=1.1117e-01
E6/8 B11100/36000 batch_loss=1.1854e-01
E6/8 B11200/36000 batch_loss=1.7248e-01
E6/8 B11300/36000 batch_loss=1.3091e-01
E6/8 B11400/36000 batch_loss=1.2905e-01
E6/8 B11500/36000 batch_loss=1.8655e-01
E6/8 B11600/36000 batch_loss=1.7151e-01
E6/8 B11700/36000 batch_loss=1.9610e-01
E6/8 B11800/36000 batch_loss=1.2754e-01
E6/8 B11900/36000 batch_loss=1.8698e-01
E6/8 B12000/36000 batch_loss=1.1941e-01
E6/8 B12100/36000 batch_loss=1.7230e-01
E6/8 B12200/36000 batch_loss=1.9637e-01
E6/8 B12300/36000 batch_loss=1.3166e-01
E6/8 B12400/36000 batch_loss=1.2795e-01
E6/8 B12500/36000 batch_loss=1.4726e-01
E6/8 B12600/36000 batch_loss=1.3937e-01
E6/8 B12700/36000 batch_loss=1.3261e-01
E6/8 B12800/36000 batch_loss=1.1000e-01
E6/8 B12900/36000 batch_loss=1.4714e-01
E6/8 B13000/36000 batch_loss=1.1177e-01
E6/8 B13100/36000 batch_loss=1.9709e-01
E6/8 B13200/36000 batch_loss=1.7500e-01
E6/8 B13300/36000 batch_loss=1.9800e-01
E6/8 B13400/36000 batch_loss=1.9851e-01
E6/8 B13500/36000 batch_loss=1.1886e-01
E6/8 B13600/36000 batch_loss=1.9431e-01
E6/8 B13700/36000 batch_loss=1.3466e-01
E6/8 B13800/36000 batch_loss=2.0309e-01
E6/8 B13900/36000 batch_loss=1.2820e-01
E6/8 B14000/36000 batch_loss=1.7525e-01
E6/8 B14100/36000 batch_loss=2.0042e-01
E6/8 B14200/36000 batch_loss=1.8618e-01
E6/8 B14300/36000 batch_loss=1.7769e-01
E6/8 B14400/36000 batch_loss=1.6688e-01
E6/8 B14500/36000 batch_loss=1.3965e-01
E6/8 B14600/36000 batch_loss=1.2178e-01
E6/8 B14700/36000 batch_loss=1.1056e-01
E6/8 B14800/36000 batch_loss=1.7745e-01
E6/8 B14900/36000 batch_loss=1.9354e-01
E6/8 B15000/36000 batch_loss=1.2601e-01
E6/8 B15100/36000 batch_loss=1.2036e-01
E6/8 B15200/36000 batch_loss=1.3776e-01
E6/8 B15300/36000 batch_loss=1.8314e-01
E6/8 B15400/36000 batch_loss=1.8737e-01
E6/8 B15500/36000 batch_loss=1.3190e-01
E6/8 B15600/36000 batch_loss=1.1965e-01
E6/8 B15700/36000 batch_loss=1.3986e-01
E6/8 B15800/36000 batch_loss=1.3017e-01
E6/8 B15900/36000 batch_loss=2.0693e-01
E6/8 B16000/36000 batch_loss=1.7239e-01
E6/8 B16100/36000 batch_loss=1.8464e-01
E6/8 B16200/36000 batch_loss=1.7484e-01
E6/8 B16300/36000 batch_loss=2.0222e-01
E6/8 B16400/36000 batch_loss=1.3431e-01
E6/8 B16500/36000 batch_loss=1.2129e-01
E6/8 B16600/36000 batch_loss=1.9494e-01
E6/8 B16700/36000 batch_loss=2.0087e-01
E6/8 B16800/36000 batch_loss=1.4925e-01
E6/8 B16900/36000 batch_loss=2.0035e-01
E6/8 B17000/36000 batch_loss=2.1649e-01
E6/8 B17100/36000 batch_loss=1.9537e-01
E6/8 B17200/36000 batch_loss=1.0641e-01
E6/8 B17300/36000 batch_loss=1.8122e-01
E6/8 B17400/36000 batch_loss=1.9272e-01
E6/8 B17500/36000 batch_loss=1.2222e-01
E6/8 B17600/36000 batch_loss=1.1632e-01
E6/8 B17700/36000 batch_loss=1.7919e-01
E6/8 B17800/36000 batch_loss=1.3776e-01
E6/8 B17900/36000 batch_loss=1.8598e-01
E6/8 B18000/36000 batch_loss=1.7985e-01
E6/8 B18100/36000 batch_loss=1.6859e-01
E6/8 B18200/36000 batch_loss=1.8918e-01
E6/8 B18300/36000 batch_loss=1.1615e-01
E6/8 B18400/36000 batch_loss=1.3970e-01
E6/8 B18500/36000 batch_loss=1.2003e-01
E6/8 B18600/36000 batch_loss=1.2161e-01
E6/8 B18700/36000 batch_loss=1.9837e-01
E6/8 B18800/36000 batch_loss=1.3270e-01
E6/8 B18900/36000 batch_loss=1.9374e-01
E6/8 B19000/36000 batch_loss=1.2540e-01
E6/8 B19100/36000 batch_loss=1.3429e-01
E6/8 B19200/36000 batch_loss=1.2615e-01
E6/8 B19300/36000 batch_loss=1.4268e-01
E6/8 B19400/36000 batch_loss=1.7829e-01
E6/8 B19500/36000 batch_loss=1.3330e-01
E6/8 B19600/36000 batch_loss=1.9976e-01
E6/8 B19700/36000 batch_loss=1.6694e-01
E6/8 B19800/36000 batch_loss=1.3893e-01
E6/8 B19900/36000 batch_loss=2.0200e-01
E6/8 B20000/36000 batch_loss=1.8004e-01
E6/8 B20100/36000 batch_loss=1.9697e-01
E6/8 B20200/36000 batch_loss=1.7873e-01
E6/8 B20300/36000 batch_loss=1.9819e-01
E6/8 B20400/36000 batch_loss=1.2795e-01
E6/8 B20500/36000 batch_loss=1.2728e-01
E6/8 B20600/36000 batch_loss=1.8342e-01
E6/8 B20700/36000 batch_loss=1.7513e-01
E6/8 B20800/36000 batch_loss=1.7323e-01
E6/8 B20900/36000 batch_loss=1.3346e-01
E6/8 B21000/36000 batch_loss=1.2871e-01
E6/8 B21100/36000 batch_loss=1.4364e-01
E6/8 B21200/36000 batch_loss=1.9646e-01
E6/8 B21300/36000 batch_loss=1.4803e-01
E6/8 B21400/36000 batch_loss=1.3285e-01
E6/8 B21500/36000 batch_loss=1.9882e-01
E6/8 B21600/36000 batch_loss=1.2462e-01
E6/8 B21700/36000 batch_loss=1.7397e-01
E6/8 B21800/36000 batch_loss=1.4383e-01
E6/8 B21900/36000 batch_loss=1.1381e-01
E6/8 B22000/36000 batch_loss=1.2880e-01
E6/8 B22100/36000 batch_loss=1.2888e-01
E6/8 B22200/36000 batch_loss=1.8724e-01
E6/8 B22300/36000 batch_loss=1.2715e-01
E6/8 B22400/36000 batch_loss=2.0952e-01
E6/8 B22500/36000 batch_loss=1.2373e-01
E6/8 B22600/36000 batch_loss=1.5822e-01
E6/8 B22700/36000 batch_loss=1.8920e-01
E6/8 B22800/36000 batch_loss=1.4994e-01
E6/8 B22900/36000 batch_loss=1.3230e-01
E6/8 B23000/36000 batch_loss=1.9873e-01
E6/8 B23100/36000 batch_loss=2.0149e-01
E6/8 B23200/36000 batch_loss=1.2294e-01
E6/8 B23300/36000 batch_loss=1.4299e-01
E6/8 B23400/36000 batch_loss=2.0996e-01
E6/8 B23500/36000 batch_loss=1.2518e-01
E6/8 B23600/36000 batch_loss=1.1374e-01
E6/8 B23700/36000 batch_loss=1.1820e-01
E6/8 B23800/36000 batch_loss=1.2064e-01
E6/8 B23900/36000 batch_loss=1.7849e-01
E6/8 B24000/36000 batch_loss=1.8070e-01
E6/8 B24100/36000 batch_loss=1.3927e-01
E6/8 B24200/36000 batch_loss=1.8976e-01
E6/8 B24300/36000 batch_loss=1.0197e-01
E6/8 B24400/36000 batch_loss=1.3642e-01
E6/8 B24500/36000 batch_loss=1.1009e-01
E6/8 B24600/36000 batch_loss=1.4932e-01
E6/8 B24700/36000 batch_loss=1.7926e-01
E6/8 B24800/36000 batch_loss=1.7593e-01
E6/8 B24900/36000 batch_loss=1.4191e-01
E6/8 B25000/36000 batch_loss=1.7927e-01
E6/8 B25100/36000 batch_loss=1.7316e-01
E6/8 B25200/36000 batch_loss=1.4296e-01
E6/8 B25300/36000 batch_loss=1.1346e-01
E6/8 B25400/36000 batch_loss=1.9907e-01
E6/8 B25500/36000 batch_loss=1.5799e-01
E6/8 B25600/36000 batch_loss=1.3461e-01
E6/8 B25700/36000 batch_loss=1.8539e-01
E6/8 B25800/36000 batch_loss=1.9661e-01
E6/8 B25900/36000 batch_loss=1.7832e-01
E6/8 B26000/36000 batch_loss=1.2908e-01
E6/8 B26100/36000 batch_loss=2.0071e-01
E6/8 B26200/36000 batch_loss=1.2514e-01
E6/8 B26300/36000 batch_loss=2.0376e-01
E6/8 B26400/36000 batch_loss=1.1304e-01
E6/8 B26500/36000 batch_loss=1.9486e-01
E6/8 B26600/36000 batch_loss=1.9946e-01
E6/8 B26700/36000 batch_loss=2.0041e-01
E6/8 B26800/36000 batch_loss=1.2089e-01
E6/8 B26900/36000 batch_loss=1.2349e-01
E6/8 B27000/36000 batch_loss=1.3326e-01
E6/8 B27100/36000 batch_loss=1.7910e-01
E6/8 B27200/36000 batch_loss=2.0450e-01
E6/8 B27300/36000 batch_loss=1.6694e-01
E6/8 B27400/36000 batch_loss=1.4051e-01
E6/8 B27500/36000 batch_loss=1.1840e-01
E6/8 B27600/36000 batch_loss=1.3867e-01
E6/8 B27700/36000 batch_loss=1.7637e-01
E6/8 B27800/36000 batch_loss=1.2988e-01
E6/8 B27900/36000 batch_loss=1.5376e-01
E6/8 B28000/36000 batch_loss=1.2363e-01
E6/8 B28100/36000 batch_loss=1.1902e-01
E6/8 B28200/36000 batch_loss=1.9143e-01
E6/8 B28300/36000 batch_loss=1.1660e-01
E6/8 B28400/36000 batch_loss=1.6864e-01
E6/8 B28500/36000 batch_loss=1.4083e-01
E6/8 B28600/36000 batch_loss=1.2912e-01
E6/8 B28700/36000 batch_loss=1.7004e-01
E6/8 B28800/36000 batch_loss=1.4020e-01
E6/8 B28900/36000 batch_loss=2.0396e-01
E6/8 B29000/36000 batch_loss=1.3428e-01
E6/8 B29100/36000 batch_loss=1.7957e-01
E6/8 B29200/36000 batch_loss=1.8464e-01
E6/8 B29300/36000 batch_loss=1.2613e-01
E6/8 B29400/36000 batch_loss=1.1846e-01
E6/8 B29500/36000 batch_loss=1.2572e-01
E6/8 B29600/36000 batch_loss=1.2886e-01
E6/8 B29700/36000 batch_loss=2.1471e-01
E6/8 B29800/36000 batch_loss=1.4388e-01
E6/8 B29900/36000 batch_loss=1.9104e-01
E6/8 B30000/36000 batch_loss=1.9847e-01
E6/8 B30100/36000 batch_loss=1.8435e-01
E6/8 B30200/36000 batch_loss=1.4452e-01
E6/8 B30300/36000 batch_loss=1.4401e-01
E6/8 B30400/36000 batch_loss=1.3443e-01
E6/8 B30500/36000 batch_loss=2.1630e-01
E6/8 B30600/36000 batch_loss=1.7634e-01
E6/8 B30700/36000 batch_loss=2.1815e-01
E6/8 B30800/36000 batch_loss=2.0934e-01
E6/8 B30900/36000 batch_loss=1.3521e-01
E6/8 B31000/36000 batch_loss=2.0712e-01
E6/8 B31100/36000 batch_loss=1.8383e-01
E6/8 B31200/36000 batch_loss=1.3468e-01
E6/8 B31300/36000 batch_loss=1.1827e-01
E6/8 B31400/36000 batch_loss=1.3456e-01
E6/8 B31500/36000 batch_loss=1.9119e-01
E6/8 B31600/36000 batch_loss=1.9730e-01
E6/8 B31700/36000 batch_loss=1.2696e-01
E6/8 B31800/36000 batch_loss=1.7598e-01
E6/8 B31900/36000 batch_loss=1.9370e-01
E6/8 B32000/36000 batch_loss=1.9642e-01
E6/8 B32100/36000 batch_loss=2.0669e-01
E6/8 B32200/36000 batch_loss=1.8886e-01
E6/8 B32300/36000 batch_loss=1.9350e-01
E6/8 B32400/36000 batch_loss=9.8739e-02
E6/8 B32500/36000 batch_loss=1.2605e-01
E6/8 B32600/36000 batch_loss=1.7175e-01
E6/8 B32700/36000 batch_loss=2.2121e-01
E6/8 B32800/36000 batch_loss=1.7226e-01
E6/8 B32900/36000 batch_loss=1.1980e-01
E6/8 B33000/36000 batch_loss=1.1953e-01
E6/8 B33100/36000 batch_loss=1.8634e-01
E6/8 B33200/36000 batch_loss=1.2680e-01
E6/8 B33300/36000 batch_loss=1.0946e-01
E6/8 B33400/36000 batch_loss=1.8895e-01
E6/8 B33500/36000 batch_loss=1.4090e-01
E6/8 B33600/36000 batch_loss=1.3548e-01
E6/8 B33700/36000 batch_loss=1.8867e-01
E6/8 B33800/36000 batch_loss=1.3182e-01
E6/8 B33900/36000 batch_loss=1.8181e-01
E6/8 B34000/36000 batch_loss=1.8918e-01
E6/8 B34100/36000 batch_loss=1.3586e-01
E6/8 B34200/36000 batch_loss=1.0004e-01
E6/8 B34300/36000 batch_loss=1.4344e-01
E6/8 B34400/36000 batch_loss=1.7982e-01
E6/8 B34500/36000 batch_loss=1.2788e-01
E6/8 B34600/36000 batch_loss=2.0345e-01
E6/8 B34700/36000 batch_loss=1.4316e-01
E6/8 B34800/36000 batch_loss=1.9846e-01
E6/8 B34900/36000 batch_loss=1.9851e-01
E6/8 B35000/36000 batch_loss=1.2658e-01
E6/8 B35100/36000 batch_loss=1.1877e-01
E6/8 B35200/36000 batch_loss=1.3092e-01
E6/8 B35300/36000 batch_loss=1.1147e-01
E6/8 B35400/36000 batch_loss=1.6541e-01
E6/8 B35500/36000 batch_loss=1.3062e-01
E6/8 B35600/36000 batch_loss=1.0768e-01
E6/8 B35700/36000 batch_loss=1.4013e-01
E6/8 B35800/36000 batch_loss=1.1476e-01
E6/8 B35900/36000 batch_loss=1.2090e-01
E6/8 B36000/36000 batch_loss=1.4912e-01
2026-07-18 20:55:40,866 | INFO | Saved 10 diagnostic panel(s) under D:\Research\NO-2D-Metamaterials\MODELS\training_runs\NO_I3O5_BCF16_NMSE_HC128_LR2e-03_WD0e+00_L1P1e-08_SS1_G9e-01_ch0u_260717\diagnostics\epoch_006
epoch=6/8 loss=nmse train_nmse=1.594355e-01 val_nmse=2.196960e-01 train_mae=2.761821e-03 val_mae=3.197109e-03 train_mse=4.245990e-05 val_mse=5.837530e-05 lr=1.063e-03 train_sps=1495.8
2026-07-18 20:55:43,017 | INFO | epoch=6/8 loss=nmse train_nmse=1.594355e-01 val_nmse=2.196960e-01 train_mae=2.761821e-03 val_mae=3.197109e-03 train_mse=4.245990e-05 val_mse=5.837530e-05 lr=1.063e-03 train_sps=1495.8
2026-07-18 20:55:43,019 | INFO | epoch=6/8 loss_ch_nmse train=2.452e-03 1.548e-01 1.622e-01 2.452e-01 2.326e-01 val=4.153e-03 2.234e-01 2.386e-01 3.187e-01 3.137e-01
2026-07-18 20:55:43,019 | INFO | epoch=6/8 mae_ch train=1.732e-03 2.828e-03 2.684e-03 3.402e-03 3.163e-03 val=2.483e-03 3.216e-03 3.021e-03 3.729e-03 3.537e-03 mse_ch train=1.034e-05 4.162e-05 3.870e-05 6.519e-05 5.644e-05 val=1.383e-05 6.022e-05 5.691e-05 8.513e-05 7.579e-05
Epoch 6/8 done | loss=nmse train=1.5944e-01 val=2.1970e-01 mae=3.1971e-03 mse=5.8375e-05 lr=1.06e-03
E7/8 B100/36000 batch_loss=1.1658e-01
E7/8 B200/36000 batch_loss=1.0247e-01
E7/8 B300/36000 batch_loss=1.0076e-01
E7/8 B400/36000 batch_loss=1.9405e-01
E7/8 B500/36000 batch_loss=1.1410e-01
E7/8 B600/36000 batch_loss=1.1866e-01
E7/8 B700/36000 batch_loss=1.1694e-01
E7/8 B800/36000 batch_loss=1.2090e-01
E7/8 B900/36000 batch_loss=1.8031e-01
E7/8 B1000/36000 batch_loss=1.7268e-01
E7/8 B1100/36000 batch_loss=1.1108e-01
E7/8 B1200/36000 batch_loss=2.0290e-01
E7/8 B1300/36000 batch_loss=1.9586e-01
E7/8 B1400/36000 batch_loss=1.0376e-01
E7/8 B1500/36000 batch_loss=1.6106e-01
E7/8 B1600/36000 batch_loss=1.9025e-01
E7/8 B1700/36000 batch_loss=1.7738e-01
E7/8 B1800/36000 batch_loss=1.0909e-01
E7/8 B1900/36000 batch_loss=1.1267e-01
E7/8 B2000/36000 batch_loss=1.0995e-01
E7/8 B2100/36000 batch_loss=1.6458e-01
E7/8 B2200/36000 batch_loss=1.7569e-01
E7/8 B2300/36000 batch_loss=1.6954e-01
E7/8 B2400/36000 batch_loss=1.8975e-01
E7/8 B2500/36000 batch_loss=1.7702e-01
E7/8 B2600/36000 batch_loss=1.5559e-01
E7/8 B2700/36000 batch_loss=1.0910e-01
E7/8 B2800/36000 batch_loss=1.3468e-01
E7/8 B2900/36000 batch_loss=1.6996e-01
E7/8 B3000/36000 batch_loss=1.8708e-01
E7/8 B3100/36000 batch_loss=1.8829e-01
E7/8 B3200/36000 batch_loss=1.8213e-01
E7/8 B3300/36000 batch_loss=1.7385e-01
E7/8 B3400/36000 batch_loss=1.7797e-01
E7/8 B3500/36000 batch_loss=1.8938e-01
E7/8 B3600/36000 batch_loss=1.1305e-01
E7/8 B3700/36000 batch_loss=1.2333e-01
E7/8 B3800/36000 batch_loss=1.1322e-01
E7/8 B3900/36000 batch_loss=1.2263e-01
E7/8 B4000/36000 batch_loss=1.2023e-01
E7/8 B4100/36000 batch_loss=1.2168e-01
E7/8 B4200/36000 batch_loss=1.1826e-01
E7/8 B4300/36000 batch_loss=1.7878e-01
E7/8 B4400/36000 batch_loss=1.6860e-01
E7/8 B4500/36000 batch_loss=1.8275e-01
E7/8 B4600/36000 batch_loss=1.7441e-01
E7/8 B4700/36000 batch_loss=1.9156e-01
E7/8 B4800/36000 batch_loss=1.2871e-01
E7/8 B4900/36000 batch_loss=1.8346e-01
E7/8 B5000/36000 batch_loss=1.0191e-01
E7/8 B5100/36000 batch_loss=1.2520e-01
E7/8 B5200/36000 batch_loss=1.0078e-01
E7/8 B5300/36000 batch_loss=1.2321e-01
E7/8 B5400/36000 batch_loss=1.5497e-01
E7/8 B5500/36000 batch_loss=1.7699e-01
E7/8 B5600/36000 batch_loss=1.7266e-01
E7/8 B5700/36000 batch_loss=1.1817e-01
E7/8 B5800/36000 batch_loss=1.4897e-01
E7/8 B5900/36000 batch_loss=1.8072e-01
E7/8 B6000/36000 batch_loss=1.9934e-01
E7/8 B6100/36000 batch_loss=1.0589e-01
E7/8 B6200/36000 batch_loss=1.1263e-01
E7/8 B6300/36000 batch_loss=1.8894e-01
E7/8 B6400/36000 batch_loss=1.1287e-01
E7/8 B6500/36000 batch_loss=1.9422e-01
E7/8 B6600/36000 batch_loss=1.1179e-01
E7/8 B6700/36000 batch_loss=1.2939e-01
E7/8 B6800/36000 batch_loss=1.1126e-01
E7/8 B6900/36000 batch_loss=9.4783e-02
E7/8 B7000/36000 batch_loss=1.7682e-01
E7/8 B7100/36000 batch_loss=1.5944e-01
E7/8 B7200/36000 batch_loss=1.9211e-01
E7/8 B7300/36000 batch_loss=1.8757e-01
E7/8 B7400/36000 batch_loss=1.6351e-01
E7/8 B7500/36000 batch_loss=1.2147e-01
E7/8 B7600/36000 batch_loss=1.7483e-01
E7/8 B7700/36000 batch_loss=1.8098e-01
E7/8 B7800/36000 batch_loss=1.4087e-01
E7/8 B7900/36000 batch_loss=1.0676e-01
E7/8 B8000/36000 batch_loss=1.7500e-01
E7/8 B8100/36000 batch_loss=1.9261e-01
E7/8 B8200/36000 batch_loss=1.9698e-01
E7/8 B8300/36000 batch_loss=1.8105e-01
E7/8 B8400/36000 batch_loss=1.8585e-01
E7/8 B8500/36000 batch_loss=1.8044e-01
E7/8 B8600/36000 batch_loss=1.1570e-01
E7/8 B8700/36000 batch_loss=1.7110e-01
E7/8 B8800/36000 batch_loss=1.0421e-01
E7/8 B8900/36000 batch_loss=2.0719e-01
E7/8 B9000/36000 batch_loss=1.2545e-01
E7/8 B9100/36000 batch_loss=2.0484e-01
E7/8 B9200/36000 batch_loss=1.3713e-01
E7/8 B9300/36000 batch_loss=1.1880e-01
E7/8 B9400/36000 batch_loss=1.0953e-01
E7/8 B9500/36000 batch_loss=1.3269e-01
E7/8 B9600/36000 batch_loss=1.1370e-01
E7/8 B9700/36000 batch_loss=9.6403e-02
E7/8 B9800/36000 batch_loss=1.6317e-01
E7/8 B9900/36000 batch_loss=1.7046e-01
E7/8 B10000/36000 batch_loss=1.0874e-01
E7/8 B10100/36000 batch_loss=1.3378e-01
E7/8 B10200/36000 batch_loss=1.6282e-01
E7/8 B10300/36000 batch_loss=1.5655e-01
E7/8 B10400/36000 batch_loss=1.2510e-01
E7/8 B10500/36000 batch_loss=1.1774e-01
E7/8 B10600/36000 batch_loss=2.0522e-01
E7/8 B10700/36000 batch_loss=1.0956e-01
E7/8 B10800/36000 batch_loss=1.7495e-01
E7/8 B10900/36000 batch_loss=1.1387e-01
E7/8 B11000/36000 batch_loss=1.7319e-01
E7/8 B11100/36000 batch_loss=1.8817e-01
E7/8 B11200/36000 batch_loss=9.5347e-02
E7/8 B11300/36000 batch_loss=1.6357e-01
E7/8 B11400/36000 batch_loss=1.6940e-01
E7/8 B11500/36000 batch_loss=1.1119e-01
E7/8 B11600/36000 batch_loss=1.2581e-01
E7/8 B11700/36000 batch_loss=1.6765e-01
E7/8 B11800/36000 batch_loss=1.7601e-01
E7/8 B11900/36000 batch_loss=1.8256e-01
E7/8 B12000/36000 batch_loss=1.2128e-01
E7/8 B12100/36000 batch_loss=1.2704e-01
E7/8 B12200/36000 batch_loss=1.2171e-01
E7/8 B12300/36000 batch_loss=1.4045e-01
E7/8 B12400/36000 batch_loss=1.8163e-01
E7/8 B12500/36000 batch_loss=1.3271e-01
E7/8 B12600/36000 batch_loss=2.0328e-01
E7/8 B12700/36000 batch_loss=1.2512e-01
E7/8 B12800/36000 batch_loss=1.8953e-01
E7/8 B12900/36000 batch_loss=1.1221e-01
E7/8 B13000/36000 batch_loss=1.8985e-01
E7/8 B13100/36000 batch_loss=1.1041e-01
E7/8 B13200/36000 batch_loss=1.9636e-01
E7/8 B13300/36000 batch_loss=9.8990e-02
E7/8 B13400/36000 batch_loss=1.2345e-01
E7/8 B13500/36000 batch_loss=1.2414e-01
E7/8 B13600/36000 batch_loss=1.1983e-01
E7/8 B13700/36000 batch_loss=1.6704e-01
E7/8 B13800/36000 batch_loss=1.8468e-01
E7/8 B13900/36000 batch_loss=1.1098e-01
E7/8 B14000/36000 batch_loss=1.1646e-01
E7/8 B14100/36000 batch_loss=1.0651e-01
E7/8 B14200/36000 batch_loss=1.8128e-01
E7/8 B14300/36000 batch_loss=1.8932e-01
E7/8 B14400/36000 batch_loss=1.2072e-01
E7/8 B14500/36000 batch_loss=1.8001e-01
E7/8 B14600/36000 batch_loss=1.6995e-01
E7/8 B14700/36000 batch_loss=1.2279e-01
E7/8 B14800/36000 batch_loss=1.7744e-01
E7/8 B14900/36000 batch_loss=2.2138e-01
E7/8 B15000/36000 batch_loss=1.8656e-01
E7/8 B15100/36000 batch_loss=1.8866e-01
E7/8 B15200/36000 batch_loss=1.2223e-01
E7/8 B15300/36000 batch_loss=1.2699e-01
E7/8 B15400/36000 batch_loss=1.7598e-01
E7/8 B15500/36000 batch_loss=1.3338e-01
E7/8 B15600/36000 batch_loss=1.7131e-01
E7/8 B15700/36000 batch_loss=1.1960e-01
E7/8 B15800/36000 batch_loss=1.8487e-01
E7/8 B15900/36000 batch_loss=1.1350e-01
E7/8 B16000/36000 batch_loss=1.8855e-01
E7/8 B16100/36000 batch_loss=1.1324e-01
E7/8 B16200/36000 batch_loss=1.7319e-01
E7/8 B16300/36000 batch_loss=1.8731e-01
E7/8 B16400/36000 batch_loss=1.1336e-01
E7/8 B16500/36000 batch_loss=1.7492e-01
E7/8 B16600/36000 batch_loss=1.1355e-01
E7/8 B16700/36000 batch_loss=1.7315e-01
E7/8 B16800/36000 batch_loss=1.5646e-01
E7/8 B16900/36000 batch_loss=1.3502e-01
E7/8 B17000/36000 batch_loss=1.8980e-01
E7/8 B17100/36000 batch_loss=2.0261e-01
E7/8 B17200/36000 batch_loss=1.3193e-01
E7/8 B17300/36000 batch_loss=1.7311e-01
E7/8 B17400/36000 batch_loss=1.2088e-01
E7/8 B17500/36000 batch_loss=1.8642e-01
E7/8 B17600/36000 batch_loss=1.3663e-01
E7/8 B17700/36000 batch_loss=1.8138e-01
E7/8 B17800/36000 batch_loss=1.3062e-01
E7/8 B17900/36000 batch_loss=1.2709e-01
E7/8 B18000/36000 batch_loss=1.4289e-01
E7/8 B18100/36000 batch_loss=1.2536e-01
E7/8 B18200/36000 batch_loss=1.8835e-01
E7/8 B18300/36000 batch_loss=1.4824e-01
E7/8 B18400/36000 batch_loss=1.9433e-01
E7/8 B18500/36000 batch_loss=1.2884e-01
E7/8 B18600/36000 batch_loss=1.6827e-01
E7/8 B18700/36000 batch_loss=1.7345e-01
E7/8 B18800/36000 batch_loss=1.0157e-01
E7/8 B18900/36000 batch_loss=1.6319e-01
E7/8 B19000/36000 batch_loss=1.7532e-01
E7/8 B19100/36000 batch_loss=1.7030e-01
E7/8 B19200/36000 batch_loss=1.5366e-01
E7/8 B19300/36000 batch_loss=1.3800e-01
E7/8 B19400/36000 batch_loss=1.2098e-01
E7/8 B19500/36000 batch_loss=2.1161e-01
E7/8 B19600/36000 batch_loss=1.4397e-01
E7/8 B19700/36000 batch_loss=1.2795e-01
E7/8 B19800/36000 batch_loss=1.8964e-01
E7/8 B19900/36000 batch_loss=1.1092e-01
E7/8 B20000/36000 batch_loss=1.6559e-01
E7/8 B20100/36000 batch_loss=1.9712e-01
E7/8 B20200/36000 batch_loss=1.2427e-01
E7/8 B20300/36000 batch_loss=1.7870e-01
E7/8 B20400/36000 batch_loss=1.7866e-01
E7/8 B20500/36000 batch_loss=1.8300e-01
E7/8 B20600/36000 batch_loss=1.9841e-01
E7/8 B20700/36000 batch_loss=1.2754e-01
E7/8 B20800/36000 batch_loss=1.1211e-01
E7/8 B20900/36000 batch_loss=1.8268e-01
E7/8 B21000/36000 batch_loss=1.6577e-01
E7/8 B21100/36000 batch_loss=1.6593e-01
E7/8 B21200/36000 batch_loss=1.1134e-01
E7/8 B21300/36000 batch_loss=1.8372e-01
E7/8 B21400/36000 batch_loss=1.9502e-01
E7/8 B21500/36000 batch_loss=1.7953e-01
E7/8 B21600/36000 batch_loss=2.1073e-01
E7/8 B21700/36000 batch_loss=1.4244e-01
E7/8 B21800/36000 batch_loss=1.9010e-01
E7/8 B21900/36000 batch_loss=1.8997e-01
E7/8 B22000/36000 batch_loss=1.6443e-01
E7/8 B22100/36000 batch_loss=2.0344e-01
E7/8 B22200/36000 batch_loss=1.7663e-01
E7/8 B22300/36000 batch_loss=1.6638e-01
E7/8 B22400/36000 batch_loss=1.7536e-01
E7/8 B22500/36000 batch_loss=1.2047e-01
E7/8 B22600/36000 batch_loss=1.8106e-01
E7/8 B22700/36000 batch_loss=1.1987e-01
E7/8 B22800/36000 batch_loss=1.7107e-01
E7/8 B22900/36000 batch_loss=1.8367e-01
E7/8 B23000/36000 batch_loss=1.8115e-01
E7/8 B23100/36000 batch_loss=1.2407e-01
E7/8 B23200/36000 batch_loss=1.9625e-01
E7/8 B23300/36000 batch_loss=1.1076e-01
E7/8 B23400/36000 batch_loss=1.6893e-01
E7/8 B23500/36000 batch_loss=1.3098e-01
E7/8 B23600/36000 batch_loss=1.7092e-01
E7/8 B23700/36000 batch_loss=1.8138e-01
E7/8 B23800/36000 batch_loss=1.7601e-01
E7/8 B23900/36000 batch_loss=1.0790e-01
E7/8 B24000/36000 batch_loss=1.1393e-01
E7/8 B24100/36000 batch_loss=1.2713e-01
E7/8 B24200/36000 batch_loss=1.6080e-01
E7/8 B24300/36000 batch_loss=1.2795e-01
E7/8 B24400/36000 batch_loss=1.9629e-01
E7/8 B24500/36000 batch_loss=1.1258e-01
E7/8 B24600/36000 batch_loss=1.9514e-01
E7/8 B24700/36000 batch_loss=1.2661e-01
E7/8 B24800/36000 batch_loss=1.7244e-01
E7/8 B24900/36000 batch_loss=1.0422e-01
E7/8 B25000/36000 batch_loss=1.1488e-01
E7/8 B25100/36000 batch_loss=1.9838e-01
E7/8 B25200/36000 batch_loss=1.8509e-01
E7/8 B25300/36000 batch_loss=1.2566e-01
E7/8 B25400/36000 batch_loss=1.1116e-01
E7/8 B25500/36000 batch_loss=1.3320e-01
E7/8 B25600/36000 batch_loss=1.2342e-01
E7/8 B25700/36000 batch_loss=1.1379e-01
E7/8 B25800/36000 batch_loss=1.5619e-01
E7/8 B25900/36000 batch_loss=1.2359e-01
E7/8 B26000/36000 batch_loss=1.2919e-01
E7/8 B26100/36000 batch_loss=2.0163e-01
E7/8 B26200/36000 batch_loss=1.8387e-01
E7/8 B26300/36000 batch_loss=1.3320e-01
E7/8 B26400/36000 batch_loss=1.9430e-01
E7/8 B26500/36000 batch_loss=1.7724e-01
E7/8 B26600/36000 batch_loss=1.8795e-01
E7/8 B26700/36000 batch_loss=1.0168e-01
E7/8 B26800/36000 batch_loss=1.9347e-01
E7/8 B26900/36000 batch_loss=1.8452e-01
E7/8 B27000/36000 batch_loss=9.9461e-02
E7/8 B27100/36000 batch_loss=1.2265e-01
E7/8 B27200/36000 batch_loss=1.0764e-01
E7/8 B27300/36000 batch_loss=1.2668e-01
E7/8 B27400/36000 batch_loss=1.9308e-01
E7/8 B27500/36000 batch_loss=1.7166e-01
E7/8 B27600/36000 batch_loss=1.6204e-01
E7/8 B27700/36000 batch_loss=1.1964e-01
E7/8 B27800/36000 batch_loss=1.6382e-01
E7/8 B27900/36000 batch_loss=1.1198e-01
E7/8 B28000/36000 batch_loss=1.2646e-01
E7/8 B28100/36000 batch_loss=1.2286e-01
E7/8 B28200/36000 batch_loss=1.5533e-01
E7/8 B28300/36000 batch_loss=1.8381e-01
E7/8 B28400/36000 batch_loss=1.0760e-01
E7/8 B28500/36000 batch_loss=1.2613e-01
E7/8 B28600/36000 batch_loss=1.8052e-01
E7/8 B28700/36000 batch_loss=1.2613e-01
E7/8 B28800/36000 batch_loss=1.3767e-01
E7/8 B28900/36000 batch_loss=1.2034e-01
E7/8 B29000/36000 batch_loss=1.6802e-01
E7/8 B29100/36000 batch_loss=1.3421e-01
E7/8 B29200/36000 batch_loss=1.9076e-01
E7/8 B29300/36000 batch_loss=2.0947e-01
E7/8 B29400/36000 batch_loss=1.7380e-01
E7/8 B29500/36000 batch_loss=1.2772e-01
E7/8 B29600/36000 batch_loss=2.1055e-01
E7/8 B29700/36000 batch_loss=1.8071e-01
E7/8 B29800/36000 batch_loss=1.2166e-01
E7/8 B29900/36000 batch_loss=1.8854e-01
E7/8 B30000/36000 batch_loss=1.2031e-01
E7/8 B30100/36000 batch_loss=1.7540e-01
E7/8 B30200/36000 batch_loss=1.3022e-01
E7/8 B30300/36000 batch_loss=1.8722e-01
E7/8 B30400/36000 batch_loss=1.3552e-01
E7/8 B30500/36000 batch_loss=1.9007e-01
E7/8 B30600/36000 batch_loss=1.2011e-01
E7/8 B30700/36000 batch_loss=1.9244e-01
E7/8 B30800/36000 batch_loss=1.2736e-01
E7/8 B30900/36000 batch_loss=1.7971e-01
E7/8 B31000/36000 batch_loss=1.1940e-01
E7/8 B31100/36000 batch_loss=1.0538e-01
E7/8 B31200/36000 batch_loss=1.9952e-01
E7/8 B31300/36000 batch_loss=1.9111e-01
E7/8 B31400/36000 batch_loss=1.9155e-01
E7/8 B31500/36000 batch_loss=1.3384e-01
E7/8 B31600/36000 batch_loss=1.3835e-01
E7/8 B31700/36000 batch_loss=1.8505e-01
E7/8 B31800/36000 batch_loss=1.8366e-01
E7/8 B31900/36000 batch_loss=1.5374e-01
E7/8 B32000/36000 batch_loss=1.3829e-01
E7/8 B32100/36000 batch_loss=1.1053e-01
E7/8 B32200/36000 batch_loss=1.6707e-01
E7/8 B32300/36000 batch_loss=1.7833e-01
E7/8 B32400/36000 batch_loss=1.6078e-01
E7/8 B32500/36000 batch_loss=1.2136e-01
E7/8 B32600/36000 batch_loss=1.9497e-01
E7/8 B32700/36000 batch_loss=1.3593e-01
E7/8 B32800/36000 batch_loss=1.4852e-01
E7/8 B32900/36000 batch_loss=1.2870e-01
E7/8 B33000/36000 batch_loss=1.2406e-01
E7/8 B33100/36000 batch_loss=1.2731e-01
E7/8 B33200/36000 batch_loss=1.9653e-01
E7/8 B33300/36000 batch_loss=1.8039e-01
E7/8 B33400/36000 batch_loss=1.3635e-01
E7/8 B33500/36000 batch_loss=1.7622e-01
E7/8 B33600/36000 batch_loss=1.7346e-01
E7/8 B33700/36000 batch_loss=1.6511e-01
E7/8 B33800/36000 batch_loss=1.8597e-01
E7/8 B33900/36000 batch_loss=1.9908e-01
E7/8 B34000/36000 batch_loss=1.1906e-01
E7/8 B34100/36000 batch_loss=1.1537e-01
E7/8 B34200/36000 batch_loss=1.2955e-01
E7/8 B34300/36000 batch_loss=1.0806e-01
E7/8 B34400/36000 batch_loss=1.8075e-01
E7/8 B34500/36000 batch_loss=1.2758e-01
E7/8 B34600/36000 batch_loss=1.3148e-01
E7/8 B34700/36000 batch_loss=1.9254e-01
E7/8 B34800/36000 batch_loss=1.4638e-01
E7/8 B34900/36000 batch_loss=1.8565e-01
E7/8 B35000/36000 batch_loss=1.0898e-01
E7/8 B35100/36000 batch_loss=1.1347e-01
E7/8 B35200/36000 batch_loss=1.1469e-01
E7/8 B35300/36000 batch_loss=1.8601e-01
E7/8 B35400/36000 batch_loss=1.7006e-01
E7/8 B35500/36000 batch_loss=1.1407e-01
E7/8 B35600/36000 batch_loss=1.0727e-01
E7/8 B35700/36000 batch_loss=1.6187e-01
E7/8 B35800/36000 batch_loss=1.9329e-01
E7/8 B35900/36000 batch_loss=2.0211e-01
E7/8 B36000/36000 batch_loss=1.8602e-01
2026-07-19 00:38:13,417 | INFO | Saved 10 diagnostic panel(s) under D:\Research\NO-2D-Metamaterials\MODELS\training_runs\NO_I3O5_BCF16_NMSE_HC128_LR2e-03_WD0e+00_L1P1e-08_SS1_G9e-01_ch0u_260717\diagnostics\epoch_007
epoch=7/8 loss=nmse train_nmse=1.505873e-01 val_nmse=2.191761e-01 train_mae=2.665379e-03 val_mae=2.994498e-03 train_mse=4.013042e-05 val_mse=5.972155e-05 lr=9.566e-04 train_sps=1490.5
2026-07-19 00:38:15,608 | INFO | epoch=7/8 loss=nmse train_nmse=1.505873e-01 val_nmse=2.191761e-01 train_mae=2.665379e-03 val_mae=2.994498e-03 train_mse=4.013042e-05 val_mse=5.972155e-05 lr=9.566e-04 train_sps=1490.5
2026-07-19 00:38:15,609 | INFO | epoch=7/8 loss_ch_nmse train=2.369e-03 1.451e-01 1.510e-01 2.336e-01 2.208e-01 val=7.230e-03 2.210e-01 2.375e-01 3.176e-01 3.125e-01
2026-07-19 00:38:15,610 | INFO | epoch=7/8 mae_ch train=1.653e-03 2.730e-03 2.585e-03 3.298e-03 3.060e-03 val=1.547e-03 3.151e-03 3.051e-03 3.742e-03 3.482e-03 mse_ch train=9.881e-06 3.903e-05 3.604e-05 6.213e-05 5.358e-05 val=2.201e-05 5.960e-05 5.665e-05 8.484e-05 7.551e-05
Epoch 7/8 done | loss=nmse train=1.5059e-01 val=2.1918e-01 mae=2.9945e-03 mse=5.9722e-05 lr=9.57e-04
E8/8 B100/36000 batch_loss=1.1949e-01
E8/8 B200/36000 batch_loss=1.6654e-01
E8/8 B300/36000 batch_loss=1.6081e-01
E8/8 B400/36000 batch_loss=1.6031e-01
E8/8 B500/36000 batch_loss=1.7957e-01
E8/8 B600/36000 batch_loss=1.5688e-01
E8/8 B700/36000 batch_loss=8.4673e-02
E8/8 B800/36000 batch_loss=1.7568e-01
E8/8 B900/36000 batch_loss=1.8404e-01
E8/8 B1000/36000 batch_loss=1.1459e-01
E8/8 B1100/36000 batch_loss=1.7750e-01
E8/8 B1200/36000 batch_loss=1.6508e-01
E8/8 B1300/36000 batch_loss=1.6039e-01
E8/8 B1400/36000 batch_loss=1.6761e-01
E8/8 B1500/36000 batch_loss=1.2826e-01
E8/8 B1600/36000 batch_loss=1.6777e-01
E8/8 B1700/36000 batch_loss=1.6748e-01
E8/8 B1800/36000 batch_loss=1.7460e-01
E8/8 B1900/36000 batch_loss=1.9011e-01
E8/8 B2000/36000 batch_loss=1.2091e-01
E8/8 B2100/36000 batch_loss=1.7733e-01
E8/8 B2200/36000 batch_loss=9.8313e-02
E8/8 B2300/36000 batch_loss=1.7202e-01
E8/8 B2400/36000 batch_loss=1.8185e-01
E8/8 B2500/36000 batch_loss=1.2293e-01
E8/8 B2600/36000 batch_loss=1.6446e-01
E8/8 B2700/36000 batch_loss=1.4058e-01
E8/8 B2800/36000 batch_loss=1.6045e-01
E8/8 B2900/36000 batch_loss=1.1880e-01
E8/8 B3000/36000 batch_loss=1.3188e-01
E8/8 B3100/36000 batch_loss=1.4956e-01
E8/8 B3200/36000 batch_loss=1.8806e-01
E8/8 B3300/36000 batch_loss=1.1420e-01
E8/8 B3400/36000 batch_loss=1.6391e-01
E8/8 B3500/36000 batch_loss=1.4509e-01
E8/8 B3600/36000 batch_loss=1.6804e-01
E8/8 B3700/36000 batch_loss=1.1518e-01
E8/8 B3800/36000 batch_loss=1.7818e-01
E8/8 B3900/36000 batch_loss=1.7937e-01
E8/8 B4000/36000 batch_loss=1.8744e-01
E8/8 B4100/36000 batch_loss=1.1811e-01
E8/8 B4200/36000 batch_loss=1.8511e-01
E8/8 B4300/36000 batch_loss=1.1260e-01
E8/8 B4400/36000 batch_loss=1.5275e-01
E8/8 B4500/36000 batch_loss=1.6662e-01
E8/8 B4600/36000 batch_loss=1.9178e-01
E8/8 B4700/36000 batch_loss=1.9103e-01
E8/8 B4800/36000 batch_loss=1.1997e-01
E8/8 B4900/36000 batch_loss=1.8369e-01
E8/8 B5000/36000 batch_loss=1.9005e-01
E8/8 B5100/36000 batch_loss=1.6839e-01
E8/8 B5200/36000 batch_loss=9.0403e-02
E8/8 B5300/36000 batch_loss=1.1544e-01
E8/8 B5400/36000 batch_loss=1.4656e-01
E8/8 B5500/36000 batch_loss=1.5624e-01
E8/8 B5600/36000 batch_loss=1.7942e-01
E8/8 B5700/36000 batch_loss=1.3261e-01
E8/8 B5800/36000 batch_loss=9.6972e-02
E8/8 B5900/36000 batch_loss=1.1114e-01
E8/8 B6000/36000 batch_loss=1.8327e-01
E8/8 B6100/36000 batch_loss=1.6190e-01
E8/8 B6200/36000 batch_loss=1.0903e-01
E8/8 B6300/36000 batch_loss=1.7258e-01
E8/8 B6400/36000 batch_loss=1.5208e-01
E8/8 B6500/36000 batch_loss=1.5611e-01
E8/8 B6600/36000 batch_loss=1.6218e-01
E8/8 B6700/36000 batch_loss=1.1048e-01
E8/8 B6800/36000 batch_loss=1.4553e-01
E8/8 B6900/36000 batch_loss=1.0541e-01
E8/8 B7000/36000 batch_loss=1.0290e-01
E8/8 B7100/36000 batch_loss=1.2698e-01
E8/8 B7200/36000 batch_loss=1.6869e-01
E8/8 B7300/36000 batch_loss=1.3035e-01
E8/8 B7400/36000 batch_loss=8.9859e-02
E8/8 B7500/36000 batch_loss=1.7936e-01
E8/8 B7600/36000 batch_loss=1.0718e-01
E8/8 B7700/36000 batch_loss=1.5777e-01
E8/8 B7800/36000 batch_loss=1.6355e-01
E8/8 B7900/36000 batch_loss=1.5671e-01
E8/8 B8000/36000 batch_loss=1.8492e-01
E8/8 B8100/36000 batch_loss=1.2042e-01
E8/8 B8200/36000 batch_loss=1.6425e-01
E8/8 B8300/36000 batch_loss=9.7453e-02
E8/8 B8400/36000 batch_loss=1.8423e-01
E8/8 B8500/36000 batch_loss=1.5168e-01
E8/8 B8600/36000 batch_loss=1.5722e-01
E8/8 B8700/36000 batch_loss=9.2268e-02
E8/8 B8800/36000 batch_loss=1.0643e-01
E8/8 B8900/36000 batch_loss=1.0765e-01
E8/8 B9000/36000 batch_loss=1.6303e-01
E8/8 B9100/36000 batch_loss=9.1230e-02
E8/8 B9200/36000 batch_loss=1.2026e-01
E8/8 B9300/36000 batch_loss=1.8663e-01
E8/8 B9400/36000 batch_loss=1.9213e-01
E8/8 B9500/36000 batch_loss=1.5472e-01
E8/8 B9600/36000 batch_loss=9.8169e-02
E8/8 B9700/36000 batch_loss=1.7103e-01
E8/8 B9800/36000 batch_loss=1.5665e-01
E8/8 B9900/36000 batch_loss=1.8928e-01
E8/8 B10000/36000 batch_loss=1.6953e-01
E8/8 B10100/36000 batch_loss=1.6395e-01
E8/8 B10200/36000 batch_loss=9.5838e-02
E8/8 B10300/36000 batch_loss=1.7260e-01
E8/8 B10400/36000 batch_loss=1.0955e-01
E8/8 B10500/36000 batch_loss=1.8848e-01
E8/8 B10600/36000 batch_loss=1.5790e-01
E8/8 B10700/36000 batch_loss=1.2819e-01
E8/8 B10800/36000 batch_loss=1.6949e-01
E8/8 B10900/36000 batch_loss=1.1061e-01
E8/8 B11000/36000 batch_loss=1.6730e-01
E8/8 B11100/36000 batch_loss=1.6571e-01
E8/8 B11200/36000 batch_loss=2.0302e-01
E8/8 B11300/36000 batch_loss=1.2786e-01
E8/8 B11400/36000 batch_loss=1.2531e-01
E8/8 B11500/36000 batch_loss=1.3086e-01
E8/8 B11600/36000 batch_loss=1.8703e-01
E8/8 B11700/36000 batch_loss=1.6396e-01
E8/8 B11800/36000 batch_loss=1.3239e-01
E8/8 B11900/36000 batch_loss=1.7952e-01
E8/8 B12000/36000 batch_loss=1.0255e-01
E8/8 B12100/36000 batch_loss=1.5124e-01
E8/8 B12200/36000 batch_loss=1.7472e-01
E8/8 B12300/36000 batch_loss=1.8707e-01
E8/8 B12400/36000 batch_loss=1.1873e-01
E8/8 B12500/36000 batch_loss=1.8052e-01
E8/8 B12600/36000 batch_loss=1.0690e-01
E8/8 B12700/36000 batch_loss=1.5649e-01
E8/8 B12800/36000 batch_loss=1.1877e-01
E8/8 B12900/36000 batch_loss=9.8655e-02
E8/8 B13000/36000 batch_loss=9.5793e-02
E8/8 B13100/36000 batch_loss=1.4938e-01
E8/8 B13200/36000 batch_loss=1.9620e-01
E8/8 B13300/36000 batch_loss=1.5462e-01
E8/8 B13400/36000 batch_loss=1.7025e-01
E8/8 B13500/36000 batch_loss=1.0676e-01
E8/8 B13600/36000 batch_loss=1.7442e-01
E8/8 B13700/36000 batch_loss=1.1256e-01
E8/8 B13800/36000 batch_loss=1.2486e-01
E8/8 B13900/36000 batch_loss=1.6619e-01
E8/8 B14000/36000 batch_loss=1.7199e-01
E8/8 B14100/36000 batch_loss=1.2833e-01
E8/8 B14200/36000 batch_loss=1.1250e-01
E8/8 B14300/36000 batch_loss=1.2146e-01
E8/8 B14400/36000 batch_loss=1.0620e-01
E8/8 B14500/36000 batch_loss=1.2342e-01
E8/8 B14600/36000 batch_loss=1.7569e-01
E8/8 B14700/36000 batch_loss=1.2011e-01
E8/8 B14800/36000 batch_loss=1.7147e-01
E8/8 B14900/36000 batch_loss=1.1137e-01
E8/8 B15000/36000 batch_loss=1.9620e-01
E8/8 B15100/36000 batch_loss=1.7968e-01
E8/8 B15200/36000 batch_loss=1.7502e-01
E8/8 B15300/36000 batch_loss=1.5022e-01
E8/8 B15400/36000 batch_loss=1.7696e-01
E8/8 B15500/36000 batch_loss=1.6142e-01
E8/8 B15600/36000 batch_loss=1.5500e-01
E8/8 B15700/36000 batch_loss=1.8918e-01
E8/8 B15800/36000 batch_loss=1.6875e-01
E8/8 B15900/36000 batch_loss=1.6462e-01
E8/8 B16000/36000 batch_loss=1.1338e-01
E8/8 B16100/36000 batch_loss=1.1935e-01
E8/8 B16200/36000 batch_loss=1.1661e-01
E8/8 B16300/36000 batch_loss=1.5559e-01
E8/8 B16400/36000 batch_loss=1.7602e-01
E8/8 B16500/36000 batch_loss=1.5786e-01
E8/8 B16600/36000 batch_loss=1.9424e-01
E8/8 B16700/36000 batch_loss=1.1253e-01
E8/8 B16800/36000 batch_loss=1.7220e-01
E8/8 B16900/36000 batch_loss=1.1704e-01
E8/8 B17000/36000 batch_loss=1.6800e-01
E8/8 B17100/36000 batch_loss=1.2040e-01
E8/8 B17200/36000 batch_loss=1.1520e-01
E8/8 B17300/36000 batch_loss=1.0752e-01
E8/8 B17400/36000 batch_loss=1.7057e-01
E8/8 B17500/36000 batch_loss=2.0731e-01
E8/8 B17600/36000 batch_loss=9.2435e-02
E8/8 B17700/36000 batch_loss=1.0637e-01
E8/8 B17800/36000 batch_loss=1.1872e-01
E8/8 B17900/36000 batch_loss=1.8195e-01
E8/8 B18000/36000 batch_loss=1.5997e-01
E8/8 B18100/36000 batch_loss=1.8714e-01
E8/8 B18200/36000 batch_loss=1.7971e-01
E8/8 B18300/36000 batch_loss=1.0041e-01
E8/8 B18400/36000 batch_loss=1.2430e-01
E8/8 B18500/36000 batch_loss=1.1501e-01
E8/8 B18600/36000 batch_loss=1.8496e-01
E8/8 B18700/36000 batch_loss=1.3848e-01
E8/8 B18800/36000 batch_loss=1.1249e-01
E8/8 B18900/36000 batch_loss=1.3111e-01
E8/8 B19000/36000 batch_loss=1.1415e-01
E8/8 B19100/36000 batch_loss=1.9376e-01
E8/8 B19200/36000 batch_loss=1.8569e-01
E8/8 B19300/36000 batch_loss=1.9284e-01
E8/8 B19400/36000 batch_loss=1.1072e-01
E8/8 B19500/36000 batch_loss=1.6539e-01
E8/8 B19600/36000 batch_loss=1.2761e-01
E8/8 B19700/36000 batch_loss=1.6623e-01
E8/8 B19800/36000 batch_loss=1.1838e-01
E8/8 B19900/36000 batch_loss=1.1394e-01
E8/8 B20000/36000 batch_loss=1.1602e-01
E8/8 B20100/36000 batch_loss=1.5852e-01
E8/8 B20200/36000 batch_loss=1.1366e-01
E8/8 B20300/36000 batch_loss=1.5859e-01
E8/8 B20400/36000 batch_loss=1.2629e-01
E8/8 B20500/36000 batch_loss=1.1809e-01
E8/8 B20600/36000 batch_loss=1.1111e-01
E8/8 B20700/36000 batch_loss=1.5368e-01
E8/8 B20800/36000 batch_loss=1.8994e-01
E8/8 B20900/36000 batch_loss=1.1333e-01
E8/8 B21000/36000 batch_loss=1.2863e-01
E8/8 B21100/36000 batch_loss=1.1508e-01
E8/8 B21200/36000 batch_loss=1.1667e-01
E8/8 B21300/36000 batch_loss=1.1016e-01
E8/8 B21400/36000 batch_loss=1.0691e-01
E8/8 B21500/36000 batch_loss=1.8247e-01
E8/8 B21600/36000 batch_loss=1.2375e-01
E8/8 B21700/36000 batch_loss=1.0339e-01
E8/8 B21800/36000 batch_loss=1.1791e-01
E8/8 B21900/36000 batch_loss=1.6631e-01
E8/8 B22000/36000 batch_loss=1.2325e-01
E8/8 B22100/36000 batch_loss=8.9300e-02
E8/8 B22200/36000 batch_loss=1.6544e-01
E8/8 B22300/36000 batch_loss=1.0799e-01
E8/8 B22400/36000 batch_loss=1.8072e-01
E8/8 B22500/36000 batch_loss=1.1966e-01
E8/8 B22600/36000 batch_loss=1.7319e-01
E8/8 B22700/36000 batch_loss=1.7991e-01
E8/8 B22800/36000 batch_loss=1.1038e-01
E8/8 B22900/36000 batch_loss=1.1816e-01
E8/8 B23000/36000 batch_loss=1.7429e-01
E8/8 B23100/36000 batch_loss=1.6675e-01
E8/8 B23200/36000 batch_loss=1.6438e-01
E8/8 B23300/36000 batch_loss=1.7228e-01
E8/8 B23400/36000 batch_loss=1.7747e-01
E8/8 B23500/36000 batch_loss=1.8892e-01
E8/8 B23600/36000 batch_loss=1.8803e-01
E8/8 B23700/36000 batch_loss=1.5084e-01
E8/8 B23800/36000 batch_loss=2.1427e-01
E8/8 B23900/36000 batch_loss=1.6089e-01
E8/8 B24000/36000 batch_loss=1.0377e-01
E8/8 B24100/36000 batch_loss=1.5484e-01
E8/8 B24200/36000 batch_loss=1.6676e-01
E8/8 B24300/36000 batch_loss=1.1124e-01
E8/8 B24400/36000 batch_loss=1.7302e-01
E8/8 B24500/36000 batch_loss=1.6665e-01
E8/8 B24600/36000 batch_loss=1.7170e-01
E8/8 B24700/36000 batch_loss=1.7868e-01
E8/8 B24800/36000 batch_loss=1.7756e-01
E8/8 B24900/36000 batch_loss=1.6114e-01
E8/8 B25000/36000 batch_loss=1.9196e-01
E8/8 B25100/36000 batch_loss=1.2836e-01
E8/8 B25200/36000 batch_loss=1.4683e-01
E8/8 B25300/36000 batch_loss=1.7761e-01
E8/8 B25400/36000 batch_loss=1.5697e-01
E8/8 B25500/36000 batch_loss=1.5829e-01
E8/8 B25600/36000 batch_loss=1.5812e-01
E8/8 B25700/36000 batch_loss=1.0973e-01
E8/8 B25800/36000 batch_loss=1.7780e-01
E8/8 B25900/36000 batch_loss=1.1525e-01
E8/8 B26000/36000 batch_loss=1.0078e-01
E8/8 B26100/36000 batch_loss=1.0901e-01
E8/8 B26200/36000 batch_loss=1.6645e-01
E8/8 B26300/36000 batch_loss=1.5484e-01
E8/8 B26400/36000 batch_loss=1.1230e-01
E8/8 B26500/36000 batch_loss=1.0152e-01
E8/8 B26600/36000 batch_loss=1.1183e-01
E8/8 B26700/36000 batch_loss=1.8170e-01
E8/8 B26800/36000 batch_loss=1.8704e-01
E8/8 B26900/36000 batch_loss=1.6618e-01
E8/8 B27000/36000 batch_loss=1.0486e-01
E8/8 B27100/36000 batch_loss=1.7625e-01
E8/8 B27200/36000 batch_loss=1.7643e-01
E8/8 B27300/36000 batch_loss=1.8404e-01
E8/8 B27400/36000 batch_loss=1.7900e-01
E8/8 B27500/36000 batch_loss=1.5848e-01
E8/8 B27600/36000 batch_loss=1.7455e-01
E8/8 B27700/36000 batch_loss=1.3251e-01
E8/8 B27800/36000 batch_loss=1.7689e-01
E8/8 B27900/36000 batch_loss=1.1542e-01
E8/8 B28000/36000 batch_loss=1.5535e-01
E8/8 B28100/36000 batch_loss=1.5321e-01
E8/8 B28200/36000 batch_loss=1.8014e-01
E8/8 B28300/36000 batch_loss=1.1072e-01
E8/8 B28400/36000 batch_loss=1.5673e-01
E8/8 B28500/36000 batch_loss=1.7775e-01
E8/8 B28600/36000 batch_loss=1.3215e-01
E8/8 B28700/36000 batch_loss=1.1399e-01
E8/8 B28800/36000 batch_loss=1.2066e-01
E8/8 B28900/36000 batch_loss=1.2543e-01
E8/8 B29000/36000 batch_loss=1.2324e-01
E8/8 B29100/36000 batch_loss=9.8543e-02
E8/8 B29200/36000 batch_loss=1.7749e-01
E8/8 B29300/36000 batch_loss=1.2629e-01
E8/8 B29400/36000 batch_loss=1.6719e-01
E8/8 B29500/36000 batch_loss=1.3406e-01
E8/8 B29600/36000 batch_loss=1.2081e-01
E8/8 B29700/36000 batch_loss=1.1756e-01
E8/8 B29800/36000 batch_loss=1.0144e-01
E8/8 B29900/36000 batch_loss=1.8284e-01
E8/8 B30000/36000 batch_loss=1.1481e-01
E8/8 B30100/36000 batch_loss=1.2575e-01
E8/8 B30200/36000 batch_loss=1.1320e-01
E8/8 B30300/36000 batch_loss=1.1554e-01
E8/8 B30400/36000 batch_loss=1.0475e-01
E8/8 B30500/36000 batch_loss=1.1347e-01
E8/8 B30600/36000 batch_loss=1.2223e-01
E8/8 B30700/36000 batch_loss=1.1365e-01
E8/8 B30800/36000 batch_loss=1.2235e-01
E8/8 B30900/36000 batch_loss=1.9216e-01
E8/8 B31000/36000 batch_loss=1.1283e-01
E8/8 B31100/36000 batch_loss=1.6888e-01
E8/8 B31200/36000 batch_loss=1.2044e-01
E8/8 B31300/36000 batch_loss=1.2091e-01
E8/8 B31400/36000 batch_loss=1.0082e-01
E8/8 B31500/36000 batch_loss=1.7094e-01
E8/8 B31600/36000 batch_loss=1.2538e-01
E8/8 B31700/36000 batch_loss=1.7065e-01
E8/8 B31800/36000 batch_loss=1.2022e-01
E8/8 B31900/36000 batch_loss=1.1300e-01
E8/8 B32000/36000 batch_loss=1.8122e-01
E8/8 B32100/36000 batch_loss=1.0801e-01
E8/8 B32200/36000 batch_loss=1.0723e-01
E8/8 B32300/36000 batch_loss=1.1893e-01
E8/8 B32400/36000 batch_loss=1.5982e-01
E8/8 B32500/36000 batch_loss=1.1938e-01
E8/8 B32600/36000 batch_loss=1.2056e-01
E8/8 B32700/36000 batch_loss=1.0862e-01
E8/8 B32800/36000 batch_loss=1.7672e-01
E8/8 B32900/36000 batch_loss=1.7765e-01
E8/8 B33000/36000 batch_loss=1.7322e-01
E8/8 B33100/36000 batch_loss=1.0441e-01
E8/8 B33200/36000 batch_loss=1.5857e-01
E8/8 B33300/36000 batch_loss=1.6685e-01
E8/8 B33400/36000 batch_loss=1.1463e-01
E8/8 B33500/36000 batch_loss=1.8363e-01
E8/8 B33600/36000 batch_loss=1.0027e-01
E8/8 B33700/36000 batch_loss=1.5786e-01
E8/8 B33800/36000 batch_loss=1.1817e-01
E8/8 B33900/36000 batch_loss=1.6924e-01
E8/8 B34000/36000 batch_loss=1.5961e-01
E8/8 B34100/36000 batch_loss=1.6729e-01
E8/8 B34200/36000 batch_loss=1.5013e-01
E8/8 B34300/36000 batch_loss=1.1464e-01
E8/8 B34400/36000 batch_loss=1.8355e-01
E8/8 B34500/36000 batch_loss=1.1140e-01
E8/8 B34600/36000 batch_loss=1.7693e-01
E8/8 B34700/36000 batch_loss=1.4491e-01
E8/8 B34800/36000 batch_loss=1.2225e-01
E8/8 B34900/36000 batch_loss=1.2967e-01
E8/8 B35000/36000 batch_loss=1.6320e-01
E8/8 B35100/36000 batch_loss=1.6140e-01
E8/8 B35200/36000 batch_loss=1.0281e-01
E8/8 B35300/36000 batch_loss=1.6516e-01
E8/8 B35400/36000 batch_loss=1.5453e-01
E8/8 B35500/36000 batch_loss=1.9653e-01
E8/8 B35600/36000 batch_loss=1.7044e-01
E8/8 B35700/36000 batch_loss=1.6863e-01
E8/8 B35800/36000 batch_loss=1.2399e-01
E8/8 B35900/36000 batch_loss=1.6800e-01
E8/8 B36000/36000 batch_loss=1.3415e-01
2026-07-19 04:20:20,311 | INFO | Saved 10 diagnostic panel(s) under D:\Research\NO-2D-Metamaterials\MODELS\training_runs\NO_I3O5_BCF16_NMSE_HC128_LR2e-03_WD0e+00_L1P1e-08_SS1_G9e-01_ch0u_260717\diagnostics\epoch_008
epoch=8/8 loss=nmse train_nmse=1.426523e-01 val_nmse=2.186823e-01 train_mae=2.567414e-03 val_mae=3.146431e-03 train_mse=3.790584e-05 val_mse=6.075995e-05 lr=8.609e-04 train_sps=1493.8
2026-07-19 04:20:22,249 | INFO | epoch=8/8 loss=nmse train_nmse=1.426523e-01 val_nmse=2.186823e-01 train_mae=2.567414e-03 val_mae=3.146431e-03 train_mse=3.790584e-05 val_mse=6.075995e-05 lr=8.609e-04 train_sps=1493.8
2026-07-19 04:20:22,249 | INFO | epoch=8/8 loss_ch_nmse train=2.090e-03 1.366e-01 1.413e-01 2.233e-01 2.100e-01 val=9.240e-03 2.196e-01 2.379e-01 3.154e-01 3.112e-01
2026-07-19 04:20:22,250 | INFO | epoch=8/8 mae_ch train=1.546e-03 2.638e-03 2.493e-03 3.199e-03 2.962e-03 val=2.461e-03 3.083e-03 3.115e-03 3.646e-03 3.428e-03 mse_ch train=8.748e-06 3.673e-05 3.372e-05 5.937e-05 5.096e-05 val=2.840e-05 5.921e-05 5.676e-05 8.425e-05 7.519e-05
Epoch 8/8 done | loss=nmse train=1.4265e-01 val=2.1868e-01 mae=3.1464e-03 mse=6.0760e-05 lr=8.61e-04
2026-07-19 04:20:22,690 | INFO | Run complete | run_name=NO_I3O5_BCF16_NMSE_HC128_LR2e-03_WD0e+00_L1P1e-08_SS1_G9e-01_ch0u_260717 run_id=NO_I3O5_BCF16_NMSE_HC128_LR2e-03_WD0e+00_L1P1e-08_SS1_G9e-01_ch0u_260717 best_val_loss=2.186823e-01
2026-07-19 04:20:22,690 | INFO | Artifacts saved to: D:\Research\NO-2D-Metamaterials\MODELS\training_runs\NO_I3O5_BCF16_NMSE_HC128_LR2e-03_WD0e+00_L1P1e-08_SS1_G9e-01_ch0u_260717
Run complete. run_name=NO_I3O5_BCF16_NMSE_HC128_LR2e-03_WD0e+00_L1P1e-08_SS1_G9e-01_ch0u_260717 run_id=NO_I3O5_BCF16_NMSE_HC128_LR2e-03_WD0e+00_L1P1e-08_SS1_G9e-01_ch0u_260717 best_val_loss=2.186823e-01
Artifacts saved to: D:\Research\NO-2D-Metamaterials\MODELS\training_runs\NO_I3O5_BCF16_NMSE_HC128_LR2e-03_WD0e+00_L1P1e-08_SS1_G9e-01_ch0u_260717
