2026-07-17 17:46:49,435 | INFO | Perf backends | tf32=True cudnn_benchmark=True matmul_precision=high amp=bf16
2026-07-17 17:47:01,232 | INFO | L1 weight penalty lambda=1.000000e-08 (added to training loss)
2026-07-17 17:47:01,234 | INFO | NMSE epsilon=1.000000e-05
2026-07-17 17:47:01,235 | INFO | Loss logging: active=nmse; every epoch records train/val nmse, MAE, and MSE
2026-07-17 17:47:01,761 | INFO | Run started | run_name=NO_I3O5_BCF16_NMSE_HC128_LR2e-03_WD0e+00_L1P1e-08_SS1_G9e-01_ch0u_260717 run_id=NO_I3O5_BCF16_NMSE_HC128_LR2e-03_WD0e+00_L1P1e-08_SS1_G9e-01_ch0u_260717 device=cuda train_samples=18720000 test_samples=3900000 val_index_source=indices_full epoch_range=1..4
2026-07-17 17:47:01,762 | INFO | Fault diagnostics | main_fault_log=D:\Research\NO-2D-Metamaterials\MODELS\training_runs\NO_I3O5_BCF16_NMSE_HC128_LR2e-03_WD0e+00_L1P1e-08_SS1_G9e-01_ch0u_260717\main_process_fault.log
E1/4 B100/36000 batch_loss=7.5726e-01
E1/4 B200/36000 batch_loss=7.4361e-01
E1/4 B300/36000 batch_loss=7.2389e-01
E1/4 B400/36000 batch_loss=6.9689e-01
E1/4 B500/36000 batch_loss=6.4487e-01
E1/4 B600/36000 batch_loss=5.9691e-01
E1/4 B700/36000 batch_loss=5.8786e-01
E1/4 B800/36000 batch_loss=5.4597e-01
E1/4 B900/36000 batch_loss=5.1749e-01
E1/4 B1000/36000 batch_loss=5.3231e-01
E1/4 B1100/36000 batch_loss=5.0022e-01
E1/4 B1200/36000 batch_loss=4.5752e-01
E1/4 B1300/36000 batch_loss=4.4824e-01
E1/4 B1400/36000 batch_loss=4.2561e-01
E1/4 B1500/36000 batch_loss=4.3420e-01
E1/4 B1600/36000 batch_loss=4.3001e-01
E1/4 B1700/36000 batch_loss=4.2073e-01
E1/4 B1800/36000 batch_loss=4.3880e-01
E1/4 B1900/36000 batch_loss=4.3124e-01
E1/4 B2000/36000 batch_loss=4.1700e-01
E1/4 B2100/36000 batch_loss=4.1947e-01
E1/4 B2200/36000 batch_loss=4.1011e-01
E1/4 B2300/36000 batch_loss=3.4953e-01
E1/4 B2400/36000 batch_loss=3.6337e-01
E1/4 B2500/36000 batch_loss=3.4216e-01
E1/4 B2600/36000 batch_loss=3.9916e-01
E1/4 B2700/36000 batch_loss=3.6956e-01
E1/4 B2800/36000 batch_loss=3.5508e-01
E1/4 B2900/36000 batch_loss=4.3882e-01
E1/4 B3000/36000 batch_loss=3.8348e-01
E1/4 B3100/36000 batch_loss=3.9396e-01
E1/4 B3200/36000 batch_loss=3.2201e-01
E1/4 B3300/36000 batch_loss=3.2144e-01
E1/4 B3400/36000 batch_loss=3.5686e-01
E1/4 B3500/36000 batch_loss=4.0232e-01
E1/4 B3600/36000 batch_loss=3.6729e-01
E1/4 B3700/36000 batch_loss=4.1580e-01
E1/4 B3800/36000 batch_loss=3.6824e-01
E1/4 B3900/36000 batch_loss=3.0180e-01
E1/4 B4000/36000 batch_loss=3.1380e-01
E1/4 B4100/36000 batch_loss=3.0806e-01
E1/4 B4200/36000 batch_loss=3.0368e-01
E1/4 B4300/36000 batch_loss=3.7795e-01
E1/4 B4400/36000 batch_loss=2.9224e-01
E1/4 B4500/36000 batch_loss=2.9136e-01
E1/4 B4600/36000 batch_loss=3.0090e-01
E1/4 B4700/36000 batch_loss=3.6088e-01
E1/4 B4800/36000 batch_loss=3.7491e-01
E1/4 B4900/36000 batch_loss=3.4526e-01
E1/4 B5000/36000 batch_loss=3.5024e-01
E1/4 B5100/36000 batch_loss=2.8579e-01
E1/4 B5200/36000 batch_loss=3.4557e-01
E1/4 B5300/36000 batch_loss=2.8042e-01
E1/4 B5400/36000 batch_loss=2.7208e-01
E1/4 B5500/36000 batch_loss=3.4339e-01
E1/4 B5600/36000 batch_loss=3.4426e-01
E1/4 B5700/36000 batch_loss=3.4616e-01
E1/4 B5800/36000 batch_loss=3.4209e-01
E1/4 B5900/36000 batch_loss=2.7784e-01
E1/4 B6000/36000 batch_loss=2.9091e-01
E1/4 B6100/36000 batch_loss=2.6216e-01
E1/4 B6200/36000 batch_loss=2.6061e-01
E1/4 B6300/36000 batch_loss=3.4001e-01
E1/4 B6400/36000 batch_loss=2.5542e-01
E1/4 B6500/36000 batch_loss=2.7666e-01
E1/4 B6600/36000 batch_loss=2.7784e-01
E1/4 B6700/36000 batch_loss=2.6770e-01
E1/4 B6800/36000 batch_loss=2.6446e-01
E1/4 B6900/36000 batch_loss=3.1176e-01
E1/4 B7000/36000 batch_loss=2.7581e-01
E1/4 B7100/36000 batch_loss=3.1618e-01
E1/4 B7200/36000 batch_loss=3.2465e-01
E1/4 B7300/36000 batch_loss=2.6699e-01
E1/4 B7400/36000 batch_loss=3.3714e-01
E1/4 B7500/36000 batch_loss=3.1841e-01
E1/4 B7600/36000 batch_loss=2.6808e-01
E1/4 B7700/36000 batch_loss=3.2258e-01
E1/4 B7800/36000 batch_loss=3.1028e-01
E1/4 B7900/36000 batch_loss=2.4276e-01
E1/4 B8000/36000 batch_loss=2.4298e-01
E1/4 B8100/36000 batch_loss=2.5142e-01
E1/4 B8200/36000 batch_loss=3.3723e-01
E1/4 B8300/36000 batch_loss=2.7498e-01
E1/4 B8400/36000 batch_loss=2.3532e-01
E1/4 B8500/36000 batch_loss=2.3580e-01
E1/4 B8600/36000 batch_loss=3.1254e-01
E1/4 B8700/36000 batch_loss=2.9147e-01
E1/4 B8800/36000 batch_loss=2.7917e-01
E1/4 B8900/36000 batch_loss=2.3201e-01
E1/4 B9000/36000 batch_loss=3.1006e-01
E1/4 B9100/36000 batch_loss=3.1447e-01
E1/4 B9200/36000 batch_loss=3.0557e-01
E1/4 B9300/36000 batch_loss=2.9695e-01
E1/4 B9400/36000 batch_loss=3.2827e-01
E1/4 B9500/36000 batch_loss=2.1548e-01
E1/4 B9600/36000 batch_loss=3.6758e-01
E1/4 B9700/36000 batch_loss=2.3686e-01
E1/4 B9800/36000 batch_loss=2.9825e-01
E1/4 B9900/36000 batch_loss=2.9319e-01
E1/4 B10000/36000 batch_loss=3.2342e-01
E1/4 B10100/36000 batch_loss=2.5164e-01
E1/4 B10200/36000 batch_loss=3.1889e-01
E1/4 B10300/36000 batch_loss=2.9542e-01
E1/4 B10400/36000 batch_loss=2.6674e-01
E1/4 B10500/36000 batch_loss=3.0243e-01
E1/4 B10600/36000 batch_loss=2.3060e-01
E1/4 B10700/36000 batch_loss=3.1827e-01
E1/4 B10800/36000 batch_loss=3.4212e-01
E1/4 B10900/36000 batch_loss=3.1497e-01
E1/4 B11000/36000 batch_loss=2.3290e-01
E1/4 B11100/36000 batch_loss=2.2809e-01
E1/4 B11200/36000 batch_loss=2.3077e-01
E1/4 B11300/36000 batch_loss=2.5593e-01
E1/4 B11400/36000 batch_loss=2.9722e-01
E1/4 B11500/36000 batch_loss=2.3829e-01
E1/4 B11600/36000 batch_loss=2.1796e-01
E1/4 B11700/36000 batch_loss=2.2915e-01
E1/4 B11800/36000 batch_loss=3.1512e-01
E1/4 B11900/36000 batch_loss=3.0432e-01
E1/4 B12000/36000 batch_loss=2.4908e-01
E1/4 B12100/36000 batch_loss=2.2435e-01
E1/4 B12200/36000 batch_loss=2.0948e-01
E1/4 B12300/36000 batch_loss=2.9028e-01
E1/4 B12400/36000 batch_loss=3.2727e-01
E1/4 B12500/36000 batch_loss=2.9256e-01
E1/4 B12600/36000 batch_loss=2.9871e-01
E1/4 B12700/36000 batch_loss=2.1855e-01
E1/4 B12800/36000 batch_loss=1.9122e-01
E1/4 B12900/36000 batch_loss=2.7248e-01
E1/4 B13000/36000 batch_loss=2.4278e-01
E1/4 B13100/36000 batch_loss=2.7927e-01
E1/4 B13200/36000 batch_loss=2.4069e-01
E1/4 B13300/36000 batch_loss=2.6964e-01
E1/4 B13400/36000 batch_loss=2.0883e-01
E1/4 B13500/36000 batch_loss=2.3221e-01
E1/4 B13600/36000 batch_loss=2.9091e-01
E1/4 B13700/36000 batch_loss=2.9712e-01
E1/4 B13800/36000 batch_loss=2.8917e-01
E1/4 B13900/36000 batch_loss=2.9572e-01
E1/4 B14000/36000 batch_loss=1.9822e-01
E1/4 B14100/36000 batch_loss=2.0903e-01
E1/4 B14200/36000 batch_loss=2.2910e-01
E1/4 B14300/36000 batch_loss=2.1506e-01
E1/4 B14400/36000 batch_loss=1.8424e-01
E1/4 B14500/36000 batch_loss=2.7636e-01
E1/4 B14600/36000 batch_loss=2.9763e-01
E1/4 B14700/36000 batch_loss=2.2763e-01
E1/4 B14800/36000 batch_loss=2.2200e-01
E1/4 B14900/36000 batch_loss=2.0361e-01
E1/4 B15000/36000 batch_loss=2.2499e-01
E1/4 B15100/36000 batch_loss=1.8215e-01
E1/4 B15200/36000 batch_loss=2.7126e-01
E1/4 B15300/36000 batch_loss=2.0804e-01
E1/4 B15400/36000 batch_loss=2.9720e-01
E1/4 B15500/36000 batch_loss=2.9971e-01
E1/4 B15600/36000 batch_loss=3.0047e-01
E1/4 B15700/36000 batch_loss=2.8477e-01
E1/4 B15800/36000 batch_loss=3.0513e-01
E1/4 B15900/36000 batch_loss=2.7175e-01
E1/4 B16000/36000 batch_loss=1.9389e-01
E1/4 B16100/36000 batch_loss=1.9616e-01
E1/4 B16200/36000 batch_loss=2.7372e-01
E1/4 B16300/36000 batch_loss=2.0226e-01
E1/4 B16400/36000 batch_loss=3.0340e-01
E1/4 B16500/36000 batch_loss=2.6373e-01
E1/4 B16600/36000 batch_loss=2.9893e-01
E1/4 B16700/36000 batch_loss=3.2041e-01
E1/4 B16800/36000 batch_loss=2.7356e-01
E1/4 B16900/36000 batch_loss=2.0986e-01
E1/4 B17000/36000 batch_loss=3.0595e-01
E1/4 B17100/36000 batch_loss=2.1350e-01
E1/4 B17200/36000 batch_loss=2.7368e-01
E1/4 B17300/36000 batch_loss=2.8369e-01
E1/4 B17400/36000 batch_loss=2.7560e-01
E1/4 B17500/36000 batch_loss=2.9800e-01
E1/4 B17600/36000 batch_loss=2.1792e-01
E1/4 B17700/36000 batch_loss=2.0744e-01
E1/4 B17800/36000 batch_loss=3.0174e-01
E1/4 B17900/36000 batch_loss=2.1517e-01
E1/4 B18000/36000 batch_loss=1.9664e-01
E1/4 B18100/36000 batch_loss=2.0391e-01
E1/4 B18200/36000 batch_loss=2.9168e-01
E1/4 B18300/36000 batch_loss=2.8665e-01
E1/4 B18400/36000 batch_loss=1.9546e-01
E1/4 B18500/36000 batch_loss=2.0815e-01
E1/4 B18600/36000 batch_loss=2.9264e-01
E1/4 B18700/36000 batch_loss=1.8481e-01
E1/4 B18800/36000 batch_loss=2.5894e-01
E1/4 B18900/36000 batch_loss=1.7682e-01
E1/4 B19000/36000 batch_loss=2.8636e-01
E1/4 B19100/36000 batch_loss=1.5968e-01
E1/4 B19200/36000 batch_loss=2.0150e-01
E1/4 B19300/36000 batch_loss=2.0019e-01
E1/4 B19400/36000 batch_loss=2.6316e-01
E1/4 B19500/36000 batch_loss=2.7091e-01
E1/4 B19600/36000 batch_loss=1.9403e-01
E1/4 B19700/36000 batch_loss=3.1196e-01
E1/4 B19800/36000 batch_loss=1.7656e-01
E1/4 B19900/36000 batch_loss=2.9529e-01
E1/4 B20000/36000 batch_loss=2.8278e-01
E1/4 B20100/36000 batch_loss=2.9052e-01
E1/4 B20200/36000 batch_loss=1.9996e-01
E1/4 B20300/36000 batch_loss=2.5801e-01
E1/4 B20400/36000 batch_loss=2.7423e-01
E1/4 B20500/36000 batch_loss=2.7227e-01
E1/4 B20600/36000 batch_loss=2.6730e-01
E1/4 B20700/36000 batch_loss=2.7384e-01
E1/4 B20800/36000 batch_loss=2.0312e-01
E1/4 B20900/36000 batch_loss=2.7430e-01
E1/4 B21000/36000 batch_loss=1.9627e-01
E1/4 B21100/36000 batch_loss=2.8818e-01
E1/4 B21200/36000 batch_loss=2.5019e-01
E1/4 B21300/36000 batch_loss=2.8367e-01
E1/4 B21400/36000 batch_loss=2.1625e-01
E1/4 B21500/36000 batch_loss=2.4306e-01
E1/4 B21600/36000 batch_loss=2.2411e-01
E1/4 B21700/36000 batch_loss=1.8523e-01
E1/4 B21800/36000 batch_loss=2.8795e-01
E1/4 B21900/36000 batch_loss=2.9501e-01
E1/4 B22000/36000 batch_loss=2.4871e-01
E1/4 B22100/36000 batch_loss=1.9585e-01
E1/4 B22200/36000 batch_loss=2.8851e-01
E1/4 B22300/36000 batch_loss=2.9382e-01
E1/4 B22400/36000 batch_loss=2.8211e-01
E1/4 B22500/36000 batch_loss=1.8321e-01
E1/4 B22600/36000 batch_loss=3.0670e-01
E1/4 B22700/36000 batch_loss=2.5302e-01
E1/4 B22800/36000 batch_loss=2.5325e-01
E1/4 B22900/36000 batch_loss=2.0067e-01
E1/4 B23000/36000 batch_loss=2.5884e-01
E1/4 B23100/36000 batch_loss=2.7335e-01
E1/4 B23200/36000 batch_loss=1.3910e-01
E1/4 B23300/36000 batch_loss=1.9020e-01
E1/4 B23400/36000 batch_loss=2.0379e-01
E1/4 B23500/36000 batch_loss=1.7610e-01
E1/4 B23600/36000 batch_loss=1.9909e-01
E1/4 B23700/36000 batch_loss=1.8942e-01
E1/4 B23800/36000 batch_loss=1.8503e-01
E1/4 B23900/36000 batch_loss=2.6932e-01
E1/4 B24000/36000 batch_loss=2.8986e-01
E1/4 B24100/36000 batch_loss=2.5095e-01
E1/4 B24200/36000 batch_loss=1.7303e-01
E1/4 B24300/36000 batch_loss=1.7300e-01
E1/4 B24400/36000 batch_loss=1.7025e-01
E1/4 B24500/36000 batch_loss=1.8744e-01
E1/4 B24600/36000 batch_loss=2.0514e+00
E1/4 B24700/36000 batch_loss=7.7812e-01
E1/4 B24800/36000 batch_loss=7.7036e-01
E1/4 B24900/36000 batch_loss=7.7180e-01
E1/4 B25000/36000 batch_loss=7.7248e-01
E1/4 B25100/36000 batch_loss=7.6463e-01
E1/4 B25200/36000 batch_loss=7.7422e-01
E1/4 B25300/36000 batch_loss=7.6735e-01
E1/4 B25400/36000 batch_loss=7.8375e-01
E1/4 B25500/36000 batch_loss=7.6757e-01
E1/4 B25600/36000 batch_loss=7.6067e-01
E1/4 B25700/36000 batch_loss=7.6883e-01
E1/4 B25800/36000 batch_loss=7.6266e-01
E1/4 B25900/36000 batch_loss=7.6542e-01
E1/4 B26000/36000 batch_loss=7.6122e-01
E1/4 B26100/36000 batch_loss=7.4973e-01
E1/4 B26200/36000 batch_loss=7.6338e-01
E1/4 B26300/36000 batch_loss=7.3965e-01
E1/4 B26400/36000 batch_loss=7.5238e-01
E1/4 B26500/36000 batch_loss=7.2912e-01
E1/4 B26600/36000 batch_loss=7.3188e-01
E1/4 B26700/36000 batch_loss=7.3221e-01
E1/4 B26800/36000 batch_loss=7.3393e-01
E1/4 B26900/36000 batch_loss=7.1642e-01
E1/4 B27000/36000 batch_loss=7.3195e-01
E1/4 B27100/36000 batch_loss=7.1878e-01
E1/4 B27200/36000 batch_loss=7.5055e-01
E1/4 B27300/36000 batch_loss=7.1378e-01
E1/4 B27400/36000 batch_loss=7.2096e-01
E1/4 B27500/36000 batch_loss=7.5190e-01
E1/4 B27600/36000 batch_loss=7.2198e-01
E1/4 B27700/36000 batch_loss=6.9785e-01
E1/4 B27800/36000 batch_loss=7.1080e-01
E1/4 B27900/36000 batch_loss=7.0992e-01
E1/4 B28000/36000 batch_loss=6.7023e-01
E1/4 B28100/36000 batch_loss=6.6833e-01
E1/4 B28200/36000 batch_loss=7.0448e-01
E1/4 B28300/36000 batch_loss=6.7848e-01
E1/4 B28400/36000 batch_loss=6.5629e-01
E1/4 B28500/36000 batch_loss=6.4150e-01
E1/4 B28600/36000 batch_loss=6.3716e-01
E1/4 B28700/36000 batch_loss=6.7800e-01
E1/4 B28800/36000 batch_loss=6.7270e-01
E1/4 B28900/36000 batch_loss=6.0794e-01
E1/4 B29000/36000 batch_loss=5.8625e-01
E1/4 B29100/36000 batch_loss=6.0387e-01
E1/4 B29200/36000 batch_loss=6.0636e-01
E1/4 B29300/36000 batch_loss=5.9281e-01
E1/4 B29400/36000 batch_loss=5.6957e-01
E1/4 B29500/36000 batch_loss=5.2785e-01
E1/4 B29600/36000 batch_loss=5.3905e-01
E1/4 B29700/36000 batch_loss=5.6242e-01
E1/4 B29800/36000 batch_loss=5.7099e-01
E1/4 B29900/36000 batch_loss=5.9033e-01
E1/4 B30000/36000 batch_loss=5.7928e-01
E1/4 B30100/36000 batch_loss=5.3617e-01
E1/4 B30200/36000 batch_loss=5.8470e-01
E1/4 B30300/36000 batch_loss=4.9973e-01
E1/4 B30400/36000 batch_loss=4.7135e-01
E1/4 B30500/36000 batch_loss=5.6974e-01
E1/4 B30600/36000 batch_loss=4.6478e-01
E1/4 B30700/36000 batch_loss=5.3317e-01
E1/4 B30800/36000 batch_loss=5.5024e-01
E1/4 B30900/36000 batch_loss=5.5161e-01
E1/4 B31000/36000 batch_loss=4.6189e-01
E1/4 B31100/36000 batch_loss=5.1469e-01
E1/4 B31200/36000 batch_loss=4.6956e-01
E1/4 B31300/36000 batch_loss=5.3257e-01
E1/4 B31400/36000 batch_loss=5.0271e-01
E1/4 B31500/36000 batch_loss=5.3075e-01
E1/4 B31600/36000 batch_loss=4.3556e-01
E1/4 B31700/36000 batch_loss=4.9385e-01
E1/4 B31800/36000 batch_loss=4.8999e-01
E1/4 B31900/36000 batch_loss=4.9476e-01
E1/4 B32000/36000 batch_loss=4.2247e-01
E1/4 B32100/36000 batch_loss=4.2606e-01
E1/4 B32200/36000 batch_loss=4.3450e-01
E1/4 B32300/36000 batch_loss=4.1703e-01
E1/4 B32400/36000 batch_loss=4.6561e-01
E1/4 B32500/36000 batch_loss=4.8271e-01
E1/4 B32600/36000 batch_loss=4.7114e-01
E1/4 B32700/36000 batch_loss=4.3212e-01
E1/4 B32800/36000 batch_loss=3.9360e-01
E1/4 B32900/36000 batch_loss=3.9509e-01
E1/4 B33000/36000 batch_loss=3.8391e-01
E1/4 B33100/36000 batch_loss=4.6081e-01
E1/4 B33200/36000 batch_loss=4.4421e-01
E1/4 B33300/36000 batch_loss=4.1637e-01
E1/4 B33400/36000 batch_loss=4.3589e-01
E1/4 B33500/36000 batch_loss=4.0192e-01
E1/4 B33600/36000 batch_loss=4.2342e-01
E1/4 B33700/36000 batch_loss=3.8763e-01
E1/4 B33800/36000 batch_loss=4.0502e-01
E1/4 B33900/36000 batch_loss=3.6255e-01
E1/4 B34000/36000 batch_loss=3.5922e-01
E1/4 B34100/36000 batch_loss=3.5712e-01
E1/4 B34200/36000 batch_loss=3.8046e-01
E1/4 B34300/36000 batch_loss=3.5120e-01
E1/4 B34400/36000 batch_loss=3.6994e-01
E1/4 B34500/36000 batch_loss=3.6283e-01
E1/4 B34600/36000 batch_loss=3.7598e-01
E1/4 B34700/36000 batch_loss=3.6775e-01
E1/4 B34800/36000 batch_loss=3.4739e-01
E1/4 B34900/36000 batch_loss=4.2827e-01
E1/4 B35000/36000 batch_loss=4.1408e-01
E1/4 B35100/36000 batch_loss=4.2377e-01
E1/4 B35200/36000 batch_loss=4.0931e-01
E1/4 B35300/36000 batch_loss=4.2615e-01
E1/4 B35400/36000 batch_loss=4.2459e-01
E1/4 B35500/36000 batch_loss=3.3889e-01
E1/4 B35600/36000 batch_loss=3.2687e-01
E1/4 B35700/36000 batch_loss=3.9461e-01
E1/4 B35800/36000 batch_loss=3.2693e-01
E1/4 B35900/36000 batch_loss=4.0447e-01
E1/4 B36000/36000 batch_loss=3.3193e-01
2026-07-17 21:24:28,190 | INFO | Saved 10 diagnostic panel(s) under D:\Research\NO-2D-Metamaterials\MODELS\training_runs\NO_I3O5_BCF16_NMSE_HC128_LR2e-03_WD0e+00_L1P1e-08_SS1_G9e-01_ch0u_260717\diagnostics\epoch_001
epoch=1/4 loss=nmse train_nmse=4.243441e-01 val_nmse=3.759092e-01 train_mae=5.484383e-03 val_mae=6.294043e-03 train_mse=1.217328e-04 val_mse=1.214268e-04 lr=1.800e-03 train_sps=1524.2
2026-07-17 21:24:30,371 | INFO | epoch=1/4 loss=nmse train_nmse=4.243441e-01 val_nmse=3.759092e-01 train_mae=5.484383e-03 val_mae=6.294043e-03 train_mse=1.217328e-04 val_mse=1.214268e-04 lr=1.800e-03 train_sps=1524.2
2026-07-17 21:24:30,372 | INFO | epoch=1/4 loss_ch_nmse train=1.735e-02 4.376e-01 4.876e-01 6.451e-01 5.341e-01 val=4.444e-02 3.989e-01 4.348e-01 5.037e-01 4.976e-01
2026-07-17 21:24:30,373 | INFO | epoch=1/4 mae_ch train=4.995e-03 5.415e-03 5.243e-03 6.070e-03 5.699e-03 val=8.829e-03 5.515e-03 5.292e-03 6.090e-03 5.744e-03 mse_ch train=7.423e-05 1.179e-04 1.163e-04 1.709e-04 1.294e-04 val=1.409e-04 1.076e-04 1.037e-04 1.345e-04 1.205e-04
Epoch 1/4 done | loss=nmse train=4.2434e-01 val=3.7591e-01 mae=6.2940e-03 mse=1.2143e-04 lr=1.80e-03
E2/4 B100/36000 batch_loss=3.3620e-01
E2/4 B200/36000 batch_loss=4.2435e-01
E2/4 B300/36000 batch_loss=3.1975e-01
E2/4 B400/36000 batch_loss=3.8998e-01
E2/4 B500/36000 batch_loss=3.3377e-01
E2/4 B600/36000 batch_loss=3.2922e-01
E2/4 B700/36000 batch_loss=3.1078e-01
E2/4 B800/36000 batch_loss=3.4077e-01
E2/4 B900/36000 batch_loss=3.9562e-01
E2/4 B1000/36000 batch_loss=3.1105e-01
E2/4 B1100/36000 batch_loss=2.7948e-01
E2/4 B1200/36000 batch_loss=3.2925e-01
E2/4 B1300/36000 batch_loss=3.7118e-01
E2/4 B1400/36000 batch_loss=3.0679e-01
E2/4 B1500/36000 batch_loss=3.8557e-01
E2/4 B1600/36000 batch_loss=4.0733e-01
E2/4 B1700/36000 batch_loss=2.8388e-01
E2/4 B1800/36000 batch_loss=2.8852e-01
E2/4 B1900/36000 batch_loss=3.0893e-01
E2/4 B2000/36000 batch_loss=3.7184e-01
E2/4 B2100/36000 batch_loss=3.9354e-01
E2/4 B2200/36000 batch_loss=3.6148e-01
E2/4 B2300/36000 batch_loss=3.8623e-01
E2/4 B2400/36000 batch_loss=3.8013e-01
E2/4 B2500/36000 batch_loss=2.8957e-01
E2/4 B2600/36000 batch_loss=3.7688e-01
E2/4 B2700/36000 batch_loss=3.0264e-01
E2/4 B2800/36000 batch_loss=2.6603e-01
E2/4 B2900/36000 batch_loss=3.0104e-01
E2/4 B3000/36000 batch_loss=3.3797e-01
E2/4 B3100/36000 batch_loss=3.8224e-01
E2/4 B3200/36000 batch_loss=2.7430e-01
E2/4 B3300/36000 batch_loss=3.1311e-01
E2/4 B3400/36000 batch_loss=3.5526e-01
E2/4 B3500/36000 batch_loss=2.8903e-01
E2/4 B3600/36000 batch_loss=3.1690e-01
E2/4 B3700/36000 batch_loss=3.4326e-01
E2/4 B3800/36000 batch_loss=3.3479e-01
E2/4 B3900/36000 batch_loss=3.8937e-01
E2/4 B4000/36000 batch_loss=2.9068e-01
E2/4 B4100/36000 batch_loss=2.6698e-01
E2/4 B4200/36000 batch_loss=2.6574e-01
E2/4 B4300/36000 batch_loss=2.8804e-01
E2/4 B4400/36000 batch_loss=3.5722e-01
E2/4 B4500/36000 batch_loss=2.8307e-01
E2/4 B4600/36000 batch_loss=3.4132e-01
E2/4 B4700/36000 batch_loss=3.4702e-01
E2/4 B4800/36000 batch_loss=3.3990e-01
E2/4 B4900/36000 batch_loss=2.9336e-01
E2/4 B5000/36000 batch_loss=3.3752e-01
E2/4 B5100/36000 batch_loss=3.3137e-01
E2/4 B5200/36000 batch_loss=3.6138e-01
E2/4 B5300/36000 batch_loss=3.2665e-01
E2/4 B5400/36000 batch_loss=2.8189e-01
E2/4 B5500/36000 batch_loss=3.6212e-01
E2/4 B5600/36000 batch_loss=2.6779e-01
E2/4 B5700/36000 batch_loss=3.5545e-01
E2/4 B5800/36000 batch_loss=2.7454e-01
E2/4 B5900/36000 batch_loss=2.9961e-01
E2/4 B6000/36000 batch_loss=3.4828e-01
E2/4 B6100/36000 batch_loss=3.5537e-01
E2/4 B6200/36000 batch_loss=3.7048e-01
E2/4 B6300/36000 batch_loss=3.5153e-01
E2/4 B6400/36000 batch_loss=2.5814e-01
E2/4 B6500/36000 batch_loss=3.5609e-01
E2/4 B6600/36000 batch_loss=3.4061e-01
E2/4 B6700/36000 batch_loss=2.6225e-01
E2/4 B6800/36000 batch_loss=2.5417e-01
E2/4 B6900/36000 batch_loss=2.2389e-01
E2/4 B7000/36000 batch_loss=2.3831e-01
E2/4 B7100/36000 batch_loss=2.7202e-01
E2/4 B7200/36000 batch_loss=2.4744e-01
E2/4 B7300/36000 batch_loss=3.3781e-01
E2/4 B7400/36000 batch_loss=2.5531e-01
E2/4 B7500/36000 batch_loss=2.5072e-01
E2/4 B7600/36000 batch_loss=2.3753e-01
E2/4 B7700/36000 batch_loss=3.5006e-01
E2/4 B7800/36000 batch_loss=3.5486e-01
E2/4 B7900/36000 batch_loss=3.2907e-01
E2/4 B8000/36000 batch_loss=2.2076e-01
E2/4 B8100/36000 batch_loss=2.9665e-01
E2/4 B8200/36000 batch_loss=3.0935e-01
E2/4 B8300/36000 batch_loss=2.4335e-01
E2/4 B8400/36000 batch_loss=2.7091e-01
E2/4 B8500/36000 batch_loss=2.3881e-01
E2/4 B8600/36000 batch_loss=2.4689e-01
E2/4 B8700/36000 batch_loss=2.7037e-01
E2/4 B8800/36000 batch_loss=3.3591e-01
E2/4 B8900/36000 batch_loss=2.4686e-01
E2/4 B9000/36000 batch_loss=2.3631e-01
E2/4 B9100/36000 batch_loss=2.4719e-01
E2/4 B9200/36000 batch_loss=3.2776e-01
E2/4 B9300/36000 batch_loss=2.2629e-01
E2/4 B9400/36000 batch_loss=2.8579e-01
E2/4 B9500/36000 batch_loss=2.1687e-01
E2/4 B9600/36000 batch_loss=3.2098e-01
E2/4 B9700/36000 batch_loss=3.1585e-01
E2/4 B9800/36000 batch_loss=3.0828e-01
E2/4 B9900/36000 batch_loss=2.1980e-01
E2/4 B10000/36000 batch_loss=2.4253e-01
E2/4 B10100/36000 batch_loss=3.6770e-01
E2/4 B10200/36000 batch_loss=2.5581e-01
E2/4 B10300/36000 batch_loss=2.1217e-01
E2/4 B10400/36000 batch_loss=2.3739e-01
E2/4 B10500/36000 batch_loss=2.3728e-01
E2/4 B10600/36000 batch_loss=3.1914e-01
E2/4 B10700/36000 batch_loss=3.1895e-01
E2/4 B10800/36000 batch_loss=3.2512e-01
E2/4 B10900/36000 batch_loss=3.2218e-01
E2/4 B11000/36000 batch_loss=3.3980e-01
E2/4 B11100/36000 batch_loss=3.0952e-01
E2/4 B11200/36000 batch_loss=3.3337e-01
E2/4 B11300/36000 batch_loss=3.3460e-01
E2/4 B11400/36000 batch_loss=2.5477e-01
E2/4 B11500/36000 batch_loss=2.1063e-01
E2/4 B11600/36000 batch_loss=2.2792e-01
E2/4 B11700/36000 batch_loss=2.3324e-01
E2/4 B11800/36000 batch_loss=2.3201e-01
E2/4 B11900/36000 batch_loss=2.4447e-01
E2/4 B12000/36000 batch_loss=3.0973e-01
E2/4 B12100/36000 batch_loss=3.1730e-01
E2/4 B12200/36000 batch_loss=1.9343e-01
E2/4 B12300/36000 batch_loss=2.0775e-01
E2/4 B12400/36000 batch_loss=2.4672e-01
E2/4 B12500/36000 batch_loss=2.2874e-01
E2/4 B12600/36000 batch_loss=2.1728e-01
E2/4 B12700/36000 batch_loss=3.3365e-01
E2/4 B12800/36000 batch_loss=2.3501e-01
E2/4 B12900/36000 batch_loss=3.3340e-01
E2/4 B13000/36000 batch_loss=3.4719e-01
E2/4 B13100/36000 batch_loss=2.9279e-01
E2/4 B13200/36000 batch_loss=2.1057e-01
E2/4 B13300/36000 batch_loss=2.2460e-01
E2/4 B13400/36000 batch_loss=2.0623e-01
E2/4 B13500/36000 batch_loss=3.1066e-01
E2/4 B13600/36000 batch_loss=1.9668e-01
E2/4 B13700/36000 batch_loss=2.3916e-01
E2/4 B13800/36000 batch_loss=2.2844e-01
E2/4 B13900/36000 batch_loss=3.2591e-01
E2/4 B14000/36000 batch_loss=2.8420e-01
E2/4 B14100/36000 batch_loss=3.1668e-01
E2/4 B14200/36000 batch_loss=3.0636e-01
E2/4 B14300/36000 batch_loss=2.2329e-01
E2/4 B14400/36000 batch_loss=2.0219e-01
E2/4 B14500/36000 batch_loss=2.2600e-01
E2/4 B14600/36000 batch_loss=3.1144e-01
E2/4 B14700/36000 batch_loss=3.1765e-01
E2/4 B14800/36000 batch_loss=2.9900e-01
E2/4 B14900/36000 batch_loss=3.1755e-01
E2/4 B15000/36000 batch_loss=2.9160e-01
E2/4 B15100/36000 batch_loss=2.0556e-01
E2/4 B15200/36000 batch_loss=2.1898e-01
E2/4 B15300/36000 batch_loss=2.1994e-01
E2/4 B15400/36000 batch_loss=3.4759e-01
E2/4 B15500/36000 batch_loss=1.9965e-01
E2/4 B15600/36000 batch_loss=2.1716e-01
E2/4 B15700/36000 batch_loss=2.2919e-01
E2/4 B15800/36000 batch_loss=2.3301e-01
E2/4 B15900/36000 batch_loss=2.0733e-01
E2/4 B16000/36000 batch_loss=2.1615e-01
E2/4 B16100/36000 batch_loss=3.0107e-01
E2/4 B16200/36000 batch_loss=2.8054e-01
E2/4 B16300/36000 batch_loss=2.7695e-01
E2/4 B16400/36000 batch_loss=3.1750e-01
E2/4 B16500/36000 batch_loss=2.9694e-01
E2/4 B16600/36000 batch_loss=3.3689e-01
E2/4 B16700/36000 batch_loss=2.7828e-01
E2/4 B16800/36000 batch_loss=1.9571e-01
E2/4 B16900/36000 batch_loss=2.0402e-01
E2/4 B17000/36000 batch_loss=2.0978e-01
E2/4 B17100/36000 batch_loss=3.1103e-01
E2/4 B17200/36000 batch_loss=2.0780e-01
E2/4 B17300/36000 batch_loss=1.7282e-01
E2/4 B17400/36000 batch_loss=2.0257e-01
E2/4 B17500/36000 batch_loss=2.9683e-01
E2/4 B17600/36000 batch_loss=2.8268e-01
E2/4 B17700/36000 batch_loss=2.8670e-01
E2/4 B17800/36000 batch_loss=2.8862e-01
E2/4 B17900/36000 batch_loss=3.1880e-01
E2/4 B18000/36000 batch_loss=3.1475e-01
E2/4 B18100/36000 batch_loss=3.0297e-01
E2/4 B18200/36000 batch_loss=3.0715e-01
E2/4 B18300/36000 batch_loss=3.2316e-01
E2/4 B18400/36000 batch_loss=1.9464e-01
E2/4 B18500/36000 batch_loss=2.7559e-01
E2/4 B18600/36000 batch_loss=1.8426e-01
E2/4 B18700/36000 batch_loss=3.2064e-01
E2/4 B18800/36000 batch_loss=1.7281e-01
E2/4 B18900/36000 batch_loss=3.1044e-01
E2/4 B19000/36000 batch_loss=2.8177e-01
E2/4 B19100/36000 batch_loss=2.8727e-01
E2/4 B19200/36000 batch_loss=3.0016e-01
E2/4 B19300/36000 batch_loss=2.9402e-01
E2/4 B19400/36000 batch_loss=2.6547e-01
E2/4 B19500/36000 batch_loss=3.0776e-01
E2/4 B19600/36000 batch_loss=2.1675e-01
E2/4 B19700/36000 batch_loss=3.2851e-01
E2/4 B19800/36000 batch_loss=2.9474e-01
E2/4 B19900/36000 batch_loss=2.0637e-01
E2/4 B20000/36000 batch_loss=2.8926e-01
E2/4 B20100/36000 batch_loss=2.9830e-01
E2/4 B20200/36000 batch_loss=2.0140e-01
E2/4 B20300/36000 batch_loss=1.8183e-01
E2/4 B20400/36000 batch_loss=2.0541e-01
E2/4 B20500/36000 batch_loss=1.8323e-01
E2/4 B20600/36000 batch_loss=2.9361e-01
E2/4 B20700/36000 batch_loss=2.8280e-01
E2/4 B20800/36000 batch_loss=3.1293e-01
E2/4 B20900/36000 batch_loss=2.7206e-01
E2/4 B21000/36000 batch_loss=2.7918e-01
E2/4 B21100/36000 batch_loss=2.0506e-01
E2/4 B21200/36000 batch_loss=2.6381e-01
E2/4 B21300/36000 batch_loss=2.5314e-01
E2/4 B21400/36000 batch_loss=2.2552e-01
E2/4 B21500/36000 batch_loss=1.7778e-01
E2/4 B21600/36000 batch_loss=2.6456e-01
E2/4 B21700/36000 batch_loss=1.8834e-01
E2/4 B21800/36000 batch_loss=2.8860e-01
E2/4 B21900/36000 batch_loss=2.8541e-01
E2/4 B22000/36000 batch_loss=2.9254e-01
E2/4 B22100/36000 batch_loss=1.8904e-01
E2/4 B22200/36000 batch_loss=1.9108e-01
E2/4 B22300/36000 batch_loss=3.2140e-01
E2/4 B22400/36000 batch_loss=1.9758e-01
E2/4 B22500/36000 batch_loss=1.8769e-01
E2/4 B22600/36000 batch_loss=1.6602e-01
E2/4 B22700/36000 batch_loss=1.9345e-01
E2/4 B22800/36000 batch_loss=1.9735e-01
E2/4 B22900/36000 batch_loss=2.9195e-01
E2/4 B23000/36000 batch_loss=2.7453e-01
E2/4 B23100/36000 batch_loss=1.9213e-01
E2/4 B23200/36000 batch_loss=3.1612e-01
E2/4 B23300/36000 batch_loss=1.9257e-01
E2/4 B23400/36000 batch_loss=2.8160e-01
E2/4 B23500/36000 batch_loss=2.8874e-01
E2/4 B23600/36000 batch_loss=3.1366e-01
E2/4 B23700/36000 batch_loss=1.9708e-01
E2/4 B23800/36000 batch_loss=2.0975e-01
E2/4 B23900/36000 batch_loss=1.8909e-01
E2/4 B24000/36000 batch_loss=1.9410e-01
E2/4 B24100/36000 batch_loss=2.8871e-01
E2/4 B24200/36000 batch_loss=1.8004e-01
E2/4 B24300/36000 batch_loss=3.0915e-01
E2/4 B24400/36000 batch_loss=2.6417e-01
E2/4 B24500/36000 batch_loss=1.9570e-01
E2/4 B24600/36000 batch_loss=2.9169e-01
E2/4 B24700/36000 batch_loss=2.8458e-01
E2/4 B24800/36000 batch_loss=1.7876e-01
E2/4 B24900/36000 batch_loss=2.9700e-01
E2/4 B25000/36000 batch_loss=1.8839e-01
E2/4 B25100/36000 batch_loss=2.0382e-01
E2/4 B25200/36000 batch_loss=1.8983e-01
E2/4 B25300/36000 batch_loss=2.9118e-01
E2/4 B25400/36000 batch_loss=1.5879e-01
E2/4 B25500/36000 batch_loss=2.8027e-01
E2/4 B25600/36000 batch_loss=2.6862e-01
E2/4 B25700/36000 batch_loss=2.8516e-01
E2/4 B25800/36000 batch_loss=2.6369e-01
E2/4 B25900/36000 batch_loss=2.7108e-01
E2/4 B26000/36000 batch_loss=3.0798e-01
E2/4 B26100/36000 batch_loss=2.1030e-01
E2/4 B26200/36000 batch_loss=2.9180e-01
E2/4 B26300/36000 batch_loss=2.0067e-01
E2/4 B26400/36000 batch_loss=2.8504e-01
E2/4 B26500/36000 batch_loss=2.0389e-01
E2/4 B26600/36000 batch_loss=2.8895e-01
E2/4 B26700/36000 batch_loss=1.9624e-01
E2/4 B26800/36000 batch_loss=1.7645e-01
E2/4 B26900/36000 batch_loss=3.1705e-01
E2/4 B27000/36000 batch_loss=1.8249e-01
E2/4 B27100/36000 batch_loss=2.6339e-01
E2/4 B27200/36000 batch_loss=2.6609e-01
E2/4 B27300/36000 batch_loss=1.6482e-01
E2/4 B27400/36000 batch_loss=2.9165e-01
E2/4 B27500/36000 batch_loss=1.8126e-01
E2/4 B27600/36000 batch_loss=1.5503e-01
E2/4 B27700/36000 batch_loss=1.8419e-01
E2/4 B27800/36000 batch_loss=1.7704e-01
E2/4 B27900/36000 batch_loss=1.8016e-01
E2/4 B28000/36000 batch_loss=1.9713e-01
E2/4 B28100/36000 batch_loss=2.8015e-01
E2/4 B28200/36000 batch_loss=1.9070e-01
E2/4 B28300/36000 batch_loss=3.1020e-01
E2/4 B28400/36000 batch_loss=3.0802e-01
E2/4 B28500/36000 batch_loss=2.8241e-01
E2/4 B28600/36000 batch_loss=3.0248e-01
E2/4 B28700/36000 batch_loss=1.8972e-01
E2/4 B28800/36000 batch_loss=1.9571e-01
E2/4 B28900/36000 batch_loss=2.1156e-01
E2/4 B29000/36000 batch_loss=3.0532e-01
E2/4 B29100/36000 batch_loss=1.6945e-01
E2/4 B29200/36000 batch_loss=1.9006e-01
E2/4 B29300/36000 batch_loss=1.7183e-01
E2/4 B29400/36000 batch_loss=2.6934e-01
E2/4 B29500/36000 batch_loss=1.7993e-01
E2/4 B29600/36000 batch_loss=2.9743e-01
E2/4 B29700/36000 batch_loss=2.7299e-01
E2/4 B29800/36000 batch_loss=3.0861e-01
E2/4 B29900/36000 batch_loss=1.8352e-01
E2/4 B30000/36000 batch_loss=1.8189e-01
E2/4 B30100/36000 batch_loss=2.8668e-01
E2/4 B30200/36000 batch_loss=1.8278e-01
E2/4 B30300/36000 batch_loss=1.7552e-01
E2/4 B30400/36000 batch_loss=2.7196e-01
E2/4 B30500/36000 batch_loss=2.0334e-01
E2/4 B30600/36000 batch_loss=1.8523e-01
E2/4 B30700/36000 batch_loss=1.8716e-01
E2/4 B30800/36000 batch_loss=2.0010e-01
E2/4 B30900/36000 batch_loss=2.8119e-01
E2/4 B31000/36000 batch_loss=2.8664e-01
E2/4 B31100/36000 batch_loss=1.8734e-01
E2/4 B31200/36000 batch_loss=1.7610e-01
E2/4 B31300/36000 batch_loss=1.8243e-01
E2/4 B31400/36000 batch_loss=2.9827e-01
E2/4 B31500/36000 batch_loss=2.0424e-01
E2/4 B31600/36000 batch_loss=2.9431e-01
E2/4 B31700/36000 batch_loss=1.9634e-01
E2/4 B31800/36000 batch_loss=1.8978e-01
E2/4 B31900/36000 batch_loss=2.6975e-01
E2/4 B32000/36000 batch_loss=1.9089e-01
E2/4 B32100/36000 batch_loss=3.1933e-01
E2/4 B32200/36000 batch_loss=1.7368e-01
E2/4 B32300/36000 batch_loss=2.8655e-01
E2/4 B32400/36000 batch_loss=1.8362e-01
E2/4 B32500/36000 batch_loss=1.7953e-01
E2/4 B32600/36000 batch_loss=2.6632e-01
E2/4 B32700/36000 batch_loss=1.9306e-01
E2/4 B32800/36000 batch_loss=1.8907e-01
E2/4 B32900/36000 batch_loss=2.8260e-01
E2/4 B33000/36000 batch_loss=2.5441e-01
E2/4 B33100/36000 batch_loss=2.7455e-01
E2/4 B33200/36000 batch_loss=2.7443e-01
E2/4 B33300/36000 batch_loss=1.4555e-01
E2/4 B33400/36000 batch_loss=1.9508e-01
E2/4 B33500/36000 batch_loss=2.7108e-01
E2/4 B33600/36000 batch_loss=3.2269e-01
E2/4 B33700/36000 batch_loss=3.1244e-01
E2/4 B33800/36000 batch_loss=2.6126e-01
E2/4 B33900/36000 batch_loss=1.7206e-01
E2/4 B34000/36000 batch_loss=1.8976e-01
E2/4 B34100/36000 batch_loss=2.6977e-01
E2/4 B34200/36000 batch_loss=2.7490e-01
E2/4 B34300/36000 batch_loss=2.7847e-01
E2/4 B34400/36000 batch_loss=2.7007e-01
E2/4 B34500/36000 batch_loss=1.7645e-01
E2/4 B34600/36000 batch_loss=1.9200e-01
E2/4 B34700/36000 batch_loss=1.8677e-01
E2/4 B34800/36000 batch_loss=1.8621e-01
E2/4 B34900/36000 batch_loss=1.7110e-01
E2/4 B35000/36000 batch_loss=2.6653e-01
E2/4 B35100/36000 batch_loss=2.7878e-01
E2/4 B35200/36000 batch_loss=2.8411e-01
E2/4 B35300/36000 batch_loss=2.6525e-01
E2/4 B35400/36000 batch_loss=2.6361e-01
E2/4 B35500/36000 batch_loss=1.7081e-01
E2/4 B35600/36000 batch_loss=2.6698e-01
E2/4 B35700/36000 batch_loss=2.6389e-01
E2/4 B35800/36000 batch_loss=2.6931e-01
E2/4 B35900/36000 batch_loss=2.6677e-01
E2/4 B36000/36000 batch_loss=1.8838e-01
2026-07-18 00:59:26,727 | INFO | Saved 10 diagnostic panel(s) under D:\Research\NO-2D-Metamaterials\MODELS\training_runs\NO_I3O5_BCF16_NMSE_HC128_LR2e-03_WD0e+00_L1P1e-08_SS1_G9e-01_ch0u_260717\diagnostics\epoch_002
epoch=2/4 loss=nmse train_nmse=2.657668e-01 val_nmse=2.441720e-01 train_mae=4.202150e-03 val_mae=3.693618e-03 train_mse=7.544040e-05 val_mse=6.552641e-05 lr=1.620e-03 train_sps=1542.7
2026-07-18 00:59:28,869 | INFO | epoch=2/4 loss=nmse train_nmse=2.657668e-01 val_nmse=2.441720e-01 train_mae=4.202150e-03 val_mae=3.693618e-03 train_mse=7.544040e-05 val_mse=6.552641e-05 lr=1.620e-03 train_sps=1542.7
2026-07-18 00:59:28,871 | INFO | epoch=2/4 loss_ch_nmse train=9.731e-03 2.749e-01 2.979e-01 3.768e-01 3.695e-01 val=5.818e-03 2.497e-01 2.706e-01 3.503e-01 3.444e-01
2026-07-18 00:59:28,871 | INFO | epoch=2/4 mae_ch train=3.871e-03 4.111e-03 3.950e-03 4.673e-03 4.406e-03 val=3.177e-03 3.652e-03 3.481e-03 4.206e-03 3.953e-03 mse_ch train=4.234e-05 7.396e-05 7.106e-05 1.002e-04 8.965e-05 val=1.887e-05 6.737e-05 6.454e-05 9.359e-05 8.326e-05
Epoch 2/4 done | loss=nmse train=2.6577e-01 val=2.4417e-01 mae=3.6936e-03 mse=6.5526e-05 lr=1.62e-03
E3/4 B100/36000 batch_loss=1.6454e-01
E3/4 B200/36000 batch_loss=2.4798e-01
E3/4 B300/36000 batch_loss=2.6033e-01
E3/4 B400/36000 batch_loss=1.6394e-01
E3/4 B500/36000 batch_loss=1.8748e-01
E3/4 B600/36000 batch_loss=2.5186e-01
E3/4 B700/36000 batch_loss=1.5394e-01
E3/4 B800/36000 batch_loss=1.7896e-01
E3/4 B900/36000 batch_loss=2.4332e-01
E3/4 B1000/36000 batch_loss=2.4504e-01
E3/4 B1100/36000 batch_loss=1.4637e-01
E3/4 B1200/36000 batch_loss=2.5542e-01
E3/4 B1300/36000 batch_loss=1.7003e-01
E3/4 B1400/36000 batch_loss=2.5531e-01
E3/4 B1500/36000 batch_loss=2.5154e-01
E3/4 B1600/36000 batch_loss=1.9882e-01
E3/4 B1700/36000 batch_loss=2.6514e-01
E3/4 B1800/36000 batch_loss=1.8000e-01
E3/4 B1900/36000 batch_loss=2.7546e-01
E3/4 B2000/36000 batch_loss=2.2725e-01
E3/4 B2100/36000 batch_loss=1.8270e-01
E3/4 B2200/36000 batch_loss=2.7204e-01
E3/4 B2300/36000 batch_loss=1.7328e-01
E3/4 B2400/36000 batch_loss=1.5545e-01
E3/4 B2500/36000 batch_loss=1.6271e-01
E3/4 B2600/36000 batch_loss=1.7148e-01
E3/4 B2700/36000 batch_loss=2.9256e-01
E3/4 B2800/36000 batch_loss=1.7117e-01
E3/4 B2900/36000 batch_loss=2.6911e-01
E3/4 B3000/36000 batch_loss=2.7218e-01
E3/4 B3100/36000 batch_loss=1.8135e-01
E3/4 B3200/36000 batch_loss=1.5949e-01
E3/4 B3300/36000 batch_loss=2.6227e-01
E3/4 B3400/36000 batch_loss=1.7403e-01
E3/4 B3500/36000 batch_loss=2.2187e-01
E3/4 B3600/36000 batch_loss=2.7393e-01
E3/4 B3700/36000 batch_loss=2.5202e-01
E3/4 B3800/36000 batch_loss=1.5908e-01
E3/4 B3900/36000 batch_loss=1.6394e-01
E3/4 B4000/36000 batch_loss=1.7321e-01
E3/4 B4100/36000 batch_loss=1.6106e-01
E3/4 B4200/36000 batch_loss=1.4990e-01
E3/4 B4300/36000 batch_loss=2.4722e-01
E3/4 B4400/36000 batch_loss=1.5002e-01
E3/4 B4500/36000 batch_loss=1.8139e-01
E3/4 B4600/36000 batch_loss=2.6124e-01
E3/4 B4700/36000 batch_loss=1.7534e-01
E3/4 B4800/36000 batch_loss=1.6355e-01
E3/4 B4900/36000 batch_loss=2.8052e-01
E3/4 B5000/36000 batch_loss=1.8318e-01
E3/4 B5100/36000 batch_loss=1.7837e-01
E3/4 B5200/36000 batch_loss=1.7054e-01
E3/4 B5300/36000 batch_loss=2.6165e-01
E3/4 B5400/36000 batch_loss=1.5690e-01
E3/4 B5500/36000 batch_loss=1.7328e-01
E3/4 B5600/36000 batch_loss=2.8244e-01
E3/4 B5700/36000 batch_loss=2.7999e-01
E3/4 B5800/36000 batch_loss=1.5537e-01
E3/4 B5900/36000 batch_loss=1.6042e-01
E3/4 B6000/36000 batch_loss=2.4875e-01
E3/4 B6100/36000 batch_loss=2.4756e-01
E3/4 B6200/36000 batch_loss=1.6786e-01
E3/4 B6300/36000 batch_loss=1.8806e-01
E3/4 B6400/36000 batch_loss=2.4083e-01
E3/4 B6500/36000 batch_loss=2.4807e-01
E3/4 B6600/36000 batch_loss=1.7622e-01
E3/4 B6700/36000 batch_loss=1.5490e-01
E3/4 B6800/36000 batch_loss=1.5649e-01
E3/4 B6900/36000 batch_loss=2.9987e-01
E3/4 B7000/36000 batch_loss=2.4931e-01
E3/4 B7100/36000 batch_loss=1.6168e-01
E3/4 B7200/36000 batch_loss=1.9173e-01
E3/4 B7300/36000 batch_loss=1.7857e-01
E3/4 B7400/36000 batch_loss=1.6843e-01
E3/4 B7500/36000 batch_loss=2.4269e-01
E3/4 B7600/36000 batch_loss=1.6310e-01
E3/4 B7700/36000 batch_loss=2.5017e-01
E3/4 B7800/36000 batch_loss=2.7077e-01
E3/4 B7900/36000 batch_loss=2.5675e-01
E3/4 B8000/36000 batch_loss=2.6203e-01
E3/4 B8100/36000 batch_loss=2.5395e-01
E3/4 B8200/36000 batch_loss=1.7961e-01
E3/4 B8300/36000 batch_loss=2.6276e-01
E3/4 B8400/36000 batch_loss=2.2032e-01
E3/4 B8500/36000 batch_loss=1.6881e-01
E3/4 B8600/36000 batch_loss=1.7312e-01
E3/4 B8700/36000 batch_loss=1.7940e-01
E3/4 B8800/36000 batch_loss=2.7498e-01
E3/4 B8900/36000 batch_loss=1.8621e-01
E3/4 B9000/36000 batch_loss=2.4658e-01
E3/4 B9100/36000 batch_loss=2.5878e-01
E3/4 B9200/36000 batch_loss=1.9000e-01
E3/4 B9300/36000 batch_loss=1.6826e-01
E3/4 B9400/36000 batch_loss=2.3792e-01
E3/4 B9500/36000 batch_loss=1.6965e-01
E3/4 B9600/36000 batch_loss=1.9318e-01
E3/4 B9700/36000 batch_loss=1.6555e-01
E3/4 B9800/36000 batch_loss=2.5681e-01
E3/4 B9900/36000 batch_loss=2.3958e-01
E3/4 B10000/36000 batch_loss=2.5518e-01
E3/4 B10100/36000 batch_loss=1.6035e-01
E3/4 B10200/36000 batch_loss=2.5313e-01
E3/4 B10300/36000 batch_loss=2.3750e-01
E3/4 B10400/36000 batch_loss=1.5708e-01
E3/4 B10500/36000 batch_loss=1.6715e-01
E3/4 B10600/36000 batch_loss=1.6764e-01
E3/4 B10700/36000 batch_loss=2.6326e-01
E3/4 B10800/36000 batch_loss=2.5885e-01
E3/4 B10900/36000 batch_loss=1.6840e-01
E3/4 B11000/36000 batch_loss=1.8214e-01
E3/4 B11100/36000 batch_loss=2.9050e-01
E3/4 B11200/36000 batch_loss=1.6070e-01
E3/4 B11300/36000 batch_loss=3.0206e-01
E3/4 B11400/36000 batch_loss=1.6210e-01
E3/4 B11500/36000 batch_loss=2.5116e-01
E3/4 B11600/36000 batch_loss=1.7736e-01
E3/4 B11700/36000 batch_loss=2.7316e-01
E3/4 B11800/36000 batch_loss=2.1465e-01
E3/4 B11900/36000 batch_loss=2.5287e-01
E3/4 B12000/36000 batch_loss=2.6077e-01
E3/4 B12100/36000 batch_loss=1.5996e-01
E3/4 B12200/36000 batch_loss=1.8227e-01
E3/4 B12300/36000 batch_loss=2.5002e-01
E3/4 B12400/36000 batch_loss=2.1371e-01
E3/4 B12500/36000 batch_loss=2.8405e-01
E3/4 B12600/36000 batch_loss=1.7893e-01
E3/4 B12700/36000 batch_loss=2.7037e-01
E3/4 B12800/36000 batch_loss=1.4846e-01
E3/4 B12900/36000 batch_loss=1.5279e-01
E3/4 B13000/36000 batch_loss=2.5312e-01
E3/4 B13100/36000 batch_loss=2.4946e-01
E3/4 B13200/36000 batch_loss=1.6173e-01
E3/4 B13300/36000 batch_loss=1.6587e-01
E3/4 B13400/36000 batch_loss=2.7534e-01
E3/4 B13500/36000 batch_loss=2.6330e-01
E3/4 B13600/36000 batch_loss=1.6167e-01
E3/4 B13700/36000 batch_loss=2.7623e-01
E3/4 B13800/36000 batch_loss=1.6371e-01
E3/4 B13900/36000 batch_loss=1.6980e-01
E3/4 B14000/36000 batch_loss=2.5847e-01
E3/4 B14100/36000 batch_loss=2.6531e-01
E3/4 B14200/36000 batch_loss=2.4100e-01
E3/4 B14300/36000 batch_loss=1.6088e-01
E3/4 B14400/36000 batch_loss=1.8224e-01
E3/4 B14500/36000 batch_loss=2.2812e-01
E3/4 B14600/36000 batch_loss=2.9240e-01
E3/4 B14700/36000 batch_loss=1.5456e-01
E3/4 B14800/36000 batch_loss=1.7388e-01
E3/4 B14900/36000 batch_loss=1.4342e-01
E3/4 B15000/36000 batch_loss=2.4990e-01
E3/4 B15100/36000 batch_loss=2.5244e-01
E3/4 B15200/36000 batch_loss=2.5050e-01
E3/4 B15300/36000 batch_loss=2.2478e-01
E3/4 B15400/36000 batch_loss=2.5140e-01
E3/4 B15500/36000 batch_loss=1.3938e-01
E3/4 B15600/36000 batch_loss=1.7440e-01
E3/4 B15700/36000 batch_loss=1.6274e-01
E3/4 B15800/36000 batch_loss=1.6169e-01
E3/4 B15900/36000 batch_loss=2.5355e-01
E3/4 B16000/36000 batch_loss=2.7910e-01
E3/4 B16100/36000 batch_loss=2.6589e-01
E3/4 B16200/36000 batch_loss=1.5026e-01
E3/4 B16300/36000 batch_loss=1.7914e-01
E3/4 B16400/36000 batch_loss=1.4397e-01
E3/4 B16500/36000 batch_loss=2.3513e-01
E3/4 B16600/36000 batch_loss=2.6165e-01
E3/4 B16700/36000 batch_loss=2.7343e-01
E3/4 B16800/36000 batch_loss=1.5424e-01
E3/4 B16900/36000 batch_loss=2.7618e-01
E3/4 B17000/36000 batch_loss=2.8994e-01
E3/4 B17100/36000 batch_loss=2.7130e-01
E3/4 B17200/36000 batch_loss=2.4940e-01
E3/4 B17300/36000 batch_loss=2.6317e-01
E3/4 B17400/36000 batch_loss=2.5933e-01
E3/4 B17500/36000 batch_loss=1.5752e-01
E3/4 B17600/36000 batch_loss=2.5489e-01
E3/4 B17700/36000 batch_loss=1.6275e-01
E3/4 B17800/36000 batch_loss=1.5183e-01
E3/4 B17900/36000 batch_loss=2.4640e-01
E3/4 B18000/36000 batch_loss=1.6256e-01
E3/4 B18100/36000 batch_loss=1.9100e-01
E3/4 B18200/36000 batch_loss=2.4570e-01
E3/4 B18300/36000 batch_loss=1.6976e-01
E3/4 B18400/36000 batch_loss=1.7305e-01
E3/4 B18500/36000 batch_loss=1.2798e-01
E3/4 B18600/36000 batch_loss=2.4887e-01
E3/4 B18700/36000 batch_loss=2.4759e-01
E3/4 B18800/36000 batch_loss=1.6717e-01
E3/4 B18900/36000 batch_loss=1.8097e-01
E3/4 B19000/36000 batch_loss=2.5369e-01
E3/4 B19100/36000 batch_loss=2.5782e-01
E3/4 B19200/36000 batch_loss=2.7397e-01
E3/4 B19300/36000 batch_loss=2.3798e-01
E3/4 B19400/36000 batch_loss=1.5971e-01
E3/4 B19500/36000 batch_loss=2.6440e-01
E3/4 B19600/36000 batch_loss=2.6387e-01
E3/4 B19700/36000 batch_loss=2.5375e-01
E3/4 B19800/36000 batch_loss=2.2780e-01
E3/4 B19900/36000 batch_loss=2.6928e-01
E3/4 B20000/36000 batch_loss=1.7430e-01
E3/4 B20100/36000 batch_loss=1.5531e-01
E3/4 B20200/36000 batch_loss=2.6052e-01
E3/4 B20300/36000 batch_loss=1.7083e-01
E3/4 B20400/36000 batch_loss=1.5206e-01
E3/4 B20500/36000 batch_loss=1.8046e-01
E3/4 B20600/36000 batch_loss=2.5531e-01
E3/4 B20700/36000 batch_loss=2.4562e-01
E3/4 B20800/36000 batch_loss=1.7454e-01
E3/4 B20900/36000 batch_loss=1.5368e-01
E3/4 B21000/36000 batch_loss=1.6302e-01
E3/4 B21100/36000 batch_loss=2.6332e-01
E3/4 B21200/36000 batch_loss=2.3454e-01
E3/4 B21300/36000 batch_loss=1.6526e-01
E3/4 B21400/36000 batch_loss=1.4936e-01
E3/4 B21500/36000 batch_loss=1.7142e-01
E3/4 B21600/36000 batch_loss=2.5200e-01
E3/4 B21700/36000 batch_loss=2.5402e-01
E3/4 B21800/36000 batch_loss=1.5433e-01
E3/4 B21900/36000 batch_loss=1.8111e-01
E3/4 B22000/36000 batch_loss=2.6445e-01
E3/4 B22100/36000 batch_loss=2.2356e-01
E3/4 B22200/36000 batch_loss=2.5527e-01
E3/4 B22300/36000 batch_loss=2.2703e-01
E3/4 B22400/36000 batch_loss=2.4828e-01
E3/4 B22500/36000 batch_loss=1.5790e-01
E3/4 B22600/36000 batch_loss=1.6557e-01
E3/4 B22700/36000 batch_loss=2.3532e-01
E3/4 B22800/36000 batch_loss=1.5701e-01
E3/4 B22900/36000 batch_loss=1.8814e-01
E3/4 B23000/36000 batch_loss=2.1869e-01
E3/4 B23100/36000 batch_loss=1.5740e-01
E3/4 B23200/36000 batch_loss=1.3868e-01
E3/4 B23300/36000 batch_loss=1.7730e-01
E3/4 B23400/36000 batch_loss=1.8143e-01
E3/4 B23500/36000 batch_loss=1.6507e-01
E3/4 B23600/36000 batch_loss=2.6466e-01
E3/4 B23700/36000 batch_loss=1.6545e-01
E3/4 B23800/36000 batch_loss=2.1057e-01
E3/4 B23900/36000 batch_loss=1.6751e-01
E3/4 B24000/36000 batch_loss=2.4541e-01
E3/4 B24100/36000 batch_loss=1.6040e-01
E3/4 B24200/36000 batch_loss=1.7722e-01
E3/4 B24300/36000 batch_loss=1.6187e-01
E3/4 B24400/36000 batch_loss=1.4427e-01
E3/4 B24500/36000 batch_loss=1.3353e-01
E3/4 B24600/36000 batch_loss=2.5434e-01
E3/4 B24700/36000 batch_loss=1.7315e-01
E3/4 B24800/36000 batch_loss=2.3283e-01
E3/4 B24900/36000 batch_loss=1.3838e-01
E3/4 B25000/36000 batch_loss=1.6807e-01
E3/4 B25100/36000 batch_loss=2.2984e-01
E3/4 B25200/36000 batch_loss=1.6756e-01
E3/4 B25300/36000 batch_loss=1.5515e-01
E3/4 B25400/36000 batch_loss=1.6976e-01
E3/4 B25500/36000 batch_loss=1.4515e-01
E3/4 B25600/36000 batch_loss=2.3721e-01
E3/4 B25700/36000 batch_loss=2.7094e-01
E3/4 B25800/36000 batch_loss=2.4476e-01
E3/4 B25900/36000 batch_loss=2.3219e-01
E3/4 B26000/36000 batch_loss=2.6821e-01
E3/4 B26100/36000 batch_loss=2.6178e-01
E3/4 B26200/36000 batch_loss=1.6807e-01
E3/4 B26300/36000 batch_loss=2.4914e-01
E3/4 B26400/36000 batch_loss=2.4076e-01
E3/4 B26500/36000 batch_loss=2.7137e-01
E3/4 B26600/36000 batch_loss=2.5906e-01
E3/4 B26700/36000 batch_loss=2.3018e-01
E3/4 B26800/36000 batch_loss=2.4539e-01
E3/4 B26900/36000 batch_loss=2.2573e-01
E3/4 B27000/36000 batch_loss=2.3018e-01
E3/4 B27100/36000 batch_loss=1.5067e-01
E3/4 B27200/36000 batch_loss=1.4972e-01
E3/4 B27300/36000 batch_loss=1.6083e-01
E3/4 B27400/36000 batch_loss=1.7924e-01
E3/4 B27500/36000 batch_loss=1.5250e-01
E3/4 B27600/36000 batch_loss=2.4959e-01
E3/4 B27700/36000 batch_loss=2.5503e-01
E3/4 B27800/36000 batch_loss=1.4668e-01
E3/4 B27900/36000 batch_loss=1.6503e-01
E3/4 B28000/36000 batch_loss=1.5355e-01
E3/4 B28100/36000 batch_loss=1.6246e-01
E3/4 B28200/36000 batch_loss=2.5651e-01
E3/4 B28300/36000 batch_loss=1.6611e-01
E3/4 B28400/36000 batch_loss=2.2247e-01
E3/4 B28500/36000 batch_loss=1.5062e-01
E3/4 B28600/36000 batch_loss=1.4779e-01
E3/4 B28700/36000 batch_loss=1.7792e-01
E3/4 B28800/36000 batch_loss=2.2295e-01
E3/4 B28900/36000 batch_loss=1.5381e-01
E3/4 B29000/36000 batch_loss=1.6158e-01
E3/4 B29100/36000 batch_loss=2.3344e-01
E3/4 B29200/36000 batch_loss=1.4631e-01
E3/4 B29300/36000 batch_loss=1.6315e-01
E3/4 B29400/36000 batch_loss=1.5389e-01
E3/4 B29500/36000 batch_loss=2.2876e-01
E3/4 B29600/36000 batch_loss=2.4982e-01
E3/4 B29700/36000 batch_loss=2.0592e-01
E3/4 B29800/36000 batch_loss=1.7067e-01
E3/4 B29900/36000 batch_loss=1.6853e-01
E3/4 B30000/36000 batch_loss=2.0743e-01
E3/4 B30100/36000 batch_loss=1.5210e-01
E3/4 B30200/36000 batch_loss=1.3548e-01
E3/4 B30300/36000 batch_loss=1.6140e-01
E3/4 B30400/36000 batch_loss=2.5612e-01
E3/4 B30500/36000 batch_loss=1.5074e-01
E3/4 B30600/36000 batch_loss=1.5256e-01
E3/4 B30700/36000 batch_loss=2.4994e-01
E3/4 B30800/36000 batch_loss=2.5157e-01
E3/4 B30900/36000 batch_loss=2.4569e-01
E3/4 B31000/36000 batch_loss=2.4210e-01
E3/4 B31100/36000 batch_loss=1.4557e-01
E3/4 B31200/36000 batch_loss=2.6093e-01
E3/4 B31300/36000 batch_loss=2.5888e-01
E3/4 B31400/36000 batch_loss=1.4699e-01
E3/4 B31500/36000 batch_loss=1.6338e-01
E3/4 B31600/36000 batch_loss=1.4221e-01
E3/4 B31700/36000 batch_loss=2.2770e-01
E3/4 B31800/36000 batch_loss=1.4130e-01
E3/4 B31900/36000 batch_loss=1.7304e-01
E3/4 B32000/36000 batch_loss=2.2954e-01
E3/4 B32100/36000 batch_loss=1.6556e-01
E3/4 B32200/36000 batch_loss=2.5191e-01
E3/4 B32300/36000 batch_loss=2.2504e-01
E3/4 B32400/36000 batch_loss=1.6273e-01
E3/4 B32500/36000 batch_loss=2.3448e-01
E3/4 B32600/36000 batch_loss=1.8197e-01
E3/4 B32700/36000 batch_loss=1.6833e-01
E3/4 B32800/36000 batch_loss=1.3032e-01
E3/4 B32900/36000 batch_loss=1.4731e-01
E3/4 B33000/36000 batch_loss=1.6988e-01
E3/4 B33100/36000 batch_loss=1.6470e-01
E3/4 B33200/36000 batch_loss=1.6140e-01
E3/4 B33300/36000 batch_loss=1.4351e-01
E3/4 B33400/36000 batch_loss=1.6715e-01
E3/4 B33500/36000 batch_loss=2.6632e-01
E3/4 B33600/36000 batch_loss=2.5443e-01
E3/4 B33700/36000 batch_loss=1.4590e-01
E3/4 B33800/36000 batch_loss=1.5578e-01
E3/4 B33900/36000 batch_loss=2.2154e-01
E3/4 B34000/36000 batch_loss=2.2865e-01
E3/4 B34100/36000 batch_loss=1.5810e-01
E3/4 B34200/36000 batch_loss=2.2336e-01
E3/4 B34300/36000 batch_loss=2.5544e-01
E3/4 B34400/36000 batch_loss=2.3250e-01
E3/4 B34500/36000 batch_loss=2.5104e-01
E3/4 B34600/36000 batch_loss=2.5484e-01
E3/4 B34700/36000 batch_loss=1.4305e-01
E3/4 B34800/36000 batch_loss=2.4033e-01
E3/4 B34900/36000 batch_loss=1.7383e-01
E3/4 B35000/36000 batch_loss=1.6122e-01
E3/4 B35100/36000 batch_loss=1.4216e-01
E3/4 B35200/36000 batch_loss=1.5093e-01
E3/4 B35300/36000 batch_loss=1.4089e-01
E3/4 B35400/36000 batch_loss=2.2689e-01
E3/4 B35500/36000 batch_loss=1.6231e-01
E3/4 B35600/36000 batch_loss=2.3439e-01
E3/4 B35700/36000 batch_loss=1.6441e-01
E3/4 B35800/36000 batch_loss=2.3184e-01
E3/4 B35900/36000 batch_loss=2.1753e-01
E3/4 B36000/36000 batch_loss=1.5102e-01
2026-07-18 04:35:29,049 | INFO | Saved 10 diagnostic panel(s) under D:\Research\NO-2D-Metamaterials\MODELS\training_runs\NO_I3O5_BCF16_NMSE_HC128_LR2e-03_WD0e+00_L1P1e-08_SS1_G9e-01_ch0u_260717\diagnostics\epoch_003
epoch=3/4 loss=nmse train_nmse=2.082626e-01 val_nmse=2.336366e-01 train_mae=3.306984e-03 val_mae=3.286707e-03 train_mse=5.603604e-05 val_mse=6.262599e-05 lr=1.458e-03 train_sps=1534.7
2026-07-18 04:35:31,193 | INFO | epoch=3/4 loss=nmse train_nmse=2.082626e-01 val_nmse=2.336366e-01 train_mae=3.306984e-03 val_mae=3.286707e-03 train_mse=5.603604e-05 val_mse=6.262599e-05 lr=1.458e-03 train_sps=1534.7
2026-07-18 04:35:31,194 | INFO | epoch=3/4 loss_ch_nmse train=3.788e-03 2.089e-01 2.239e-01 3.071e-01 2.976e-01 val=5.725e-03 2.369e-01 2.559e-01 3.355e-01 3.341e-01
2026-07-18 04:35:31,194 | INFO | epoch=3/4 mae_ch train=2.263e-03 3.374e-03 3.224e-03 3.959e-03 3.716e-03 val=1.689e-03 3.444e-03 3.304e-03 4.073e-03 3.924e-03 mse_ch train=1.669e-05 5.619e-05 5.344e-05 8.165e-05 7.221e-05 val=1.781e-05 6.389e-05 6.104e-05 8.963e-05 8.076e-05
Epoch 3/4 done | loss=nmse train=2.0826e-01 val=2.3364e-01 mae=3.2867e-03 mse=6.2626e-05 lr=1.46e-03
E4/4 B100/36000 batch_loss=2.5004e-01
E4/4 B200/36000 batch_loss=2.3216e-01
E4/4 B300/36000 batch_loss=2.0799e-01
E4/4 B400/36000 batch_loss=2.0021e-01
E4/4 B500/36000 batch_loss=1.3883e-01
E4/4 B600/36000 batch_loss=1.4552e-01
E4/4 B700/36000 batch_loss=2.2238e-01
E4/4 B800/36000 batch_loss=1.5370e-01
E4/4 B900/36000 batch_loss=2.3819e-01
E4/4 B1000/36000 batch_loss=2.0159e-01
E4/4 B1100/36000 batch_loss=8.2237e+00
E4/4 B1200/36000 batch_loss=7.6994e-01
E4/4 B1300/36000 batch_loss=7.6508e-01
E4/4 B1400/36000 batch_loss=7.6048e-01
E4/4 B1500/36000 batch_loss=7.7104e-01
E4/4 B1600/36000 batch_loss=7.6648e-01
E4/4 B1700/36000 batch_loss=7.5245e-01
E4/4 B1800/36000 batch_loss=7.5759e-01
E4/4 B1900/36000 batch_loss=7.4882e-01
E4/4 B2000/36000 batch_loss=7.5876e-01
E4/4 B2100/36000 batch_loss=7.5299e-01
E4/4 B2200/36000 batch_loss=7.4963e-01
E4/4 B2300/36000 batch_loss=7.4994e-01
E4/4 B2400/36000 batch_loss=7.4520e-01
E4/4 B2500/36000 batch_loss=7.4625e-01
E4/4 B2600/36000 batch_loss=7.3205e-01
E4/4 B2700/36000 batch_loss=7.2603e-01
E4/4 B2800/36000 batch_loss=7.2665e-01
E4/4 B2900/36000 batch_loss=7.4091e-01
E4/4 B3000/36000 batch_loss=7.2324e-01
E4/4 B3100/36000 batch_loss=7.4441e-01
E4/4 B3200/36000 batch_loss=7.3394e-01
E4/4 B3300/36000 batch_loss=7.3743e-01
E4/4 B3400/36000 batch_loss=7.4586e-01
E4/4 B3500/36000 batch_loss=7.3151e-01
E4/4 B3600/36000 batch_loss=7.1961e-01
E4/4 B3700/36000 batch_loss=7.3495e-01
E4/4 B3800/36000 batch_loss=7.2529e-01
E4/4 B3900/36000 batch_loss=7.3367e-01
E4/4 B4000/36000 batch_loss=7.2395e-01
E4/4 B4100/36000 batch_loss=7.1984e-01
E4/4 B4200/36000 batch_loss=7.3244e-01
E4/4 B4300/36000 batch_loss=7.2565e-01
E4/4 B4400/36000 batch_loss=7.1925e-01
E4/4 B4500/36000 batch_loss=7.1140e-01
E4/4 B4600/36000 batch_loss=7.1115e-01
E4/4 B4700/36000 batch_loss=7.3787e-01
E4/4 B4800/36000 batch_loss=7.0326e-01
E4/4 B4900/36000 batch_loss=7.0044e-01
E4/4 B5000/36000 batch_loss=7.2858e-01
E4/4 B5100/36000 batch_loss=7.0180e-01
E4/4 B5200/36000 batch_loss=6.8581e-01
E4/4 B5300/36000 batch_loss=6.8648e-01
E4/4 B5400/36000 batch_loss=6.9944e-01
E4/4 B5500/36000 batch_loss=7.0327e-01
E4/4 B5600/36000 batch_loss=7.0278e-01
E4/4 B5700/36000 batch_loss=6.9030e-01
E4/4 B5800/36000 batch_loss=6.9724e-01
E4/4 B5900/36000 batch_loss=6.8132e-01
E4/4 B6000/36000 batch_loss=6.8006e-01
E4/4 B6100/36000 batch_loss=6.7677e-01
E4/4 B6200/36000 batch_loss=6.5290e-01
E4/4 B6300/36000 batch_loss=6.6073e-01
E4/4 B6400/36000 batch_loss=6.5720e-01
E4/4 B6500/36000 batch_loss=6.5269e-01
E4/4 B6600/36000 batch_loss=6.5511e-01
E4/4 B6700/36000 batch_loss=6.8271e-01
E4/4 B6800/36000 batch_loss=6.5368e-01
E4/4 B6900/36000 batch_loss=6.3115e-01
E4/4 B7000/36000 batch_loss=6.7452e-01
E4/4 B7100/36000 batch_loss=6.6446e-01
E4/4 B7200/36000 batch_loss=6.7183e-01
E4/4 B7300/36000 batch_loss=6.7885e-01
E4/4 B7400/36000 batch_loss=6.4909e-01
E4/4 B7500/36000 batch_loss=6.6640e-01
E4/4 B7600/36000 batch_loss=6.3002e-01
E4/4 B7700/36000 batch_loss=6.7277e-01
E4/4 B7800/36000 batch_loss=8.4322e-01
E4/4 B7900/36000 batch_loss=7.8439e-01
E4/4 B8000/36000 batch_loss=8.5032e-01
E4/4 B8100/36000 batch_loss=8.3814e-01
E4/4 B8200/36000 batch_loss=7.8087e-01
E4/4 B8300/36000 batch_loss=7.8691e-01
E4/4 B8400/36000 batch_loss=8.3430e-01
E4/4 B8500/36000 batch_loss=8.2119e-01
E4/4 B8600/36000 batch_loss=7.7645e-01
E4/4 B8700/36000 batch_loss=8.3786e-01
E4/4 B8800/36000 batch_loss=7.7843e-01
E4/4 B8900/36000 batch_loss=8.0090e-01
E4/4 B9000/36000 batch_loss=7.7645e-01
E4/4 B9100/36000 batch_loss=7.7016e-01
E4/4 B9200/36000 batch_loss=7.8092e-01
E4/4 B9300/36000 batch_loss=7.7161e-01
E4/4 B9400/36000 batch_loss=7.7082e-01
E4/4 B9500/36000 batch_loss=7.6920e-01
E4/4 B9600/36000 batch_loss=7.7793e-01
E4/4 B9700/36000 batch_loss=7.8602e-01
E4/4 B9800/36000 batch_loss=7.7169e-01
E4/4 B9900/36000 batch_loss=7.8984e-01
E4/4 B10000/36000 batch_loss=7.7056e-01
E4/4 B10100/36000 batch_loss=7.6455e-01
E4/4 B10200/36000 batch_loss=7.6664e-01
E4/4 B10300/36000 batch_loss=7.7121e-01
E4/4 B10400/36000 batch_loss=7.6667e-01
E4/4 B10500/36000 batch_loss=7.7278e-01
E4/4 B10600/36000 batch_loss=7.8451e-01
E4/4 B10700/36000 batch_loss=7.6741e-01
E4/4 B10800/36000 batch_loss=7.7443e-01
E4/4 B10900/36000 batch_loss=7.7208e-01
E4/4 B11000/36000 batch_loss=7.6265e-01
E4/4 B11100/36000 batch_loss=7.6604e-01
E4/4 B11200/36000 batch_loss=7.7017e-01
E4/4 B11300/36000 batch_loss=7.6357e-01
E4/4 B11400/36000 batch_loss=7.7320e-01
E4/4 B11500/36000 batch_loss=7.6712e-01
E4/4 B11600/36000 batch_loss=7.7835e-01
E4/4 B11700/36000 batch_loss=7.6977e-01
E4/4 B11800/36000 batch_loss=7.7162e-01
E4/4 B11900/36000 batch_loss=7.6681e-01
E4/4 B12000/36000 batch_loss=7.7043e-01
E4/4 B12100/36000 batch_loss=7.7552e-01
E4/4 B12200/36000 batch_loss=7.5764e-01
E4/4 B12300/36000 batch_loss=7.6400e-01
E4/4 B12400/36000 batch_loss=7.6767e-01
E4/4 B12500/36000 batch_loss=7.6592e-01
E4/4 B12600/36000 batch_loss=7.7635e-01
E4/4 B12700/36000 batch_loss=7.6481e-01
E4/4 B12800/36000 batch_loss=7.7532e-01
E4/4 B12900/36000 batch_loss=7.6232e-01
E4/4 B13000/36000 batch_loss=7.6157e-01
E4/4 B13100/36000 batch_loss=7.8634e-01
E4/4 B13200/36000 batch_loss=7.6685e-01
E4/4 B13300/36000 batch_loss=7.6525e-01
E4/4 B13400/36000 batch_loss=7.6788e-01
E4/4 B13500/36000 batch_loss=7.6688e-01
E4/4 B13600/36000 batch_loss=7.5695e-01
E4/4 B13700/36000 batch_loss=7.6230e-01
E4/4 B13800/36000 batch_loss=7.6036e-01
E4/4 B13900/36000 batch_loss=7.6690e-01
E4/4 B14000/36000 batch_loss=7.6386e-01
E4/4 B14100/36000 batch_loss=7.6584e-01
E4/4 B14200/36000 batch_loss=7.6195e-01
E4/4 B14300/36000 batch_loss=7.6620e-01
E4/4 B14400/36000 batch_loss=7.6883e-01
E4/4 B14500/36000 batch_loss=7.5821e-01
E4/4 B14600/36000 batch_loss=7.6252e-01
E4/4 B14700/36000 batch_loss=7.7419e-01
E4/4 B14800/36000 batch_loss=7.6590e-01
E4/4 B14900/36000 batch_loss=7.5568e-01
E4/4 B15000/36000 batch_loss=7.6351e-01
E4/4 B15100/36000 batch_loss=7.6035e-01
E4/4 B15200/36000 batch_loss=7.7325e-01
E4/4 B15300/36000 batch_loss=7.6027e-01
E4/4 B15400/36000 batch_loss=7.5727e-01
E4/4 B15500/36000 batch_loss=7.7096e-01
E4/4 B15600/36000 batch_loss=7.6388e-01
E4/4 B15700/36000 batch_loss=7.5813e-01
E4/4 B15800/36000 batch_loss=7.5378e-01
E4/4 B15900/36000 batch_loss=7.6470e-01
E4/4 B16000/36000 batch_loss=7.6706e-01
E4/4 B16100/36000 batch_loss=7.5387e-01
E4/4 B16200/36000 batch_loss=7.5217e-01
E4/4 B16300/36000 batch_loss=7.5683e-01
E4/4 B16400/36000 batch_loss=7.4753e-01
E4/4 B16500/36000 batch_loss=7.6621e-01
E4/4 B16600/36000 batch_loss=7.5036e-01
E4/4 B16700/36000 batch_loss=7.4691e-01
E4/4 B16800/36000 batch_loss=7.5219e-01
E4/4 B16900/36000 batch_loss=7.5349e-01
E4/4 B17000/36000 batch_loss=7.5609e-01
E4/4 B17100/36000 batch_loss=7.5029e-01
E4/4 B17200/36000 batch_loss=7.4259e-01
E4/4 B17300/36000 batch_loss=7.5654e-01
E4/4 B17400/36000 batch_loss=7.3956e-01
E4/4 B17500/36000 batch_loss=7.4393e-01
E4/4 B17600/36000 batch_loss=7.4255e-01
E4/4 B17700/36000 batch_loss=7.4816e-01
E4/4 B17800/36000 batch_loss=7.3550e-01
E4/4 B17900/36000 batch_loss=7.4769e-01
E4/4 B18000/36000 batch_loss=7.3797e-01
E4/4 B18100/36000 batch_loss=7.3519e-01
E4/4 B18200/36000 batch_loss=7.4780e-01
E4/4 B18300/36000 batch_loss=7.4698e-01
E4/4 B18400/36000 batch_loss=7.5471e-01
E4/4 B18500/36000 batch_loss=7.3826e-01
E4/4 B18600/36000 batch_loss=7.4141e-01
E4/4 B18700/36000 batch_loss=7.4274e-01
E4/4 B18800/36000 batch_loss=7.5920e-01
E4/4 B18900/36000 batch_loss=7.4847e-01
E4/4 B19000/36000 batch_loss=7.3752e-01
E4/4 B19100/36000 batch_loss=7.4844e-01
E4/4 B19200/36000 batch_loss=7.6528e-01
E4/4 B19300/36000 batch_loss=7.5497e-01
E4/4 B19400/36000 batch_loss=7.5769e-01
E4/4 B19500/36000 batch_loss=7.5332e-01
E4/4 B19600/36000 batch_loss=7.3753e-01
E4/4 B19700/36000 batch_loss=7.4417e-01
E4/4 B19800/36000 batch_loss=7.5132e-01
E4/4 B19900/36000 batch_loss=7.7327e-01
E4/4 B20000/36000 batch_loss=7.4923e-01
E4/4 B20100/36000 batch_loss=7.4063e-01
E4/4 B20200/36000 batch_loss=7.4525e-01
E4/4 B20300/36000 batch_loss=7.4841e-01
E4/4 B20400/36000 batch_loss=7.0501e-01
E4/4 B20500/36000 batch_loss=7.2145e-01
E4/4 B20600/36000 batch_loss=7.0047e-01
E4/4 B20700/36000 batch_loss=7.1507e-01
E4/4 B20800/36000 batch_loss=7.0483e-01
E4/4 B20900/36000 batch_loss=7.2777e-01
E4/4 B21000/36000 batch_loss=7.2708e-01
E4/4 B21100/36000 batch_loss=7.0919e-01
E4/4 B21200/36000 batch_loss=7.0611e-01
E4/4 B21300/36000 batch_loss=6.9643e-01
E4/4 B21400/36000 batch_loss=6.9973e-01
E4/4 B21500/36000 batch_loss=7.0254e-01
E4/4 B21600/36000 batch_loss=7.1947e-01
E4/4 B21700/36000 batch_loss=7.0961e-01
E4/4 B21800/36000 batch_loss=7.0649e-01
E4/4 B21900/36000 batch_loss=6.9407e-01
E4/4 B22000/36000 batch_loss=7.0056e-01
E4/4 B22100/36000 batch_loss=7.9707e-01
E4/4 B22200/36000 batch_loss=8.0274e-01
E4/4 B22300/36000 batch_loss=7.7768e-01
E4/4 B22400/36000 batch_loss=7.7137e-01
E4/4 B22500/36000 batch_loss=7.7622e-01
E4/4 B22600/36000 batch_loss=7.7275e-01
E4/4 B22700/36000 batch_loss=7.7318e-01
E4/4 B22800/36000 batch_loss=7.7924e-01
E4/4 B22900/36000 batch_loss=7.7544e-01
E4/4 B23000/36000 batch_loss=7.7458e-01
E4/4 B23100/36000 batch_loss=7.6932e-01
E4/4 B23200/36000 batch_loss=7.6543e-01
E4/4 B23300/36000 batch_loss=7.6629e-01
E4/4 B23400/36000 batch_loss=7.7178e-01
E4/4 B23500/36000 batch_loss=7.7131e-01
E4/4 B23600/36000 batch_loss=7.8034e-01
E4/4 B23700/36000 batch_loss=7.6122e-01
E4/4 B23800/36000 batch_loss=7.6468e-01
E4/4 B23900/36000 batch_loss=7.7989e-01
E4/4 B24000/36000 batch_loss=7.7303e-01
E4/4 B24100/36000 batch_loss=7.6547e-01
E4/4 B24200/36000 batch_loss=7.6024e-01
E4/4 B24300/36000 batch_loss=7.7764e-01
E4/4 B24400/36000 batch_loss=7.6485e-01
E4/4 B24500/36000 batch_loss=7.5653e-01
E4/4 B24600/36000 batch_loss=7.8316e-01
E4/4 B24700/36000 batch_loss=7.6980e-01
E4/4 B24800/36000 batch_loss=7.7181e-01
E4/4 B24900/36000 batch_loss=7.6099e-01
E4/4 B25000/36000 batch_loss=7.7496e-01
E4/4 B25100/36000 batch_loss=7.5493e-01
E4/4 B25200/36000 batch_loss=7.6434e-01
E4/4 B25300/36000 batch_loss=7.8593e-01
E4/4 B25400/36000 batch_loss=7.6739e-01
E4/4 B25500/36000 batch_loss=7.5255e-01
E4/4 B25600/36000 batch_loss=7.5826e-01
E4/4 B25700/36000 batch_loss=7.4427e-01
E4/4 B25800/36000 batch_loss=7.6301e-01
E4/4 B25900/36000 batch_loss=7.4022e-01
E4/4 B26000/36000 batch_loss=7.4555e-01
E4/4 B26100/36000 batch_loss=7.3411e-01
E4/4 B26200/36000 batch_loss=7.4384e-01
E4/4 B26300/36000 batch_loss=7.3953e-01
E4/4 B26400/36000 batch_loss=7.3982e-01
E4/4 B26500/36000 batch_loss=7.4044e-01
E4/4 B26600/36000 batch_loss=7.4303e-01
E4/4 B26700/36000 batch_loss=7.3829e-01
E4/4 B26800/36000 batch_loss=7.3008e-01
E4/4 B26900/36000 batch_loss=7.2482e-01
E4/4 B27000/36000 batch_loss=7.2386e-01
E4/4 B27100/36000 batch_loss=7.2774e-01
E4/4 B27200/36000 batch_loss=7.1532e-01
E4/4 B27300/36000 batch_loss=7.2931e-01
E4/4 B27400/36000 batch_loss=7.2863e-01
E4/4 B27500/36000 batch_loss=7.0961e-01
E4/4 B27600/36000 batch_loss=7.3293e-01
E4/4 B27700/36000 batch_loss=7.2438e-01
E4/4 B27800/36000 batch_loss=7.1386e-01
E4/4 B27900/36000 batch_loss=7.2264e-01
E4/4 B28000/36000 batch_loss=7.1683e-01
E4/4 B28100/36000 batch_loss=7.4060e-01
E4/4 B28200/36000 batch_loss=7.1450e-01
E4/4 B28300/36000 batch_loss=7.0318e-01
E4/4 B28400/36000 batch_loss=7.0939e-01
E4/4 B28500/36000 batch_loss=7.2579e-01
E4/4 B28600/36000 batch_loss=6.8806e-01
E4/4 B28700/36000 batch_loss=7.0918e-01
E4/4 B28800/36000 batch_loss=2.4124e+01
E4/4 B28900/36000 batch_loss=1.0680e+00
E4/4 B29000/36000 batch_loss=9.4772e-01
E4/4 B29100/36000 batch_loss=8.4649e-01
E4/4 B29200/36000 batch_loss=8.0753e-01
E4/4 B29300/36000 batch_loss=7.9827e-01
E4/4 B29400/36000 batch_loss=7.8527e-01
E4/4 B29500/36000 batch_loss=7.8790e-01
E4/4 B29600/36000 batch_loss=7.7584e-01
E4/4 B29700/36000 batch_loss=8.0305e-01
E4/4 B29800/36000 batch_loss=7.9167e-01
E4/4 B29900/36000 batch_loss=7.7903e-01
E4/4 B30000/36000 batch_loss=8.0263e-01
E4/4 B30100/36000 batch_loss=7.8827e-01
E4/4 B30200/36000 batch_loss=8.0450e-01
E4/4 B30300/36000 batch_loss=7.8498e-01
E4/4 B30400/36000 batch_loss=8.1944e-01
E4/4 B30500/36000 batch_loss=7.8343e-01
E4/4 B30600/36000 batch_loss=7.7384e-01
E4/4 B30700/36000 batch_loss=7.7384e-01
E4/4 B30800/36000 batch_loss=7.7151e-01
E4/4 B30900/36000 batch_loss=7.8352e-01
E4/4 B31000/36000 batch_loss=7.6760e-01
E4/4 B31100/36000 batch_loss=7.6715e-01
E4/4 B31200/36000 batch_loss=7.8623e-01
E4/4 B31300/36000 batch_loss=7.7254e-01
E4/4 B31400/36000 batch_loss=7.8238e-01
E4/4 B31500/36000 batch_loss=7.9330e-01
E4/4 B31600/36000 batch_loss=7.7790e-01
E4/4 B31700/36000 batch_loss=7.7639e-01
E4/4 B31800/36000 batch_loss=7.6825e-01
E4/4 B31900/36000 batch_loss=7.8057e-01
E4/4 B32000/36000 batch_loss=7.9409e-01
E4/4 B32100/36000 batch_loss=7.9900e-01
E4/4 B32200/36000 batch_loss=8.0469e-01
E4/4 B32300/36000 batch_loss=7.8645e-01
E4/4 B32400/36000 batch_loss=7.7817e-01
E4/4 B32500/36000 batch_loss=7.6872e-01
E4/4 B32600/36000 batch_loss=8.1550e-01
E4/4 B32700/36000 batch_loss=7.8697e-01
E4/4 B32800/36000 batch_loss=7.9308e-01
E4/4 B32900/36000 batch_loss=7.8005e-01
E4/4 B33000/36000 batch_loss=7.7184e-01
E4/4 B33100/36000 batch_loss=7.8108e-01
E4/4 B33200/36000 batch_loss=8.4918e-01
E4/4 B33300/36000 batch_loss=7.7368e-01
E4/4 B33400/36000 batch_loss=7.6951e-01
E4/4 B33500/36000 batch_loss=7.8972e-01
E4/4 B33600/36000 batch_loss=7.6671e-01
E4/4 B33700/36000 batch_loss=7.7338e-01
E4/4 B33800/36000 batch_loss=7.8039e-01
E4/4 B33900/36000 batch_loss=7.8393e-01
E4/4 B34000/36000 batch_loss=7.8306e-01
E4/4 B34100/36000 batch_loss=7.7083e-01
E4/4 B34200/36000 batch_loss=7.7707e-01
E4/4 B34300/36000 batch_loss=7.6280e-01
E4/4 B34400/36000 batch_loss=7.6254e-01
E4/4 B34500/36000 batch_loss=7.6265e-01
E4/4 B34600/36000 batch_loss=7.6294e-01
E4/4 B34700/36000 batch_loss=7.7383e-01
E4/4 B34800/36000 batch_loss=7.5801e-01
E4/4 B34900/36000 batch_loss=7.6610e-01
E4/4 B35000/36000 batch_loss=7.7211e-01
E4/4 B35100/36000 batch_loss=7.5620e-01
E4/4 B35200/36000 batch_loss=7.6542e-01
E4/4 B35300/36000 batch_loss=7.6718e-01
E4/4 B35400/36000 batch_loss=7.6455e-01
E4/4 B35500/36000 batch_loss=7.6640e-01
E4/4 B35600/36000 batch_loss=7.5581e-01
E4/4 B35700/36000 batch_loss=8.5704e-01
E4/4 B35800/36000 batch_loss=7.8309e-01
E4/4 B35900/36000 batch_loss=7.7799e-01
E4/4 B36000/36000 batch_loss=7.8426e-01
2026-07-18 08:11:36,623 | INFO | Saved 10 diagnostic panel(s) under D:\Research\NO-2D-Metamaterials\MODELS\training_runs\NO_I3O5_BCF16_NMSE_HC128_LR2e-03_WD0e+00_L1P1e-08_SS1_G9e-01_ch0u_260717\diagnostics\epoch_004
epoch=4/4 loss=nmse train_nmse=1.378955e+01 val_nmse=7.725160e-01 train_mae=9.806099e-03 val_mae=9.570174e-03 train_mse=4.536986e-03 val_mse=2.281096e-04 lr=1.312e-03 train_sps=1534.0
2026-07-18 08:11:38,355 | INFO | epoch=4/4 loss=nmse train_nmse=1.378955e+01 val_nmse=7.725160e-01 train_mae=9.806099e-03 val_mae=9.570174e-03 train_mse=4.536986e-03 val_mse=2.281096e-04 lr=1.312e-03 train_sps=1534.0
2026-07-18 08:11:38,356 | INFO | epoch=4/4 loss_ch_nmse train=1.611e+00 2.780e+01 1.704e+01 1.078e+01 1.172e+01 val=3.834e-02 9.348e-01 9.583e-01 9.672e-01 9.640e-01
2026-07-18 08:11:38,357 | INFO | epoch=4/4 mae_ch train=1.011e-02 1.006e-02 9.366e-03 1.001e-02 9.480e-03 val=1.070e-02 9.787e-03 8.772e-03 9.429e-03 9.163e-03 mse_ch train=5.773e-03 7.034e-03 4.142e-03 2.849e-03 2.887e-03 val=1.688e-04 2.523e-04 2.283e-04 2.577e-04 2.335e-04
Epoch 4/4 done | loss=nmse train=1.3790e+01 val=7.7252e-01 mae=9.5702e-03 mse=2.2811e-04 lr=1.31e-03
2026-07-18 08:11:38,789 | INFO | Run complete | run_name=NO_I3O5_BCF16_NMSE_HC128_LR2e-03_WD0e+00_L1P1e-08_SS1_G9e-01_ch0u_260717 run_id=NO_I3O5_BCF16_NMSE_HC128_LR2e-03_WD0e+00_L1P1e-08_SS1_G9e-01_ch0u_260717 best_val_loss=2.336366e-01
2026-07-18 08:11:38,789 | INFO | Artifacts saved to: D:\Research\NO-2D-Metamaterials\MODELS\training_runs\NO_I3O5_BCF16_NMSE_HC128_LR2e-03_WD0e+00_L1P1e-08_SS1_G9e-01_ch0u_260717
Run complete. run_name=NO_I3O5_BCF16_NMSE_HC128_LR2e-03_WD0e+00_L1P1e-08_SS1_G9e-01_ch0u_260717 run_id=NO_I3O5_BCF16_NMSE_HC128_LR2e-03_WD0e+00_L1P1e-08_SS1_G9e-01_ch0u_260717 best_val_loss=2.336366e-01
Artifacts saved to: D:\Research\NO-2D-Metamaterials\MODELS\training_runs\NO_I3O5_BCF16_NMSE_HC128_LR2e-03_WD0e+00_L1P1e-08_SS1_G9e-01_ch0u_260717
