26/07/01  3:43:17.34 | === branch from 0626 E11, beta=1e-2, ep 12-16, LR=epoch-12 (5.649e-4) === 
26/07/01  3:43:17.34 | prior run (epochs 1-11): D:\Research\NO-2D-Metamaterials\MODELS\training_runs\NO_I3O5_BCF16_SL1_HC128_LR2e-03_WD0e+00_SS1_G9e-01_ch0u_260626 
2026-07-01 03:43:45,961 | INFO | Huber/SmoothL1 beta=1.000000e-02
2026-07-01 03:43:45,962 | INFO | Reference L1/MSE logging enabled | active_loss=smoothl1 compare_col=mse
D:\Research\NO-2D-Metamaterials\train_from_disk.py:1405: FutureWarning: `torch.cuda.amp.GradScaler(args...)` is deprecated. Please use `torch.amp.GradScaler('cuda', args...)` instead.
  scaler = torch.cuda.amp.GradScaler(enabled=(device.type == "cuda" and args.amp == "fp16"))
2026-07-01 03:43:47,682 | INFO | Loaded weights from D:\Research\NO-2D-Metamaterials\MODELS\training_runs\NO_I3O5_BCF16_SL1_HC128_LR2e-03_WD0e+00_SS1_G9e-01_ch0u_260609\NO_I3O5_BCF16_SL1_HC128_LR2e-03_WD0e+00_SS1_G9e-01_ch0u_260609_E11.pth; continuing at epoch=12.
2026-07-01 03:43:47,682 | INFO | Branched run: epochs 1-11 checkpoints/metrics were copied from prior run D:\Research\NO-2D-Metamaterials\MODELS\training_runs\NO_I3O5_BCF16_SL1_HC128_LR2e-03_WD0e+00_SS1_G9e-01_ch0u_260626; epochs > 11 in this folder will be replaced by this continuation.
2026-07-01 03:43:47,687 | INFO | Run started | run_name=NO_I3O5_BCF16_SL1_HC128_LR2e-03_WD0e+00_SS1_G9e-01_ch0u_260609 run_id=NO_I3O5_BCF16_SL1_HC128_LR2e-03_WD0e+00_SS1_G9e-01_ch0u_260609 device=cuda train_samples=18720000 test_samples=3900000 val_index_source=indices_full epoch_range=12..16
2026-07-01 03:43:47,687 | INFO | Prior run reference | epochs 1-11 canonical location: D:\Research\NO-2D-Metamaterials\MODELS\training_runs\NO_I3O5_BCF16_SL1_HC128_LR2e-03_WD0e+00_SS1_G9e-01_ch0u_260626
2026-07-01 03:43:47,687 | INFO | Fault diagnostics | main_fault_log=D:\Research\NO-2D-Metamaterials\MODELS\training_runs\NO_I3O5_BCF16_SL1_HC128_LR2e-03_WD0e+00_SS1_G9e-01_ch0u_260609\main_process_fault.log

01/07/2026  3:51:37.17 | Run folder renamed 260609 -> 260701; resuming from E11
26/07/01  3:51:37.26 | prior run (epochs 1-11): D:\Research\NO-2D-Metamaterials\MODELS\training_runs\NO_I3O5_BCF16_SL1_HC128_LR2e-03_WD0e+00_SS1_G9e-01_ch0u_260626 
Traceback (most recent call last):
  File "D:\Research\NO-2D-Metamaterials\train_from_disk.py", line 2057, in <module>
    main()
  File "D:\Research\NO-2D-Metamaterials\train_from_disk.py", line 1269, in main
    raise FileExistsError(f"--output-run-dir already exists: {output_run_dir}")
FileExistsError: --output-run-dir already exists: D:\Research\NO-2D-Metamaterials\MODELS\training_runs\NO_I3O5_BCF16_SL1_HC128_LR2e-03_WD0e+00_SS1_G9e-01_ch0u_260701
26/07/01  3:51:39.33 | === resume 260701 from E11, beta=1e-2, ep 12-16 === 
2026-07-01 03:51:51,885 | INFO | Huber/SmoothL1 beta=1.000000e-02
2026-07-01 03:51:51,886 | INFO | Reference L1/MSE logging enabled | active_loss=smoothl1 compare_col=mse
D:\Research\NO-2D-Metamaterials\train_from_disk.py:1405: FutureWarning: `torch.cuda.amp.GradScaler(args...)` is deprecated. Please use `torch.amp.GradScaler('cuda', args...)` instead.
  scaler = torch.cuda.amp.GradScaler(enabled=(device.type == "cuda" and args.amp == "fp16"))
2026-07-01 03:51:52,429 | INFO | Loaded weights from D:\Research\NO-2D-Metamaterials\MODELS\training_runs\NO_I3O5_BCF16_SL1_HC128_LR2e-03_WD0e+00_SS1_G9e-01_ch0u_260701\NO_I3O5_BCF16_SL1_HC128_LR2e-03_WD0e+00_SS1_G9e-01_ch0u_260701_E11.pth; continuing at epoch=12.
2026-07-01 03:51:52,433 | INFO | Run started | run_name=NO_I3O5_BCF16_SL1_HC128_LR2e-03_WD0e+00_SS1_G9e-01_ch0u_260701 run_id=NO_I3O5_BCF16_SL1_HC128_LR2e-03_WD0e+00_SS1_G9e-01_ch0u_260701 device=cuda train_samples=18720000 test_samples=3900000 val_index_source=indices_full epoch_range=12..16
2026-07-01 03:51:52,434 | INFO | Fault diagnostics | main_fault_log=D:\Research\NO-2D-Metamaterials\MODELS\training_runs\NO_I3O5_BCF16_SL1_HC128_LR2e-03_WD0e+00_SS1_G9e-01_ch0u_260701\main_process_fault.log
E12/16 B200/36000 batch_loss=5.3377e-04
E12/16 B400/36000 batch_loss=1.0629e-03
E12/16 B600/36000 batch_loss=1.0333e-03
E12/16 B800/36000 batch_loss=9.5609e-04
E12/16 B1000/36000 batch_loss=9.9526e-04
E12/16 B1200/36000 batch_loss=5.5829e-04
E12/16 B1400/36000 batch_loss=5.4447e-04
E12/16 B1600/36000 batch_loss=9.9672e-04
E12/16 B1800/36000 batch_loss=9.8866e-04
E12/16 B2000/36000 batch_loss=5.5177e-04
E12/16 B2200/36000 batch_loss=9.8124e-04
E12/16 B2400/36000 batch_loss=9.3424e-04
E12/16 B2600/36000 batch_loss=3.8437e-04
E12/16 B2800/36000 batch_loss=1.0832e-03
E12/16 B3000/36000 batch_loss=5.9691e-04
E12/16 B3200/36000 batch_loss=1.1422e-03
E12/16 B3400/36000 batch_loss=1.0968e-03
E12/16 B3600/36000 batch_loss=4.7396e-04
E12/16 B3800/36000 batch_loss=1.0724e-03
E12/16 B4000/36000 batch_loss=9.7965e-04
E12/16 B4200/36000 batch_loss=1.0595e-03
E12/16 B4400/36000 batch_loss=5.3460e-04
E12/16 B4600/36000 batch_loss=1.0101e-03
E12/16 B4800/36000 batch_loss=9.3598e-04
E12/16 B5000/36000 batch_loss=4.7685e-04
E12/16 B5200/36000 batch_loss=4.9693e-04
E12/16 B5400/36000 batch_loss=9.4979e-04
E12/16 B5600/36000 batch_loss=5.7191e-04
E12/16 B5800/36000 batch_loss=5.1543e-04
E12/16 B6000/36000 batch_loss=5.4224e-04
E12/16 B6200/36000 batch_loss=5.8448e-04
E12/16 B6400/36000 batch_loss=1.0448e-03
E12/16 B6600/36000 batch_loss=6.5876e-04
E12/16 B6800/36000 batch_loss=5.1443e-04
E12/16 B7000/36000 batch_loss=8.6739e-04
E12/16 B7200/36000 batch_loss=5.0161e-04
E12/16 B7400/36000 batch_loss=5.0419e-04
E12/16 B7600/36000 batch_loss=5.8819e-04
E12/16 B7800/36000 batch_loss=5.7493e-04
E12/16 B8000/36000 batch_loss=6.1577e-04
E12/16 B8200/36000 batch_loss=1.0814e-03
E12/16 B8400/36000 batch_loss=9.5037e-04
E12/16 B8600/36000 batch_loss=5.2266e-04
E12/16 B8800/36000 batch_loss=5.7899e-04
E12/16 B9000/36000 batch_loss=1.0022e-03
E12/16 B9200/36000 batch_loss=5.5470e-04
E12/16 B9400/36000 batch_loss=1.0914e-03
E12/16 B9600/36000 batch_loss=1.1196e-03
E12/16 B9800/36000 batch_loss=1.0698e-03
E12/16 B10000/36000 batch_loss=4.7685e-04
E12/16 B10200/36000 batch_loss=4.8512e-04
E12/16 B10400/36000 batch_loss=5.0302e-04
E12/16 B10600/36000 batch_loss=5.2476e-04
E12/16 B10800/36000 batch_loss=9.2793e-04
E12/16 B11000/36000 batch_loss=4.9432e-04
E12/16 B11200/36000 batch_loss=4.9259e-04
E12/16 B11400/36000 batch_loss=9.9237e-04
E12/16 B11600/36000 batch_loss=5.2341e-04
E12/16 B11800/36000 batch_loss=9.0978e-04
E12/16 B12000/36000 batch_loss=1.0216e-03
E12/16 B12200/36000 batch_loss=9.4140e-04
E12/16 B12400/36000 batch_loss=9.8014e-04
E12/16 B12600/36000 batch_loss=5.3317e-04
E12/16 B12800/36000 batch_loss=4.9053e-04
E12/16 B13000/36000 batch_loss=4.5865e-04
E12/16 B13200/36000 batch_loss=7.2435e-04
E12/16 B13400/36000 batch_loss=1.0402e-03
E12/16 B13600/36000 batch_loss=5.7861e-04
E12/16 B13800/36000 batch_loss=5.5878e-04
E12/16 B14000/36000 batch_loss=1.1003e-03
E12/16 B14200/36000 batch_loss=6.3930e-04
E12/16 B14400/36000 batch_loss=1.0921e-03
E12/16 B14600/36000 batch_loss=6.7406e-04
E12/16 B14800/36000 batch_loss=5.3765e-04
E12/16 B15000/36000 batch_loss=9.4022e-04
E12/16 B15200/36000 batch_loss=9.6768e-04
E12/16 B15400/36000 batch_loss=1.1517e-03
E12/16 B15600/36000 batch_loss=6.0561e-04
E12/16 B15800/36000 batch_loss=1.0319e-03
E12/16 B16000/36000 batch_loss=5.6762e-04
E12/16 B16200/36000 batch_loss=9.4185e-04
E12/16 B16400/36000 batch_loss=6.9137e-04
E12/16 B16600/36000 batch_loss=1.0538e-03
E12/16 B16800/36000 batch_loss=1.1533e-03
E12/16 B17000/36000 batch_loss=5.1639e-04
E12/16 B17200/36000 batch_loss=1.0238e-03
E12/16 B17400/36000 batch_loss=5.6822e-04
E12/16 B17600/36000 batch_loss=9.3001e-04
E12/16 B17800/36000 batch_loss=5.9136e-04
E12/16 B18000/36000 batch_loss=1.1654e-03
E12/16 B18200/36000 batch_loss=5.9352e-04
E12/16 B18400/36000 batch_loss=1.2094e-03
E12/16 B18600/36000 batch_loss=1.0690e-03
E12/16 B18800/36000 batch_loss=9.4651e-04
E12/16 B19000/36000 batch_loss=1.0096e-03
E12/16 B19200/36000 batch_loss=5.1426e-04
E12/16 B19400/36000 batch_loss=5.6983e-04
E12/16 B19600/36000 batch_loss=5.2912e-04
E12/16 B19800/36000 batch_loss=5.3202e-04
E12/16 B20000/36000 batch_loss=1.4131e-03
E12/16 B20200/36000 batch_loss=6.0354e-04
E12/16 B20400/36000 batch_loss=9.4720e-04
E12/16 B20600/36000 batch_loss=9.0081e-04
E12/16 B20800/36000 batch_loss=8.9687e-04
E12/16 B21000/36000 batch_loss=4.9379e-04
E12/16 B21200/36000 batch_loss=1.1067e-03
E12/16 B21400/36000 batch_loss=4.7510e-04
E12/16 B21600/36000 batch_loss=6.2580e-04
E12/16 B21800/36000 batch_loss=5.0515e-04
E12/16 B22000/36000 batch_loss=9.2655e-04
E12/16 B22200/36000 batch_loss=4.8151e-04
E12/16 B22400/36000 batch_loss=9.7488e-04
E12/16 B22600/36000 batch_loss=5.0441e-04
E12/16 B22800/36000 batch_loss=5.4095e-04
E12/16 B23000/36000 batch_loss=9.5787e-04
E12/16 B23200/36000 batch_loss=4.9668e-04
E12/16 B23400/36000 batch_loss=6.0969e-04
E12/16 B23600/36000 batch_loss=5.8380e-04
E12/16 B23800/36000 batch_loss=9.5342e-04
E12/16 B24000/36000 batch_loss=1.0309e-03
E12/16 B24200/36000 batch_loss=5.5064e-04
E12/16 B24400/36000 batch_loss=1.0266e-03
E12/16 B24600/36000 batch_loss=5.0910e-04
E12/16 B24800/36000 batch_loss=9.7150e-04
E12/16 B25000/36000 batch_loss=1.0295e-03
E12/16 B25200/36000 batch_loss=1.0005e-03
E12/16 B25400/36000 batch_loss=1.0641e-03
E12/16 B25600/36000 batch_loss=6.0797e-04
E12/16 B25800/36000 batch_loss=5.4405e-04
E12/16 B26000/36000 batch_loss=4.8632e-04
E12/16 B26200/36000 batch_loss=5.6579e-04
E12/16 B26400/36000 batch_loss=5.3072e-04
E12/16 B26600/36000 batch_loss=1.0882e-03
E12/16 B26800/36000 batch_loss=5.5572e-04
E12/16 B27000/36000 batch_loss=9.1792e-04
E12/16 B27200/36000 batch_loss=1.0218e-03
E12/16 B27400/36000 batch_loss=5.8414e-04
E12/16 B27600/36000 batch_loss=4.6219e-04
E12/16 B27800/36000 batch_loss=6.0871e-04
E12/16 B28000/36000 batch_loss=1.2191e-03
E12/16 B28200/36000 batch_loss=1.0628e-03
E12/16 B28400/36000 batch_loss=5.4317e-04
E12/16 B28600/36000 batch_loss=1.1028e-03
E12/16 B28800/36000 batch_loss=9.6245e-04
E12/16 B29000/36000 batch_loss=1.0167e-03
E12/16 B29200/36000 batch_loss=5.4109e-04
E12/16 B29400/36000 batch_loss=4.8798e-04
E12/16 B29600/36000 batch_loss=9.8147e-04
E12/16 B29800/36000 batch_loss=5.5271e-04
E12/16 B30000/36000 batch_loss=9.2828e-04
E12/16 B30200/36000 batch_loss=9.9024e-04
E12/16 B30400/36000 batch_loss=4.8079e-04
E12/16 B30600/36000 batch_loss=9.5570e-04
E12/16 B30800/36000 batch_loss=5.3508e-04
E12/16 B31000/36000 batch_loss=5.8555e-04
E12/16 B31200/36000 batch_loss=9.3478e-04
E12/16 B31400/36000 batch_loss=1.1020e-03
E12/16 B31600/36000 batch_loss=9.6360e-04
E12/16 B31800/36000 batch_loss=1.0147e-03
E12/16 B32000/36000 batch_loss=5.6745e-04
E12/16 B32200/36000 batch_loss=5.2990e-04
E12/16 B32400/36000 batch_loss=4.3483e-04
E12/16 B32600/36000 batch_loss=4.5401e-04
E12/16 B32800/36000 batch_loss=1.0907e-03
E12/16 B33000/36000 batch_loss=5.7403e-04
E12/16 B33200/36000 batch_loss=6.5037e-04
E12/16 B33400/36000 batch_loss=1.1502e-03
E12/16 B33600/36000 batch_loss=9.8309e-04
E12/16 B33800/36000 batch_loss=5.4134e-04
E12/16 B34000/36000 batch_loss=5.6592e-04
E12/16 B34200/36000 batch_loss=5.6354e-04
E12/16 B34400/36000 batch_loss=6.5982e-04
E12/16 B34600/36000 batch_loss=5.5539e-04
E12/16 B34800/36000 batch_loss=1.0236e-03
E12/16 B35000/36000 batch_loss=1.0842e-03
E12/16 B35200/36000 batch_loss=9.8488e-04
E12/16 B35400/36000 batch_loss=4.1637e-04
E12/16 B35600/36000 batch_loss=4.5561e-04
E12/16 B35800/36000 batch_loss=1.0075e-03
E12/16 B36000/36000 batch_loss=5.1755e-04
2026-07-01 07:30:46,903 | INFO | Saved 10 diagnostic panel(s) under D:\Research\NO-2D-Metamaterials\MODELS\training_runs\NO_I3O5_BCF16_SL1_HC128_LR2e-03_WD0e+00_SS1_G9e-01_ch0u_260701\diagnostics\epoch_012
epoch=12/16 train_loss=7.722232e-04 val_loss=1.135786e-03 lr=5.084e-04 train_sps=1531.8
epoch=12/16 compare_loss(mse) train=3.576830e-05 val=5.579241e-05
epoch=12/16 ref_l1 train=1.761152e-03 val=2.262234e-03 ref_mse train=3.576830e-05 val=5.579241e-05
2026-07-01 07:30:48,365 | INFO | epoch=12/16 loss=smoothl1 train_ch_smoothl1=5.293e-05 7.757e-04 7.148e-04 1.231e-03 1.086e-03 val_ch_smoothl1=2.006e-04 1.179e-03 1.115e-03 1.670e-03 1.515e-03 train_loss=7.722232e-04 val_loss=1.135786e-03 lr=5.084e-04 train_sps=1531.8
2026-07-01 07:30:48,365 | INFO | epoch=12/16 compare_loss=mse train=3.576830e-05 val=5.579241e-05 train_ch_mse=5.395e-06 3.443e-05 3.223e-05 5.732e-05 4.947e-05 val_ch_mse=2.627e-05 5.314e-05 5.101e-05 7.873e-05 6.981e-05
2026-07-01 07:30:48,365 | INFO | epoch=12/16 ref_l1 train=1.761152e-03 val=2.262234e-03 ref_mse train=3.576830e-05 val=5.579241e-05
Epoch 12/16 done | train_loss=7.7222e-04 val_loss=1.1358e-03 lr=5.08e-04
E13/16 B200/36000 batch_loss=5.5098e-04
E13/16 B400/36000 batch_loss=1.1019e-03
E13/16 B600/36000 batch_loss=1.0401e-03
E13/16 B800/36000 batch_loss=5.6088e-04
E13/16 B1000/36000 batch_loss=9.6878e-04
E13/16 B1200/36000 batch_loss=7.9615e-04
E13/16 B1400/36000 batch_loss=6.1133e-04
E13/16 B1600/36000 batch_loss=5.0736e-04
E13/16 B1800/36000 batch_loss=9.7122e-04
E13/16 B2000/36000 batch_loss=8.2029e-04
E13/16 B2200/36000 batch_loss=4.6474e-04
E13/16 B2400/36000 batch_loss=8.8748e-04
E13/16 B2600/36000 batch_loss=7.9946e-04
E13/16 B2800/36000 batch_loss=5.7659e-04
E13/16 B3000/36000 batch_loss=1.0412e-03
E13/16 B3200/36000 batch_loss=9.1543e-04
E13/16 B3400/36000 batch_loss=5.8385e-04
E13/16 B3600/36000 batch_loss=5.6582e-04
E13/16 B3800/36000 batch_loss=1.0529e-03
E13/16 B4000/36000 batch_loss=5.8858e-04
E13/16 B4200/36000 batch_loss=4.9656e-04
E13/16 B4400/36000 batch_loss=4.4823e-04
E13/16 B4600/36000 batch_loss=9.8576e-04
E13/16 B4800/36000 batch_loss=8.7773e-04
E13/16 B5000/36000 batch_loss=6.7648e-04
E13/16 B5200/36000 batch_loss=8.5755e-04
E13/16 B5400/36000 batch_loss=5.0851e-04
E13/16 B5600/36000 batch_loss=6.4054e-04
E13/16 B5800/36000 batch_loss=7.2140e-04
E13/16 B6000/36000 batch_loss=6.4719e-04
E13/16 B6200/36000 batch_loss=9.1521e-04
E13/16 B6400/36000 batch_loss=4.3632e-04
E13/16 B6600/36000 batch_loss=5.7861e-04
E13/16 B6800/36000 batch_loss=5.1823e-04
E13/16 B7000/36000 batch_loss=9.5925e-04
E13/16 B7200/36000 batch_loss=5.1241e-04
E13/16 B7400/36000 batch_loss=8.4824e-04
E13/16 B7600/36000 batch_loss=5.3155e-04
E13/16 B7800/36000 batch_loss=5.3234e-04
E13/16 B8000/36000 batch_loss=9.8400e-04
E13/16 B8200/36000 batch_loss=1.0513e-03
E13/16 B8400/36000 batch_loss=1.0025e-03
E13/16 B8600/36000 batch_loss=7.8368e-04
E13/16 B8800/36000 batch_loss=6.3673e-04
E13/16 B9000/36000 batch_loss=5.1629e-04
E13/16 B9200/36000 batch_loss=4.7261e-04
E13/16 B9400/36000 batch_loss=9.3058e-04
E13/16 B9600/36000 batch_loss=5.0998e-04
E13/16 B9800/36000 batch_loss=1.0925e-03
E13/16 B10000/36000 batch_loss=7.9697e-04
E13/16 B10200/36000 batch_loss=5.7062e-04
E13/16 B10400/36000 batch_loss=5.1976e-04
E13/16 B10600/36000 batch_loss=9.8088e-04
E13/16 B10800/36000 batch_loss=5.5927e-04
E13/16 B11000/36000 batch_loss=5.0660e-04
E13/16 B11200/36000 batch_loss=9.7753e-04
E13/16 B11400/36000 batch_loss=4.5635e-04
E13/16 B11600/36000 batch_loss=8.8070e-04
E13/16 B11800/36000 batch_loss=5.3125e-04
E13/16 B12000/36000 batch_loss=5.9790e-04
E13/16 B12200/36000 batch_loss=8.8487e-04
E13/16 B12400/36000 batch_loss=9.4651e-04
E13/16 B12600/36000 batch_loss=1.0686e-03
E13/16 B12800/36000 batch_loss=5.4427e-04
E13/16 B13000/36000 batch_loss=9.3565e-04
E13/16 B13200/36000 batch_loss=9.5798e-04
E13/16 B13400/36000 batch_loss=4.4726e-04
E13/16 B13600/36000 batch_loss=4.6492e-04
E13/16 B13800/36000 batch_loss=8.7720e-04
E13/16 B14000/36000 batch_loss=1.0292e-03
E13/16 B14200/36000 batch_loss=1.1432e-03
E13/16 B14400/36000 batch_loss=9.4038e-04
E13/16 B14600/36000 batch_loss=9.2844e-04
E13/16 B14800/36000 batch_loss=5.8174e-04
E13/16 B15000/36000 batch_loss=4.1259e-04
E13/16 B15200/36000 batch_loss=5.3051e-04
E13/16 B15400/36000 batch_loss=7.3033e-04
E13/16 B15600/36000 batch_loss=9.8315e-04
E13/16 B15800/36000 batch_loss=5.6097e-04
E13/16 B16000/36000 batch_loss=1.0219e-03
E13/16 B16200/36000 batch_loss=4.9254e-04
E13/16 B16400/36000 batch_loss=4.9669e-04
E13/16 B16600/36000 batch_loss=9.1993e-04
E13/16 B16800/36000 batch_loss=1.0578e-03
E13/16 B17000/36000 batch_loss=5.2514e-04
E13/16 B17200/36000 batch_loss=5.8774e-04
E13/16 B17400/36000 batch_loss=6.1025e-04
E13/16 B17600/36000 batch_loss=9.4303e-04
E13/16 B17800/36000 batch_loss=4.6228e-04
E13/16 B18000/36000 batch_loss=4.6330e-04
E13/16 B18200/36000 batch_loss=6.1495e-04
E13/16 B18400/36000 batch_loss=4.9871e-04
E13/16 B18600/36000 batch_loss=5.9062e-04
E13/16 B18800/36000 batch_loss=1.0335e-03
E13/16 B19000/36000 batch_loss=6.7072e-04
E13/16 B19200/36000 batch_loss=1.1040e-03
E13/16 B19400/36000 batch_loss=5.5999e-04
E13/16 B19600/36000 batch_loss=1.1572e-03
E13/16 B19800/36000 batch_loss=4.8618e-04
E13/16 B20000/36000 batch_loss=9.4965e-04
E13/16 B20200/36000 batch_loss=1.0596e-03
E13/16 B20400/36000 batch_loss=5.8330e-04
E13/16 B20600/36000 batch_loss=9.3217e-04
E13/16 B20800/36000 batch_loss=9.2004e-04
E13/16 B21000/36000 batch_loss=1.0986e-03
E13/16 B21200/36000 batch_loss=9.0174e-04
E13/16 B21400/36000 batch_loss=9.7459e-04
E13/16 B21600/36000 batch_loss=4.9145e-04
E13/16 B21800/36000 batch_loss=5.4871e-04
E13/16 B22000/36000 batch_loss=5.1039e-04
E13/16 B22200/36000 batch_loss=5.7715e-04
E13/16 B22400/36000 batch_loss=9.7911e-04
E13/16 B22600/36000 batch_loss=5.1991e-04
E13/16 B22800/36000 batch_loss=6.0820e-04
E13/16 B23000/36000 batch_loss=5.5028e-04
E13/16 B23200/36000 batch_loss=5.6196e-04
E13/16 B23400/36000 batch_loss=9.5928e-04
E13/16 B23600/36000 batch_loss=5.4791e-04
E13/16 B23800/36000 batch_loss=5.8508e-04
E13/16 B24000/36000 batch_loss=9.1325e-04
E13/16 B24200/36000 batch_loss=9.8963e-04
E13/16 B24400/36000 batch_loss=9.5956e-04
E13/16 B24600/36000 batch_loss=1.0236e-03
E13/16 B24800/36000 batch_loss=4.9152e-04
E13/16 B25000/36000 batch_loss=9.7126e-04
E13/16 B25200/36000 batch_loss=4.3819e-04
E13/16 B25400/36000 batch_loss=3.9336e-04
E13/16 B25600/36000 batch_loss=8.6475e-04
E13/16 B25800/36000 batch_loss=9.2943e-04
E13/16 B26000/36000 batch_loss=5.5416e-04
E13/16 B26200/36000 batch_loss=9.1111e-04
E13/16 B26400/36000 batch_loss=4.7426e-04
E13/16 B26600/36000 batch_loss=9.1369e-04
E13/16 B26800/36000 batch_loss=5.2075e-04
E13/16 B27000/36000 batch_loss=9.3522e-04
E13/16 B27200/36000 batch_loss=9.0279e-04
E13/16 B27400/36000 batch_loss=5.3704e-04
E13/16 B27600/36000 batch_loss=1.0211e-03
E13/16 B27800/36000 batch_loss=3.9938e-04
E13/16 B28000/36000 batch_loss=1.0665e-03
E13/16 B28200/36000 batch_loss=9.9647e-04
E13/16 B28400/36000 batch_loss=5.5149e-04
E13/16 B28600/36000 batch_loss=6.7013e-04
E13/16 B28800/36000 batch_loss=9.0165e-04
E13/16 B29000/36000 batch_loss=6.4881e-04
E13/16 B29200/36000 batch_loss=4.8904e-04
E13/16 B29400/36000 batch_loss=4.3102e-04
E13/16 B29600/36000 batch_loss=7.2460e-04
E13/16 B29800/36000 batch_loss=1.1123e-03
E13/16 B30000/36000 batch_loss=5.9748e-04
E13/16 B30200/36000 batch_loss=9.0561e-04
E13/16 B30400/36000 batch_loss=5.3401e-04
E13/16 B30600/36000 batch_loss=9.4452e-04
E13/16 B30800/36000 batch_loss=4.8167e-04
E13/16 B31000/36000 batch_loss=5.2184e-04
E13/16 B31200/36000 batch_loss=6.4034e-04
E13/16 B31400/36000 batch_loss=9.2239e-04
E13/16 B31600/36000 batch_loss=5.6736e-04
E13/16 B31800/36000 batch_loss=1.0075e-03
E13/16 B32000/36000 batch_loss=5.4798e-04
E13/16 B32200/36000 batch_loss=1.0392e-03
E13/16 B32400/36000 batch_loss=9.7438e-04
E13/16 B32600/36000 batch_loss=9.3096e-04
E13/16 B32800/36000 batch_loss=5.2176e-04
E13/16 B33000/36000 batch_loss=1.0829e-03
E13/16 B33200/36000 batch_loss=8.8784e-04
E13/16 B33400/36000 batch_loss=8.9874e-04
E13/16 B33600/36000 batch_loss=1.0006e-03
E13/16 B33800/36000 batch_loss=5.1639e-04
E13/16 B34000/36000 batch_loss=1.0705e-03
E13/16 B34200/36000 batch_loss=5.2926e-04
E13/16 B34400/36000 batch_loss=1.0125e-03
E13/16 B34600/36000 batch_loss=9.0753e-04
E13/16 B34800/36000 batch_loss=8.6936e-04
E13/16 B35000/36000 batch_loss=5.9024e-04
E13/16 B35200/36000 batch_loss=5.7630e-04
E13/16 B35400/36000 batch_loss=1.0345e-03
E13/16 B35600/36000 batch_loss=8.8489e-04
E13/16 B35800/36000 batch_loss=1.0388e-03
E13/16 B36000/36000 batch_loss=5.2793e-04
2026-07-01 11:14:19,643 | INFO | Saved 10 diagnostic panel(s) under D:\Research\NO-2D-Metamaterials\MODELS\training_runs\NO_I3O5_BCF16_SL1_HC128_LR2e-03_WD0e+00_SS1_G9e-01_ch0u_260701\diagnostics\epoch_013
epoch=13/16 train_loss=7.457673e-04 val_loss=1.138870e-03 lr=4.575e-04 train_sps=1508.2
epoch=13/16 compare_loss(mse) train=3.438844e-05 val=5.838513e-05
epoch=13/16 ref_l1 train=1.734832e-03 val=2.262457e-03 ref_mse train=3.438844e-05 val=5.838513e-05
2026-07-01 11:14:20,856 | INFO | epoch=13/16 loss=smoothl1 train_ch_smoothl1=4.907e-05 7.470e-04 6.873e-04 1.193e-03 1.053e-03 val_ch_smoothl1=2.373e-04 1.173e-03 1.110e-03 1.664e-03 1.510e-03 train_loss=7.457673e-04 val_loss=1.138870e-03 lr=4.575e-04 train_sps=1508.2
2026-07-01 11:14:20,856 | INFO | epoch=13/16 compare_loss=mse train=3.438844e-05 val=5.838513e-05 train_ch_mse=5.320e-06 3.292e-05 3.076e-05 5.526e-05 4.768e-05 val_ch_mse=3.929e-05 5.301e-05 5.086e-05 7.900e-05 6.977e-05
2026-07-01 11:14:20,856 | INFO | epoch=13/16 ref_l1 train=1.734832e-03 val=2.262457e-03 ref_mse train=3.438844e-05 val=5.838513e-05
Epoch 13/16 done | train_loss=7.4577e-04 val_loss=1.1389e-03 lr=4.58e-04
E14/16 B200/36000 batch_loss=5.8671e-04
E14/16 B400/36000 batch_loss=5.3413e-04
E14/16 B600/36000 batch_loss=8.5258e-04
E14/16 B800/36000 batch_loss=5.0469e-04
E14/16 B1000/36000 batch_loss=1.0832e-03
E14/16 B1200/36000 batch_loss=9.2199e-04
E14/16 B1400/36000 batch_loss=1.0123e-03
E14/16 B1600/36000 batch_loss=9.4421e-04
E14/16 B1800/36000 batch_loss=5.7309e-04
E14/16 B2000/36000 batch_loss=5.5335e-04
E14/16 B2200/36000 batch_loss=1.0041e-03
E14/16 B2400/36000 batch_loss=1.0136e-03
E14/16 B2600/36000 batch_loss=4.5126e-04
E14/16 B2800/36000 batch_loss=8.0314e-04
E14/16 B3000/36000 batch_loss=9.6146e-04
E14/16 B3200/36000 batch_loss=8.9340e-04
2026-07-01 11:38:43,379 | ERROR | Training failed
Traceback (most recent call last):
  File "C:\ProgramData\anaconda3\envs\NO_2D_Metamaterials\Lib\site-packages\torch\utils\data\dataloader.py", line 1243, in _try_get_data
    data = self._data_queue.get(timeout=timeout)
           ^^^^^^^^^^^^^^^^^^^^^^^^^^^^^^^^^^^^^
  File "C:\ProgramData\anaconda3\envs\NO_2D_Metamaterials\Lib\queue.py", line 179, in get
    raise Empty
_queue.Empty

The above exception was the direct cause of the following exception:

Traceback (most recent call last):
  File "D:\Research\NO-2D-Metamaterials\train_from_disk.py", line 1742, in main
    for batch_idx, (xb, yb) in enumerate(train_loader, start=1):
  File "C:\ProgramData\anaconda3\envs\NO_2D_Metamaterials\Lib\site-packages\torch\utils\data\dataloader.py", line 701, in __next__
    data = self._next_data()
           ^^^^^^^^^^^^^^^^^
  File "C:\ProgramData\anaconda3\envs\NO_2D_Metamaterials\Lib\site-packages\torch\utils\data\dataloader.py", line 1448, in _next_data
    idx, data = self._get_data()
                ^^^^^^^^^^^^^^^^
  File "C:\ProgramData\anaconda3\envs\NO_2D_Metamaterials\Lib\site-packages\torch\utils\data\dataloader.py", line 1393, in _get_data
    success, data = self._try_get_data(self._timeout)
                    ^^^^^^^^^^^^^^^^^^^^^^^^^^^^^^^^^
  File "C:\ProgramData\anaconda3\envs\NO_2D_Metamaterials\Lib\site-packages\torch\utils\data\dataloader.py", line 1256, in _try_get_data
    raise RuntimeError(
RuntimeError: DataLoader worker (pid(s) 23484) exited unexpectedly
Traceback (most recent call last):
  File "C:\ProgramData\anaconda3\envs\NO_2D_Metamaterials\Lib\site-packages\torch\utils\data\dataloader.py", line 1243, in _try_get_data
    data = self._data_queue.get(timeout=timeout)
           ^^^^^^^^^^^^^^^^^^^^^^^^^^^^^^^^^^^^^
  File "C:\ProgramData\anaconda3\envs\NO_2D_Metamaterials\Lib\queue.py", line 179, in get
    raise Empty
_queue.Empty

The above exception was the direct cause of the following exception:

Traceback (most recent call last):
  File "D:\Research\NO-2D-Metamaterials\train_from_disk.py", line 2057, in <module>
    main()
  File "D:\Research\NO-2D-Metamaterials\train_from_disk.py", line 1742, in main
    for batch_idx, (xb, yb) in enumerate(train_loader, start=1):
  File "C:\ProgramData\anaconda3\envs\NO_2D_Metamaterials\Lib\site-packages\torch\utils\data\dataloader.py", line 701, in __next__
    data = self._next_data()
           ^^^^^^^^^^^^^^^^^
  File "C:\ProgramData\anaconda3\envs\NO_2D_Metamaterials\Lib\site-packages\torch\utils\data\dataloader.py", line 1448, in _next_data
    idx, data = self._get_data()
                ^^^^^^^^^^^^^^^^
  File "C:\ProgramData\anaconda3\envs\NO_2D_Metamaterials\Lib\site-packages\torch\utils\data\dataloader.py", line 1393, in _get_data
    success, data = self._try_get_data(self._timeout)
                    ^^^^^^^^^^^^^^^^^^^^^^^^^^^^^^^^^
  File "C:\ProgramData\anaconda3\envs\NO_2D_Metamaterials\Lib\site-packages\torch\utils\data\dataloader.py", line 1256, in _try_get_data
    raise RuntimeError(
RuntimeError: DataLoader worker (pid(s) 23484) exited unexpectedly
26/07/01 11:39:10.34 | === finished exit=1 === 
