2026-07-11 02:54:17,776 | INFO | Perf backends | tf32=True cudnn_benchmark=True matmul_precision=high amp=bf16
2026-07-11 02:54:29,737 | INFO | L1 weight penalty lambda=1.000000e-08 (added to training loss)
2026-07-11 02:54:29,737 | INFO | NMAE epsilon=1.000000e-05
2026-07-11 02:54:29,737 | INFO | Loss logging: active=nmae; every epoch records train/val nmae, MAE, and MSE
2026-07-11 02:54:30,300 | INFO | Run started | run_name=NO_I3O5_BCF16_NMAE_HC128_LR2e-03_WD0e+00_L1P1e-08_SS1_G9e-01_ch0u_260711 run_id=NO_I3O5_BCF16_NMAE_HC128_LR2e-03_WD0e+00_L1P1e-08_SS1_G9e-01_ch0u_260711 device=cuda train_samples=18720000 test_samples=3900000 val_index_source=indices_full epoch_range=1..4
2026-07-11 02:54:30,300 | INFO | Fault diagnostics | main_fault_log=D:\Research\NO-2D-Metamaterials\MODELS\training_runs\NO_I3O5_BCF16_NMAE_HC128_LR2e-03_WD0e+00_L1P1e-08_SS1_G9e-01_ch0u_260711\main_process_fault.log
2026-07-11 06:21:04,628 | INFO | Saved 10 diagnostic panel(s) under D:\Research\NO-2D-Metamaterials\MODELS\training_runs\NO_I3O5_BCF16_NMAE_HC128_LR2e-03_WD0e+00_L1P1e-08_SS1_G9e-01_ch0u_260711\diagnostics\epoch_001
2026-07-11 06:21:06,117 | INFO | epoch=1/4 loss=nmae train_nmae=3.475439e-01 val_nmae=3.064816e-01 train_mae=3.372050e-03 val_mae=2.638329e-03 train_mse=8.132515e-05 val_mse=6.137769e-05 lr=1.800e-03 train_sps=1618.2
2026-07-11 06:21:06,117 | INFO | epoch=1/4 loss_ch_nmae train=2.529e-02 3.911e-01 4.051e-01 4.577e-01 4.586e-01 val=1.179e-02 3.396e-01 3.574e-01 4.106e-01 4.129e-01
2026-07-11 06:21:06,117 | INFO | epoch=1/4 mae_ch train=1.616e-03 3.604e-03 3.464e-03 4.200e-03 3.976e-03 val=7.365e-04 2.902e-03 2.793e-03 3.484e-03 3.276e-03 mse_ch train=2.632e-05 8.570e-05 8.114e-05 1.131e-04 1.004e-04 val=2.832e-06 6.580e-05 6.298e-05 9.344e-05 8.185e-05
2026-07-11 09:51:45,809 | INFO | Saved 10 diagnostic panel(s) under D:\Research\NO-2D-Metamaterials\MODELS\training_runs\NO_I3O5_BCF16_NMAE_HC128_LR2e-03_WD0e+00_L1P1e-08_SS1_G9e-01_ch0u_260711\diagnostics\epoch_002
2026-07-11 09:51:47,291 | INFO | epoch=2/4 loss=nmae train_nmae=2.605618e-01 val_nmae=2.878775e-01 train_mae=2.493297e-03 val_mae=2.499814e-03 train_mse=5.716544e-05 val_mse=5.665377e-05 lr=1.620e-03 train_sps=1584.7
2026-07-11 09:51:47,291 | INFO | epoch=2/4 loss_ch_nmae train=1.596e-02 2.875e-01 2.964e-01 3.531e-01 3.498e-01 val=1.370e-02 3.187e-01 3.261e-01 3.934e-01 3.875e-01
2026-07-11 09:51:47,291 | INFO | epoch=2/4 mae_ch train=1.018e-03 2.648e-03 2.530e-03 3.239e-03 3.031e-03 val=8.547e-04 2.714e-03 2.545e-03 3.318e-03 3.068e-03 mse_ch train=1.351e-05 5.778e-05 5.519e-05 8.498e-05 7.437e-05 val=4.831e-06 5.951e-05 5.666e-05 8.669e-05 7.558e-05
2026-07-11 13:35:47,174 | INFO | Saved 10 diagnostic panel(s) under D:\Research\NO-2D-Metamaterials\MODELS\training_runs\NO_I3O5_BCF16_NMAE_HC128_LR2e-03_WD0e+00_L1P1e-08_SS1_G9e-01_ch0u_260711\diagnostics\epoch_003
2026-07-11 13:35:48,703 | INFO | epoch=3/4 loss=nmae train_nmae=2.383173e-01 val_nmae=2.769692e-01 train_mae=2.280713e-03 val_mae=2.415206e-03 train_mse=5.131305e-05 val_mse=5.408945e-05 lr=1.458e-03 train_sps=1493.9
2026-07-11 13:35:48,703 | INFO | epoch=3/4 loss_ch_nmae train=1.464e-02 2.613e-01 2.678e-01 3.261e-01 3.217e-01 val=1.484e-02 3.021e-01 3.338e-01 3.674e-01 3.668e-01
2026-07-11 13:35:48,703 | INFO | epoch=3/4 mae_ch train=9.331e-04 2.406e-03 2.286e-03 2.991e-03 2.787e-03 val=8.985e-04 2.577e-03 2.575e-03 3.117e-03 2.908e-03 mse_ch train=1.313e-05 5.079e-05 4.824e-05 7.718e-05 6.723e-05 val=3.098e-06 5.684e-05 5.444e-05 8.316e-05 7.291e-05
2026-07-11 17:15:18,609 | INFO | Saved 10 diagnostic panel(s) under D:\Research\NO-2D-Metamaterials\MODELS\training_runs\NO_I3O5_BCF16_NMAE_HC128_LR2e-03_WD0e+00_L1P1e-08_SS1_G9e-01_ch0u_260711\diagnostics\epoch_004
2026-07-11 17:15:20,071 | INFO | epoch=4/4 loss=nmae train_nmae=2.232691e-01 val_nmae=2.655796e-01 train_mae=2.131606e-03 val_mae=2.314474e-03 train_mse=4.737402e-05 val_mse=5.321863e-05 lr=1.312e-03 train_sps=1516.8
2026-07-11 17:15:20,071 | INFO | epoch=4/4 loss_ch_nmae train=1.324e-02 2.436e-01 2.488e-01 3.080e-01 3.027e-01 val=1.330e-02 2.903e-01 3.046e-01 3.593e-01 3.604e-01
2026-07-11 17:15:20,071 | INFO | epoch=4/4 mae_ch train=8.442e-04 2.243e-03 2.124e-03 2.825e-03 2.622e-03 val=8.008e-04 2.486e-03 2.375e-03 3.051e-03 2.860e-03 mse_ch train=1.264e-05 4.626e-05 4.363e-05 7.195e-05 6.239e-05 val=2.933e-06 5.581e-05 5.308e-05 8.215e-05 7.212e-05
2026-07-11 17:15:20,347 | INFO | Run complete | run_name=NO_I3O5_BCF16_NMAE_HC128_LR2e-03_WD0e+00_L1P1e-08_SS1_G9e-01_ch0u_260711 run_id=NO_I3O5_BCF16_NMAE_HC128_LR2e-03_WD0e+00_L1P1e-08_SS1_G9e-01_ch0u_260711 best_val_loss=2.655796e-01
2026-07-11 17:15:20,347 | INFO | Artifacts saved to: D:\Research\NO-2D-Metamaterials\MODELS\training_runs\NO_I3O5_BCF16_NMAE_HC128_LR2e-03_WD0e+00_L1P1e-08_SS1_G9e-01_ch0u_260711
2026-07-11 21:44:17,233 | INFO | Perf backends | tf32=True cudnn_benchmark=True matmul_precision=high amp=bf16
2026-07-11 21:44:28,777 | INFO | L1 weight penalty lambda=1.000000e-08 (added to training loss)
2026-07-11 21:44:28,777 | INFO | NMAE epsilon=1.000000e-05
2026-07-11 21:44:28,777 | INFO | Loss logging: active=nmae; every epoch records train/val nmae, MAE, and MSE
2026-07-11 21:44:29,855 | INFO | Resumed full state from D:\Research\NO-2D-Metamaterials\MODELS\training_runs\NO_I3O5_BCF16_NMAE_HC128_LR2e-03_WD0e+00_L1P1e-08_SS1_G9e-01_ch0u_260711\training_state_latest.pt at epoch=4
2026-07-11 21:44:29,858 | INFO | Run started | run_name=NO_I3O5_BCF16_NMAE_HC128_LR2e-03_WD0e+00_L1P1e-08_SS1_G9e-01_ch0u_260711 run_id=NO_I3O5_BCF16_NMAE_HC128_LR2e-03_WD0e+00_L1P1e-08_SS1_G9e-01_ch0u_260711 device=cuda train_samples=18720000 test_samples=3900000 val_index_source=indices_full epoch_range=5..8
2026-07-11 21:44:29,858 | INFO | Fault diagnostics | main_fault_log=D:\Research\NO-2D-Metamaterials\MODELS\training_runs\NO_I3O5_BCF16_NMAE_HC128_LR2e-03_WD0e+00_L1P1e-08_SS1_G9e-01_ch0u_260711\main_process_fault.log
2026-07-12 01:28:49,919 | INFO | Saved 10 diagnostic panel(s) under D:\Research\NO-2D-Metamaterials\MODELS\training_runs\NO_I3O5_BCF16_NMAE_HC128_LR2e-03_WD0e+00_L1P1e-08_SS1_G9e-01_ch0u_260711\diagnostics\epoch_005
2026-07-12 01:28:51,454 | INFO | epoch=5/8 loss=nmae train_nmae=2.115829e-01 val_nmae=2.591768e-01 train_mae=2.019198e-03 val_mae=2.261452e-03 train_mse=4.441725e-05 val_mse=5.215827e-05 lr=1.181e-03 train_sps=1489.2
2026-07-12 01:28:51,454 | INFO | epoch=5/8 loss_ch_nmae train=1.245e-02 2.299e-01 2.342e-01 2.937e-01 2.876e-01 val=1.242e-02 2.819e-01 2.946e-01 3.527e-01 3.542e-01
2026-07-12 01:28:51,454 | INFO | epoch=5/8 mae_ch train=7.943e-04 2.117e-03 1.999e-03 2.694e-03 2.491e-03 val=7.996e-04 2.412e-03 2.297e-03 2.995e-03 2.804e-03 mse_ch train=1.238e-05 4.286e-05 4.016e-05 6.802e-05 5.866e-05 val=2.678e-06 5.440e-05 5.220e-05 8.043e-05 7.109e-05
2026-07-12 05:00:19,018 | INFO | Saved 10 diagnostic panel(s) under D:\Research\NO-2D-Metamaterials\MODELS\training_runs\NO_I3O5_BCF16_NMAE_HC128_LR2e-03_WD0e+00_L1P1e-08_SS1_G9e-01_ch0u_260711\diagnostics\epoch_006
2026-07-12 05:00:20,535 | INFO | epoch=6/8 loss=nmae train_nmae=2.021999e-01 val_nmae=2.578307e-01 train_mae=1.927514e-03 val_mae=2.267552e-03 train_mse=4.203187e-05 val_mse=5.222468e-05 lr=1.063e-03 train_sps=1578.6
2026-07-12 05:00:20,535 | INFO | epoch=6/8 loss_ch_nmae train=1.169e-02 2.191e-01 2.224e-01 2.821e-01 2.756e-01 val=1.468e-02 2.832e-01 2.908e-01 3.497e-01 3.508e-01
2026-07-12 05:00:20,535 | INFO | epoch=6/8 mae_ch train=7.461e-04 2.018e-03 1.898e-03 2.588e-03 2.388e-03 val=9.062e-04 2.416e-03 2.264e-03 2.971e-03 2.780e-03 mse_ch train=1.219e-05 4.009e-05 3.736e-05 6.487e-05 5.565e-05 val=3.258e-06 5.452e-05 5.136e-05 8.104e-05 7.095e-05
2026-07-12 08:31:54,910 | INFO | Saved 10 diagnostic panel(s) under D:\Research\NO-2D-Metamaterials\MODELS\training_runs\NO_I3O5_BCF16_NMAE_HC128_LR2e-03_WD0e+00_L1P1e-08_SS1_G9e-01_ch0u_260711\diagnostics\epoch_007
2026-07-12 08:31:56,315 | INFO | epoch=7/8 loss=nmae train_nmae=1.939690e-01 val_nmae=2.508100e-01 train_mae=1.847737e-03 val_mae=2.184736e-03 train_mse=4.003880e-05 val_mse=5.106156e-05 lr=9.566e-04 train_sps=1577.4
2026-07-12 08:31:56,315 | INFO | epoch=7/8 loss_ch_nmae train=1.108e-02 2.096e-01 2.124e-01 2.717e-01 2.651e-01 val=1.186e-02 2.737e-01 2.839e-01 3.423e-01 3.423e-01
2026-07-12 08:31:56,315 | INFO | epoch=7/8 mae_ch train=7.077e-04 1.930e-03 1.813e-03 2.492e-03 2.296e-03 val=7.527e-04 2.339e-03 2.213e-03 2.908e-03 2.711e-03 mse_ch train=1.203e-05 3.779e-05 3.504e-05 6.220e-05 5.313e-05 val=2.580e-06 5.333e-05 5.052e-05 7.943e-05 6.946e-05
2026-07-12 12:16:03,696 | INFO | Saved 10 diagnostic panel(s) under D:\Research\NO-2D-Metamaterials\MODELS\training_runs\NO_I3O5_BCF16_NMAE_HC128_LR2e-03_WD0e+00_L1P1e-08_SS1_G9e-01_ch0u_260711\diagnostics\epoch_008
2026-07-12 12:16:05,344 | INFO | epoch=8/8 loss=nmae train_nmae=1.866839e-01 val_nmae=2.481042e-01 train_mae=1.775866e-03 val_mae=2.146943e-03 train_mse=3.831920e-05 val_mse=5.074077e-05 lr=8.609e-04 train_sps=1506.3
2026-07-12 12:16:05,345 | INFO | epoch=8/8 loss_ch_nmae train=1.044e-02 2.014e-01 2.037e-01 2.624e-01 2.556e-01 val=1.128e-02 2.693e-01 2.824e-01 3.393e-01 3.382e-01
2026-07-12 12:16:05,345 | INFO | epoch=8/8 mae_ch train=6.664e-04 1.854e-03 1.738e-03 2.407e-03 2.214e-03 val=6.935e-04 2.301e-03 2.193e-03 2.875e-03 2.672e-03 mse_ch train=1.189e-05 3.585e-05 3.312e-05 5.981e-05 5.092e-05 val=2.594e-06 5.255e-05 4.982e-05 7.960e-05 6.914e-05
2026-07-12 12:16:05,664 | INFO | Run complete | run_name=NO_I3O5_BCF16_NMAE_HC128_LR2e-03_WD0e+00_L1P1e-08_SS1_G9e-01_ch0u_260711 run_id=NO_I3O5_BCF16_NMAE_HC128_LR2e-03_WD0e+00_L1P1e-08_SS1_G9e-01_ch0u_260711 best_val_loss=2.481042e-01
2026-07-12 12:16:05,664 | INFO | Artifacts saved to: D:\Research\NO-2D-Metamaterials\MODELS\training_runs\NO_I3O5_BCF16_NMAE_HC128_LR2e-03_WD0e+00_L1P1e-08_SS1_G9e-01_ch0u_260711
2026-07-12 13:25:37,981 | INFO | Perf backends | tf32=True cudnn_benchmark=True matmul_precision=high amp=bf16
2026-07-12 13:25:49,762 | INFO | L1 weight penalty lambda=1.000000e-08 (added to training loss)
2026-07-12 13:25:49,762 | INFO | NMAE epsilon=1.000000e-05
2026-07-12 13:25:49,763 | INFO | Loss logging: active=nmae; every epoch records train/val nmae, MAE, and MSE
2026-07-12 13:25:50,848 | INFO | Resumed full state from D:\Research\NO-2D-Metamaterials\MODELS\training_runs\NO_I3O5_BCF16_NMAE_HC128_LR2e-03_WD0e+00_L1P1e-08_SS1_G9e-01_ch0u_260711\training_state_latest.pt at epoch=8
2026-07-12 13:25:50,852 | INFO | Run started | run_name=NO_I3O5_BCF16_NMAE_HC128_LR2e-03_WD0e+00_L1P1e-08_SS1_G9e-01_ch0u_260711 run_id=NO_I3O5_BCF16_NMAE_HC128_LR2e-03_WD0e+00_L1P1e-08_SS1_G9e-01_ch0u_260711 device=cuda train_samples=18720000 test_samples=3900000 val_index_source=indices_full epoch_range=9..12
2026-07-12 13:25:50,853 | INFO | Fault diagnostics | main_fault_log=D:\Research\NO-2D-Metamaterials\MODELS\training_runs\NO_I3O5_BCF16_NMAE_HC128_LR2e-03_WD0e+00_L1P1e-08_SS1_G9e-01_ch0u_260711\main_process_fault.log
2026-07-12 16:57:07,303 | INFO | Saved 10 diagnostic panel(s) under D:\Research\NO-2D-Metamaterials\MODELS\training_runs\NO_I3O5_BCF16_NMAE_HC128_LR2e-03_WD0e+00_L1P1e-08_SS1_G9e-01_ch0u_260711\diagnostics\epoch_009
2026-07-12 16:57:08,775 | INFO | epoch=9/12 loss=nmae train_nmae=1.803756e-01 val_nmae=2.468463e-01 train_mae=1.718668e-03 val_mae=2.168152e-03 train_mse=3.683650e-05 val_mse=5.077594e-05 lr=7.748e-04 train_sps=1579.5
2026-07-12 16:57:08,775 | INFO | epoch=9/12 loss_ch_nmae train=1.032e-02 1.941e-01 1.960e-01 2.540e-01 2.474e-01 val=1.375e-02 2.656e-01 2.787e-01 3.401e-01 3.360e-01
2026-07-12 16:57:08,775 | INFO | epoch=9/12 mae_ch train=6.599e-04 1.788e-03 1.672e-03 2.330e-03 2.143e-03 val=8.730e-04 2.269e-03 2.166e-03 2.878e-03 2.654e-03 mse_ch train=1.181e-05 3.419e-05 3.148e-05 5.771e-05 4.901e-05 val=2.734e-06 5.246e-05 4.993e-05 7.969e-05 6.906e-05
2026-07-12 20:27:22,378 | INFO | Saved 10 diagnostic panel(s) under D:\Research\NO-2D-Metamaterials\MODELS\training_runs\NO_I3O5_BCF16_NMAE_HC128_LR2e-03_WD0e+00_L1P1e-08_SS1_G9e-01_ch0u_260711\diagnostics\epoch_010
2026-07-12 20:27:23,824 | INFO | epoch=10/12 loss=nmae train_nmae=1.745847e-01 val_nmae=2.450213e-01 train_mae=1.662220e-03 val_mae=2.095641e-03 train_mse=3.546269e-05 val_mse=5.070744e-05 lr=6.974e-04 train_sps=1587.5
2026-07-12 20:27:23,825 | INFO | epoch=10/12 loss_ch_nmae train=9.876e-03 1.877e-01 1.894e-01 2.462e-01 2.397e-01 val=9.362e-03 2.657e-01 2.764e-01 3.368e-01 3.368e-01
2026-07-12 20:27:23,825 | INFO | epoch=10/12 mae_ch train=6.314e-04 1.728e-03 1.616e-03 2.258e-03 2.077e-03 val=5.697e-04 2.264e-03 2.145e-03 2.848e-03 2.651e-03 mse_ch train=1.171e-05 3.272e-05 3.002e-05 5.564e-05 4.723e-05 val=2.273e-06 5.274e-05 4.998e-05 7.946e-05 6.909e-05
2026-07-12 23:53:39,401 | INFO | Saved 10 diagnostic panel(s) under D:\Research\NO-2D-Metamaterials\MODELS\training_runs\NO_I3O5_BCF16_NMAE_HC128_LR2e-03_WD0e+00_L1P1e-08_SS1_G9e-01_ch0u_260711\diagnostics\epoch_011
2026-07-12 23:53:40,562 | INFO | epoch=11/12 loss=nmae train_nmae=1.690583e-01 val_nmae=2.469010e-01 train_mae=1.600701e-03 val_mae=2.101640e-03 train_mse=3.418126e-05 val_mse=5.135202e-05 lr=6.276e-04 train_sps=1620.3
2026-07-12 23:53:40,562 | INFO | epoch=11/12 loss_ch_nmae train=8.770e-03 1.818e-01 1.831e-01 2.390e-01 2.327e-01 val=8.889e-03 2.690e-01 2.800e-01 3.410e-01 3.356e-01
2026-07-12 23:53:40,562 | INFO | epoch=11/12 mae_ch train=5.596e-04 1.674e-03 1.562e-03 2.192e-03 2.016e-03 val=5.390e-04 2.287e-03 2.168e-03 2.873e-03 2.642e-03 mse_ch train=1.157e-05 3.134e-05 2.867e-05 5.375e-05 4.558e-05 val=2.406e-06 5.339e-05 5.062e-05 8.038e-05 6.995e-05
2026-07-13 03:21:15,039 | INFO | Saved 10 diagnostic panel(s) under D:\Research\NO-2D-Metamaterials\MODELS\training_runs\NO_I3O5_BCF16_NMAE_HC128_LR2e-03_WD0e+00_L1P1e-08_SS1_G9e-01_ch0u_260711\diagnostics\epoch_012
2026-07-13 03:21:16,688 | INFO | epoch=12/12 loss=nmae train_nmae=1.640593e-01 val_nmae=2.405319e-01 train_mae=1.551675e-03 val_mae=2.054069e-03 train_mse=3.299625e-05 val_mse=5.006253e-05 lr=5.649e-04 train_sps=1608.9
2026-07-13 03:21:16,688 | INFO | epoch=12/12 loss_ch_nmae train=8.357e-03 1.763e-01 1.775e-01 2.320e-01 2.261e-01 val=8.883e-03 2.605e-01 2.722e-01 3.315e-01 3.296e-01
2026-07-13 03:21:16,689 | INFO | epoch=12/12 mae_ch train=5.332e-04 1.623e-03 1.514e-03 2.128e-03 1.959e-03 val=5.470e-04 2.216e-03 2.107e-03 2.803e-03 2.597e-03 mse_ch train=1.150e-05 3.010e-05 2.745e-05 5.194e-05 4.400e-05 val=2.317e-06 5.168e-05 4.871e-05 7.914e-05 6.846e-05
2026-07-13 03:21:17,018 | INFO | Run complete | run_name=NO_I3O5_BCF16_NMAE_HC128_LR2e-03_WD0e+00_L1P1e-08_SS1_G9e-01_ch0u_260711 run_id=NO_I3O5_BCF16_NMAE_HC128_LR2e-03_WD0e+00_L1P1e-08_SS1_G9e-01_ch0u_260711 best_val_loss=2.405319e-01
2026-07-13 03:21:17,018 | INFO | Artifacts saved to: D:\Research\NO-2D-Metamaterials\MODELS\training_runs\NO_I3O5_BCF16_NMAE_HC128_LR2e-03_WD0e+00_L1P1e-08_SS1_G9e-01_ch0u_260711
2026-07-13 09:56:55,972 | INFO | Perf backends | tf32=True cudnn_benchmark=True matmul_precision=high amp=bf16
2026-07-13 09:57:07,502 | INFO | L1 weight penalty lambda=1.000000e-08 (added to training loss)
2026-07-13 09:57:07,502 | INFO | NMAE epsilon=1.000000e-05
2026-07-13 09:57:07,503 | INFO | Loss logging: active=nmae; every epoch records train/val nmae, MAE, and MSE
2026-07-13 09:57:08,461 | INFO | Resumed full state from D:\Research\NO-2D-Metamaterials\MODELS\training_runs\NO_I3O5_BCF16_NMAE_HC128_LR2e-03_WD0e+00_L1P1e-08_SS1_G9e-01_ch0u_260711\training_state_latest.pt at epoch=12
2026-07-13 09:57:08,464 | INFO | Run started | run_name=NO_I3O5_BCF16_NMAE_HC128_LR2e-03_WD0e+00_L1P1e-08_SS1_G9e-01_ch0u_260711 run_id=NO_I3O5_BCF16_NMAE_HC128_LR2e-03_WD0e+00_L1P1e-08_SS1_G9e-01_ch0u_260711 device=cuda train_samples=18720000 test_samples=3900000 val_index_source=indices_full epoch_range=13..16
2026-07-13 09:57:08,464 | INFO | Fault diagnostics | main_fault_log=D:\Research\NO-2D-Metamaterials\MODELS\training_runs\NO_I3O5_BCF16_NMAE_HC128_LR2e-03_WD0e+00_L1P1e-08_SS1_G9e-01_ch0u_260711\main_process_fault.log
2026-07-13 13:36:11,022 | INFO | Saved 10 diagnostic panel(s) under D:\Research\NO-2D-Metamaterials\MODELS\training_runs\NO_I3O5_BCF16_NMAE_HC128_LR2e-03_WD0e+00_L1P1e-08_SS1_G9e-01_ch0u_260711\diagnostics\epoch_013
2026-07-13 13:36:12,628 | INFO | epoch=13/16 loss=nmae train_nmae=1.594248e-01 val_nmae=2.382999e-01 train_mae=1.509008e-03 val_mae=2.026250e-03 train_mse=3.189658e-05 val_mse=5.010007e-05 lr=5.084e-04 train_sps=1524.4
2026-07-13 13:36:12,628 | INFO | epoch=13/16 loss_ch_nmae train=8.226e-03 1.712e-01 1.722e-01 2.256e-01 2.199e-01 val=8.047e-03 2.579e-01 2.685e-01 3.283e-01 3.288e-01
2026-07-13 13:36:12,628 | INFO | epoch=13/16 mae_ch train=5.250e-04 1.576e-03 1.469e-03 2.070e-03 1.905e-03 val=4.908e-04 2.198e-03 2.081e-03 2.776e-03 2.585e-03 mse_ch train=1.145e-05 2.896e-05 2.633e-05 5.020e-05 4.254e-05 val=2.249e-06 5.180e-05 4.900e-05 7.917e-05 6.828e-05
2026-07-13 17:15:03,673 | INFO | Saved 10 diagnostic panel(s) under D:\Research\NO-2D-Metamaterials\MODELS\training_runs\NO_I3O5_BCF16_NMAE_HC128_LR2e-03_WD0e+00_L1P1e-08_SS1_G9e-01_ch0u_260711\diagnostics\epoch_014
2026-07-13 17:15:04,832 | INFO | epoch=14/16 loss=nmae train_nmae=1.551309e-01 val_nmae=2.383371e-01 train_mae=1.471212e-03 val_mae=2.024316e-03 train_mse=3.084371e-05 val_mse=5.011165e-05 lr=4.575e-04 train_sps=1520.7
2026-07-13 17:15:04,832 | INFO | epoch=14/16 loss_ch_nmae train=8.249e-03 1.664e-01 1.673e-01 2.195e-01 2.142e-01 val=8.100e-03 2.574e-01 2.671e-01 3.308e-01 3.283e-01
2026-07-13 17:15:04,832 | INFO | epoch=14/16 mae_ch train=5.272e-04 1.532e-03 1.427e-03 2.014e-03 1.856e-03 val=4.932e-04 2.188e-03 2.070e-03 2.791e-03 2.579e-03 mse_ch train=1.141e-05 2.787e-05 2.528e-05 4.852e-05 4.114e-05 val=2.311e-06 5.173e-05 4.885e-05 7.916e-05 6.851e-05
2026-07-13 20:55:04,927 | ERROR | Training failed
Traceback (most recent call last):
  File "C:\ProgramData\anaconda3\envs\NO_2D_Metamaterials\Lib\site-packages\torch\utils\data\dataloader.py", line 1243, in _try_get_data
    data = self._data_queue.get(timeout=timeout)
           ^^^^^^^^^^^^^^^^^^^^^^^^^^^^^^^^^^^^^
  File "C:\ProgramData\anaconda3\envs\NO_2D_Metamaterials\Lib\queue.py", line 179, in get
    raise Empty
_queue.Empty

The above exception was the direct cause of the following exception:

Traceback (most recent call last):
  File "D:\Research\NO-2D-Metamaterials\train_from_disk.py", line 2354, in main
    for batch_idx, (xb, yb) in enumerate(train_loader, start=1):
  File "C:\ProgramData\anaconda3\envs\NO_2D_Metamaterials\Lib\site-packages\torch\utils\data\dataloader.py", line 701, in __next__
    data = self._next_data()
           ^^^^^^^^^^^^^^^^^
  File "C:\ProgramData\anaconda3\envs\NO_2D_Metamaterials\Lib\site-packages\torch\utils\data\dataloader.py", line 1448, in _next_data
    idx, data = self._get_data()
                ^^^^^^^^^^^^^^^^
  File "C:\ProgramData\anaconda3\envs\NO_2D_Metamaterials\Lib\site-packages\torch\utils\data\dataloader.py", line 1393, in _get_data
    success, data = self._try_get_data(self._timeout)
                    ^^^^^^^^^^^^^^^^^^^^^^^^^^^^^^^^^
  File "C:\ProgramData\anaconda3\envs\NO_2D_Metamaterials\Lib\site-packages\torch\utils\data\dataloader.py", line 1256, in _try_get_data
    raise RuntimeError(
RuntimeError: DataLoader worker (pid(s) 135176, 121684) exited unexpectedly
2026-07-13 21:31:57,004 | INFO | Perf backends | tf32=True cudnn_benchmark=True matmul_precision=high amp=bf16
2026-07-13 21:32:16,060 | INFO | L1 weight penalty lambda=1.000000e-08 (added to training loss)
2026-07-13 21:32:16,062 | INFO | NMAE epsilon=1.000000e-05
2026-07-13 21:32:16,063 | INFO | Loss logging: active=nmae; every epoch records train/val nmae, MAE, and MSE
2026-07-13 21:32:17,778 | INFO | Resumed full state from D:\Research\NO-2D-Metamaterials\MODELS\training_runs\NO_I3O5_BCF16_NMAE_HC128_LR2e-03_WD0e+00_L1P1e-08_SS1_G9e-01_ch0u_260711\training_state_latest.pt at epoch=14
2026-07-13 21:32:17,788 | INFO | Run started | run_name=NO_I3O5_BCF16_NMAE_HC128_LR2e-03_WD0e+00_L1P1e-08_SS1_G9e-01_ch0u_260711 run_id=NO_I3O5_BCF16_NMAE_HC128_LR2e-03_WD0e+00_L1P1e-08_SS1_G9e-01_ch0u_260711 device=cuda train_samples=18720000 test_samples=3900000 val_index_source=indices_full epoch_range=15..20
2026-07-13 21:32:17,789 | INFO | Fault diagnostics | main_fault_log=D:\Research\NO-2D-Metamaterials\MODELS\training_runs\NO_I3O5_BCF16_NMAE_HC128_LR2e-03_WD0e+00_L1P1e-08_SS1_G9e-01_ch0u_260711\main_process_fault.log
2026-07-14 02:04:46,594 | INFO | Saved 10 diagnostic panel(s) under D:\Research\NO-2D-Metamaterials\MODELS\training_runs\NO_I3O5_BCF16_NMAE_HC128_LR2e-03_WD0e+00_L1P1e-08_SS1_G9e-01_ch0u_260711\diagnostics\epoch_015
2026-07-14 02:04:48,595 | INFO | epoch=15/20 loss=nmae train_nmae=1.512234e-01 val_nmae=2.392298e-01 train_mae=1.435676e-03 val_mae=2.035319e-03 train_mse=2.985473e-05 val_mse=5.008836e-05 lr=4.118e-04 train_sps=1207.6
2026-07-14 02:04:48,596 | INFO | epoch=15/20 loss_ch_nmae train=8.176e-03 1.622e-01 1.628e-01 2.141e-01 2.088e-01 val=8.485e-03 2.647e-01 2.668e-01 3.257e-01 3.304e-01
2026-07-14 02:04:48,596 | INFO | epoch=15/20 mae_ch train=5.226e-04 1.493e-03 1.389e-03 1.964e-03 1.809e-03 val=5.191e-04 2.244e-03 2.066e-03 2.754e-03 2.593e-03 mse_ch train=1.135e-05 2.687e-05 2.433e-05 4.689e-05 3.983e-05 val=2.285e-06 5.165e-05 4.883e-05 7.904e-05 6.863e-05
2026-07-14 06:56:45,992 | INFO | Saved 10 diagnostic panel(s) under D:\Research\NO-2D-Metamaterials\MODELS\training_runs\NO_I3O5_BCF16_NMAE_HC128_LR2e-03_WD0e+00_L1P1e-08_SS1_G9e-01_ch0u_260711\diagnostics\epoch_016
2026-07-14 06:56:48,476 | INFO | epoch=16/20 loss=nmae train_nmae=1.475149e-01 val_nmae=2.376800e-01 train_mae=1.396689e-03 val_mae=2.023949e-03 train_mse=2.892770e-05 val_mse=5.024275e-05 lr=3.706e-04 train_sps=1123.4
2026-07-14 06:56:48,477 | INFO | epoch=16/20 loss_ch_nmae train=7.637e-03 1.584e-01 1.587e-01 2.089e-01 2.040e-01 val=8.731e-03 2.583e-01 2.652e-01 3.298e-01 3.263e-01
2026-07-14 06:56:48,478 | INFO | epoch=16/20 mae_ch train=4.878e-04 1.458e-03 1.353e-03 1.916e-03 1.768e-03 val=5.328e-04 2.192e-03 2.052e-03 2.780e-03 2.562e-03 mse_ch train=1.129e-05 2.594e-05 2.346e-05 4.537e-05 3.858e-05 val=2.308e-06 5.178e-05 4.893e-05 7.947e-05 6.872e-05
2026-07-14 11:36:08,508 | INFO | Saved 10 diagnostic panel(s) under D:\Research\NO-2D-Metamaterials\MODELS\training_runs\NO_I3O5_BCF16_NMAE_HC128_LR2e-03_WD0e+00_L1P1e-08_SS1_G9e-01_ch0u_260711\diagnostics\epoch_017
2026-07-14 11:36:10,205 | INFO | epoch=17/20 loss=nmae train_nmae=1.440448e-01 val_nmae=2.351107e-01 train_mae=1.371424e-03 val_mae=2.002195e-03 train_mse=2.805310e-05 val_mse=5.024155e-05 lr=3.335e-04 train_sps=1181.4
2026-07-14 11:36:10,206 | INFO | epoch=17/20 loss_ch_nmae train=8.126e-03 1.550e-01 1.548e-01 2.034e-01 1.989e-01 val=8.326e-03 2.532e-01 2.641e-01 3.265e-01 3.235e-01
2026-07-14 11:36:10,206 | INFO | epoch=17/20 mae_ch train=5.202e-04 1.427e-03 1.320e-03 1.866e-03 1.724e-03 val=5.072e-04 2.159e-03 2.043e-03 2.756e-03 2.545e-03 mse_ch train=1.129e-05 2.506e-05 2.265e-05 4.388e-05 3.739e-05 val=2.260e-06 5.164e-05 4.835e-05 8.008e-05 6.888e-05
2026-07-14 15:31:30,434 | INFO | Saved 10 diagnostic panel(s) under D:\Research\NO-2D-Metamaterials\MODELS\training_runs\NO_I3O5_BCF16_NMAE_HC128_LR2e-03_WD0e+00_L1P1e-08_SS1_G9e-01_ch0u_260711\diagnostics\epoch_018
2026-07-14 15:31:31,726 | INFO | epoch=18/20 loss=nmae train_nmae=1.405748e-01 val_nmae=2.355685e-01 train_mae=1.332283e-03 val_mae=2.023208e-03 train_mse=2.721772e-05 val_mse=5.043245e-05 lr=3.002e-04 train_sps=1409.0
2026-07-14 15:31:31,726 | INFO | epoch=18/20 loss_ch_nmae train=7.400e-03 1.513e-01 1.517e-01 1.981e-01 1.944e-01 val=9.735e-03 2.540e-01 2.641e-01 3.247e-01 3.254e-01
2026-07-14 15:31:31,726 | INFO | epoch=18/20 mae_ch train=4.729e-04 1.393e-03 1.294e-03 1.817e-03 1.685e-03 val=6.116e-04 2.160e-03 2.043e-03 2.744e-03 2.557e-03 mse_ch train=1.119e-05 2.424e-05 2.192e-05 4.246e-05 3.628e-05 val=2.326e-06 5.175e-05 4.858e-05 8.051e-05 6.900e-05
2026-07-14 19:04:37,907 | INFO | Saved 10 diagnostic panel(s) under D:\Research\NO-2D-Metamaterials\MODELS\training_runs\NO_I3O5_BCF16_NMAE_HC128_LR2e-03_WD0e+00_L1P1e-08_SS1_G9e-01_ch0u_260711\diagnostics\epoch_019
2026-07-14 19:04:39,182 | INFO | epoch=19/20 loss=nmae train_nmae=1.374137e-01 val_nmae=2.362183e-01 train_mae=1.308053e-03 val_mae=2.009848e-03 train_mse=2.644132e-05 val_mse=5.061164e-05 lr=2.702e-04 train_sps=1566.7
2026-07-14 19:04:39,182 | INFO | epoch=19/20 loss_ch_nmae train=7.741e-03 1.478e-01 1.488e-01 1.929e-01 1.898e-01 val=8.549e-03 2.574e-01 2.647e-01 3.243e-01 3.261e-01
2026-07-14 19:04:39,183 | INFO | epoch=19/20 mae_ch train=4.956e-04 1.361e-03 1.269e-03 1.770e-03 1.644e-03 val=5.281e-04 2.181e-03 2.045e-03 2.740e-03 2.556e-03 mse_ch train=1.118e-05 2.350e-05 2.123e-05 4.110e-05 3.520e-05 val=2.290e-06 5.197e-05 4.850e-05 8.111e-05 6.918e-05
2026-07-14 22:33:42,952 | INFO | Saved 10 diagnostic panel(s) under D:\Research\NO-2D-Metamaterials\MODELS\training_runs\NO_I3O5_BCF16_NMAE_HC128_LR2e-03_WD0e+00_L1P1e-08_SS1_G9e-01_ch0u_260711\diagnostics\epoch_020
2026-07-14 22:33:44,138 | INFO | epoch=20/20 loss=nmae train_nmae=1.342830e-01 val_nmae=2.361689e-01 train_mae=1.278842e-03 val_mae=2.031266e-03 train_mse=2.570405e-05 val_mse=5.115794e-05 lr=2.432e-04 train_sps=1599.1
2026-07-14 22:33:44,138 | INFO | epoch=20/20 loss_ch_nmae train=7.623e-03 1.445e-01 1.458e-01 1.881e-01 1.854e-01 val=1.027e-02 2.517e-01 2.645e-01 3.245e-01 3.298e-01
2026-07-14 22:33:44,138 | INFO | epoch=20/20 mae_ch train=4.881e-04 1.330e-03 1.244e-03 1.726e-03 1.607e-03 val=6.422e-04 2.143e-03 2.045e-03 2.743e-03 2.583e-03 mse_ch train=1.114e-05 2.279e-05 2.063e-05 3.977e-05 3.419e-05 val=2.355e-06 5.210e-05 4.897e-05 8.214e-05 7.022e-05
2026-07-14 22:33:44,462 | INFO | Run complete | run_name=NO_I3O5_BCF16_NMAE_HC128_LR2e-03_WD0e+00_L1P1e-08_SS1_G9e-01_ch0u_260711 run_id=NO_I3O5_BCF16_NMAE_HC128_LR2e-03_WD0e+00_L1P1e-08_SS1_G9e-01_ch0u_260711 best_val_loss=2.351107e-01
2026-07-14 22:33:44,463 | INFO | Artifacts saved to: D:\Research\NO-2D-Metamaterials\MODELS\training_runs\NO_I3O5_BCF16_NMAE_HC128_LR2e-03_WD0e+00_L1P1e-08_SS1_G9e-01_ch0u_260711
2026-07-14 23:40:05,673 | INFO | Perf backends | tf32=True cudnn_benchmark=True matmul_precision=high amp=bf16
2026-07-14 23:40:17,567 | INFO | L1 weight penalty lambda=1.000000e-08 (added to training loss)
2026-07-14 23:40:17,568 | INFO | NMAE epsilon=1.000000e-05
2026-07-14 23:40:17,569 | INFO | Loss logging: active=nmae; every epoch records train/val nmae, MAE, and MSE
2026-07-14 23:40:18,626 | INFO | Resumed full state from D:\Research\NO-2D-Metamaterials\MODELS\training_runs\NO_I3O5_BCF16_NMAE_HC128_LR2e-03_WD0e+00_L1P1e-08_SS1_G9e-01_ch0u_260711\training_state_latest.pt at epoch=20
2026-07-14 23:40:18,630 | INFO | Run started | run_name=NO_I3O5_BCF16_NMAE_HC128_LR2e-03_WD0e+00_L1P1e-08_SS1_G9e-01_ch0u_260711 run_id=NO_I3O5_BCF16_NMAE_HC128_LR2e-03_WD0e+00_L1P1e-08_SS1_G9e-01_ch0u_260711 device=cuda train_samples=18720000 test_samples=3900000 val_index_source=indices_full epoch_range=21..24
2026-07-14 23:40:18,631 | INFO | Fault diagnostics | main_fault_log=D:\Research\NO-2D-Metamaterials\MODELS\training_runs\NO_I3O5_BCF16_NMAE_HC128_LR2e-03_WD0e+00_L1P1e-08_SS1_G9e-01_ch0u_260711\main_process_fault.log
