2026-07-13T13:57:11.996093+00:00 | worker_start pid=121684
Windows fatal exception: access violation

Thread 0x0001ee90 (most recent call first):
  File "C:\ProgramData\anaconda3\envs\NO_2D_Metamaterials\Lib\threading.py", line 355 in wait
  File "C:\ProgramData\anaconda3\envs\NO_2D_Metamaterials\Lib\multiprocessing\queues.py", line 251 in _feed
  File "C:\ProgramData\anaconda3\envs\NO_2D_Metamaterials\Lib\threading.py", line 1010 in run
  File "C:\ProgramData\anaconda3\envs\NO_2D_Metamaterials\Lib\threading.py", line 1073 in _bootstrap_inner
  File "C:\ProgramData\anaconda3\envs\NO_2D_Metamaterials\Lib\threading.py", line 1030 in _bootstrap

Current thread 0x0001f754 (most recent call first):
  File "C:\ProgramData\anaconda3\envs\NO_2D_Metamaterials\Lib\site-packages\torch\utils\data\_utils\collate.py", line 272 in collate_tensor_fn
  File "C:\ProgramData\anaconda3\envs\NO_2D_Metamaterials\Lib\site-packages\torch\utils\data\_utils\collate.py", line 155 in collate
  File "C:\ProgramData\anaconda3\envs\NO_2D_Metamaterials\Lib\site-packages\torch\utils\data\_utils\collate.py", line 212 in collate
  File "C:\ProgramData\anaconda3\envs\NO_2D_Metamaterials\Lib\site-packages\torch\utils\data\_utils\collate.py", line 398 in default_collate
  File "C:\ProgramData\anaconda3\envs\NO_2D_Metamaterials\Lib\site-packages\torch\utils\data\_utils\fetch.py", line 55 in fetch
  File "C:\ProgramData\anaconda3\envs\NO_2D_Metamaterials\Lib\site-packages\torch\utils\data\_utils\worker.py", line 351 in _worker_loop
  File "C:\ProgramData\anaconda3\envs\NO_2D_Metamaterials\Lib\multiprocessing\process.py", line 108 in run
  File "C:\ProgramData\anaconda3\envs\NO_2D_Metamaterials\Lib\multiprocessing\process.py", line 314 in _bootstrap
  File "C:\ProgramData\anaconda3\envs\NO_2D_Metamaterials\Lib\multiprocessing\spawn.py", line 135 in _main
  File "C:\ProgramData\anaconda3\envs\NO_2D_Metamaterials\Lib\multiprocessing\spawn.py", line 122 in spawn_main
  File "<string>", line 1 in <module>
