2026-07-05 05:20:59,817 | INFO | NMAE epsilon=1.000000e-05
2026-07-05 05:20:59,818 | INFO | Loss logging: active=nmae; every epoch records train/val nmae, MAE, and MSE
2026-07-05 05:21:00,349 | INFO | Run started | run_name=NO_I3O5_BCF16_NMAE_HC128_LR2e-03_WD0e+00_SS1_G9e-01_ch0u_260705 run_id=NO_I3O5_BCF16_NMAE_HC128_LR2e-03_WD0e+00_SS1_G9e-01_ch0u_260705 device=cuda train_samples=18720000 test_samples=3900000 val_index_source=indices_full epoch_range=1..12
2026-07-05 05:21:00,349 | INFO | Fault diagnostics | main_fault_log=D:\Research\NO-2D-Metamaterials\MODELS\training_runs\NO_I3O5_BCF16_NMAE_HC128_LR2e-03_WD0e+00_SS1_G9e-01_ch0u_260705\main_process_fault.log
2026-07-05 09:07:24,597 | INFO | Saved 10 diagnostic panel(s) under D:\Research\NO-2D-Metamaterials\MODELS\training_runs\NO_I3O5_BCF16_NMAE_HC128_LR2e-03_WD0e+00_SS1_G9e-01_ch0u_260705\diagnostics\epoch_001
2026-07-05 09:07:26,080 | INFO | epoch=1/12 loss=nmae train_nmae=3.448102e-01 val_nmae=3.092513e-01 train_mae=3.334644e-03 val_mae=2.740760e-03 train_mse=8.044860e-05 val_mse=6.144123e-05 lr=1.800e-03 train_sps=1481.2
2026-07-05 09:07:26,080 | INFO | epoch=1/12 loss_ch_nmae train=2.417e-02 3.877e-01 4.017e-01 4.547e-01 4.559e-01 val=2.160e-02 3.406e-01 3.534e-01 4.147e-01 4.160e-01
2026-07-05 09:07:26,080 | INFO | epoch=1/12 mae_ch train=1.542e-03 3.573e-03 3.434e-03 4.172e-03 3.952e-03 val=1.301e-03 2.890e-03 2.740e-03 3.490e-03 3.282e-03 mse_ch train=2.385e-05 8.549e-05 8.078e-05 1.123e-04 9.982e-05 val=4.493e-06 6.575e-05 6.261e-05 9.290e-05 8.145e-05
2026-07-05 12:53:52,957 | INFO | Saved 10 diagnostic panel(s) under D:\Research\NO-2D-Metamaterials\MODELS\training_runs\NO_I3O5_BCF16_NMAE_HC128_LR2e-03_WD0e+00_SS1_G9e-01_ch0u_260705\diagnostics\epoch_002
2026-07-05 12:53:54,471 | INFO | epoch=2/12 loss=nmae train_nmae=2.556459e-01 val_nmae=2.816953e-01 train_mae=2.444763e-03 val_mae=2.476404e-03 train_mse=5.623186e-05 val_mse=5.583078e-05 lr=1.620e-03 train_sps=1480.8
2026-07-05 12:53:54,471 | INFO | epoch=2/12 loss_ch_nmae train=1.560e-02 2.820e-01 2.900e-01 3.471e-01 3.435e-01 val=1.584e-02 3.097e-01 3.218e-01 3.778e-01 3.834e-01
2026-07-05 12:53:54,471 | INFO | epoch=2/12 mae_ch train=9.916e-04 2.597e-03 2.476e-03 3.184e-03 2.975e-03 val=1.003e-03 2.639e-03 2.502e-03 3.199e-03 3.040e-03 mse_ch train=1.347e-05 5.695e-05 5.435e-05 8.340e-05 7.299e-05 val=3.155e-06 5.937e-05 5.656e-05 8.519e-05 7.488e-05
2026-07-05 16:40:27,865 | INFO | Saved 10 diagnostic panel(s) under D:\Research\NO-2D-Metamaterials\MODELS\training_runs\NO_I3O5_BCF16_NMAE_HC128_LR2e-03_WD0e+00_SS1_G9e-01_ch0u_260705\diagnostics\epoch_003
2026-07-05 16:40:29,334 | INFO | epoch=3/12 loss=nmae train_nmae=2.306438e-01 val_nmae=2.656238e-01 train_mae=2.202306e-03 val_mae=2.318405e-03 train_mse=4.975768e-05 val_mse=5.310809e-05 lr=1.458e-03 train_sps=1480.1
2026-07-05 16:40:29,334 | INFO | epoch=3/12 loss_ch_nmae train=1.378e-02 2.526e-01 2.584e-01 3.168e-01 3.116e-01 val=1.465e-02 2.887e-01 3.015e-01 3.615e-01 3.617e-01
2026-07-05 16:40:29,334 | INFO | epoch=3/12 mae_ch train=8.762e-04 2.326e-03 2.205e-03 2.905e-03 2.699e-03 val=8.780e-04 2.462e-03 2.345e-03 3.055e-03 2.852e-03 mse_ch train=1.287e-05 4.929e-05 4.678e-05 7.486e-05 6.499e-05 val=3.105e-06 5.582e-05 5.327e-05 8.161e-05 7.173e-05
2026-07-05 20:26:30,537 | INFO | Saved 10 diagnostic panel(s) under D:\Research\NO-2D-Metamaterials\MODELS\training_runs\NO_I3O5_BCF16_NMAE_HC128_LR2e-03_WD0e+00_SS1_G9e-01_ch0u_260705\diagnostics\epoch_004
2026-07-05 20:26:31,735 | INFO | epoch=4/12 loss=nmae train_nmae=2.152557e-01 val_nmae=2.660928e-01 train_mae=2.055222e-03 val_mae=2.281727e-03 train_mse=4.577483e-05 val_mse=5.240733e-05 lr=1.312e-03 train_sps=1483.5
2026-07-05 20:26:31,736 | INFO | epoch=4/12 loss_ch_nmae train=1.285e-02 2.345e-01 2.391e-01 2.979e-01 2.918e-01 val=1.031e-02 2.869e-01 2.996e-01 3.738e-01 3.598e-01
2026-07-05 20:26:31,736 | INFO | epoch=4/12 mae_ch train=8.166e-04 2.159e-03 2.040e-03 2.732e-03 2.527e-03 val=6.414e-04 2.443e-03 2.330e-03 3.146e-03 2.848e-03 mse_ch train=1.262e-05 4.464e-05 4.210e-05 6.951e-05 6.000e-05 val=2.319e-06 5.508e-05 5.247e-05 8.117e-05 7.100e-05
2026-07-06 00:12:23,305 | INFO | Saved 10 diagnostic panel(s) under D:\Research\NO-2D-Metamaterials\MODELS\training_runs\NO_I3O5_BCF16_NMAE_HC128_LR2e-03_WD0e+00_SS1_G9e-01_ch0u_260705\diagnostics\epoch_005
2026-07-06 00:12:24,794 | INFO | epoch=5/12 loss=nmae train_nmae=2.036593e-01 val_nmae=2.549141e-01 train_mae=1.942160e-03 val_mae=2.188925e-03 train_mse=4.285431e-05 val_mse=5.131850e-05 lr=1.181e-03 train_sps=1484.2
2026-07-06 00:12:24,795 | INFO | epoch=5/12 loss_ch_nmae train=1.194e-02 2.210e-01 2.248e-01 2.836e-01 2.769e-01 val=1.001e-02 2.774e-01 2.900e-01 3.488e-01 3.484e-01
2026-07-06 00:12:24,795 | INFO | epoch=5/12 mae_ch train=7.589e-04 2.034e-03 1.918e-03 2.601e-03 2.398e-03 val=6.168e-04 2.367e-03 2.254e-03 2.954e-03 2.753e-03 mse_ch train=1.246e-05 4.129e-05 3.868e-05 6.557e-05 5.628e-05 val=2.337e-06 5.375e-05 5.123e-05 7.943e-05 6.984e-05
2026-07-06 04:14:12,016 | INFO | Saved 10 diagnostic panel(s) under D:\Research\NO-2D-Metamaterials\MODELS\training_runs\NO_I3O5_BCF16_NMAE_HC128_LR2e-03_WD0e+00_SS1_G9e-01_ch0u_260705\diagnostics\epoch_006
2026-07-06 04:14:13,556 | INFO | epoch=6/12 loss=nmae train_nmae=1.942788e-01 val_nmae=2.520922e-01 train_mae=1.849730e-03 val_mae=2.218097e-03 train_mse=4.057274e-05 val_mse=5.076563e-05 lr=1.063e-03 train_sps=1390.3
2026-07-06 04:14:13,556 | INFO | epoch=6/12 loss_ch_nmae train=1.112e-02 2.101e-01 2.133e-01 2.718e-01 2.650e-01 val=1.521e-02 2.719e-01 2.880e-01 3.413e-01 3.440e-01
2026-07-06 04:14:13,556 | INFO | epoch=6/12 mae_ch train=7.066e-04 1.934e-03 1.819e-03 2.493e-03 2.295e-03 val=9.288e-04 2.319e-03 2.235e-03 2.892e-03 2.716e-03 mse_ch train=1.228e-05 3.869e-05 3.604e-05 6.247e-05 5.338e-05 val=3.118e-06 5.272e-05 5.021e-05 7.868e-05 6.910e-05
2026-07-06 08:00:53,013 | INFO | Saved 10 diagnostic panel(s) under D:\Research\NO-2D-Metamaterials\MODELS\training_runs\NO_I3O5_BCF16_NMAE_HC128_LR2e-03_WD0e+00_SS1_G9e-01_ch0u_260705\diagnostics\epoch_007
2026-07-06 08:00:54,414 | INFO | epoch=7/12 loss=nmae train_nmae=1.865276e-01 val_nmae=2.516523e-01 train_mae=1.775414e-03 val_mae=2.140767e-03 train_mse=3.868653e-05 val_mse=5.016693e-05 lr=9.566e-04 train_sps=1478.7
2026-07-06 08:00:54,414 | INFO | epoch=7/12 loss_ch_nmae train=1.063e-02 2.013e-01 2.039e-01 2.618e-01 2.549e-01 val=8.394e-03 2.802e-01 2.823e-01 3.453e-01 3.420e-01
2026-07-06 08:00:54,414 | INFO | epoch=7/12 mae_ch train=6.752e-04 1.854e-03 1.739e-03 2.401e-03 2.208e-03 val=5.139e-04 2.376e-03 2.193e-03 2.921e-03 2.699e-03 mse_ch train=1.220e-05 3.656e-05 3.393e-05 5.978e-05 5.096e-05 val=2.311e-06 5.241e-05 4.980e-05 7.809e-05 6.822e-05
2026-07-06 11:47:27,823 | INFO | Saved 10 diagnostic panel(s) under D:\Research\NO-2D-Metamaterials\MODELS\training_runs\NO_I3O5_BCF16_NMAE_HC128_LR2e-03_WD0e+00_SS1_G9e-01_ch0u_260705\diagnostics\epoch_008
2026-07-06 11:47:29,344 | INFO | epoch=8/12 loss=nmae train_nmae=1.797277e-01 val_nmae=2.487244e-01 train_mae=1.708846e-03 val_mae=2.177114e-03 train_mse=3.703252e-05 val_mse=5.081797e-05 lr=8.609e-04 train_sps=1479.7
2026-07-06 11:47:29,344 | INFO | epoch=8/12 loss_ch_nmae train=1.007e-02 1.937e-01 1.959e-01 2.529e-01 2.461e-01 val=1.351e-02 2.705e-01 2.804e-01 3.390e-01 3.402e-01
2026-07-06 11:47:29,344 | INFO | epoch=8/12 mae_ch train=6.399e-04 1.783e-03 1.671e-03 2.319e-03 2.131e-03 val=8.470e-04 2.306e-03 2.179e-03 2.871e-03 2.683e-03 mse_ch train=1.211e-05 3.477e-05 3.214e-05 5.733e-05 4.882e-05 val=2.723e-06 5.279e-05 5.015e-05 7.920e-05 6.922e-05
2026-07-06 15:53:47,560 | INFO | Saved 10 diagnostic panel(s) under D:\Research\NO-2D-Metamaterials\MODELS\training_runs\NO_I3O5_BCF16_NMAE_HC128_LR2e-03_WD0e+00_SS1_G9e-01_ch0u_260705\diagnostics\epoch_009
2026-07-06 15:53:49,154 | INFO | epoch=9/12 loss=nmae train_nmae=1.736839e-01 val_nmae=2.442919e-01 train_mae=1.648722e-03 val_mae=2.085418e-03 train_mse=3.558002e-05 val_mse=4.988007e-05 lr=7.748e-04 train_sps=1361.5
2026-07-06 15:53:49,154 | INFO | epoch=9/12 loss_ch_nmae train=9.500e-03 1.871e-01 1.890e-01 2.446e-01 2.382e-01 val=8.508e-03 2.660e-01 2.769e-01 3.357e-01 3.343e-01
2026-07-06 15:53:49,154 | INFO | epoch=9/12 mae_ch train=6.031e-04 1.722e-03 1.612e-03 2.243e-03 2.063e-03 val=5.226e-04 2.270e-03 2.150e-03 2.846e-03 2.638e-03 mse_ch train=1.201e-05 3.322e-05 3.062e-05 5.513e-05 4.692e-05 val=2.256e-06 5.200e-05 4.929e-05 7.811e-05 6.775e-05
2026-07-06 20:04:54,085 | INFO | Saved 10 diagnostic panel(s) under D:\Research\NO-2D-Metamaterials\MODELS\training_runs\NO_I3O5_BCF16_NMAE_HC128_LR2e-03_WD0e+00_SS1_G9e-01_ch0u_260705\diagnostics\epoch_010
2026-07-06 20:04:55,752 | INFO | epoch=10/12 loss=nmae train_nmae=1.683849e-01 val_nmae=2.424000e-01 train_mae=1.597653e-03 val_mae=2.065346e-03 train_mse=3.428183e-05 val_mse=4.980474e-05 lr=6.974e-04 train_sps=1333.5
2026-07-06 20:04:55,752 | INFO | epoch=10/12 loss_ch_nmae train=9.147e-03 1.813e-01 1.830e-01 2.372e-01 2.312e-01 val=8.629e-03 2.635e-01 2.742e-01 3.334e-01 3.323e-01
2026-07-06 20:04:55,752 | INFO | epoch=10/12 mae_ch train=5.804e-04 1.669e-03 1.561e-03 2.176e-03 2.003e-03 val=5.268e-04 2.242e-03 2.124e-03 2.819e-03 2.615e-03 mse_ch train=1.195e-05 3.185e-05 2.930e-05 5.307e-05 4.523e-05 val=2.202e-06 5.165e-05 4.901e-05 7.833e-05 6.782e-05
2026-07-07 00:09:28,414 | INFO | Saved 10 diagnostic panel(s) under D:\Research\NO-2D-Metamaterials\MODELS\training_runs\NO_I3O5_BCF16_NMAE_HC128_LR2e-03_WD0e+00_SS1_G9e-01_ch0u_260705\diagnostics\epoch_011
2026-07-07 00:09:29,945 | INFO | epoch=11/12 loss=nmae train_nmae=1.635371e-01 val_nmae=2.419962e-01 train_mae=1.549516e-03 val_mae=2.052660e-03 train_mse=3.311602e-05 val_mse=4.981326e-05 lr=6.276e-04 train_sps=1371.9
2026-07-07 00:09:29,945 | INFO | epoch=11/12 loss_ch_nmae train=8.692e-03 1.761e-01 1.777e-01 2.304e-01 2.249e-01 val=7.602e-03 2.609e-01 2.741e-01 3.354e-01 3.320e-01
2026-07-07 00:09:29,946 | INFO | epoch=11/12 mae_ch train=5.514e-04 1.621e-03 1.515e-03 2.113e-03 1.948e-03 val=4.616e-04 2.225e-03 2.126e-03 2.837e-03 2.613e-03 mse_ch train=1.189e-05 3.064e-05 2.815e-05 5.120e-05 4.370e-05 val=2.118e-06 5.166e-05 4.916e-05 7.814e-05 6.798e-05
2026-07-07 04:09:31,385 | INFO | Saved 10 diagnostic panel(s) under D:\Research\NO-2D-Metamaterials\MODELS\training_runs\NO_I3O5_BCF16_NMAE_HC128_LR2e-03_WD0e+00_SS1_G9e-01_ch0u_260705\diagnostics\epoch_012
2026-07-07 04:09:32,843 | INFO | epoch=12/12 loss=nmae train_nmae=1.591737e-01 val_nmae=2.396925e-01 train_mae=1.507077e-03 val_mae=2.033791e-03 train_mse=3.205164e-05 val_mse=4.937639e-05 lr=5.649e-04 train_sps=1390.4
2026-07-07 04:09:32,843 | INFO | epoch=12/12 loss_ch_nmae train=8.366e-03 1.714e-01 1.730e-01 2.241e-01 2.190e-01 val=7.664e-03 2.593e-01 2.717e-01 3.298e-01 3.301e-01
2026-07-07 04:09:32,843 | INFO | epoch=12/12 mae_ch train=5.304e-04 1.578e-03 1.475e-03 2.056e-03 1.897e-03 val=4.635e-04 2.209e-03 2.106e-03 2.792e-03 2.599e-03 mse_ch train=1.185e-05 2.956e-05 2.712e-05 4.945e-05 4.228e-05 val=2.136e-06 5.110e-05 4.838e-05 7.776e-05 6.751e-05
2026-07-07 04:09:33,132 | INFO | Run complete | run_name=NO_I3O5_BCF16_NMAE_HC128_LR2e-03_WD0e+00_SS1_G9e-01_ch0u_260705 run_id=NO_I3O5_BCF16_NMAE_HC128_LR2e-03_WD0e+00_SS1_G9e-01_ch0u_260705 best_val_loss=2.396925e-01
2026-07-07 04:09:33,132 | INFO | Artifacts saved to: D:\Research\NO-2D-Metamaterials\MODELS\training_runs\NO_I3O5_BCF16_NMAE_HC128_LR2e-03_WD0e+00_SS1_G9e-01_ch0u_260705
2026-07-07 04:09:50,067 | INFO | Loss logging: active=mae; every epoch records train/val mae, MAE, and MSE
2026-07-07 04:09:50,912 | INFO | Resumed model weights from D:\Research\NO-2D-Metamaterials\MODELS\training_runs\NO_I3O5_BCF16_NMAE_HC128_LR2e-03_WD0e+00_SS1_G9e-01_ch0u_260705\training_state_latest.pt at epoch=12; reset optimizer/scheduler to lr=2.000e-03 gamma=0.9 (not restoring saved optimizer state).
2026-07-07 04:09:50,915 | INFO | Run started | run_name=NO_I3O5_BCF16_NMAE_HC128_LR2e-03_WD0e+00_SS1_G9e-01_ch0u_260705 run_id=NO_I3O5_BCF16_NMAE_HC128_LR2e-03_WD0e+00_SS1_G9e-01_ch0u_260705 device=cuda train_samples=18720000 test_samples=3900000 val_index_source=indices_full epoch_range=13..20
2026-07-07 04:09:50,915 | INFO | Fault diagnostics | main_fault_log=D:\Research\NO-2D-Metamaterials\MODELS\training_runs\NO_I3O5_BCF16_NMAE_HC128_LR2e-03_WD0e+00_SS1_G9e-01_ch0u_260705\main_process_fault.log
2026-07-07 07:56:10,424 | INFO | Saved 10 diagnostic panel(s) under D:\Research\NO-2D-Metamaterials\MODELS\training_runs\NO_I3O5_BCF16_NMAE_HC128_LR2e-03_WD0e+00_SS1_G9e-01_ch0u_260705\diagnostics\epoch_013
2026-07-07 07:56:11,937 | INFO | epoch=13/20 loss=mae train_mae=1.818440e-03 val_mae=2.306539e-03 train_mae=1.818440e-03 val_mae=2.306539e-03 train_mse=3.584400e-05 val_mse=5.181778e-05 lr=1.800e-03 train_sps=1481.7
2026-07-07 07:56:11,937 | INFO | epoch=13/20 loss_ch_mae train=8.965e-04 1.871e-03 1.764e-03 2.365e-03 2.196e-03 val=6.067e-04 2.561e-03 2.356e-03 3.252e-03 2.756e-03
2026-07-07 07:56:11,937 | INFO | epoch=13/20 mae_ch train=8.965e-04 1.871e-03 1.764e-03 2.365e-03 2.196e-03 val=6.067e-04 2.561e-03 2.356e-03 3.252e-03 2.756e-03 mse_ch train=1.284e-05 3.357e-05 3.112e-05 5.480e-05 4.689e-05 val=2.283e-06 5.364e-05 5.092e-05 8.222e-05 7.003e-05
2026-07-07 11:42:33,272 | INFO | Saved 10 diagnostic panel(s) under D:\Research\NO-2D-Metamaterials\MODELS\training_runs\NO_I3O5_BCF16_NMAE_HC128_LR2e-03_WD0e+00_SS1_G9e-01_ch0u_260705\diagnostics\epoch_014
2026-07-07 11:42:34,759 | INFO | epoch=14/20 loss=mae train_mae=1.724179e-03 val_mae=2.186800e-03 train_mae=1.724179e-03 val_mae=2.186800e-03 train_mse=3.437365e-05 val_mse=5.163872e-05 lr=1.620e-03 train_sps=1481.3
2026-07-07 11:42:34,759 | INFO | epoch=14/20 loss_ch_mae train=7.349e-04 1.795e-03 1.691e-03 2.282e-03 2.118e-03 val=5.103e-04 2.412e-03 2.265e-03 2.977e-03 2.769e-03
2026-07-07 11:42:34,759 | INFO | epoch=14/20 mae_ch train=7.349e-04 1.795e-03 1.691e-03 2.282e-03 2.118e-03 val=5.103e-04 2.412e-03 2.265e-03 2.977e-03 2.769e-03 mse_ch train=1.204e-05 3.207e-05 2.973e-05 5.278e-05 4.524e-05 val=2.254e-06 5.376e-05 5.048e-05 8.134e-05 7.036e-05
2026-07-07 15:37:28,950 | INFO | Saved 10 diagnostic panel(s) under D:\Research\NO-2D-Metamaterials\MODELS\training_runs\NO_I3O5_BCF16_NMAE_HC128_LR2e-03_WD0e+00_SS1_G9e-01_ch0u_260705\diagnostics\epoch_015
2026-07-07 15:37:30,221 | INFO | epoch=15/20 loss=mae train_mae=1.654464e-03 val_mae=2.214429e-03 train_mae=1.654464e-03 val_mae=2.214429e-03 train_mse=3.320399e-05 val_mse=5.092627e-05 lr=1.458e-03 train_sps=1433.2
2026-07-07 15:37:30,221 | INFO | epoch=15/20 loss_ch_mae train=6.523e-04 1.732e-03 1.632e-03 2.206e-03 2.051e-03 val=8.411e-04 2.349e-03 2.230e-03 2.929e-03 2.722e-03
2026-07-07 15:37:30,221 | INFO | epoch=15/20 mae_ch train=6.523e-04 1.732e-03 1.632e-03 2.206e-03 2.051e-03 val=8.411e-04 2.349e-03 2.230e-03 2.929e-03 2.722e-03 mse_ch train=1.175e-05 3.089e-05 2.861e-05 5.098e-05 4.379e-05 val=2.706e-06 5.287e-05 5.005e-05 7.986e-05 6.914e-05
2026-07-07 19:48:35,921 | INFO | Saved 10 diagnostic panel(s) under D:\Research\NO-2D-Metamaterials\MODELS\training_runs\NO_I3O5_BCF16_NMAE_HC128_LR2e-03_WD0e+00_SS1_G9e-01_ch0u_260705\diagnostics\epoch_016
2026-07-07 19:48:38,352 | INFO | epoch=16/20 loss=mae train_mae=1.595139e-03 val_mae=2.136190e-03 train_mae=1.595139e-03 val_mae=2.136190e-03 train_mse=3.215082e-05 val_mse=5.147201e-05 lr=1.312e-03 train_sps=1330.8
2026-07-07 19:48:38,352 | INFO | epoch=16/20 loss_ch_mae train=5.875e-04 1.677e-03 1.580e-03 2.139e-03 1.992e-03 val=5.174e-04 2.319e-03 2.214e-03 2.901e-03 2.729e-03
2026-07-07 19:48:38,353 | INFO | epoch=16/20 mae_ch train=5.875e-04 1.677e-03 1.580e-03 2.139e-03 1.992e-03 val=5.174e-04 2.319e-03 2.214e-03 2.901e-03 2.729e-03 mse_ch train=1.154e-05 2.983e-05 2.763e-05 4.930e-05 4.245e-05 val=2.113e-06 5.341e-05 5.058e-05 8.080e-05 7.046e-05
