2026-07-23 16:38:49,051 | INFO | Perf backends | tf32=False cudnn_benchmark=False matmul_precision=highest amp=none
2026-07-23 16:39:01,498 | INFO | NMAE epsilon=1.000000e-05
2026-07-23 16:39:01,499 | INFO | Loss logging: active=nmae; every epoch records train/val nmae, MAE, and MSE
2026-07-23 16:39:02,104 | INFO | Run started | run_name=NO_I3O5_BCF16_NMAE_HC128_LR2e-03_WD0e+00_SS1_G9e-01_ch0u_insin_260723 run_id=NO_I3O5_BCF16_NMAE_HC128_LR2e-03_WD0e+00_SS1_G9e-01_ch0u_insin_260723 device=cuda train_samples=18720000 test_samples=3900000 val_index_source=indices_full epoch_range=1..4
2026-07-23 16:39:02,104 | INFO | Fault diagnostics | main_fault_log=D:\Research\NO-2D-Metamaterials\MODELS\training_runs\NO_I3O5_BCF16_NMAE_HC128_LR2e-03_WD0e+00_SS1_G9e-01_ch0u_insin_260723\main_process_fault.log
2026-07-23 20:30:04,391 | INFO | Saved 10 diagnostic panel(s) under D:\Research\NO-2D-Metamaterials\MODELS\training_runs\NO_I3O5_BCF16_NMAE_HC128_LR2e-03_WD0e+00_SS1_G9e-01_ch0u_insin_260723\diagnostics\epoch_001
2026-07-23 20:30:06,120 | INFO | epoch=1/4 loss=nmae train_nmae=3.431309e-01 val_nmae=3.219224e-01 train_mae=3.331394e-03 val_mae=2.849118e-03 train_mse=7.984193e-05 val_mse=6.231835e-05 lr=1.800e-03 train_sps=1450.2
2026-07-23 20:30:06,120 | INFO | epoch=1/4 loss_ch_nmae train=2.533e-02 3.847e-01 3.986e-01 4.532e-01 4.538e-01 val=2.159e-02 3.405e-01 3.891e-01 4.261e-01 4.323e-01
2026-07-23 20:30:06,120 | INFO | epoch=1/4 mae_ch train=1.613e-03 3.545e-03 3.407e-03 4.158e-03 3.934e-03 val=1.384e-03 2.897e-03 2.988e-03 3.588e-03 3.387e-03 mse_ch train=2.592e-05 8.383e-05 7.937e-05 1.109e-04 9.920e-05 val=4.966e-06 6.607e-05 6.351e-05 9.377e-05 8.328e-05
2026-07-24 00:16:00,661 | INFO | Saved 10 diagnostic panel(s) under D:\Research\NO-2D-Metamaterials\MODELS\training_runs\NO_I3O5_BCF16_NMAE_HC128_LR2e-03_WD0e+00_SS1_G9e-01_ch0u_insin_260723\diagnostics\epoch_002
2026-07-24 00:16:02,899 | INFO | epoch=2/4 loss=nmae train_nmae=2.611246e-01 val_nmae=2.885101e-01 train_mae=2.496675e-03 val_mae=2.634376e-03 train_mse=5.722331e-05 val_mse=5.713329e-05 lr=1.620e-03 train_sps=1476.3
2026-07-24 00:16:02,900 | INFO | epoch=2/4 loss_ch_nmae train=1.595e-02 2.879e-01 2.964e-01 3.544e-01 3.510e-01 val=2.754e-02 3.144e-01 3.254e-01 3.898e-01 3.855e-01
2026-07-24 00:16:02,900 | INFO | epoch=2/4 mae_ch train=1.012e-03 2.651e-03 2.529e-03 3.250e-03 3.041e-03 val=1.628e-03 2.678e-03 2.531e-03 3.287e-03 3.048e-03 mse_ch train=1.375e-05 5.810e-05 5.544e-05 8.422e-05 7.461e-05 val=6.272e-06 6.010e-05 5.706e-05 8.613e-05 7.611e-05
2026-07-24 03:49:31,652 | INFO | Saved 10 diagnostic panel(s) under D:\Research\NO-2D-Metamaterials\MODELS\training_runs\NO_I3O5_BCF16_NMAE_HC128_LR2e-03_WD0e+00_SS1_G9e-01_ch0u_insin_260723\diagnostics\epoch_003
2026-07-24 03:49:33,814 | INFO | epoch=3/4 loss=nmae train_nmae=2.371168e-01 val_nmae=2.715932e-01 train_mae=2.264047e-03 val_mae=2.326054e-03 train_mse=5.117609e-05 val_mse=5.363233e-05 lr=1.458e-03 train_sps=1566.4
2026-07-24 03:49:33,814 | INFO | epoch=3/4 loss_ch_nmae train=1.422e-02 2.598e-01 2.664e-01 3.249e-01 3.202e-01 val=1.015e-02 3.038e-01 3.105e-01 3.654e-01 3.681e-01
2026-07-24 03:49:33,814 | INFO | epoch=3/4 mae_ch train=9.027e-04 2.392e-03 2.273e-03 2.979e-03 2.773e-03 val=6.148e-04 2.594e-03 2.414e-03 3.099e-03 2.909e-03 mse_ch train=1.312e-05 5.099e-05 4.832e-05 7.638e-05 6.707e-05 val=2.537e-06 5.700e-05 5.392e-05 8.196e-05 7.274e-05
2026-07-24 07:22:35,073 | INFO | Saved 10 diagnostic panel(s) under D:\Research\NO-2D-Metamaterials\MODELS\training_runs\NO_I3O5_BCF16_NMAE_HC128_LR2e-03_WD0e+00_SS1_G9e-01_ch0u_insin_260723\diagnostics\epoch_004
2026-07-24 07:22:37,204 | INFO | epoch=4/4 loss=nmae train_nmae=2.223013e-01 val_nmae=2.711847e-01 train_mae=2.120415e-03 val_mae=2.321661e-03 train_mse=4.748014e-05 val_mse=5.305620e-05 lr=1.312e-03 train_sps=1569.8
2026-07-24 07:22:37,204 | INFO | epoch=4/4 loss_ch_nmae train=1.315e-02 2.426e-01 2.479e-01 3.066e-01 3.013e-01 val=1.021e-02 2.890e-01 3.033e-01 3.906e-01 3.628e-01
2026-07-24 07:22:37,204 | INFO | epoch=4/4 mae_ch train=8.340e-04 2.233e-03 2.114e-03 2.811e-03 2.609e-03 val=6.279e-04 2.466e-03 2.356e-03 3.295e-03 2.864e-03 mse_ch train=1.287e-05 4.667e-05 4.391e-05 7.157e-05 6.238e-05 val=2.499e-06 5.559e-05 5.296e-05 8.218e-05 7.206e-05
2026-07-24 07:22:37,646 | INFO | Run complete | run_name=NO_I3O5_BCF16_NMAE_HC128_LR2e-03_WD0e+00_SS1_G9e-01_ch0u_insin_260723 run_id=NO_I3O5_BCF16_NMAE_HC128_LR2e-03_WD0e+00_SS1_G9e-01_ch0u_insin_260723 best_val_loss=2.711847e-01
2026-07-24 07:22:37,646 | INFO | Artifacts saved to: D:\Research\NO-2D-Metamaterials\MODELS\training_runs\NO_I3O5_BCF16_NMAE_HC128_LR2e-03_WD0e+00_SS1_G9e-01_ch0u_insin_260723
2026-07-24 13:58:40,964 | INFO | Perf backends | tf32=False cudnn_benchmark=False matmul_precision=highest amp=none
2026-07-24 13:58:52,904 | INFO | NMAE epsilon=1.000000e-05
2026-07-24 13:58:52,904 | INFO | Loss logging: active=nmae; every epoch records train/val nmae, MAE, and MSE
2026-07-24 13:58:53,981 | INFO | Resumed full state from D:\Research\NO-2D-Metamaterials\MODELS\training_runs\NO_I3O5_BCF16_NMAE_HC128_LR2e-03_WD0e+00_SS1_G9e-01_ch0u_insin_260723\training_state_latest.pt at epoch=4
2026-07-24 13:58:53,984 | INFO | Run started | run_name=NO_I3O5_BCF16_NMAE_HC128_LR2e-03_WD0e+00_SS1_G9e-01_ch0u_insin_260723 run_id=NO_I3O5_BCF16_NMAE_HC128_LR2e-03_WD0e+00_SS1_G9e-01_ch0u_insin_260723 device=cuda train_samples=18720000 test_samples=3900000 val_index_source=indices_full epoch_range=5..8
2026-07-24 13:58:53,984 | INFO | Fault diagnostics | main_fault_log=D:\Research\NO-2D-Metamaterials\MODELS\training_runs\NO_I3O5_BCF16_NMAE_HC128_LR2e-03_WD0e+00_SS1_G9e-01_ch0u_insin_260723\main_process_fault.log
2026-07-24 17:40:41,108 | INFO | Saved 10 diagnostic panel(s) under D:\Research\NO-2D-Metamaterials\MODELS\training_runs\NO_I3O5_BCF16_NMAE_HC128_LR2e-03_WD0e+00_SS1_G9e-01_ch0u_insin_260723\diagnostics\epoch_005
2026-07-24 17:40:43,362 | INFO | epoch=5/8 loss=nmae train_nmae=2.108694e-01 val_nmae=2.609303e-01 train_mae=2.009361e-03 val_mae=2.247472e-03 train_mse=4.466350e-05 val_mse=5.239112e-05 lr=1.181e-03 train_sps=1503.2
2026-07-24 17:40:43,362 | INFO | epoch=5/8 loss_ch_nmae train=1.229e-02 2.294e-01 2.337e-01 2.923e-01 2.866e-01 val=1.098e-02 2.842e-01 2.965e-01 3.585e-01 3.545e-01
2026-07-24 17:40:43,362 | INFO | epoch=5/8 mae_ch train=7.792e-04 2.112e-03 1.993e-03 2.681e-03 2.482e-03 val=6.768e-04 2.424e-03 2.305e-03 3.032e-03 2.800e-03 mse_ch train=1.264e-05 4.343e-05 4.063e-05 6.781e-05 5.881e-05 val=2.673e-06 5.517e-05 5.236e-05 8.054e-05 7.122e-05
2026-07-24 21:14:36,610 | INFO | Saved 10 diagnostic panel(s) under D:\Research\NO-2D-Metamaterials\MODELS\training_runs\NO_I3O5_BCF16_NMAE_HC128_LR2e-03_WD0e+00_SS1_G9e-01_ch0u_insin_260723\diagnostics\epoch_006
2026-07-24 21:14:38,831 | INFO | epoch=6/8 loss=nmae train_nmae=2.015820e-01 val_nmae=2.575558e-01 train_mae=1.917883e-03 val_mae=2.221249e-03 train_mse=4.242562e-05 val_mse=5.180317e-05 lr=1.063e-03 train_sps=1563.0
2026-07-24 21:14:38,831 | INFO | epoch=6/8 loss_ch_nmae train=1.148e-02 2.187e-01 2.223e-01 2.806e-01 2.748e-01 val=1.178e-02 2.771e-01 2.915e-01 3.527e-01 3.548e-01
2026-07-24 21:14:38,831 | INFO | epoch=6/8 mae_ch train=7.277e-04 2.013e-03 1.896e-03 2.573e-03 2.380e-03 val=6.986e-04 2.366e-03 2.266e-03 2.979e-03 2.796e-03 mse_ch train=1.246e-05 4.088e-05 3.805e-05 6.480e-05 5.594e-05 val=2.692e-06 5.416e-05 5.135e-05 8.024e-05 7.057e-05
2026-07-25 00:53:17,601 | INFO | Saved 10 diagnostic panel(s) under D:\Research\NO-2D-Metamaterials\MODELS\training_runs\NO_I3O5_BCF16_NMAE_HC128_LR2e-03_WD0e+00_SS1_G9e-01_ch0u_insin_260723\diagnostics\epoch_007
2026-07-25 00:53:19,856 | INFO | epoch=7/8 loss=nmae train_nmae=1.938330e-01 val_nmae=2.551718e-01 train_mae=1.842845e-03 val_mae=2.196528e-03 train_mse=4.054902e-05 val_mse=5.129896e-05 lr=9.566e-04 train_sps=1529.3
2026-07-25 00:53:19,856 | INFO | epoch=7/8 loss_ch_nmae train=1.092e-02 2.098e-01 2.129e-01 2.708e-01 2.647e-01 val=1.101e-02 2.804e-01 2.935e-01 3.458e-01 3.451e-01
2026-07-25 00:53:19,856 | INFO | epoch=7/8 mae_ch train=6.921e-04 1.931e-03 1.815e-03 2.484e-03 2.292e-03 val=6.700e-04 2.386e-03 2.271e-03 2.930e-03 2.725e-03 mse_ch train=1.235e-05 3.876e-05 3.592e-05 6.217e-05 5.355e-05 val=2.515e-06 5.373e-05 5.086e-05 7.978e-05 6.961e-05
2026-07-25 04:38:21,413 | INFO | Saved 10 diagnostic panel(s) under D:\Research\NO-2D-Metamaterials\MODELS\training_runs\NO_I3O5_BCF16_NMAE_HC128_LR2e-03_WD0e+00_SS1_G9e-01_ch0u_insin_260723\diagnostics\epoch_008
2026-07-25 04:38:22,858 | INFO | epoch=8/8 loss=nmae train_nmae=1.870890e-01 val_nmae=2.567684e-01 train_mae=1.777251e-03 val_mae=2.239496e-03 train_mse=3.890296e-05 val_mse=5.125848e-05 lr=8.609e-04 train_sps=1485.5
2026-07-25 04:38:22,858 | INFO | epoch=8/8 loss_ch_nmae train=1.041e-02 2.022e-01 2.048e-01 2.621e-01 2.560e-01 val=1.352e-02 2.840e-01 3.016e-01 3.421e-01 3.426e-01
2026-07-25 04:38:22,858 | INFO | epoch=8/8 mae_ch train=6.595e-04 1.861e-03 1.746e-03 2.403e-03 2.216e-03 val=8.322e-04 2.423e-03 2.337e-03 2.899e-03 2.705e-03 mse_ch train=1.224e-05 3.694e-05 3.411e-05 5.981e-05 5.141e-05 val=2.928e-06 5.363e-05 5.056e-05 7.957e-05 6.959e-05
2026-07-25 04:38:23,282 | INFO | Run complete | run_name=NO_I3O5_BCF16_NMAE_HC128_LR2e-03_WD0e+00_SS1_G9e-01_ch0u_insin_260723 run_id=NO_I3O5_BCF16_NMAE_HC128_LR2e-03_WD0e+00_SS1_G9e-01_ch0u_insin_260723 best_val_loss=2.551718e-01
2026-07-25 04:38:23,282 | INFO | Artifacts saved to: D:\Research\NO-2D-Metamaterials\MODELS\training_runs\NO_I3O5_BCF16_NMAE_HC128_LR2e-03_WD0e+00_SS1_G9e-01_ch0u_insin_260723
